<?xml version="1.0" encoding="ISO-8859-1" ?>
<link_info>
   <banner>TI ARM Clang Linker PC v3.2.2.LTS</banner>
   <copyright>Copyright (c) 1996-2018 Texas Instruments Incorporated</copyright>
   <link_time>0x6a002448</link_time>
   <link_errors>0x0</link_errors>
   <output_file>C:\Users\jim94\workspace_ccstheia\rfPacketTx\Debug\rfPacketTx.out</output_file>
   <entry_point>
      <name>ResetISR</name>
      <address>0x88b1</address>
   </entry_point>
   <input_file_list>
      <input_file id="fl-1">
         <path>C:\Users\jim94\workspace_ccstheia\rfPacketTx\Debug\.\</path>
         <kind>object</kind>
         <file>main_tirtos.o</file>
         <name>main_tirtos.o</name>
      </input_file>
      <input_file id="fl-2">
         <path>C:\Users\jim94\workspace_ccstheia\rfPacketTx\Debug\.\</path>
         <kind>object</kind>
         <file>rfPacketTx.o</file>
         <name>rfPacketTx.o</name>
      </input_file>
      <input_file id="fl-3">
         <path>C:\Users\jim94\workspace_ccstheia\rfPacketTx\Debug\.\syscfg\</path>
         <kind>object</kind>
         <file>ti_devices_config.o</file>
         <name>ti_devices_config.o</name>
      </input_file>
      <input_file id="fl-4">
         <path>C:\Users\jim94\workspace_ccstheia\rfPacketTx\Debug\.\syscfg\</path>
         <kind>object</kind>
         <file>ti_radio_config.o</file>
         <name>ti_radio_config.o</name>
      </input_file>
      <input_file id="fl-5">
         <path>C:\Users\jim94\workspace_ccstheia\rfPacketTx\Debug\.\syscfg\</path>
         <kind>object</kind>
         <file>ti_drivers_config.o</file>
         <name>ti_drivers_config.o</name>
      </input_file>
      <input_file id="fl-6">
         <path>C:\Users\jim94\workspace_ccstheia\rfPacketTx\Debug\.\syscfg\</path>
         <kind>object</kind>
         <file>ti_sysbios_config.o</file>
         <name>ti_sysbios_config.o</name>
      </input_file>
      <input_file id="fl-17">
         <path>C:\Users\jim94\workspace_ccstheia\rfPacketTx\Debug\</path>
         <kind>object</kind>
         <file>&lt;internal&gt;</file>
         <name>&lt;internal&gt;</name>
      </input_file>
      <input_file id="fl-18">
         <path>C:\ti\simplelink_cc13xx_cc26xx_sdk_8_32_00_07\source\ti\drivers\rf\lib\ticlang\m4f\</path>
         <kind>archive</kind>
         <file>rf_multiMode_cc13x2.a</file>
         <name>RFCC26X2_multiMode.c.cc13x2.ticlang.o</name>
      </input_file>
      <input_file id="fl-19">
         <path>C:\ti\simplelink_cc13xx_cc26xx_sdk_8_32_00_07\source\ti\drivers\rf\lib\ticlang\m4f\</path>
         <kind>archive</kind>
         <file>rf_multiMode_cc13x2.a</file>
         <name>rfc.c.cc13x2.ticlang.o</name>
      </input_file>
      <input_file id="fl-1a">
         <path>C:\ti\simplelink_cc13xx_cc26xx_sdk_8_32_00_07\source\ti\drivers\rf\lib\ticlang\m4f\</path>
         <kind>archive</kind>
         <file>rf_multiMode_cc13x2.a</file>
         <name>rf_patch_cpe_prop.c.cc13x2.ticlang.o</name>
      </input_file>
      <input_file id="fl-1b">
         <path>C:\ti\simplelink_cc13xx_cc26xx_sdk_8_32_00_07\source\ti\drivers\lib\ticlang\m4f\</path>
         <kind>archive</kind>
         <file>drivers_cc13x2.a</file>
         <name>List.c.obj</name>
      </input_file>
      <input_file id="fl-1c">
         <path>C:\ti\simplelink_cc13xx_cc26xx_sdk_8_32_00_07\source\ti\drivers\lib\ticlang\m4f\</path>
         <kind>archive</kind>
         <file>drivers_cc13x2.a</file>
         <name>GPIO.c.obj</name>
      </input_file>
      <input_file id="fl-1d">
         <path>C:\ti\simplelink_cc13xx_cc26xx_sdk_8_32_00_07\source\ti\drivers\lib\ticlang\m4f\</path>
         <kind>archive</kind>
         <file>drivers_cc13x2.a</file>
         <name>GPIOCC26XX.c.obj</name>
      </input_file>
      <input_file id="fl-1e">
         <path>C:\ti\simplelink_cc13xx_cc26xx_sdk_8_32_00_07\source\ti\drivers\lib\ticlang\m4f\</path>
         <kind>archive</kind>
         <file>drivers_cc13x2.a</file>
         <name>PowerCC26X2.c.obj</name>
      </input_file>
      <input_file id="fl-1f">
         <path>C:\ti\simplelink_cc13xx_cc26xx_sdk_8_32_00_07\source\ti\drivers\lib\ticlang\m4f\</path>
         <kind>archive</kind>
         <file>drivers_cc13x2.a</file>
         <name>PowerCC26X2_calibrateRCOSC.c.obj</name>
      </input_file>
      <input_file id="fl-20">
         <path>C:\ti\simplelink_cc13xx_cc26xx_sdk_8_32_00_07\source\ti\drivers\lib\ticlang\m4f\</path>
         <kind>archive</kind>
         <file>drivers_cc13x2.a</file>
         <name>TemperatureCC26X2.c.obj</name>
      </input_file>
      <input_file id="fl-21">
         <path>C:\ti\simplelink_cc13xx_cc26xx_sdk_8_32_00_07\source\ti\drivers\lib\ticlang\m4f\</path>
         <kind>archive</kind>
         <file>drivers_cc13x2.a</file>
         <name>UART2.c.obj</name>
      </input_file>
      <input_file id="fl-22">
         <path>C:\ti\simplelink_cc13xx_cc26xx_sdk_8_32_00_07\source\ti\drivers\lib\ticlang\m4f\</path>
         <kind>archive</kind>
         <file>drivers_cc13x2.a</file>
         <name>UART2CC26X2.c.obj</name>
      </input_file>
      <input_file id="fl-23">
         <path>C:\ti\simplelink_cc13xx_cc26xx_sdk_8_32_00_07\source\ti\drivers\lib\ticlang\m4f\</path>
         <kind>archive</kind>
         <file>drivers_cc13x2.a</file>
         <name>GPIOCC26X2.c.obj</name>
      </input_file>
      <input_file id="fl-24">
         <path>C:\ti\simplelink_cc13xx_cc26xx_sdk_8_32_00_07\source\ti\drivers\lib\ticlang\m4f\</path>
         <kind>archive</kind>
         <file>drivers_cc13x2.a</file>
         <name>PowerCC26X2_calibrateRCOSC_helpers.c.obj</name>
      </input_file>
      <input_file id="fl-25">
         <path>C:\ti\simplelink_cc13xx_cc26xx_sdk_8_32_00_07\source\ti\drivers\lib\ticlang\m4f\</path>
         <kind>archive</kind>
         <file>drivers_cc13x2.a</file>
         <name>PowerCC26X2_helpers.c.obj</name>
      </input_file>
      <input_file id="fl-26">
         <path>C:\ti\simplelink_cc13xx_cc26xx_sdk_8_32_00_07\source\ti\drivers\lib\ticlang\m4f\</path>
         <kind>archive</kind>
         <file>drivers_cc13x2.a</file>
         <name>RingBuf.c.obj</name>
      </input_file>
      <input_file id="fl-27">
         <path>C:\ti\simplelink_cc13xx_cc26xx_sdk_8_32_00_07\source\ti\drivers\lib\ticlang\m4f\</path>
         <kind>archive</kind>
         <file>drivers_cc13x2.a</file>
         <name>UDMACC26XX.c.obj</name>
      </input_file>
      <input_file id="fl-28">
         <path>C:\ti\simplelink_cc13xx_cc26xx_sdk_8_32_00_07\source\ti\devices\cc13x2_cc26x2\driverlib\bin\ticlang\</path>
         <kind>archive</kind>
         <file>driverlib.lib</file>
         <name>chipinfo.c.obj</name>
      </input_file>
      <input_file id="fl-29">
         <path>C:\ti\simplelink_cc13xx_cc26xx_sdk_8_32_00_07\source\ti\devices\cc13x2_cc26x2\driverlib\bin\ticlang\</path>
         <kind>archive</kind>
         <file>driverlib.lib</file>
         <name>cpu.c.obj</name>
      </input_file>
      <input_file id="fl-2a">
         <path>C:\ti\simplelink_cc13xx_cc26xx_sdk_8_32_00_07\source\ti\devices\cc13x2_cc26x2\driverlib\bin\ticlang\</path>
         <kind>archive</kind>
         <file>driverlib.lib</file>
         <name>osc.c.obj</name>
      </input_file>
      <input_file id="fl-2b">
         <path>C:\ti\simplelink_cc13xx_cc26xx_sdk_8_32_00_07\source\ti\devices\cc13x2_cc26x2\driverlib\bin\ticlang\</path>
         <kind>archive</kind>
         <file>driverlib.lib</file>
         <name>prcm.c.obj</name>
      </input_file>
      <input_file id="fl-2c">
         <path>C:\ti\simplelink_cc13xx_cc26xx_sdk_8_32_00_07\source\ti\devices\cc13x2_cc26x2\driverlib\bin\ticlang\</path>
         <kind>archive</kind>
         <file>driverlib.lib</file>
         <name>setup.c.obj</name>
      </input_file>
      <input_file id="fl-2d">
         <path>C:\ti\simplelink_cc13xx_cc26xx_sdk_8_32_00_07\source\ti\devices\cc13x2_cc26x2\driverlib\bin\ticlang\</path>
         <kind>archive</kind>
         <file>driverlib.lib</file>
         <name>sys_ctrl.c.obj</name>
      </input_file>
      <input_file id="fl-2e">
         <path>C:\ti\simplelink_cc13xx_cc26xx_sdk_8_32_00_07\source\ti\devices\cc13x2_cc26x2\driverlib\bin\ticlang\</path>
         <kind>archive</kind>
         <file>driverlib.lib</file>
         <name>aux_sysif.c.obj</name>
      </input_file>
      <input_file id="fl-2f">
         <path>C:\ti\simplelink_cc13xx_cc26xx_sdk_8_32_00_07\kernel\tirtos7\packages\ti\sysbios\lib\ticlang\m4f\</path>
         <kind>archive</kind>
         <file>sysbios.a</file>
         <name>TaskSupport_asm_gcc.s.obj</name>
      </input_file>
      <input_file id="fl-30">
         <path>C:\ti\simplelink_cc13xx_cc26xx_sdk_8_32_00_07\kernel\tirtos7\packages\ti\sysbios\lib\ticlang\m4f\</path>
         <kind>archive</kind>
         <file>sysbios.a</file>
         <name>Hwi_asm_gcc.s.obj</name>
      </input_file>
      <input_file id="fl-31">
         <path>C:\ti\simplelink_cc13xx_cc26xx_sdk_8_32_00_07\kernel\tirtos7\packages\ti\sysbios\lib\ticlang\m4f\</path>
         <kind>archive</kind>
         <file>sysbios.a</file>
         <name>Hwi_asm_switch_gcc.s.obj</name>
      </input_file>
      <input_file id="fl-32">
         <path>C:\ti\simplelink_cc13xx_cc26xx_sdk_8_32_00_07\kernel\tirtos7\packages\ti\sysbios\lib\ticlang\m4f\</path>
         <kind>archive</kind>
         <file>sysbios.a</file>
         <name>boot_cortex_m.c.obj</name>
      </input_file>
      <input_file id="fl-41">
         <path>C:\ti\ti_cgt_arm_llvm_3.2.2.LTS\lib\armv7em-ti-none-eabihf\c\</path>
         <kind>archive</kind>
         <file>libc.a</file>
         <name>strcmp_t2.S.obj</name>
      </input_file>
      <input_file id="fl-42">
         <path>C:\ti\ti_cgt_arm_llvm_3.2.2.LTS\lib\armv7em-ti-none-eabihf\c\</path>
         <kind>archive</kind>
         <file>libc.a</file>
         <name>aeabi_portable.c.obj</name>
      </input_file>
      <input_file id="fl-43">
         <path>C:\ti\ti_cgt_arm_llvm_3.2.2.LTS\lib\armv7em-ti-none-eabihf\c\</path>
         <kind>archive</kind>
         <file>libc.a</file>
         <name>exit.c.obj</name>
      </input_file>
      <input_file id="fl-44">
         <path>C:\ti\ti_cgt_arm_llvm_3.2.2.LTS\lib\armv7em-ti-none-eabihf\c\</path>
         <kind>archive</kind>
         <file>libc.a</file>
         <name>_lock.c.obj</name>
      </input_file>
      <input_file id="fl-45">
         <path>C:\ti\ti_cgt_arm_llvm_3.2.2.LTS\lib\armv7em-ti-none-eabihf\c\</path>
         <kind>archive</kind>
         <file>libc.a</file>
         <name>args_main.c.obj</name>
      </input_file>
      <input_file id="fl-46">
         <path>C:\ti\ti_cgt_arm_llvm_3.2.2.LTS\lib\armv7em-ti-none-eabihf\c\</path>
         <kind>archive</kind>
         <file>libc.a</file>
         <name>assert.c.obj</name>
      </input_file>
      <input_file id="fl-47">
         <path>C:\ti\ti_cgt_arm_llvm_3.2.2.LTS\lib\armv7em-ti-none-eabihf\c\</path>
         <kind>archive</kind>
         <file>libc.a</file>
         <name>defs.c.obj</name>
      </input_file>
      <input_file id="fl-48">
         <path>C:\ti\ti_cgt_arm_llvm_3.2.2.LTS\lib\armv7em-ti-none-eabihf\c\</path>
         <kind>archive</kind>
         <file>libc.a</file>
         <name>strcpy.c.obj</name>
      </input_file>
      <input_file id="fl-49">
         <path>C:\ti\ti_cgt_arm_llvm_3.2.2.LTS\lib\armv7em-ti-none-eabihf\c\</path>
         <kind>archive</kind>
         <file>libc.a</file>
         <name>strlen.c.obj</name>
      </input_file>
      <input_file id="fl-4a">
         <path>C:\ti\ti_cgt_arm_llvm_3.2.2.LTS\lib\armv7em-ti-none-eabihf\c\</path>
         <kind>archive</kind>
         <file>libc.a</file>
         <name>autoinit.c.obj</name>
      </input_file>
      <input_file id="fl-4b">
         <path>C:\ti\ti_cgt_arm_llvm_3.2.2.LTS\lib\armv7em-ti-none-eabihf\c\</path>
         <kind>archive</kind>
         <file>libc.a</file>
         <name>cpy_tbl.c.obj</name>
      </input_file>
      <input_file id="fl-4c">
         <path>C:\ti\ti_cgt_arm_llvm_3.2.2.LTS\lib\armv7em-ti-none-eabihf\c\</path>
         <kind>archive</kind>
         <file>libc.a</file>
         <name>copy_zero_init.c.obj</name>
      </input_file>
      <input_file id="fl-4d">
         <path>C:\ti\ti_cgt_arm_llvm_3.2.2.LTS\lib\armv7em-ti-none-eabihf\c\</path>
         <kind>archive</kind>
         <file>libc.a</file>
         <name>copy_decompress_none.c.obj</name>
      </input_file>
      <input_file id="fl-4e">
         <path>C:\ti\ti_cgt_arm_llvm_3.2.2.LTS\lib\armv7em-ti-none-eabihf\c\</path>
         <kind>archive</kind>
         <file>libc.a</file>
         <name>copy_decompress_lzss.c.obj</name>
      </input_file>
      <input_file id="fl-4f">
         <path>C:\ti\ti_cgt_arm_llvm_3.2.2.LTS\lib\armv7em-ti-none-eabihf\c\</path>
         <kind>archive</kind>
         <file>libc.a</file>
         <name>sprintf.c.obj</name>
      </input_file>
      <input_file id="fl-50">
         <path>C:\ti\ti_cgt_arm_llvm_3.2.2.LTS\lib\armv7em-ti-none-eabihf\c\</path>
         <kind>archive</kind>
         <file>libc.a</file>
         <name>fflush.c.obj</name>
      </input_file>
      <input_file id="fl-51">
         <path>C:\ti\ti_cgt_arm_llvm_3.2.2.LTS\lib\armv7em-ti-none-eabihf\c\</path>
         <kind>archive</kind>
         <file>libc.a</file>
         <name>fputs.c.obj</name>
      </input_file>
      <input_file id="fl-52">
         <path>C:\ti\ti_cgt_arm_llvm_3.2.2.LTS\lib\armv7em-ti-none-eabihf\c\</path>
         <kind>archive</kind>
         <file>libc.a</file>
         <name>_io_perm.c.obj</name>
      </input_file>
      <input_file id="fl-53">
         <path>C:\ti\ti_cgt_arm_llvm_3.2.2.LTS\lib\armv7em-ti-none-eabihf\c\</path>
         <kind>archive</kind>
         <file>libc.a</file>
         <name>setvbuf.c.obj</name>
      </input_file>
      <input_file id="fl-54">
         <path>C:\ti\ti_cgt_arm_llvm_3.2.2.LTS\lib\armv7em-ti-none-eabihf\c\</path>
         <kind>archive</kind>
         <file>libc.a</file>
         <name>_printfi.c.obj</name>
      </input_file>
      <input_file id="fl-55">
         <path>C:\ti\ti_cgt_arm_llvm_3.2.2.LTS\lib\armv7em-ti-none-eabihf\c\</path>
         <kind>archive</kind>
         <file>libc.a</file>
         <name>fopen.c.obj</name>
      </input_file>
      <input_file id="fl-56">
         <path>C:\ti\ti_cgt_arm_llvm_3.2.2.LTS\lib\armv7em-ti-none-eabihf\c\</path>
         <kind>archive</kind>
         <file>libc.a</file>
         <name>fseek.c.obj</name>
      </input_file>
      <input_file id="fl-57">
         <path>C:\ti\ti_cgt_arm_llvm_3.2.2.LTS\lib\armv7em-ti-none-eabihf\c\</path>
         <kind>archive</kind>
         <file>libc.a</file>
         <name>s_frexp.c.obj</name>
      </input_file>
      <input_file id="fl-58">
         <path>C:\ti\ti_cgt_arm_llvm_3.2.2.LTS\lib\armv7em-ti-none-eabihf\c\</path>
         <kind>archive</kind>
         <file>libc.a</file>
         <name>s_scalbn.c.obj</name>
      </input_file>
      <input_file id="fl-59">
         <path>C:\ti\ti_cgt_arm_llvm_3.2.2.LTS\lib\armv7em-ti-none-eabihf\c\</path>
         <kind>archive</kind>
         <file>libc.a</file>
         <name>_ltoa.c.obj</name>
      </input_file>
      <input_file id="fl-5a">
         <path>C:\ti\ti_cgt_arm_llvm_3.2.2.LTS\lib\armv7em-ti-none-eabihf\c\</path>
         <kind>archive</kind>
         <file>libc.a</file>
         <name>atoi.c.obj</name>
      </input_file>
      <input_file id="fl-5b">
         <path>C:\ti\ti_cgt_arm_llvm_3.2.2.LTS\lib\armv7em-ti-none-eabihf\c\</path>
         <kind>archive</kind>
         <file>libc.a</file>
         <name>memccpy.c.obj</name>
      </input_file>
      <input_file id="fl-5c">
         <path>C:\ti\ti_cgt_arm_llvm_3.2.2.LTS\lib\armv7em-ti-none-eabihf\c\</path>
         <kind>archive</kind>
         <file>libc.a</file>
         <name>wcslen.c.obj</name>
      </input_file>
      <input_file id="fl-5d">
         <path>C:\ti\ti_cgt_arm_llvm_3.2.2.LTS\lib\armv7em-ti-none-eabihf\c\</path>
         <kind>archive</kind>
         <file>libc.a</file>
         <name>fclose.c.obj</name>
      </input_file>
      <input_file id="fl-5e">
         <path>C:\ti\ti_cgt_arm_llvm_3.2.2.LTS\lib\armv7em-ti-none-eabihf\c\</path>
         <kind>archive</kind>
         <file>libc.a</file>
         <name>aeabi_ctype.S.obj</name>
      </input_file>
      <input_file id="fl-c4">
         <path>C:\ti\ti_cgt_arm_llvm_3.2.2.LTS\lib\armv7em-ti-none-eabihf\c\</path>
         <kind>archive</kind>
         <file>libsysbm.a</file>
         <name>write.c.obj</name>
      </input_file>
      <input_file id="fl-c5">
         <path>C:\ti\ti_cgt_arm_llvm_3.2.2.LTS\lib\armv7em-ti-none-eabihf\c\</path>
         <kind>archive</kind>
         <file>libsysbm.a</file>
         <name>host_device.c.obj</name>
      </input_file>
      <input_file id="fl-c6">
         <path>C:\ti\ti_cgt_arm_llvm_3.2.2.LTS\lib\armv7em-ti-none-eabihf\c\</path>
         <kind>archive</kind>
         <file>libsysbm.a</file>
         <name>remove.c.obj</name>
      </input_file>
      <input_file id="fl-c7">
         <path>C:\ti\ti_cgt_arm_llvm_3.2.2.LTS\lib\armv7em-ti-none-eabihf\c\</path>
         <kind>archive</kind>
         <file>libsysbm.a</file>
         <name>open.c.obj</name>
      </input_file>
      <input_file id="fl-c8">
         <path>C:\ti\ti_cgt_arm_llvm_3.2.2.LTS\lib\armv7em-ti-none-eabihf\c\</path>
         <kind>archive</kind>
         <file>libsysbm.a</file>
         <name>lseek.c.obj</name>
      </input_file>
      <input_file id="fl-c9">
         <path>C:\ti\ti_cgt_arm_llvm_3.2.2.LTS\lib\armv7em-ti-none-eabihf\c\</path>
         <kind>archive</kind>
         <file>libsysbm.a</file>
         <name>close.c.obj</name>
      </input_file>
      <input_file id="fl-ca">
         <path>C:\ti\ti_cgt_arm_llvm_3.2.2.LTS\lib\armv7em-ti-none-eabihf\c\</path>
         <kind>archive</kind>
         <file>libsysbm.a</file>
         <name>unlink.c.obj</name>
      </input_file>
      <input_file id="fl-cb">
         <path>C:\ti\ti_cgt_arm_llvm_3.2.2.LTS\lib\armv7em-ti-none-eabihf\c\</path>
         <kind>archive</kind>
         <file>libsysbm.a</file>
         <name>hostclose.c.obj</name>
      </input_file>
      <input_file id="fl-cc">
         <path>C:\ti\ti_cgt_arm_llvm_3.2.2.LTS\lib\armv7em-ti-none-eabihf\c\</path>
         <kind>archive</kind>
         <file>libsysbm.a</file>
         <name>hostlseek.c.obj</name>
      </input_file>
      <input_file id="fl-cd">
         <path>C:\ti\ti_cgt_arm_llvm_3.2.2.LTS\lib\armv7em-ti-none-eabihf\c\</path>
         <kind>archive</kind>
         <file>libsysbm.a</file>
         <name>hostopen.c.obj</name>
      </input_file>
      <input_file id="fl-ce">
         <path>C:\ti\ti_cgt_arm_llvm_3.2.2.LTS\lib\armv7em-ti-none-eabihf\c\</path>
         <kind>archive</kind>
         <file>libsysbm.a</file>
         <name>hostread.c.obj</name>
      </input_file>
      <input_file id="fl-cf">
         <path>C:\ti\ti_cgt_arm_llvm_3.2.2.LTS\lib\armv7em-ti-none-eabihf\c\</path>
         <kind>archive</kind>
         <file>libsysbm.a</file>
         <name>hostrename.c.obj</name>
      </input_file>
      <input_file id="fl-d0">
         <path>C:\ti\ti_cgt_arm_llvm_3.2.2.LTS\lib\armv7em-ti-none-eabihf\c\</path>
         <kind>archive</kind>
         <file>libsysbm.a</file>
         <name>hostunlink.c.obj</name>
      </input_file>
      <input_file id="fl-d1">
         <path>C:\ti\ti_cgt_arm_llvm_3.2.2.LTS\lib\armv7em-ti-none-eabihf\c\</path>
         <kind>archive</kind>
         <file>libsysbm.a</file>
         <name>hostwrite.c.obj</name>
      </input_file>
      <input_file id="fl-d2">
         <path>C:\ti\ti_cgt_arm_llvm_3.2.2.LTS\lib\armv7em-ti-none-eabihf\c\</path>
         <kind>archive</kind>
         <file>libsysbm.a</file>
         <name>trgmsg.c.obj</name>
      </input_file>
      <input_file id="fl-d3">
         <path>C:\ti\ti_cgt_arm_llvm_3.2.2.LTS\lib\clang\15.0.7\lib\armv7em-ti-none-eabihf\</path>
         <kind>archive</kind>
         <file>libclang_rt.builtins.a</file>
         <name>adddf3.S.obj</name>
      </input_file>
      <input_file id="fl-d4">
         <path>C:\ti\ti_cgt_arm_llvm_3.2.2.LTS\lib\clang\15.0.7\lib\armv7em-ti-none-eabihf\</path>
         <kind>archive</kind>
         <file>libclang_rt.builtins.a</file>
         <name>muldf3.S.obj</name>
      </input_file>
      <input_file id="fl-d5">
         <path>C:\ti\ti_cgt_arm_llvm_3.2.2.LTS\lib\clang\15.0.7\lib\armv7em-ti-none-eabihf\</path>
         <kind>archive</kind>
         <file>libclang_rt.builtins.a</file>
         <name>ashldi3.S.obj</name>
      </input_file>
      <input_file id="fl-d6">
         <path>C:\ti\ti_cgt_arm_llvm_3.2.2.LTS\lib\clang\15.0.7\lib\armv7em-ti-none-eabihf\</path>
         <kind>archive</kind>
         <file>libclang_rt.builtins.a</file>
         <name>ashrdi3.S.obj</name>
      </input_file>
      <input_file id="fl-d7">
         <path>C:\ti\ti_cgt_arm_llvm_3.2.2.LTS\lib\clang\15.0.7\lib\armv7em-ti-none-eabihf\</path>
         <kind>archive</kind>
         <file>libclang_rt.builtins.a</file>
         <name>divdf3.S.obj</name>
      </input_file>
      <input_file id="fl-d8">
         <path>C:\ti\ti_cgt_arm_llvm_3.2.2.LTS\lib\clang\15.0.7\lib\armv7em-ti-none-eabihf\</path>
         <kind>archive</kind>
         <file>libclang_rt.builtins.a</file>
         <name>extendsfdf2.S.obj</name>
      </input_file>
      <input_file id="fl-d9">
         <path>C:\ti\ti_cgt_arm_llvm_3.2.2.LTS\lib\clang\15.0.7\lib\armv7em-ti-none-eabihf\</path>
         <kind>archive</kind>
         <file>libclang_rt.builtins.a</file>
         <name>fixdfsi.S.obj</name>
      </input_file>
      <input_file id="fl-da">
         <path>C:\ti\ti_cgt_arm_llvm_3.2.2.LTS\lib\clang\15.0.7\lib\armv7em-ti-none-eabihf\</path>
         <kind>archive</kind>
         <file>libclang_rt.builtins.a</file>
         <name>fixunsdfsi.S.obj</name>
      </input_file>
      <input_file id="fl-db">
         <path>C:\ti\ti_cgt_arm_llvm_3.2.2.LTS\lib\clang\15.0.7\lib\armv7em-ti-none-eabihf\</path>
         <kind>archive</kind>
         <file>libclang_rt.builtins.a</file>
         <name>floatsidf.S.obj</name>
      </input_file>
      <input_file id="fl-dc">
         <path>C:\ti\ti_cgt_arm_llvm_3.2.2.LTS\lib\clang\15.0.7\lib\armv7em-ti-none-eabihf\</path>
         <kind>archive</kind>
         <file>libclang_rt.builtins.a</file>
         <name>aeabi_dcmp.S.obj</name>
      </input_file>
      <input_file id="fl-dd">
         <path>C:\ti\ti_cgt_arm_llvm_3.2.2.LTS\lib\clang\15.0.7\lib\armv7em-ti-none-eabihf\</path>
         <kind>archive</kind>
         <file>libclang_rt.builtins.a</file>
         <name>aeabi_ldivmod.S.obj</name>
      </input_file>
      <input_file id="fl-de">
         <path>C:\ti\ti_cgt_arm_llvm_3.2.2.LTS\lib\clang\15.0.7\lib\armv7em-ti-none-eabihf\</path>
         <kind>archive</kind>
         <file>libclang_rt.builtins.a</file>
         <name>aeabi_memcpy.S.obj</name>
      </input_file>
      <input_file id="fl-df">
         <path>C:\ti\ti_cgt_arm_llvm_3.2.2.LTS\lib\clang\15.0.7\lib\armv7em-ti-none-eabihf\</path>
         <kind>archive</kind>
         <file>libclang_rt.builtins.a</file>
         <name>aeabi_memset.S.obj</name>
      </input_file>
      <input_file id="fl-e0">
         <path>C:\ti\ti_cgt_arm_llvm_3.2.2.LTS\lib\clang\15.0.7\lib\armv7em-ti-none-eabihf\</path>
         <kind>archive</kind>
         <file>libclang_rt.builtins.a</file>
         <name>aeabi_uldivmod.S.obj</name>
      </input_file>
      <input_file id="fl-e1">
         <path>C:\ti\ti_cgt_arm_llvm_3.2.2.LTS\lib\clang\15.0.7\lib\armv7em-ti-none-eabihf\</path>
         <kind>archive</kind>
         <file>libclang_rt.builtins.a</file>
         <name>udivmoddi4.S.obj</name>
      </input_file>
      <input_file id="fl-e2">
         <path>C:\ti\ti_cgt_arm_llvm_3.2.2.LTS\lib\clang\15.0.7\lib\armv7em-ti-none-eabihf\</path>
         <kind>archive</kind>
         <file>libclang_rt.builtins.a</file>
         <name>comparedf2.c.obj</name>
      </input_file>
      <input_file id="fl-e3">
         <path>C:\ti\ti_cgt_arm_llvm_3.2.2.LTS\lib\clang\15.0.7\lib\armv7em-ti-none-eabihf\</path>
         <kind>archive</kind>
         <file>libclang_rt.builtins.a</file>
         <name>divmoddi4.c.obj</name>
      </input_file>
      <input_file id="fl-e4">
         <path>C:\ti\ti_cgt_arm_llvm_3.2.2.LTS\lib\clang\15.0.7\lib\armv7em-ti-none-eabihf\</path>
         <kind>archive</kind>
         <file>libclang_rt.builtins.a</file>
         <name>aeabi_div0.c.obj</name>
      </input_file>
      <input_file id="fl-e5">
         <path>C:\ti\ti_cgt_arm_llvm_3.2.2.LTS\lib\armv7em-ti-none-eabihf\c\</path>
         <kind>archive</kind>
         <file>libc.a</file>
         <name>getdevice.c.obj</name>
      </input_file>
      <input_file id="fl-e6">
         <path>C:\ti\ti_cgt_arm_llvm_3.2.2.LTS\lib\armv7em-ti-none-eabihf\c\</path>
         <kind>archive</kind>
         <file>libc.a</file>
         <name>memcpy_t2.S.obj</name>
      </input_file>
      <input_file id="fl-e7">
         <path>C:\ti\ti_cgt_arm_llvm_3.2.2.LTS\lib\armv7em-ti-none-eabihf\c\</path>
         <kind>archive</kind>
         <file>libc.a</file>
         <name>memset_t2.S.obj</name>
      </input_file>
   </input_file_list>
   <object_component_list>
      <object_component id="oc-23">
         <name>.resetVecs</name>
         <load_address>0x0</load_address>
         <readonly>true</readonly>
         <run_address>0x0</run_address>
         <size>0x3c</size>
         <alignment>0x4</alignment>
         <input_file_ref idref="fl-6"/>
      </object_component>
      <object_component id="oc-279">
         <name>.text.RF_fsmActiveState</name>
         <load_address>0x3c</load_address>
         <readonly>true</readonly>
         <executable>true</executable>
         <run_address>0x3c</run_address>
         <size>0x490</size>
         <alignment>0x4</alignment>
         <input_file_ref idref="fl-18"/>
      </object_component>
      <object_component id="oc-116">
         <name>.text.RF_open</name>
         <load_address>0x4cc</load_address>
         <readonly>true</readonly>
         <executable>true</executable>
         <run_address>0x4cc</run_address>
         <size>0x2a8</size>
         <alignment>0x4</alignment>
         <input_file_ref idref="fl-18"/>
      </object_component>
      <object_component id="oc-cb">
         <name>.text.ti_sysbios_family_arm_m3_Hwi_excFillContext</name>
         <load_address>0x774</load_address>
         <readonly>true</readonly>
         <executable>true</executable>
         <run_address>0x774</run_address>
         <size>0x1fa</size>
         <alignment>0x4</alignment>
         <input_file_ref idref="fl-6"/>
      </object_component>
      <object_component id="oc-1a0">
         <name>.text.UART2CC26X2_hwiIntFxn</name>
         <load_address>0x96e</load_address>
         <readonly>true</readonly>
         <executable>true</executable>
         <run_address>0x96e</run_address>
         <size>0x1f0</size>
         <alignment>0x2</alignment>
         <input_file_ref idref="fl-22"/>
      </object_component>
      <object_component id="oc-2ab">
         <name>.text.BIOS_nullFunc</name>
         <load_address>0xb5e</load_address>
         <readonly>true</readonly>
         <executable>true</executable>
         <run_address>0xb5e</run_address>
         <size>0x2</size>
         <alignment>0x2</alignment>
         <input_file_ref idref="fl-6"/>
      </object_component>
      <object_component id="oc-278">
         <name>.text.RF_dispatchNextCmd</name>
         <load_address>0xb60</load_address>
         <readonly>true</readonly>
         <executable>true</executable>
         <run_address>0xb60</run_address>
         <size>0x1dc</size>
         <alignment>0x4</alignment>
         <input_file_ref idref="fl-18"/>
      </object_component>
      <object_component id="oc-1da">
         <name>.text.UART2_readTimeout</name>
         <load_address>0xd3c</load_address>
         <readonly>true</readonly>
         <executable>true</executable>
         <run_address>0xd3c</run_address>
         <size>0x1d4</size>
         <alignment>0x2</alignment>
         <input_file_ref idref="fl-21"/>
      </object_component>
      <object_component id="oc-393">
         <name>.text.ti_sysbios_knl_TaskSupport_buildTaskStack</name>
         <load_address>0xf10</load_address>
         <readonly>true</readonly>
         <executable>true</executable>
         <run_address>0xf10</run_address>
         <size>0x1aa</size>
         <alignment>0x2</alignment>
         <input_file_ref idref="fl-6"/>
      </object_component>
      <object_component id="oc-2c6">
         <name>.text.ti_sysbios_family_arm_cc26xx_Timer_construct</name>
         <load_address>0x10ba</load_address>
         <readonly>true</readonly>
         <executable>true</executable>
         <run_address>0x10ba</run_address>
         <size>0x198</size>
         <alignment>0x2</alignment>
         <input_file_ref idref="fl-6"/>
      </object_component>
      <object_component id="oc-e9">
         <name>.text.Board_initHook</name>
         <load_address>0x1252</load_address>
         <readonly>true</readonly>
         <executable>true</executable>
         <run_address>0x1252</run_address>
         <size>0x2</size>
         <alignment>0x2</alignment>
         <input_file_ref idref="fl-5"/>
      </object_component>
      <object_component id="oc-170">
         <name>.text.PowerCC26X2_auxISR</name>
         <load_address>0x1254</load_address>
         <readonly>true</readonly>
         <executable>true</executable>
         <run_address>0x1254</run_address>
         <size>0x194</size>
         <alignment>0x4</alignment>
         <input_file_ref idref="fl-1f"/>
      </object_component>
      <object_component id="oc-29a">
         <name>.text.ti_sysbios_knl_Task_Instance_init</name>
         <load_address>0x13e8</load_address>
         <readonly>true</readonly>
         <executable>true</executable>
         <run_address>0x13e8</run_address>
         <size>0x18e</size>
         <alignment>0x2</alignment>
         <input_file_ref idref="fl-6"/>
      </object_component>
      <object_component id="oc-363">
         <name>.text.NOROM_RFCCpePatchReset</name>
         <load_address>0x1576</load_address>
         <readonly>true</readonly>
         <executable>true</executable>
         <run_address>0x1576</run_address>
         <size>0x2</size>
         <alignment>0x2</alignment>
         <input_file_ref idref="fl-19"/>
      </object_component>
      <object_component id="oc-104">
         <name>.text.UART2_open</name>
         <load_address>0x1578</load_address>
         <readonly>true</readonly>
         <executable>true</executable>
         <run_address>0x1578</run_address>
         <size>0x18c</size>
         <alignment>0x4</alignment>
         <input_file_ref idref="fl-22"/>
      </object_component>
      <object_component id="oc-2d8">
         <name>.text.Power_sleep</name>
         <load_address>0x1704</load_address>
         <readonly>true</readonly>
         <executable>true</executable>
         <run_address>0x1704</run_address>
         <size>0x158</size>
         <alignment>0x4</alignment>
         <input_file_ref idref="fl-1e"/>
      </object_component>
      <object_component id="oc-bb">
         <name>.text.pthread_create</name>
         <load_address>0x185c</load_address>
         <readonly>true</readonly>
         <executable>true</executable>
         <run_address>0x185c</run_address>
         <size>0x14e</size>
         <alignment>0x2</alignment>
         <input_file_ref idref="fl-6"/>
      </object_component>
      <object_component id="oc-1d4">
         <name>.text.RF_defaultCallback</name>
         <load_address>0x19aa</load_address>
         <readonly>true</readonly>
         <executable>true</executable>
         <run_address>0x19aa</run_address>
         <size>0x2</size>
         <alignment>0x2</alignment>
         <input_file_ref idref="fl-18"/>
      </object_component>
      <object_component id="oc-280">
         <name>.text.RF_radioOpDoneCb</name>
         <load_address>0x19ac</load_address>
         <readonly>true</readonly>
         <executable>true</executable>
         <run_address>0x19ac</run_address>
         <size>0x14c</size>
         <alignment>0x4</alignment>
         <input_file_ref idref="fl-18"/>
      </object_component>
      <object_component id="oc-227">
         <name>.text.PowerCC26XX_standbyPolicy</name>
         <load_address>0x1af8</load_address>
         <readonly>true</readonly>
         <executable>true</executable>
         <run_address>0x1af8</run_address>
         <size>0x13e</size>
         <alignment>0x2</alignment>
         <input_file_ref idref="fl-6"/>
      </object_component>
      <object_component id="oc-333">
         <name>.text.ti_sysbios_heaps_HeapMem_allocUnprotected</name>
         <load_address>0x1c36</load_address>
         <readonly>true</readonly>
         <executable>true</executable>
         <run_address>0x1c36</run_address>
         <size>0x13e</size>
         <alignment>0x2</alignment>
         <input_file_ref idref="fl-6"/>
      </object_component>
      <object_component id="oc-213">
         <name>.text.ti_sysbios_knl_Clock_workFuncDynamic</name>
         <load_address>0x1d74</load_address>
         <readonly>true</readonly>
         <executable>true</executable>
         <run_address>0x1d74</run_address>
         <size>0x13c</size>
         <alignment>0x2</alignment>
         <input_file_ref idref="fl-6"/>
      </object_component>
      <object_component id="oc-2fc">
         <name>.text.RF_abortCmd</name>
         <load_address>0x1eb0</load_address>
         <readonly>true</readonly>
         <executable>true</executable>
         <run_address>0x1eb0</run_address>
         <size>0x138</size>
         <alignment>0x4</alignment>
         <input_file_ref idref="fl-18"/>
      </object_component>
      <object_component id="oc-12b">
         <name>.text.ti_sysbios_knl_Task_setPri</name>
         <load_address>0x1fe8</load_address>
         <readonly>true</readonly>
         <executable>true</executable>
         <run_address>0x1fe8</run_address>
         <size>0x134</size>
         <alignment>0x2</alignment>
         <input_file_ref idref="fl-6"/>
      </object_component>
      <object_component id="oc-282">
         <name>.text.RF_fsmSetupState</name>
         <load_address>0x211c</load_address>
         <readonly>true</readonly>
         <executable>true</executable>
         <run_address>0x211c</run_address>
         <size>0x124</size>
         <alignment>0x4</alignment>
         <input_file_ref idref="fl-18"/>
      </object_component>
      <object_component id="oc-52">
         <name>.text.ti_sysbios_family_arm_m3_Hwi_dispatch</name>
         <load_address>0x2240</load_address>
         <readonly>true</readonly>
         <executable>true</executable>
         <run_address>0x2240</run_address>
         <size>0x11c</size>
         <alignment>0x4</alignment>
         <input_file_ref idref="fl-30"/>
      </object_component>
      <object_component id="oc-e2">
         <name>.text.Power_init</name>
         <load_address>0x235c</load_address>
         <readonly>true</readonly>
         <executable>true</executable>
         <run_address>0x235c</run_address>
         <size>0x118</size>
         <alignment>0x4</alignment>
         <input_file_ref idref="fl-1e"/>
      </object_component>
      <object_component id="oc-1b7">
         <name>.text.RF_decodeOverridePointers</name>
         <load_address>0x2474</load_address>
         <readonly>true</readonly>
         <executable>true</executable>
         <run_address>0x2474</run_address>
         <size>0x118</size>
         <alignment>0x4</alignment>
         <input_file_ref idref="fl-18"/>
      </object_component>
      <object_component id="oc-315">
         <name>.text.ti_sysbios_knl_Semaphore_pend</name>
         <load_address>0x258c</load_address>
         <readonly>true</readonly>
         <executable>true</executable>
         <run_address>0x258c</run_address>
         <size>0x10e</size>
         <alignment>0x2</alignment>
         <input_file_ref idref="fl-6"/>
      </object_component>
      <object_component id="oc-19e">
         <name>.text.UART2CC26X2_eventCallback</name>
         <load_address>0x269a</load_address>
         <readonly>true</readonly>
         <executable>true</executable>
         <run_address>0x269a</run_address>
         <size>0x2</size>
         <alignment>0x2</alignment>
         <input_file_ref idref="fl-22"/>
      </object_component>
      <object_component id="oc-23f">
         <name>.text.PowerCC26X2_calibrate</name>
         <load_address>0x269c</load_address>
         <readonly>true</readonly>
         <executable>true</executable>
         <run_address>0x269c</run_address>
         <size>0x10c</size>
         <alignment>0x4</alignment>
         <input_file_ref idref="fl-1f"/>
      </object_component>
      <object_component id="oc-29b">
         <name>.text.ti_sysbios_knl_Task_Instance_finalize</name>
         <load_address>0x27a8</load_address>
         <readonly>true</readonly>
         <executable>true</executable>
         <run_address>0x27a8</run_address>
         <size>0x10a</size>
         <alignment>0x2</alignment>
         <input_file_ref idref="fl-6"/>
      </object_component>
      <object_component id="oc-394">
         <name>.text.__aeabi_ldiv0</name>
         <load_address>0x28b2</load_address>
         <readonly>true</readonly>
         <executable>true</executable>
         <run_address>0x28b2</run_address>
         <size>0x2</size>
         <alignment>0x2</alignment>
         <input_file_ref idref="fl-e4"/>
      </object_component>
      <object_component id="oc-1d3">
         <name>.text.RF_fsmPowerUpState</name>
         <load_address>0x28b4</load_address>
         <readonly>true</readonly>
         <executable>true</executable>
         <run_address>0x28b4</run_address>
         <size>0x108</size>
         <alignment>0x4</alignment>
         <input_file_ref idref="fl-18"/>
      </object_component>
      <object_component id="oc-199">
         <name>.text.UART2CC26X2_initHw</name>
         <load_address>0x29bc</load_address>
         <readonly>true</readonly>
         <executable>true</executable>
         <run_address>0x29bc</run_address>
         <size>0x104</size>
         <alignment>0x4</alignment>
         <input_file_ref idref="fl-22"/>
      </object_component>
      <object_component id="oc-ad">
         <name>.text.GPIO_init</name>
         <load_address>0x2ac0</load_address>
         <readonly>true</readonly>
         <executable>true</executable>
         <run_address>0x2ac0</run_address>
         <size>0x100</size>
         <alignment>0x4</alignment>
         <input_file_ref idref="fl-23"/>
      </object_component>
      <object_component id="oc-2e7">
         <name>.text.ti_sysbios_family_arm_m3_Hwi_Instance_init</name>
         <load_address>0x2bc0</load_address>
         <readonly>true</readonly>
         <executable>true</executable>
         <run_address>0x2bc0</run_address>
         <size>0xfe</size>
         <alignment>0x2</alignment>
         <input_file_ref idref="fl-6"/>
      </object_component>
      <object_component id="oc-29e">
         <name>.text._nop</name>
         <load_address>0x2cbe</load_address>
         <readonly>true</readonly>
         <executable>true</executable>
         <run_address>0x2cbe</run_address>
         <size>0x2</size>
         <alignment>0x2</alignment>
         <input_file_ref idref="fl-44"/>
      </object_component>
      <object_component id="oc-27a">
         <name>.text.RF_hwiCpe0Active</name>
         <load_address>0x2cc0</load_address>
         <readonly>true</readonly>
         <executable>true</executable>
         <run_address>0x2cc0</run_address>
         <size>0xfc</size>
         <alignment>0x4</alignment>
         <input_file_ref idref="fl-18"/>
      </object_component>
      <object_component id="oc-260">
         <name>.text.UART2Support_dmaStartRx</name>
         <load_address>0x2dbc</load_address>
         <readonly>true</readonly>
         <executable>true</executable>
         <run_address>0x2dbc</run_address>
         <size>0xf0</size>
         <alignment>0x4</alignment>
         <input_file_ref idref="fl-22"/>
      </object_component>
      <object_component id="oc-349">
         <name>.text.ti_sysbios_knl_Clock_startI</name>
         <load_address>0x2eac</load_address>
         <readonly>true</readonly>
         <executable>true</executable>
         <run_address>0x2eac</run_address>
         <size>0xee</size>
         <alignment>0x2</alignment>
         <input_file_ref idref="fl-6"/>
      </object_component>
      <object_component id="oc-14e">
         <name>.text.ti_sysbios_family_arm_m3_Hwi_initNVIC</name>
         <load_address>0x2f9a</load_address>
         <readonly>true</readonly>
         <executable>true</executable>
         <run_address>0x2f9a</run_address>
         <size>0xe4</size>
         <alignment>0x2</alignment>
         <input_file_ref idref="fl-6"/>
      </object_component>
      <object_component id="oc-168">
         <name>.text.emptyClockFunc</name>
         <load_address>0x307e</load_address>
         <readonly>true</readonly>
         <executable>true</executable>
         <run_address>0x307e</run_address>
         <size>0x2</size>
         <alignment>0x2</alignment>
         <input_file_ref idref="fl-1e"/>
      </object_component>
      <object_component id="oc-388">
         <name>.text.NOROM_SysCtrlStandby</name>
         <load_address>0x3080</load_address>
         <readonly>true</readonly>
         <executable>true</executable>
         <run_address>0x3080</run_address>
         <size>0xe0</size>
         <alignment>0x4</alignment>
         <input_file_ref idref="fl-2d"/>
      </object_component>
      <object_component id="oc-b7">
         <name>.text.mainThread</name>
         <load_address>0x3160</load_address>
         <readonly>true</readonly>
         <executable>true</executable>
         <run_address>0x3160</run_address>
         <size>0xe0</size>
         <alignment>0x2</alignment>
         <input_file_ref idref="fl-2"/>
      </object_component>
      <object_component id="oc-335">
         <name>.text.ti_sysbios_heaps_HeapMem_freeUnprotected</name>
         <load_address>0x3240</load_address>
         <readonly>true</readonly>
         <executable>true</executable>
         <run_address>0x3240</run_address>
         <size>0xda</size>
         <alignment>0x2</alignment>
         <input_file_ref idref="fl-6"/>
      </object_component>
      <object_component id="oc-2c2">
         <name>.text.ti_sysbios_family_arm_cc26xx_Timer_startup</name>
         <load_address>0x331a</load_address>
         <readonly>true</readonly>
         <executable>true</executable>
         <run_address>0x331a</run_address>
         <size>0x2</size>
         <alignment>0x2</alignment>
         <input_file_ref idref="fl-6"/>
      </object_component>
      <object_component id="oc-d8">
         <name>.text.NOROM_SetupTrimDevice</name>
         <load_address>0x331c</load_address>
         <readonly>true</readonly>
         <executable>true</executable>
         <run_address>0x331c</run_address>
         <size>0xd0</size>
         <alignment>0x4</alignment>
         <input_file_ref idref="fl-2c"/>
      </object_component>
      <object_component id="oc-225">
         <name>.text.configureXOSCHF</name>
         <load_address>0x33ec</load_address>
         <readonly>true</readonly>
         <executable>true</executable>
         <run_address>0x33ec</run_address>
         <size>0xd0</size>
         <alignment>0x4</alignment>
         <input_file_ref idref="fl-1e"/>
      </object_component>
      <object_component id="oc-11a">
         <name>.text.RF_postCmd</name>
         <load_address>0x34bc</load_address>
         <readonly>true</readonly>
         <executable>true</executable>
         <run_address>0x34bc</run_address>
         <size>0xcc</size>
         <alignment>0x4</alignment>
         <input_file_ref idref="fl-18"/>
      </object_component>
      <object_component id="oc-306">
         <name>.text.RF_updatePaConfiguration</name>
         <load_address>0x3588</load_address>
         <readonly>true</readonly>
         <executable>true</executable>
         <run_address>0x3588</run_address>
         <size>0xca</size>
         <alignment>0x2</alignment>
         <input_file_ref idref="fl-18"/>
      </object_component>
      <object_component id="oc-297">
         <name>.text._pthread_removeThreadKeys</name>
         <load_address>0x3652</load_address>
         <readonly>true</readonly>
         <executable>true</executable>
         <run_address>0x3652</run_address>
         <size>0xca</size>
         <alignment>0x2</alignment>
         <input_file_ref idref="fl-6"/>
      </object_component>
      <object_component id="oc-262">
         <name>.text.UART2Support_dmaStartTx</name>
         <load_address>0x371c</load_address>
         <readonly>true</readonly>
         <executable>true</executable>
         <run_address>0x371c</run_address>
         <size>0xc0</size>
         <alignment>0x4</alignment>
         <input_file_ref idref="fl-22"/>
      </object_component>
      <object_component id="oc-2be">
         <name>.text.ti_sysbios_knl_Clock_walkQueueDynamic</name>
         <load_address>0x37dc</load_address>
         <readonly>true</readonly>
         <executable>true</executable>
         <run_address>0x37dc</run_address>
         <size>0xc0</size>
         <alignment>0x2</alignment>
         <input_file_ref idref="fl-6"/>
      </object_component>
      <object_component id="oc-a1">
         <name>.text.ti_sysbios_knl_Swi_restoreHwi</name>
         <load_address>0x389c</load_address>
         <readonly>true</readonly>
         <executable>true</executable>
         <run_address>0x389c</run_address>
         <size>0xc0</size>
         <alignment>0x2</alignment>
         <input_file_ref idref="fl-6"/>
      </object_component>
      <object_component id="oc-1c9">
         <name>.text.RF_swiHw</name>
         <load_address>0x395c</load_address>
         <readonly>true</readonly>
         <executable>true</executable>
         <run_address>0x395c</run_address>
         <size>0xbc</size>
         <alignment>0x4</alignment>
         <input_file_ref idref="fl-18"/>
      </object_component>
      <object_component id="oc-31e">
         <name>.text.ti_sysbios_knl_Task_postInit</name>
         <load_address>0x3a18</load_address>
         <readonly>true</readonly>
         <executable>true</executable>
         <run_address>0x3a18</run_address>
         <size>0xbc</size>
         <alignment>0x2</alignment>
         <input_file_ref idref="fl-6"/>
      </object_component>
      <object_component id="oc-2c0">
         <name>.text.ti_sysbios_knl_Swi_Instance_init</name>
         <load_address>0x3ad4</load_address>
         <readonly>true</readonly>
         <executable>true</executable>
         <run_address>0x3ad4</run_address>
         <size>0xb8</size>
         <alignment>0x2</alignment>
         <input_file_ref idref="fl-6"/>
      </object_component>
      <object_component id="oc-192">
         <name>.text.GPIO_setConfigAndMux</name>
         <load_address>0x3b8c</load_address>
         <readonly>true</readonly>
         <executable>true</executable>
         <run_address>0x3b8c</run_address>
         <size>0xb0</size>
         <alignment>0x4</alignment>
         <input_file_ref idref="fl-1d"/>
      </object_component>
      <object_component id="oc-ec">
         <name>.text.Power_setDependency</name>
         <load_address>0x3c3c</load_address>
         <readonly>true</readonly>
         <executable>true</executable>
         <run_address>0x3c3c</run_address>
         <size>0xb0</size>
         <alignment>0x4</alignment>
         <input_file_ref idref="fl-1e"/>
      </object_component>
      <object_component id="oc-14b">
         <name>.text.TrimAfterColdResetWakeupFromShutDown</name>
         <load_address>0x3cec</load_address>
         <readonly>true</readonly>
         <executable>true</executable>
         <run_address>0x3cec</run_address>
         <size>0xb0</size>
         <alignment>0x4</alignment>
         <input_file_ref idref="fl-2c"/>
      </object_component>
      <object_component id="oc-378">
         <name>.text</name>
         <load_address>0x3d9c</load_address>
         <readonly>true</readonly>
         <executable>true</executable>
         <run_address>0x3d9c</run_address>
         <size>0xb0</size>
         <alignment>0x4</alignment>
         <input_file_ref idref="fl-e1"/>
      </object_component>
      <object_component id="oc-2e4">
         <name>.text.Power_releaseDependency</name>
         <load_address>0x3e4c</load_address>
         <readonly>true</readonly>
         <executable>true</executable>
         <run_address>0x3e4c</run_address>
         <size>0xac</size>
         <alignment>0x4</alignment>
         <input_file_ref idref="fl-1e"/>
      </object_component>
      <object_component id="oc-1dc">
         <name>.text.RF_pendCmd</name>
         <load_address>0x3ef8</load_address>
         <readonly>true</readonly>
         <executable>true</executable>
         <run_address>0x3ef8</run_address>
         <size>0xac</size>
         <alignment>0x4</alignment>
         <input_file_ref idref="fl-18"/>
      </object_component>
      <object_component id="oc-301">
         <name>.text.RF_initRadioSetup</name>
         <load_address>0x3fa4</load_address>
         <readonly>true</readonly>
         <executable>true</executable>
         <run_address>0x3fa4</run_address>
         <size>0xa4</size>
         <alignment>0x4</alignment>
         <input_file_ref idref="fl-18"/>
      </object_component>
      <object_component id="oc-370">
         <name>.text.ti_sysbios_knl_TaskSupport_start</name>
         <load_address>0x4048</load_address>
         <readonly>true</readonly>
         <executable>true</executable>
         <run_address>0x4048</run_address>
         <size>0xa2</size>
         <alignment>0x2</alignment>
         <input_file_ref idref="fl-6"/>
      </object_component>
      <object_component id="oc-217">
         <name>.text.ti_sysbios_knl_TaskSupport_init</name>
         <load_address>0x40ea</load_address>
         <readonly>true</readonly>
         <executable>true</executable>
         <run_address>0x40ea</run_address>
         <size>0x2</size>
         <alignment>0x2</alignment>
         <input_file_ref idref="fl-6"/>
      </object_component>
      <object_component id="oc-287">
         <name>.text.RF_calculateDispatchTime</name>
         <load_address>0x40ec</load_address>
         <readonly>true</readonly>
         <executable>true</executable>
         <run_address>0x40ec</run_address>
         <size>0xa0</size>
         <alignment>0x4</alignment>
         <input_file_ref idref="fl-18"/>
      </object_component>
      <object_component id="oc-d7">
         <name>.text.ti_sysbios_knl_Task_schedule</name>
         <load_address>0x418c</load_address>
         <readonly>true</readonly>
         <executable>true</executable>
         <run_address>0x418c</run_address>
         <size>0x9a</size>
         <alignment>0x2</alignment>
         <input_file_ref idref="fl-6"/>
      </object_component>
      <object_component id="oc-361">
         <name>.text.RF_defaultSubmitPolicy</name>
         <load_address>0x4226</load_address>
         <readonly>true</readonly>
         <executable>true</executable>
         <run_address>0x4226</run_address>
         <size>0x98</size>
         <alignment>0x2</alignment>
         <input_file_ref idref="fl-18"/>
      </object_component>
      <object_component id="oc-38d">
         <name>.text.RF_verifyGap</name>
         <load_address>0x42be</load_address>
         <readonly>true</readonly>
         <executable>true</executable>
         <run_address>0x42be</run_address>
         <size>0x96</size>
         <alignment>0x2</alignment>
         <input_file_ref idref="fl-18"/>
      </object_component>
      <object_component id="oc-277">
         <name>.text.RF_ratRestartChannels</name>
         <load_address>0x4354</load_address>
         <readonly>true</readonly>
         <executable>true</executable>
         <run_address>0x4354</run_address>
         <size>0x94</size>
         <alignment>0x4</alignment>
         <input_file_ref idref="fl-18"/>
      </object_component>
      <object_component id="oc-2b6">
         <name>.text.ti_sysbios_heaps_HeapMem_Instance_init</name>
         <load_address>0x43e8</load_address>
         <readonly>true</readonly>
         <executable>true</executable>
         <run_address>0x43e8</run_address>
         <size>0x94</size>
         <alignment>0x2</alignment>
         <input_file_ref idref="fl-6"/>
      </object_component>
      <object_component id="oc-9b">
         <name>.text.ti_sysbios_family_arm_m3_Hwi_excHandlerMin</name>
         <load_address>0x447c</load_address>
         <readonly>true</readonly>
         <executable>true</executable>
         <run_address>0x447c</run_address>
         <size>0x8e</size>
         <alignment>0x2</alignment>
         <input_file_ref idref="fl-6"/>
      </object_component>
      <object_component id="oc-373">
         <name>.text.ti_sysbios_knl_Swi_runLoop</name>
         <load_address>0x450a</load_address>
         <readonly>true</readonly>
         <executable>true</executable>
         <run_address>0x450a</run_address>
         <size>0x8e</size>
         <alignment>0x2</alignment>
         <input_file_ref idref="fl-6"/>
      </object_component>
      <object_component id="oc-183">
         <name>.text.ti_sysbios_family_arm_m3_Hwi_construct2</name>
         <load_address>0x4598</load_address>
         <readonly>true</readonly>
         <executable>true</executable>
         <run_address>0x4598</run_address>
         <size>0x8c</size>
         <alignment>0x2</alignment>
         <input_file_ref idref="fl-6"/>
      </object_component>
      <object_component id="oc-298">
         <name>.text.ti_sysbios_knl_Semaphore_post</name>
         <load_address>0x4624</load_address>
         <readonly>true</readonly>
         <executable>true</executable>
         <run_address>0x4624</run_address>
         <size>0x8a</size>
         <alignment>0x2</alignment>
         <input_file_ref idref="fl-6"/>
      </object_component>
      <object_component id="oc-2bb">
         <name>.text.ti_sysbios_runtime_SysCallback_defaultInit</name>
         <load_address>0x46ae</load_address>
         <readonly>true</readonly>
         <executable>true</executable>
         <run_address>0x46ae</run_address>
         <size>0x2</size>
         <alignment>0x2</alignment>
         <input_file_ref idref="fl-6"/>
      </object_component>
      <object_component id="oc-2f9">
         <name>.text.RF_cmdDispatchTime</name>
         <load_address>0x46b0</load_address>
         <readonly>true</readonly>
         <executable>true</executable>
         <run_address>0x46b0</run_address>
         <size>0x88</size>
         <alignment>0x4</alignment>
         <input_file_ref idref="fl-18"/>
      </object_component>
      <object_component id="oc-35e">
         <name>.text.RF_discardPendCmd</name>
         <load_address>0x4738</load_address>
         <readonly>true</readonly>
         <executable>true</executable>
         <run_address>0x4738</run_address>
         <size>0x88</size>
         <alignment>0x4</alignment>
         <input_file_ref idref="fl-18"/>
      </object_component>
      <object_component id="oc-35c">
         <name>.text.ti_sysbios_family_arm_m3_Hwi_postInit</name>
         <load_address>0x47c0</load_address>
         <readonly>true</readonly>
         <executable>true</executable>
         <run_address>0x47c0</run_address>
         <size>0x88</size>
         <alignment>0x2</alignment>
         <input_file_ref idref="fl-6"/>
      </object_component>
      <object_component id="oc-124">
         <name>.text.ti_sysbios_runtime_Memory_alloc</name>
         <load_address>0x4848</load_address>
         <readonly>true</readonly>
         <executable>true</executable>
         <run_address>0x4848</run_address>
         <size>0x86</size>
         <alignment>0x2</alignment>
         <input_file_ref idref="fl-6"/>
      </object_component>
      <object_component id="oc-209">
         <name>.text.ti_sysbios_family_arm_m3_Hwi_getStackInfo</name>
         <load_address>0x48ce</load_address>
         <readonly>true</readonly>
         <executable>true</executable>
         <run_address>0x48ce</run_address>
         <size>0x82</size>
         <alignment>0x2</alignment>
         <input_file_ref idref="fl-6"/>
      </object_component>
      <object_component id="oc-261">
         <name>.text.UART2Support_dmaStopTx</name>
         <load_address>0x4950</load_address>
         <readonly>true</readonly>
         <executable>true</executable>
         <run_address>0x4950</run_address>
         <size>0x80</size>
         <alignment>0x4</alignment>
         <input_file_ref idref="fl-22"/>
      </object_component>
      <object_component id="oc-88">
         <name>.text.main</name>
         <load_address>0x49d0</load_address>
         <readonly>true</readonly>
         <executable>true</executable>
         <run_address>0x49d0</run_address>
         <size>0x80</size>
         <alignment>0x2</alignment>
         <input_file_ref idref="fl-1"/>
      </object_component>
      <object_component id="oc-174">
         <name>.text.Board_sendExtFlashByte</name>
         <load_address>0x4a50</load_address>
         <readonly>true</readonly>
         <executable>true</executable>
         <run_address>0x4a50</run_address>
         <size>0x7e</size>
         <alignment>0x2</alignment>
         <input_file_ref idref="fl-5"/>
      </object_component>
      <object_component id="oc-1ba">
         <name>.text.SwiP_construct</name>
         <load_address>0x4ace</load_address>
         <readonly>true</readonly>
         <executable>true</executable>
         <run_address>0x4ace</run_address>
         <size>0x7c</size>
         <alignment>0x2</alignment>
         <input_file_ref idref="fl-6"/>
      </object_component>
      <object_component id="oc-1e7">
         <name>.text.pthread_exit</name>
         <load_address>0x4b4a</load_address>
         <readonly>true</readonly>
         <executable>true</executable>
         <run_address>0x4b4a</run_address>
         <size>0x7c</size>
         <alignment>0x2</alignment>
         <input_file_ref idref="fl-6"/>
      </object_component>
      <object_component id="oc-343">
         <name>.text.ti_sysbios_family_arm_cc26xx_Timer_periodicStub</name>
         <load_address>0x4bc6</load_address>
         <readonly>true</readonly>
         <executable>true</executable>
         <run_address>0x4bc6</run_address>
         <size>0x7c</size>
         <alignment>0x2</alignment>
         <input_file_ref idref="fl-6"/>
      </object_component>
      <object_component id="oc-32b">
         <name>.text.ti_sysbios_knl_Swi_schedule</name>
         <load_address>0x4c42</load_address>
         <readonly>true</readonly>
         <executable>true</executable>
         <run_address>0x4c42</run_address>
         <size>0x7c</size>
         <alignment>0x2</alignment>
         <input_file_ref idref="fl-6"/>
      </object_component>
      <object_component id="oc-76">
         <name>.text.ti_sysbios_family_arm_m3_Hwi_dispatchC</name>
         <load_address>0x4cbe</load_address>
         <readonly>true</readonly>
         <executable>true</executable>
         <run_address>0x4cbe</run_address>
         <size>0x7a</size>
         <alignment>0x2</alignment>
         <input_file_ref idref="fl-6"/>
      </object_component>
      <object_component id="oc-156">
         <name>.text.ti_sysbios_knl_Idle_init</name>
         <load_address>0x4d38</load_address>
         <readonly>true</readonly>
         <executable>true</executable>
         <run_address>0x4d38</run_address>
         <size>0x7a</size>
         <alignment>0x2</alignment>
         <input_file_ref idref="fl-6"/>
      </object_component>
      <object_component id="oc-1b0">
         <name>.text.NOROM_ChipInfo_GetChipType</name>
         <load_address>0x4db4</load_address>
         <readonly>true</readonly>
         <executable>true</executable>
         <run_address>0x4db4</run_address>
         <size>0x78</size>
         <alignment>0x4</alignment>
         <input_file_ref idref="fl-28"/>
      </object_component>
      <object_component id="oc-39d">
         <name>.text.NOROM_SysCtrlSetRechargeBeforePowerDown</name>
         <load_address>0x4e2c</load_address>
         <readonly>true</readonly>
         <executable>true</executable>
         <run_address>0x4e2c</run_address>
         <size>0x78</size>
         <alignment>0x4</alignment>
         <input_file_ref idref="fl-2d"/>
      </object_component>
      <object_component id="oc-272">
         <name>.text.RF_ratFreeChannel</name>
         <load_address>0x4ea4</load_address>
         <readonly>true</readonly>
         <executable>true</executable>
         <run_address>0x4ea4</run_address>
         <size>0x78</size>
         <alignment>0x4</alignment>
         <input_file_ref idref="fl-18"/>
      </object_component>
      <object_component id="oc-35b">
         <name>.text.ti_sysbios_family_arm_m3_Hwi_disableInterrupt</name>
         <load_address>0x4f1c</load_address>
         <readonly>true</readonly>
         <executable>true</executable>
         <run_address>0x4f1c</run_address>
         <size>0x78</size>
         <alignment>0x2</alignment>
         <input_file_ref idref="fl-6"/>
      </object_component>
      <object_component id="oc-d5">
         <name>.text.ti_sysbios_knl_Swi_run</name>
         <load_address>0x4f94</load_address>
         <readonly>true</readonly>
         <executable>true</executable>
         <run_address>0x4f94</run_address>
         <size>0x78</size>
         <alignment>0x2</alignment>
         <input_file_ref idref="fl-6"/>
      </object_component>
      <object_component id="oc-36c">
         <name>.text.ti_sysbios_knl_Task_blockI</name>
         <load_address>0x500c</load_address>
         <readonly>true</readonly>
         <executable>true</executable>
         <run_address>0x500c</run_address>
         <size>0x78</size>
         <alignment>0x2</alignment>
         <input_file_ref idref="fl-6"/>
      </object_component>
      <object_component id="oc-1f9">
         <name>.text.ti_sysbios_knl_Task_startup</name>
         <load_address>0x5084</load_address>
         <readonly>true</readonly>
         <executable>true</executable>
         <run_address>0x5084</run_address>
         <size>0x78</size>
         <alignment>0x2</alignment>
         <input_file_ref idref="fl-6"/>
      </object_component>
      <object_component id="oc-232">
         <name>.text.PowerCC26X2_updateSubSecInc</name>
         <load_address>0x50fc</load_address>
         <readonly>true</readonly>
         <executable>true</executable>
         <run_address>0x50fc</run_address>
         <size>0x74</size>
         <alignment>0x4</alignment>
         <input_file_ref idref="fl-24"/>
      </object_component>
      <object_component id="oc-1cc">
         <name>.text.RF_hwiHw</name>
         <load_address>0x5170</load_address>
         <readonly>true</readonly>
         <executable>true</executable>
         <run_address>0x5170</run_address>
         <size>0x74</size>
         <alignment>0x4</alignment>
         <input_file_ref idref="fl-18"/>
      </object_component>
      <object_component id="oc-2ba">
         <name>.text.ti_sysbios_heaps_HeapMem_getStats</name>
         <load_address>0x51e4</load_address>
         <readonly>true</readonly>
         <executable>true</executable>
         <run_address>0x51e4</run_address>
         <size>0x74</size>
         <alignment>0x2</alignment>
         <input_file_ref idref="fl-6"/>
      </object_component>
      <object_component id="oc-37e">
         <name>.text.ti_sysbios_family_arm_cc26xx_Timer_setThreshold</name>
         <load_address>0x5258</load_address>
         <readonly>true</readonly>
         <executable>true</executable>
         <run_address>0x5258</run_address>
         <size>0x72</size>
         <alignment>0x2</alignment>
         <input_file_ref idref="fl-6"/>
      </object_component>
      <object_component id="oc-30b">
         <name>.text.ti_sysbios_family_arm_m3_Hwi_enableInterrupt</name>
         <load_address>0x52ca</load_address>
         <readonly>true</readonly>
         <executable>true</executable>
         <run_address>0x52ca</run_address>
         <size>0x70</size>
         <alignment>0x2</alignment>
         <input_file_ref idref="fl-6"/>
      </object_component>
      <object_component id="oc-31">
         <name>.text:decompress:lzss</name>
         <load_address>0x533a</load_address>
         <readonly>true</readonly>
         <executable>true</executable>
         <run_address>0x533a</run_address>
         <size>0x70</size>
         <alignment>0x2</alignment>
         <input_file_ref idref="fl-4e"/>
      </object_component>
      <object_component id="oc-150">
         <name>.text.BIOS_init</name>
         <load_address>0x53aa</load_address>
         <readonly>true</readonly>
         <executable>true</executable>
         <run_address>0x53aa</run_address>
         <size>0x6e</size>
         <alignment>0x2</alignment>
         <input_file_ref idref="fl-6"/>
      </object_component>
      <object_component id="oc-e8">
         <name>.text.Board_shutDownExtFlash</name>
         <load_address>0x5418</load_address>
         <readonly>true</readonly>
         <executable>true</executable>
         <run_address>0x5418</run_address>
         <size>0x6e</size>
         <alignment>0x2</alignment>
         <input_file_ref idref="fl-5"/>
      </object_component>
      <object_component id="oc-153">
         <name>.text.ti_sysbios_knl_Clock_init</name>
         <load_address>0x5486</load_address>
         <readonly>true</readonly>
         <executable>true</executable>
         <run_address>0x5486</run_address>
         <size>0x6e</size>
         <alignment>0x2</alignment>
         <input_file_ref idref="fl-6"/>
      </object_component>
      <object_component id="oc-283">
         <name>.text.RF_issueRadioFreeCb</name>
         <load_address>0x54f4</load_address>
         <readonly>true</readonly>
         <executable>true</executable>
         <run_address>0x54f4</run_address>
         <size>0x6c</size>
         <alignment>0x4</alignment>
         <input_file_ref idref="fl-18"/>
      </object_component>
      <object_component id="oc-16f">
         <name>.text.oscillatorISR</name>
         <load_address>0x5560</load_address>
         <readonly>true</readonly>
         <executable>true</executable>
         <run_address>0x5560</run_address>
         <size>0x6c</size>
         <alignment>0x4</alignment>
         <input_file_ref idref="fl-1e"/>
      </object_component>
      <object_component id="oc-364">
         <name>.text.RF_detachOverrides</name>
         <load_address>0x55cc</load_address>
         <readonly>true</readonly>
         <executable>true</executable>
         <run_address>0x55cc</run_address>
         <size>0x68</size>
         <alignment>0x2</alignment>
         <input_file_ref idref="fl-18"/>
      </object_component>
      <object_component id="oc-25e">
         <name>.text.UART2Support_dmaStopRx</name>
         <load_address>0x5634</load_address>
         <readonly>true</readonly>
         <executable>true</executable>
         <run_address>0x5634</run_address>
         <size>0x68</size>
         <alignment>0x4</alignment>
         <input_file_ref idref="fl-22"/>
      </object_component>
      <object_component id="oc-346">
         <name>.text.ti_sysbios_family_arm_cc26xx_Timer_start</name>
         <load_address>0x569c</load_address>
         <readonly>true</readonly>
         <executable>true</executable>
         <run_address>0x569c</run_address>
         <size>0x66</size>
         <alignment>0x2</alignment>
         <input_file_ref idref="fl-6"/>
      </object_component>
      <object_component id="oc-2e8">
         <name>.text.ti_sysbios_family_arm_m3_Hwi_Instance_finalize</name>
         <load_address>0x5702</load_address>
         <readonly>true</readonly>
         <executable>true</executable>
         <run_address>0x5702</run_address>
         <size>0x66</size>
         <alignment>0x2</alignment>
         <input_file_ref idref="fl-6"/>
      </object_component>
      <object_component id="oc-356">
         <name>.text.NOROM_OSCHF_AttemptToSwitchToXosc</name>
         <load_address>0x5768</load_address>
         <readonly>true</readonly>
         <executable>true</executable>
         <run_address>0x5768</run_address>
         <size>0x64</size>
         <alignment>0x4</alignment>
         <input_file_ref idref="fl-2a"/>
      </object_component>
      <object_component id="oc-2dc">
         <name>.text.PowerCC26X2_initiateCalibration</name>
         <load_address>0x57cc</load_address>
         <readonly>true</readonly>
         <executable>true</executable>
         <run_address>0x57cc</run_address>
         <size>0x64</size>
         <alignment>0x4</alignment>
         <input_file_ref idref="fl-1f"/>
      </object_component>
      <object_component id="oc-365">
         <name>.text.RF_attachOverrides</name>
         <load_address>0x5830</load_address>
         <readonly>true</readonly>
         <executable>true</executable>
         <run_address>0x5830</run_address>
         <size>0x64</size>
         <alignment>0x2</alignment>
         <input_file_ref idref="fl-18"/>
      </object_component>
      <object_component id="oc-1d9">
         <name>.text.RF_dispatchNextEvent</name>
         <load_address>0x5894</load_address>
         <readonly>true</readonly>
         <executable>true</executable>
         <run_address>0x5894</run_address>
         <size>0x64</size>
         <alignment>0x4</alignment>
         <input_file_ref idref="fl-18"/>
      </object_component>
      <object_component id="oc-1cb">
         <name>.text.RF_hwiCpe0PowerFsm</name>
         <load_address>0x58f8</load_address>
         <readonly>true</readonly>
         <executable>true</executable>
         <run_address>0x58f8</run_address>
         <size>0x64</size>
         <alignment>0x4</alignment>
         <input_file_ref idref="fl-18"/>
      </object_component>
      <object_component id="oc-193">
         <name>.text.UDMACC26XX_open</name>
         <load_address>0x595c</load_address>
         <readonly>true</readonly>
         <executable>true</executable>
         <run_address>0x595c</run_address>
         <size>0x64</size>
         <alignment>0x4</alignment>
         <input_file_ref idref="fl-27"/>
      </object_component>
      <object_component id="oc-291">
         <name>.text.RF_syncCb</name>
         <load_address>0x59c0</load_address>
         <readonly>true</readonly>
         <executable>true</executable>
         <run_address>0x59c0</run_address>
         <size>0x62</size>
         <alignment>0x2</alignment>
         <input_file_ref idref="fl-18"/>
      </object_component>
      <object_component id="oc-215">
         <name>.text.ti_sysbios_knl_ClockSupport_init</name>
         <load_address>0x5a22</load_address>
         <readonly>true</readonly>
         <executable>true</executable>
         <run_address>0x5a22</run_address>
         <size>0x60</size>
         <alignment>0x2</alignment>
         <input_file_ref idref="fl-6"/>
      </object_component>
      <object_component id="oc-26c">
         <name>.text.NOROM_RFCAnaDivTxOverride</name>
         <load_address>0x5a84</load_address>
         <readonly>true</readonly>
         <executable>true</executable>
         <run_address>0x5a84</run_address>
         <size>0x5e</size>
         <alignment>0x4</alignment>
         <input_file_ref idref="fl-19"/>
      </object_component>
      <object_component id="oc-33d">
         <name>.text.ti_sysbios_knl_Swi_post</name>
         <load_address>0x5ae2</load_address>
         <readonly>true</readonly>
         <executable>true</executable>
         <run_address>0x5ae2</run_address>
         <size>0x5e</size>
         <alignment>0x2</alignment>
         <input_file_ref idref="fl-6"/>
      </object_component>
      <object_component id="oc-15f">
         <name>.text.ClockP_construct</name>
         <load_address>0x5b40</load_address>
         <readonly>true</readonly>
         <executable>true</executable>
         <run_address>0x5b40</run_address>
         <size>0x5c</size>
         <alignment>0x2</alignment>
         <input_file_ref idref="fl-6"/>
      </object_component>
      <object_component id="oc-2b7">
         <name>.text.ti_sysbios_heaps_HeapMem_alloc</name>
         <load_address>0x5b9c</load_address>
         <readonly>true</readonly>
         <executable>true</executable>
         <run_address>0x5b9c</run_address>
         <size>0x5c</size>
         <alignment>0x2</alignment>
         <input_file_ref idref="fl-6"/>
      </object_component>
      <object_component id="oc-155">
         <name>.text.ti_sysbios_knl_Task_init</name>
         <load_address>0x5bf8</load_address>
         <readonly>true</readonly>
         <executable>true</executable>
         <run_address>0x5bf8</run_address>
         <size>0x5c</size>
         <alignment>0x2</alignment>
         <input_file_ref idref="fl-6"/>
      </object_component>
      <object_component id="oc-37d">
         <name>.text.AONRTCEventClear</name>
         <load_address>0x5c54</load_address>
         <readonly>true</readonly>
         <executable>true</executable>
         <run_address>0x5c54</run_address>
         <size>0x58</size>
         <alignment>0x2</alignment>
         <input_file_ref idref="fl-6"/>
      </object_component>
      <object_component id="oc-ee">
         <name>.text.HwiP_construct</name>
         <load_address>0x5cac</load_address>
         <readonly>true</readonly>
         <executable>true</executable>
         <run_address>0x5cac</run_address>
         <size>0x58</size>
         <alignment>0x2</alignment>
         <input_file_ref idref="fl-6"/>
      </object_component>
      <object_component id="oc-300">
         <name>.text.RF_applyRfCorePatch</name>
         <load_address>0x5d04</load_address>
         <readonly>true</readonly>
         <executable>true</executable>
         <run_address>0x5d04</run_address>
         <size>0x58</size>
         <alignment>0x4</alignment>
         <input_file_ref idref="fl-18"/>
      </object_component>
      <object_component id="oc-24a">
         <name>.text.ti_sysbios_family_arm_m3_Hwi_construct</name>
         <load_address>0x5d5c</load_address>
         <readonly>true</readonly>
         <executable>true</executable>
         <run_address>0x5d5c</run_address>
         <size>0x58</size>
         <alignment>0x2</alignment>
         <input_file_ref idref="fl-6"/>
      </object_component>
      <object_component id="oc-32c">
         <name>.text.ti_sysbios_family_arm_m3_Hwi_initStacks</name>
         <load_address>0x5db4</load_address>
         <readonly>true</readonly>
         <executable>true</executable>
         <run_address>0x5db4</run_address>
         <size>0x58</size>
         <alignment>0x4</alignment>
         <input_file_ref idref="fl-31"/>
      </object_component>
      <object_component id="oc-20d">
         <name>.text.ti_sysbios_heaps_HeapMem_construct</name>
         <load_address>0x5e0c</load_address>
         <readonly>true</readonly>
         <executable>true</executable>
         <run_address>0x5e0c</run_address>
         <size>0x58</size>
         <alignment>0x2</alignment>
         <input_file_ref idref="fl-6"/>
      </object_component>
      <object_component id="oc-154">
         <name>.text.ti_sysbios_knl_Swi_init</name>
         <load_address>0x5e64</load_address>
         <readonly>true</readonly>
         <executable>true</executable>
         <run_address>0x5e64</run_address>
         <size>0x58</size>
         <alignment>0x2</alignment>
         <input_file_ref idref="fl-6"/>
      </object_component>
      <object_component id="oc-381">
         <name>.text.AONRTCCompareValueSet</name>
         <load_address>0x5ebc</load_address>
         <readonly>true</readonly>
         <executable>true</executable>
         <run_address>0x5ebc</run_address>
         <size>0x56</size>
         <alignment>0x2</alignment>
         <input_file_ref idref="fl-6"/>
      </object_component>
      <object_component id="oc-337">
         <name>.text.ti_sysbios_family_arm_cc26xx_Timer_getCurrentTick</name>
         <load_address>0x5f12</load_address>
         <readonly>true</readonly>
         <executable>true</executable>
         <run_address>0x5f12</run_address>
         <size>0x56</size>
         <alignment>0x2</alignment>
         <input_file_ref idref="fl-6"/>
      </object_component>
      <object_component id="oc-2ca">
         <name>.text.ti_sysbios_knl_Clock_Instance_init</name>
         <load_address>0x5f68</load_address>
         <readonly>true</readonly>
         <executable>true</executable>
         <run_address>0x5f68</run_address>
         <size>0x56</size>
         <alignment>0x2</alignment>
         <input_file_ref idref="fl-6"/>
      </object_component>
      <object_component id="oc-1f3">
         <name>.text.ti_sysbios_runtime_System_atexit</name>
         <load_address>0x5fbe</load_address>
         <readonly>true</readonly>
         <executable>true</executable>
         <run_address>0x5fbe</run_address>
         <size>0x56</size>
         <alignment>0x2</alignment>
         <input_file_ref idref="fl-6"/>
      </object_component>
      <object_component id="oc-382">
         <name>.text.AONRTCChannelEnable</name>
         <load_address>0x6014</load_address>
         <readonly>true</readonly>
         <executable>true</executable>
         <run_address>0x6014</run_address>
         <size>0x54</size>
         <alignment>0x2</alignment>
         <input_file_ref idref="fl-6"/>
      </object_component>
      <object_component id="oc-13c">
         <name>.text.BIOS_startFunc</name>
         <load_address>0x6068</load_address>
         <readonly>true</readonly>
         <executable>true</executable>
         <run_address>0x6068</run_address>
         <size>0x54</size>
         <alignment>0x2</alignment>
         <input_file_ref idref="fl-6"/>
      </object_component>
      <object_component id="oc-369">
         <name>.text.RF_getCurrentTime</name>
         <load_address>0x60bc</load_address>
         <readonly>true</readonly>
         <executable>true</executable>
         <run_address>0x60bc</run_address>
         <size>0x54</size>
         <alignment>0x4</alignment>
         <input_file_ref idref="fl-18"/>
      </object_component>
      <object_component id="oc-295">
         <name>.text.pthread_setcancelstate</name>
         <load_address>0x6110</load_address>
         <readonly>true</readonly>
         <executable>true</executable>
         <run_address>0x6110</run_address>
         <size>0x54</size>
         <alignment>0x2</alignment>
         <input_file_ref idref="fl-6"/>
      </object_component>
      <object_component id="oc-1d1">
         <name>.text.RF_wakeupNotification</name>
         <load_address>0x6164</load_address>
         <readonly>true</readonly>
         <executable>true</executable>
         <run_address>0x6164</run_address>
         <size>0x50</size>
         <alignment>0x4</alignment>
         <input_file_ref idref="fl-18"/>
      </object_component>
      <object_component id="oc-377">
         <name>.text.ti_sysbios_family_arm_cc26xx_Timer_setNextTick</name>
         <load_address>0x61b4</load_address>
[...]
      <symbol id="sm-5b1">
         <name>Power_releaseDependency</name>
         <value>0x3e4d</value>
         <object_component_ref idref="oc-2e4"/>
      </symbol>
      <symbol id="sm-5b2">
         <name>resourceDB</name>
         <value>0x8fc8</value>
         <object_component_ref idref="oc-182"/>
      </symbol>
      <symbol id="sm-5b3">
         <name>Power_setDependency</name>
         <value>0x3c3d</value>
         <object_component_ref idref="oc-ec"/>
      </symbol>
      <symbol id="sm-5b4">
         <name>Power_sleep</name>
         <value>0x1705</value>
         <object_component_ref idref="oc-2d8"/>
      </symbol>
      <symbol id="sm-5b5">
         <name>PowerCC26XX_calibrate</name>
         <value>0x8101</value>
         <object_component_ref idref="oc-228"/>
      </symbol>
      <symbol id="sm-5b6">
         <name>PowerCC26XX_isStableXOSC_HF</name>
         <value>0x76b5</value>
         <object_component_ref idref="oc-30d"/>
      </symbol>
      <symbol id="sm-5b7">
         <name>PowerCC26XX_switchXOSC_HF</name>
         <value>0x64b1</value>
         <object_component_ref idref="oc-30e"/>
      </symbol>
      <symbol id="sm-5cd">
         <name>PowerCC26X2_initiateCalibration</name>
         <value>0x57cd</value>
         <object_component_ref idref="oc-2dc"/>
      </symbol>
      <symbol id="sm-5ce">
         <name>PowerCC26X2_auxISR</name>
         <value>0x1255</value>
         <object_component_ref idref="oc-170"/>
      </symbol>
      <symbol id="sm-5cf">
         <name>PowerCC26X2_calibrate</name>
         <value>0x269d</value>
         <object_component_ref idref="oc-23f"/>
      </symbol>
      <symbol id="sm-5d0">
         <name>PowerCC26X2_RCOSC_clockFunc</name>
         <value>0x694d</value>
         <object_component_ref idref="oc-169"/>
      </symbol>
      <symbol id="sm-5e7">
         <name>UART2_Params_init</name>
         <value>0x8781</value>
         <object_component_ref idref="oc-ff"/>
      </symbol>
      <symbol id="sm-5e8">
         <name>UART2_defaultParams</name>
         <value>0x901c</value>
         <object_component_ref idref="oc-18a"/>
      </symbol>
      <symbol id="sm-5e9">
         <name>UART2_read</name>
         <value>0x7bf3</value>
         <object_component_ref idref="oc-11b"/>
      </symbol>
      <symbol id="sm-5ea">
         <name>UART2_readTimeout</name>
         <value>0xd3d</value>
         <object_component_ref idref="oc-1da"/>
      </symbol>
      <symbol id="sm-5eb">
         <name>UART2_readFull</name>
         <value>0x64f9</value>
         <object_component_ref idref="oc-1db"/>
      </symbol>
      <symbol id="sm-5ec">
         <name>UART2_rxEnable</name>
         <value>0x6e6d</value>
         <object_component_ref idref="oc-28a"/>
      </symbol>
      <symbol id="sm-62b">
         <name>UART2Support_dmaStopRx</name>
         <value>0x5635</value>
         <object_component_ref idref="oc-25e"/>
      </symbol>
      <symbol id="sm-62c">
         <name>UART2Support_dmaStartRx</name>
         <value>0x2dbd</value>
         <object_component_ref idref="oc-260"/>
      </symbol>
      <symbol id="sm-62d">
         <name>UART2_open</name>
         <value>0x1579</value>
         <object_component_ref idref="oc-104"/>
      </symbol>
      <symbol id="sm-62e">
         <name>UART2Support_dmaStopTx</name>
         <value>0x4951</value>
         <object_component_ref idref="oc-261"/>
      </symbol>
      <symbol id="sm-62f">
         <name>UART2Support_dmaStartTx</name>
         <value>0x371d</value>
         <object_component_ref idref="oc-262"/>
      </symbol>
      <symbol id="sm-630">
         <name>UART2Support_powerRelConstraint</name>
         <value>0x756b</value>
         <object_component_ref idref="oc-263"/>
      </symbol>
      <symbol id="sm-631">
         <name>UART2Support_powerSetConstraint</name>
         <value>0x7869</value>
         <object_component_ref idref="oc-2f2"/>
      </symbol>
      <symbol id="sm-632">
         <name>UART2Support_enableInts</name>
         <value>0x7465</value>
         <object_component_ref idref="oc-313"/>
      </symbol>
      <symbol id="sm-633">
         <name>UART2Support_enableRx</name>
         <value>0x8775</value>
         <object_component_ref idref="oc-314"/>
      </symbol>
      <symbol id="sm-645">
         <name>GPIO_hwiIntFxn</name>
         <value>0x672d</value>
         <object_component_ref idref="oc-f7"/>
      </symbol>
      <symbol id="sm-646">
         <name>GPIO_init</name>
         <value>0x2ac1</value>
         <object_component_ref idref="oc-ad"/>
      </symbol>
      <symbol id="sm-66c">
         <name>PowerCC26X2_updateSubSecInc</name>
         <value>0x50fd</value>
         <object_component_ref idref="oc-232"/>
      </symbol>
      <symbol id="sm-66d">
         <name>PowerCC26X2_readCtrim</name>
         <value>0x84f5</value>
         <object_component_ref idref="oc-23b"/>
      </symbol>
      <symbol id="sm-66e">
         <name>PowerCC26X2_readCtrimFract</name>
         <value>0x8505</value>
         <object_component_ref idref="oc-23c"/>
      </symbol>
      <symbol id="sm-66f">
         <name>PowerCC26X2_readRtrim</name>
         <value>0x8515</value>
         <object_component_ref idref="oc-23d"/>
      </symbol>
      <symbol id="sm-670">
         <name>PowerCC26X2_writeCtrim</name>
         <value>0x7a01</value>
         <object_component_ref idref="oc-238"/>
      </symbol>
      <symbol id="sm-671">
         <name>PowerCC26X2_writeCtrimFract</name>
         <value>0x7a25</value>
         <object_component_ref idref="oc-239"/>
      </symbol>
      <symbol id="sm-672">
         <name>PowerCC26X2_writeCtrimFractEn</name>
         <value>0x7a49</value>
         <object_component_ref idref="oc-23e"/>
      </symbol>
      <symbol id="sm-673">
         <name>PowerCC26X2_writeRtrim</name>
         <value>0x7a6d</value>
         <object_component_ref idref="oc-23a"/>
      </symbol>
      <symbol id="sm-674">
         <name>PowerCC26X2_setTdcClkSrc24M</name>
         <value>0x6bbd</value>
         <object_component_ref idref="oc-2e2"/>
      </symbol>
      <symbol id="sm-675">
         <name>PowerCC26X2_setAclkRefSrc</name>
         <value>0x698d</value>
         <object_component_ref idref="oc-2e3"/>
      </symbol>
      <symbol id="sm-6ab">
         <name>PowerCC26X2_oscCtlClearXtal</name>
         <value>0x84d5</value>
         <object_component_ref idref="oc-160"/>
      </symbol>
      <symbol id="sm-6ac">
         <name>PowerCC26X2_prcmEnableCacheRetention</name>
         <value>0x84e5</value>
         <object_component_ref idref="oc-34d"/>
      </symbol>
      <symbol id="sm-6ad">
         <name>PowerCC26X2_oschfSwitchToRcosc</name>
         <value>0x891f</value>
         <object_component_ref idref="oc-2cd"/>
      </symbol>
      <symbol id="sm-6ae">
         <name>PowerCC26X2_oscClockSourceGet</name>
         <value>0x872d</value>
         <object_component_ref idref="oc-22e"/>
      </symbol>
      <symbol id="sm-6af">
         <name>PowerCC26X2_oscDisableQualifiers</name>
         <value>0x6dfd</value>
         <object_component_ref idref="oc-164"/>
      </symbol>
      <symbol id="sm-6b0">
         <name>PowerCC26X2_getOscHfSourceReady</name>
         <value>0x79dd</value>
         <object_component_ref idref="oc-368"/>
      </symbol>
      <symbol id="sm-6b1">
         <name>PowerCC26X2_oschfTrySwitchToXosc</name>
         <value>0x88a9</value>
         <object_component_ref idref="oc-2de"/>
      </symbol>
      <symbol id="sm-6b2">
         <name>PowerCC26X2_enableTCXOQual</name>
         <value>0x7d41</value>
         <object_component_ref idref="oc-2cb"/>
      </symbol>
      <symbol id="sm-6b3">
         <name>PowerCC26X2_disableTCXOQual</name>
         <value>0x7d21</value>
         <object_component_ref idref="oc-2ce"/>
      </symbol>
      <symbol id="sm-6b4">
         <name>PowerCC26X2_turnOnXosc</name>
         <value>0x8927</value>
         <object_component_ref idref="oc-2cf"/>
      </symbol>
      <symbol id="sm-6b5">
         <name>PowerCC26X2_switchToTCXO</name>
         <value>0x8525</value>
         <object_component_ref idref="oc-229"/>
      </symbol>
      <symbol id="sm-6b6">
         <name>PowerCC26X2_sysCtrlStandby</name>
         <value>0x881b</value>
         <object_component_ref idref="oc-34c"/>
      </symbol>
      <symbol id="sm-6b7">
         <name>PowerCC26X2_sysCtrlIdle</name>
         <value>0x8923</value>
         <object_component_ref idref="oc-2d9"/>
      </symbol>
      <symbol id="sm-6b8">
         <name>PowerCC26X2_setPeriphDeepSleepEnable</name>
         <value>0x8739</value>
         <object_component_ref idref="oc-34e"/>
      </symbol>
      <symbol id="sm-6b9">
         <name>PowerCC26X2_sysCtrlGetResetSource</name>
         <value>0x8745</value>
         <object_component_ref idref="oc-159"/>
      </symbol>
      <symbol id="sm-6ba">
         <name>PowerCC26X2_setSubSecIncToXoscLf</name>
         <value>0x6fb9</value>
         <object_component_ref idref="oc-22d"/>
      </symbol>
      <symbol id="sm-6bb">
         <name>PowerCC26X2_sysCtrlUpdateVoltageRegulator</name>
         <value>0x8751</value>
         <object_component_ref idref="oc-2d1"/>
      </symbol>
      <symbol id="sm-6d1">
         <name>RingBuf_construct</name>
         <value>0x8535</value>
         <object_component_ref idref="oc-18d"/>
      </symbol>
      <symbol id="sm-6d2">
         <name>RingBuf_getConsume</name>
         <value>0x729f</value>
         <object_component_ref idref="oc-28c"/>
      </symbol>
      <symbol id="sm-6d3">
         <name>RingBuf_getCount</name>
         <value>0x892f</value>
         <object_component_ref idref="oc-2ef"/>
      </symbol>
      <symbol id="sm-6d4">
         <name>RingBuf_getPointer</name>
         <value>0x7bd1</value>
         <object_component_ref idref="oc-28b"/>
      </symbol>
      <symbol id="sm-6d5">
         <name>RingBuf_put</name>
         <value>0x6589</value>
         <object_component_ref idref="oc-2ed"/>
      </symbol>
      <symbol id="sm-6d6">
         <name>RingBuf_putAdvance</name>
         <value>0x6e35</value>
         <object_component_ref idref="oc-2ee"/>
      </symbol>
      <symbol id="sm-6d7">
         <name>RingBuf_putPointer</name>
         <value>0x72cd</value>
         <object_component_ref idref="oc-2f0"/>
      </symbol>
      <symbol id="sm-6e4">
         <name>UDMACC26XX_hwiIntFxn</name>
         <value>0x8825</value>
         <object_component_ref idref="oc-250"/>
      </symbol>
      <symbol id="sm-6e5">
         <name>UDMACC26XX_open</name>
         <value>0x595d</value>
         <object_component_ref idref="oc-193"/>
      </symbol>
      <symbol id="sm-6f6">
         <name>NOROM_ChipInfo_GetChipType</name>
         <value>0x4db5</value>
         <object_component_ref idref="oc-1b0"/>
      </symbol>
      <symbol id="sm-6f7">
         <name>NOROM_ChipInfo_GetHwRevision</name>
         <value>0x6255</value>
         <object_component_ref idref="oc-1fc"/>
      </symbol>
      <symbol id="sm-6f8">
         <name>NOROM_ThisLibraryIsFor_CC13x2_CC26x2_HwRev20AndLater_HaltIfViolated</name>
         <value>0x768d</value>
         <object_component_ref idref="oc-145"/>
      </symbol>
      <symbol id="sm-706">
         <name>NOROM_CPUcpsid</name>
         <value>0x8891</value>
         <object_component_ref idref="oc-2d0"/>
      </symbol>
      <symbol id="sm-707">
         <name>NOROM_CPUcpsie</name>
         <value>0x8899</value>
         <object_component_ref idref="oc-2db"/>
      </symbol>
      <symbol id="sm-708">
         <name>NOROM_CPUdelay</name>
         <value>0x88ff</value>
         <object_component_ref idref="oc-240"/>
      </symbol>
      <symbol id="sm-730">
         <name>NOROM_OSCHF_TurnOnXosc</name>
         <value>0x79b9</value>
         <object_component_ref idref="oc-2dd"/>
      </symbol>
      <symbol id="sm-731">
         <name>NOROM_OSCHF_AttemptToSwitchToXosc</name>
         <value>0x5769</value>
         <object_component_ref idref="oc-356"/>
      </symbol>
      <symbol id="sm-732">
         <name>NOROM_OSCHF_SwitchToRcOscTurnOffXosc</name>
         <value>0x6d55</value>
         <object_component_ref idref="oc-348"/>
      </symbol>
      <symbol id="sm-733">
         <name>NOROM_OSC_CapArrayAdjustWorkaround_Boot</name>
         <value>0x7665</value>
         <object_component_ref idref="oc-1ff"/>
      </symbol>
      <symbol id="sm-734">
         <name>_hposcCoeffs</name>
         <value>0x2000051c</value>
         <object_component_ref idref="oc-357"/>
      </symbol>
      <symbol id="sm-735">
         <name>NOROM_OSC_HPOSCRelativeFrequencyOffsetGet</name>
         <value>0x6b81</value>
         <object_component_ref idref="oc-2df"/>
      </symbol>
      <symbol id="sm-743">
         <name>NOROM_PRCMPowerDomainsAllOff</name>
         <value>0x6771</value>
         <object_component_ref idref="oc-358"/>
      </symbol>
      <symbol id="sm-744">
         <name>NOROM_PRCMPowerDomainsAllOn</name>
         <value>0x67b5</value>
         <object_component_ref idref="oc-17c"/>
      </symbol>
      <symbol id="sm-753">
         <name>NOROM_SetupTrimDevice</name>
         <value>0x331d</value>
         <object_component_ref idref="oc-d8"/>
      </symbol>
      <symbol id="sm-764">
         <name>NOROM_SysCtrlIdle</name>
         <value>0x6d8d</value>
         <object_component_ref idref="oc-34f"/>
      </symbol>
      <symbol id="sm-765">
         <name>NOROM_SysCtrlStandby</name>
         <value>0x3081</value>
         <object_component_ref idref="oc-388"/>
      </symbol>
      <symbol id="sm-766">
         <name>NOROM_SysCtrlSetRechargeBeforePowerDown</name>
         <value>0x4e2d</value>
         <object_component_ref idref="oc-39d"/>
      </symbol>
      <symbol id="sm-773">
         <name>NOROM_AUXSYSIFOpModeChange</name>
         <value>0x6d1d</value>
         <object_component_ref idref="oc-205"/>
      </symbol>
      <symbol id="sm-77c">
         <name>ti_sysbios_knl_TaskSupport_swap</name>
         <value>0x77cd</value>
         <object_component_ref idref="oc-140"/>
      </symbol>
      <symbol id="sm-77d">
         <name>ti_sysbios_knl_TaskSupport_glue</name>
         <value>0x8191</value>
         <object_component_ref idref="oc-39e"/>
      </symbol>
      <symbol id="sm-77e">
         <name>ti_sysbios_knl_TaskSupport_swapReturn</name>
         <value>0x77d8</value>
         <object_component_ref idref="oc-140"/>
      </symbol>
      <symbol id="sm-793">
         <name>ti_sysbios_family_arm_m3_Hwi_dispatch</name>
         <value>0x2241</value>
         <object_component_ref idref="oc-52"/>
      </symbol>
      <symbol id="sm-794">
         <name>ti_sysbios_family_arm_m3_Hwi_pendSV</name>
         <value>0x231d</value>
         <object_component_ref idref="oc-52"/>
      </symbol>
      <symbol id="sm-795">
         <name>ti_sysbios_family_arm_m3_Hwi_excHandlerAsm</name>
         <value>0x7705</value>
         <object_component_ref idref="oc-4d"/>
      </symbol>
      <symbol id="sm-796">
         <name>ti_sysbios_family_arm_m3_Hwi_return</name>
         <value>0x2340</value>
         <object_component_ref idref="oc-52"/>
      </symbol>
      <symbol id="sm-797">
         <name>ti_sysbios_family_arm_m3_Hwi_interruptsAreDisabledButShouldNotBe</name>
         <value>0x2318</value>
         <object_component_ref idref="oc-52"/>
      </symbol>
      <symbol id="sm-7a4">
         <name>ti_sysbios_family_arm_m3_Hwi_switchAndRunFunc</name>
         <value>0x7e9f</value>
         <object_component_ref idref="oc-374"/>
      </symbol>
      <symbol id="sm-7a5">
         <name>ti_sysbios_family_arm_m3_Hwi_initStacks</name>
         <value>0x5db5</value>
         <object_component_ref idref="oc-32c"/>
      </symbol>
      <symbol id="sm-7ae">
         <name>_c_int00</name>
         <value>0x70bd</value>
         <object_component_ref idref="oc-29"/>
      </symbol>
      <symbol id="sm-7af">
         <name>__stack</name>
         <value>0x20013a00</value>
         <object_component_ref idref="oc-49"/>
      </symbol>
      <symbol id="sm-7c0">
         <name>_nop</name>
         <value>0x2cbf</value>
         <object_component_ref idref="oc-29e"/>
      </symbol>
      <symbol id="sm-7c1">
         <name>_register_lock</name>
         <value>0x878d</value>
         <object_component_ref idref="oc-2a3"/>
      </symbol>
      <symbol id="sm-7c2">
         <name>_lock</name>
         <value>0x20000580</value>
         <object_component_ref idref="oc-325"/>
      </symbol>
      <symbol id="sm-7c3">
         <name>_register_unlock</name>
         <value>0x8799</value>
         <object_component_ref idref="oc-2a4"/>
      </symbol>
      <symbol id="sm-7c4">
         <name>_unlock</name>
         <value>0x20000584</value>
         <object_component_ref idref="oc-326"/>
      </symbol>
      <symbol id="sm-7ce">
         <name>_args_main</name>
         <value>0x8301</value>
         <object_component_ref idref="oc-57"/>
      </symbol>
      <symbol id="sm-7dd">
         <name>__TI_auto_init_nobinit_nopinit</name>
         <value>0x6edd</value>
         <object_component_ref idref="oc-7b"/>
      </symbol>
      <symbol id="sm-7e8">
         <name>__TI_zero_init</name>
         <value>0x8645</value>
         <object_component_ref idref="oc-6f"/>
      </symbol>
      <symbol id="sm-7f1">
         <name>__TI_decompress_none</name>
         <value>0x86ef</value>
         <object_component_ref idref="oc-35"/>
      </symbol>
      <symbol id="sm-7fb">
         <name>__TI_decompress_lzss</name>
         <value>0x533b</value>
         <object_component_ref idref="oc-31"/>
      </symbol>
      <symbol id="sm-81f">
         <name>__aeabi_memcpy</name>
         <value>0x8935</value>
         <object_component_ref idref="oc-62"/>
      </symbol>
      <symbol id="sm-820">
         <name>__aeabi_memcpy4</name>
         <value>0x8935</value>
         <object_component_ref idref="oc-62"/>
      </symbol>
      <symbol id="sm-821">
         <name>__aeabi_memcpy8</name>
         <value>0x8935</value>
         <object_component_ref idref="oc-62"/>
      </symbol>
      <symbol id="sm-828">
         <name>__aeabi_memclr</name>
         <value>0x88b9</value>
         <object_component_ref idref="oc-95"/>
      </symbol>
      <symbol id="sm-829">
         <name>__aeabi_memclr4</name>
         <value>0x88b9</value>
         <object_component_ref idref="oc-95"/>
      </symbol>
      <symbol id="sm-82a">
         <name>__aeabi_memclr8</name>
         <value>0x88b9</value>
         <object_component_ref idref="oc-95"/>
      </symbol>
      <symbol id="sm-830">
         <name>__aeabi_uldivmod</name>
         <value>0x82ed</value>
         <object_component_ref idref="oc-33f"/>
      </symbol>
      <symbol id="sm-836">
         <name>__udivmoddi4</name>
         <value>0x3d9d</value>
         <object_component_ref idref="oc-378"/>
      </symbol>
      <symbol id="sm-842">
         <name>__aeabi_ldiv0</name>
         <value>0x28b3</value>
         <object_component_ref idref="oc-394"/>
      </symbol>
      <symbol id="sm-84b">
         <name>TI_memcpy_small</name>
         <value>0x83f3</value>
         <object_component_ref idref="oc-c1"/>
      </symbol>
      <symbol id="sm-853">
         <name>TI_memset_small</name>
         <value>0x86e1</value>
         <object_component_ref idref="oc-12f"/>
      </symbol>
      <symbol id="sm-854">
         <name>__TI_static_base__</name>
         <value>0x0</value>
      </symbol>
      <symbol id="sm-857">
         <name>ITM_flush</name>
         <value>0x0</value>
      </symbol>
      <symbol id="sm-858">
         <name>ITM_restore</name>
         <value>0x0</value>
      </symbol>
      <symbol id="sm-859">
         <name>__mpu_init</name>
         <value>0x0</value>
      </symbol>
   </symbol_table>
   <title>Link successful</title>
</link_info>
