******************************************************************************
            TI ARM Clang Linker PC v3.2.2                      
******************************************************************************
>> Linked Thu May  7 10:57:58 2026

OUTPUT FILE NAME:   <rfPacketTx.out>
ENTRY POINT SYMBOL: "ResetISR"  address: 00008951


MEMORY CONFIGURATION

         name            origin    length      used     unused   attr    fill
----------------------  --------  ---------  --------  --------  ----  --------
  FLASH                 00000000   00058000  0000940a  0004ebf6  R  X
  GPRAM                 11000000   00002000  00000000  00002000  RW X
  SRAM                  20000000   00014000  000059c0  0000e640  RW X
  LOG_DATA              90000000   00040000  00000000  00040000  R   
  LOG_PTR               94000008   00040000  00000000  00040000  R   


SEGMENT ALLOCATION MAP

run origin  load origin   length   init length attrs members
----------  ----------- ---------- ----------- ----- -------
00000000    00000000    00009246   00009246    r-x
  00000000    00000000    0000003c   0000003c    r-- .resetVecs
  0000003c    0000003c    000089b0   000089b0    r-x .text
  000089ec    000089ec    0000085a   0000085a    r-- .rodata
00009248    00009248    00000008   00000008    rw-
  00009248    00009248    00000008   00000008    rw- .args
00009250    00009250    00000164   00000164    r--
  00009250    00009250    00000164   00000164    r-- .cinit
00057fa8    00057fa8    00000058   00000058    r--
  00057fa8    00057fa8    00000058   00000058    r-- .ccfg
20000000    20000000    000012c8   00000000    rw-
  20000000    20000000    00000d54   00000000    rw- .bss
  20000d54    20000d54    00000574   00000000    rw- .data
20001850    20001850    00000020   00000000    rw-
  20001850    20001850    00000010   00000000    rw- .TI.bound:dmaUart1RxControlTableEntry
  20001860    20001860    00000010   00000000    rw- .TI.bound:dmaUart1TxControlTableEntry
20001870    20001870    00004000   00000000    r--
  20001870    20001870    00004000   00000000    r-- .priheap
20013a00    20013a00    00000600   00000000    rw-
  20013a00    20013a00    00000600   00000000    rw- .stack


SECTION ALLOCATION MAP

 output                                  attributes/
section   page    origin      length       input sections
--------  ----  ----------  ----------   ----------------
.resetVecs 
*          0    00000000    0000003c     
                  00000000    0000003c     ti_sysbios_config.o (.resetVecs)

.binit     0    00000000    00000000     

.cinit     0    00009250    00000164     
                  00009250    0000011d     (.cinit..data.load) [load image, compression = lzss]
                  0000936d    00000003     --HOLE-- [fill = 0]
                  00009370    0000000c     (__TI_handler_table)
                  0000937c    00000008     (.cinit..TI.bound:dmaUart1RxControlTableEntry.load) [load image, compression = zero_init]
                  00009384    00000008     (.cinit..TI.bound:dmaUart1TxControlTableEntry.load) [load image, compression = zero_init]
                  0000938c    00000008     (.cinit..bss.load) [load image, compression = zero_init]
                  00009394    00000020     (__TI_cinit_table)

.init_array 
*          0    00000000    00000000     UNINITIALIZED

.ccfg      0    00057fa8    00000058     
                  00057fa8    00000058     ti_devices_config.o (.ccfg)

.bss       0    20000000    00000d54     UNINITIALIZED
                  20000000    000002c0     rf_multiMode_cc13x2.a : RFCC26X2_multiMode.c.cc13x2.ticlang.o (.bss.RF_cmdPool)
                  200002c0    00000200     (.common:ti_sysbios_knl_Idle_taskStack)
                  200004c0    00000170     (.common:uart2CC26X2Objects)
                  20000630    00000100     rfPacketTx.o (.bss.rfObject)
                  20000730    000000d8     (.common:ti_sysbios_family_arm_m3_Hwi_dispatchTable)
                  20000808    000000c8     rfPacketTx.o (.bss.packet)
                  200008d0    0000007c     (.common:gpioCallbackFunctions)
                  2000094c    0000007c     (.common:gpioUserArgs)
                  200009c8    00000068     rf_multiMode_cc13x2.a : RFCC26X2_multiMode.c.cc13x2.ticlang.o (.bss.RF_ratModule)
                  20000a30    00000060     (.common:ti_sysbios_knl_ClockSupport_timerStruct)
                  20000a90    00000058     (.common:ti_sysbios_knl_Idle_taskStruct)
                  20000ae8    00000044                           : RFCC26X2_multiMode.c.cc13x2.ticlang.o (.bss.RF_clkInactivityObj)
                  20000b2c    00000044                           : RFCC26X2_multiMode.c.cc13x2.ticlang.o (.bss.RF_clkPowerUpObj)
                  20000b70    0000003c                           : RFCC26X2_multiMode.c.cc13x2.ticlang.o (.bss.RF_swiHwObj)
                  20000bac    00000030     (.common:ti_sysbios_knl_Swi_readyQs)
                  20000bdc    00000030     (.common:ti_sysbios_knl_Task_readyQs)
                  20000c0c    0000002c     (.common:BIOS_heapMemObject)
                  20000c38    00000028     (.common:BIOS_rtsGate)
                  20000c60    00000028     (.common:ti_sysbios_heaps_HeapMem_gate)
                  20000c88    00000020     ti_drivers_config.o (.bss.uart2RxRingBuffer0)
                  20000ca8    00000020     ti_drivers_config.o (.bss.uart2TxRingBuffer0)
                  20000cc8    00000020     (.common:ti_sysbios_runtime_System_atexitHandlers)
                  20000ce8    00000020     (.common:udmaCC26XXObject)
                  20000d08    0000001c     drivers_cc13x2.a : GPIOCC26X2.c.obj (.bss.gpioHwi)
                  20000d24    0000001c     ti_sysbios_config.o (.bss.sem)
                  20000d40    00000004     rfPacketTx.o (.bss.rfHandle)
                  20000d44    00000004     (.common:PowerCC26XX_swiKey)
                  20000d48    00000004     (.common:PowerCC26XX_taskKey)
                  20000d4c    00000004     (.common:ti_sysbios_family_arm_cc26xx_TimestampProvider_Module_state)
                  20000d50    00000004     (.common:ti_sysbios_knl_Task_defaultStackHeap)

.data      0    20000d54    00000574     UNINITIALIZED
                  20000d54    00000174     drivers_cc13x2.a : PowerCC26X2.c.obj (.data.PowerCC26X2_module)
                  20000ec8    0000007c     ti_drivers_config.o (.data.gpioPinConfigs)
                  20000f44    00000068     rf_multiMode_cc13x2.a : RFCC26X2_multiMode.c.cc13x2.ticlang.o (.data..L_MergedGlobals.1)
                  20000fac    00000068     ti_sysbios_config.o (.data.ti_sysbios_knl_Clock_Module_state)
                  20001014    00000064     rf_multiMode_cc13x2.a : RFCC26X2_multiMode.c.cc13x2.ticlang.o (.data..L_MergedGlobals.3)
                  20001078    00000058                           : RFCC26X2_multiMode.c.cc13x2.ticlang.o (.data..L_MergedGlobals.2)
                  200010d0    0000003c     ti_sysbios_config.o (.data.ti_sysbios_family_arm_m3_Hwi_Module_state)
                  2000110c    0000003c     ti_sysbios_config.o (.data.ti_sysbios_knl_Task_Module_state)
                  20001148    0000002c     ti_sysbios_config.o (.data.BIOS_Module_state)
                  20001174    00000028     ti_radio_config.o (.data.RF_cmdPropRadioDivSetup_custom868_0)
                  2000119c    00000028     ti_radio_config.o (.data.pOverrides_custom868_0)
                  200011c4    00000028     ti_sysbios_config.o (.data.ti_sysbios_knl_Swi_Module_state)
                  200011ec    00000018     ti_radio_config.o (.data.RF_cmdFs_custom868_0)
                  20001204    00000018     ti_radio_config.o (.data.RF_cmdPropTx_custom868_0)
                  2000121c    00000014     ti_sysbios_config.o (.data.defaultPthreadAttrs)
                  20001230    00000010     driverlib.lib : osc.c.obj (.data..L_MergedGlobals)
                  20001240    00000010     ti_radio_config.o (.data.RF_prop_custom868_0)
                  20001250    00000010     driverlib.lib : osc.c.obj (.data._hposcCoeffs)
                  20001260    0000000c     ti_sysbios_config.o (.data.ti_sysbios_family_arm_cc26xx_Timer_Module_state)
                  2000126c    0000000c     ti_sysbios_config.o (.data.ti_sysbios_runtime_Error_ignore)
                  20001278    0000000c     ti_sysbios_config.o (.data.ti_sysbios_runtime_System_Module_state)
                  20001284    00000008     rf_multiMode_cc13x2.a : RFCC26X2_multiMode.c.cc13x2.ticlang.o (.data..L_MergedGlobals)
                  2000128c    00000008                           : RFCC26X2_multiMode.c.cc13x2.ticlang.o (.data.RFCC26XX_schedulerPolicy)
                  20001294    00000008     ti_sysbios_config.o (.data.ti_sysbios_gates_GateMutex_Module_state)
                  2000129c    00000008     ti_sysbios_config.o (.data.ti_sysbios_heaps_HeapMem_Module_state)
                  200012a4    00000008     ti_sysbios_config.o (.data.ti_sysbios_knl_Semaphore_Module_state)
                  200012ac    00000004     drivers_cc13x2.a : PowerCC26X2.c.obj (.data.PowerCC26X2_rtcSubSecInc)
                  200012b0    00000004     rf_multiMode_cc13x2.a : RFCC26X2_multiMode.c.cc13x2.ticlang.o (.data.RF_fsmActiveState.lfClockSourceLast)
                  200012b4    00000004     libc.a : _lock.c.obj (.data._lock)
                  200012b8    00000004            : _lock.c.obj (.data._unlock)
                  200012bc    00000004     ti_sysbios_config.o (.data.terminatedList)
                  200012c0    00000004     ti_sysbios_config.o (.data.ti_sysbios_runtime_Memory_defaultHeapInstance)
                  200012c4    00000001     rf_multiMode_cc13x2.a : rf_patch_cpe_prop.c.cc13x2.ticlang.o (.data.bPropPatchEntered)
                  200012c5    00000001     drivers_cc13x2.a : GPIOCC26X2.c.obj (.data.initCalled)
                  200012c6    00000001     ti_sysbios_config.o (.data.ti_sysbios_knl_Idle_initDone)
                  200012c7    00000001     ti_sysbios_config.o (.data.ti_sysbios_runtime_Startup_done)

.ramVecs   0    20001300    000000d8     NOLOAD SECTION
                  20001300    000000d8     ti_sysbios_config.o (.ramVecs)

.stack     0    20013a00    00000600     UNINITIALIZED
                  20013a00    00000004     sysbios.a : boot_cortex_m.c.obj (.stack)
                  20013a04    000005fc     --HOLE--

.priheap   0    20001870    00004000     UNINITIALIZED
                  20001870    00004000     --HOLE--

.log_data 
*          0    90000000    00000008     COPY SECTION
                  90000000    00000004     ti_sysbios_config.o (.log_data)
                  90000004    00000004     ti_sysbios_config.o (.log_data)

.log_ptr   0    94000008    00000000     COPY SECTION

.text      0    0000003c    000089b0     
                  0000003c    00000490     rf_multiMode_cc13x2.a : RFCC26X2_multiMode.c.cc13x2.ticlang.o (.text.RF_fsmActiveState)
                  000004cc    000002a8                           : RFCC26X2_multiMode.c.cc13x2.ticlang.o (.text.RF_open)
                  00000774    000001fa     ti_sysbios_config.o (.text.ti_sysbios_family_arm_m3_Hwi_excFillContext)
                  0000096e    000001f0     drivers_cc13x2.a : UART2CC26X2.c.obj (.text.UART2CC26X2_hwiIntFxn)
                  00000b5e    00000002     ti_sysbios_config.o (.text.BIOS_nullFunc)
                  00000b60    000001dc     rf_multiMode_cc13x2.a : RFCC26X2_multiMode.c.cc13x2.ticlang.o (.text.RF_dispatchNextCmd)
                  00000d3c    000001d4     drivers_cc13x2.a : UART2.c.obj (.text.UART2_readTimeout)
                  00000f10    000001aa     ti_sysbios_config.o (.text.ti_sysbios_knl_TaskSupport_buildTaskStack)
                  000010ba    00000198     ti_sysbios_config.o (.text.ti_sysbios_family_arm_cc26xx_Timer_construct)
                  00001252    00000002     ti_drivers_config.o (.text.Board_initHook)
                  00001254    00000194     drivers_cc13x2.a : PowerCC26X2_calibrateRCOSC.c.obj (.text.PowerCC26X2_auxISR)
                  000013e8    0000018e     ti_sysbios_config.o (.text.ti_sysbios_knl_Task_Instance_init)
                  00001576    00000002     rf_multiMode_cc13x2.a : rfc.c.cc13x2.ticlang.o (.text.NOROM_RFCCpePatchReset)
                  00001578    0000018c     drivers_cc13x2.a : UART2CC26X2.c.obj (.text.UART2_open)
                  00001704    00000158                      : PowerCC26X2.c.obj (.text.Power_sleep)
                  0000185c    0000014e     ti_sysbios_config.o (.text.pthread_create)
                  000019aa    00000002     rf_multiMode_cc13x2.a : RFCC26X2_multiMode.c.cc13x2.ticlang.o (.text.RF_defaultCallback)
                  000019ac    0000014c                           : RFCC26X2_multiMode.c.cc13x2.ticlang.o (.text.RF_radioOpDoneCb)
                  00001af8    0000013e     ti_sysbios_config.o (.text.PowerCC26XX_standbyPolicy)
                  00001c36    0000013e     ti_sysbios_config.o (.text.ti_sysbios_heaps_HeapMem_allocUnprotected)
                  00001d74    0000013c     ti_sysbios_config.o (.text.ti_sysbios_knl_Clock_workFuncDynamic)
                  00001eb0    00000138     rf_multiMode_cc13x2.a : RFCC26X2_multiMode.c.cc13x2.ticlang.o (.text.RF_abortCmd)
                  00001fe8    00000134     ti_sysbios_config.o (.text.ti_sysbios_knl_Task_setPri)
                  0000211c    00000124     rf_multiMode_cc13x2.a : RFCC26X2_multiMode.c.cc13x2.ticlang.o (.text.RF_fsmSetupState)
                  00002240    0000011c     sysbios.a : Hwi_asm_gcc.s.obj (.text.ti_sysbios_family_arm_m3_Hwi_dispatch)
                  0000235c    00000118     drivers_cc13x2.a : PowerCC26X2.c.obj (.text.Power_init)
                  00002474    00000118     rf_multiMode_cc13x2.a : RFCC26X2_multiMode.c.cc13x2.ticlang.o (.text.RF_decodeOverridePointers)
                  0000258c    0000010e     ti_sysbios_config.o (.text.ti_sysbios_knl_Semaphore_pend)
                  0000269a    00000002     drivers_cc13x2.a : UART2CC26X2.c.obj (.text.UART2CC26X2_eventCallback)
                  0000269c    0000010c                      : PowerCC26X2_calibrateRCOSC.c.obj (.text.PowerCC26X2_calibrate)
                  000027a8    0000010a     ti_sysbios_config.o (.text.ti_sysbios_knl_Task_Instance_finalize)
                  000028b2    00000002     libclang_rt.builtins.a : aeabi_div0.c.obj (.text.__aeabi_ldiv0)
                  000028b4    00000108     rf_multiMode_cc13x2.a : RFCC26X2_multiMode.c.cc13x2.ticlang.o (.text.RF_fsmPowerUpState)
                  000029bc    00000104     drivers_cc13x2.a : UART2CC26X2.c.obj (.text.UART2CC26X2_initHw)
                  00002ac0    00000100                      : GPIOCC26X2.c.obj (.text.GPIO_init)
                  00002bc0    000000fe     ti_sysbios_config.o (.text.ti_sysbios_family_arm_m3_Hwi_Instance_init)
                  00002cbe    00000002     libc.a : _lock.c.obj (.text._nop)
                  00002cc0    000000fc     rf_multiMode_cc13x2.a : RFCC26X2_multiMode.c.cc13x2.ticlang.o (.text.RF_hwiCpe0Active)
                  00002dbc    000000f8     rfPacketTx.o (.text.mainThread)
                  00002eb4    000000f0     drivers_cc13x2.a : UART2CC26X2.c.obj (.text.UART2Support_dmaStartRx)
                  00002fa4    000000ee     ti_sysbios_config.o (.text.ti_sysbios_knl_Clock_startI)
                  00003092    000000e4     ti_sysbios_config.o (.text.ti_sysbios_family_arm_m3_Hwi_initNVIC)
                  00003176    00000002     drivers_cc13x2.a : PowerCC26X2.c.obj (.text.emptyClockFunc)
                  00003178    000000e0     driverlib.lib : sys_ctrl.c.obj (.text.NOROM_SysCtrlStandby)
                  00003258    000000da     ti_sysbios_config.o (.text.ti_sysbios_heaps_HeapMem_freeUnprotected)
                  00003332    00000002     ti_sysbios_config.o (.text.ti_sysbios_family_arm_cc26xx_Timer_startup)
                  00003334    000000d0     driverlib.lib : setup.c.obj (.text.NOROM_SetupTrimDevice)
                  00003404    000000d0     drivers_cc13x2.a : PowerCC26X2.c.obj (.text.configureXOSCHF)
                  000034d4    000000cc     rf_multiMode_cc13x2.a : RFCC26X2_multiMode.c.cc13x2.ticlang.o (.text.RF_postCmd)
                  000035a0    000000ca                           : RFCC26X2_multiMode.c.cc13x2.ticlang.o (.text.RF_updatePaConfiguration)
                  0000366a    000000ca     ti_sysbios_config.o (.text._pthread_removeThreadKeys)
                  00003734    000000c0     drivers_cc13x2.a : UART2CC26X2.c.obj (.text.UART2Support_dmaStartTx)
                  000037f4    000000c0     ti_sysbios_config.o (.text.ti_sysbios_knl_Clock_walkQueueDynamic)
                  000038b4    000000c0     ti_sysbios_config.o (.text.ti_sysbios_knl_Swi_restoreHwi)
                  00003974    000000bc     rf_multiMode_cc13x2.a : RFCC26X2_multiMode.c.cc13x2.ticlang.o (.text.RF_swiHw)
                  00003a30    000000bc     ti_sysbios_config.o (.text.ti_sysbios_knl_Task_postInit)
                  00003aec    000000b8     ti_sysbios_config.o (.text.ti_sysbios_knl_Swi_Instance_init)
                  00003ba4    000000b0     drivers_cc13x2.a : GPIOCC26XX.c.obj (.text.GPIO_setConfigAndMux)
                  00003c54    000000b0                      : PowerCC26X2.c.obj (.text.Power_setDependency)
                  00003d04    000000b0     driverlib.lib : setup.c.obj (.text.TrimAfterColdResetWakeupFromShutDown)
                  00003db4    000000b0     libclang_rt.builtins.a : udivmoddi4.S.obj (.text)
                  00003e64    000000ac     drivers_cc13x2.a : PowerCC26X2.c.obj (.text.Power_releaseDependency)
                  00003f10    000000ac     rf_multiMode_cc13x2.a : RFCC26X2_multiMode.c.cc13x2.ticlang.o (.text.RF_pendCmd)
                  00003fbc    000000a4                           : RFCC26X2_multiMode.c.cc13x2.ticlang.o (.text.RF_initRadioSetup)
                  00004060    000000a2     ti_sysbios_config.o (.text.ti_sysbios_knl_TaskSupport_start)
                  00004102    00000002     ti_sysbios_config.o (.text.ti_sysbios_knl_TaskSupport_init)
                  00004104    000000a0     rf_multiMode_cc13x2.a : RFCC26X2_multiMode.c.cc13x2.ticlang.o (.text.RF_calculateDispatchTime)
                  000041a4    0000009a     ti_sysbios_config.o (.text.ti_sysbios_knl_Task_schedule)
                  0000423e    00000098     rf_multiMode_cc13x2.a : RFCC26X2_multiMode.c.cc13x2.ticlang.o (.text.RF_defaultSubmitPolicy)
                  000042d6    00000096                           : RFCC26X2_multiMode.c.cc13x2.ticlang.o (.text.RF_verifyGap)
                  0000436c    00000094                           : RFCC26X2_multiMode.c.cc13x2.ticlang.o (.text.RF_ratRestartChannels)
                  00004400    00000094     ti_sysbios_config.o (.text.ti_sysbios_heaps_HeapMem_Instance_init)
                  00004494    0000008e     ti_sysbios_config.o (.text.ti_sysbios_family_arm_m3_Hwi_excHandlerMin)
                  00004522    0000008e     ti_sysbios_config.o (.text.ti_sysbios_knl_Swi_runLoop)
                  000045b0    0000008c     ti_sysbios_config.o (.text.ti_sysbios_family_arm_m3_Hwi_construct2)
                  0000463c    0000008a     ti_sysbios_config.o (.text.ti_sysbios_knl_Semaphore_post)
                  000046c6    00000002     ti_sysbios_config.o (.text.ti_sysbios_runtime_SysCallback_defaultInit)
                  000046c8    00000088     rf_multiMode_cc13x2.a : RFCC26X2_multiMode.c.cc13x2.ticlang.o (.text.RF_cmdDispatchTime)
                  00004750    00000088                           : RFCC26X2_multiMode.c.cc13x2.ticlang.o (.text.RF_discardPendCmd)
                  000047d8    00000088     ti_sysbios_config.o (.text.ti_sysbios_family_arm_m3_Hwi_postInit)
                  00004860    00000086     ti_sysbios_config.o (.text.ti_sysbios_runtime_Memory_alloc)
                  000048e6    00000002     --HOLE-- [fill = 0]
                  000048e8    00000084     rf_multiMode_cc13x2.a : RFCC26X2_multiMode.c.cc13x2.ticlang.o (.text.RF_yield)
                  0000496c    00000082     ti_sysbios_config.o (.text.ti_sysbios_family_arm_m3_Hwi_getStackInfo)
                  000049ee    00000002     --HOLE-- [fill = 0]
                  000049f0    00000080     drivers_cc13x2.a : UART2CC26X2.c.obj (.text.UART2Support_dmaStopTx)
                  00004a70    00000080     main_tirtos.o (.text.main)
                  00004af0    0000007e     ti_drivers_config.o (.text.Board_sendExtFlashByte)
                  00004b6e    0000007c     ti_sysbios_config.o (.text.SwiP_construct)
                  00004bea    0000007c     ti_sysbios_config.o (.text.pthread_exit)
                  00004c66    0000007c     ti_sysbios_config.o (.text.ti_sysbios_family_arm_cc26xx_Timer_periodicStub)
                  00004ce2    0000007c     ti_sysbios_config.o (.text.ti_sysbios_knl_Swi_schedule)
                  00004d5e    0000007a     ti_sysbios_config.o (.text.ti_sysbios_family_arm_m3_Hwi_dispatchC)
                  00004dd8    0000007a     ti_sysbios_config.o (.text.ti_sysbios_knl_Idle_init)
                  00004e52    00000002     --HOLE-- [fill = 0]
                  00004e54    00000078     driverlib.lib : chipinfo.c.obj (.text.NOROM_ChipInfo_GetChipType)
                  00004ecc    00000078                   : sys_ctrl.c.obj (.text.NOROM_SysCtrlSetRechargeBeforePowerDown)
                  00004f44    00000078     rf_multiMode_cc13x2.a : RFCC26X2_multiMode.c.cc13x2.ticlang.o (.text.RF_ratFreeChannel)
                  00004fbc    00000078     ti_sysbios_config.o (.text.ti_sysbios_family_arm_m3_Hwi_disableInterrupt)
                  00005034    00000078     ti_sysbios_config.o (.text.ti_sysbios_knl_Swi_run)
                  000050ac    00000078     ti_sysbios_config.o (.text.ti_sysbios_knl_Task_blockI)
                  00005124    00000078     ti_sysbios_config.o (.text.ti_sysbios_knl_Task_startup)
                  0000519c    00000074     drivers_cc13x2.a : PowerCC26X2_calibrateRCOSC_helpers.c.obj (.text.PowerCC26X2_updateSubSecInc)
                  00005210    00000074     rf_multiMode_cc13x2.a : RFCC26X2_multiMode.c.cc13x2.ticlang.o (.text.RF_hwiHw)
                  00005284    00000074     ti_sysbios_config.o (.text.ti_sysbios_heaps_HeapMem_getStats)
                  000052f8    00000072     ti_sysbios_config.o (.text.ti_sysbios_family_arm_cc26xx_Timer_setThreshold)
                  0000536a    00000070     ti_sysbios_config.o (.text.ti_sysbios_family_arm_m3_Hwi_enableInterrupt)
                  000053da    00000070     libc.a : copy_decompress_lzss.c.obj (.text:decompress:lzss)
                  0000544a    0000006e     ti_sysbios_config.o (.text.BIOS_init)
                  000054b8    0000006e     ti_drivers_config.o (.text.Board_shutDownExtFlash)
                  00005526    0000006e     ti_sysbios_config.o (.text.ti_sysbios_knl_Clock_init)
                  00005594    0000006c     rf_multiMode_cc13x2.a : RFCC26X2_multiMode.c.cc13x2.ticlang.o (.text.RF_issueRadioFreeCb)
                  00005600    0000006c     drivers_cc13x2.a : PowerCC26X2.c.obj (.text.oscillatorISR)
                  0000566c    00000068     rf_multiMode_cc13x2.a : RFCC26X2_multiMode.c.cc13x2.ticlang.o (.text.RF_detachOverrides)
                  000056d4    00000068     drivers_cc13x2.a : UART2CC26X2.c.obj (.text.UART2Support_dmaStopRx)
                  0000573c    00000066     ti_sysbios_config.o (.text.ti_sysbios_family_arm_cc26xx_Timer_start)
                  000057a2    00000066     ti_sysbios_config.o (.text.ti_sysbios_family_arm_m3_Hwi_Instance_finalize)
                  00005808    00000064     driverlib.lib : osc.c.obj (.text.NOROM_OSCHF_AttemptToSwitchToXosc)
                  0000586c    00000064     drivers_cc13x2.a : PowerCC26X2_calibrateRCOSC.c.obj (.text.PowerCC26X2_initiateCalibration)
                  000058d0    00000064     rf_multiMode_cc13x2.a : RFCC26X2_multiMode.c.cc13x2.ticlang.o (.text.RF_attachOverrides)
                  00005934    00000064                           : RFCC26X2_multiMode.c.cc13x2.ticlang.o (.text.RF_dispatchNextEvent)
                  00005998    00000064                           : RFCC26X2_multiMode.c.cc13x2.ticlang.o (.text.RF_hwiCpe0PowerFsm)
                  000059fc    00000064     drivers_cc13x2.a : UDMACC26XX.c.obj (.text.UDMACC26XX_open)
                  00005a60    00000062     rf_multiMode_cc13x2.a : RFCC26X2_multiMode.c.cc13x2.ticlang.o (.text.RF_syncCb)
                  00005ac2    00000060     ti_sysbios_config.o (.text.ti_sysbios_knl_ClockSupport_init)
                  00005b22    00000002     --HOLE-- [fill = 0]
                  00005b24    0000005e     rf_multiMode_cc13x2.a : rfc.c.cc13x2.ticlang.o (.text.NOROM_RFCAnaDivTxOverride)
                  00005b82    0000005e     ti_sysbios_config.o (.text.ti_sysbios_knl_Swi_post)
                  00005be0    0000005c     ti_sysbios_config.o (.text.ClockP_construct)
                  00005c3c    0000005c     ti_sysbios_config.o (.text.ti_sysbios_heaps_HeapMem_alloc)
                  00005c98    0000005c     ti_sysbios_config.o (.text.ti_sysbios_knl_Task_init)
                  00005cf4    00000058     ti_sysbios_config.o (.text.AONRTCEventClear)
                  00005d4c    00000058     ti_sysbios_config.o (.text.HwiP_construct)
                  00005da4    00000058     rf_multiMode_cc13x2.a : RFCC26X2_multiMode.c.cc13x2.ticlang.o (.text.RF_applyRfCorePatch)
                  00005dfc    00000058     ti_sysbios_config.o (.text.ti_sysbios_family_arm_m3_Hwi_construct)
                  00005e54    00000058     sysbios.a : Hwi_asm_switch_gcc.s.obj (.text.ti_sysbios_family_arm_m3_Hwi_initStacks)
                  00005eac    00000058     ti_sysbios_config.o (.text.ti_sysbios_heaps_HeapMem_construct)
                  00005f04    00000058     ti_sysbios_config.o (.text.ti_sysbios_knl_Swi_init)
                  00005f5c    00000056     ti_sysbios_config.o (.text.AONRTCCompareValueSet)
                  00005fb2    00000056     ti_sysbios_config.o (.text.ti_sysbios_family_arm_cc26xx_Timer_getCurrentTick)
                  00006008    00000056     ti_sysbios_config.o (.text.ti_sysbios_knl_Clock_Instance_init)
                  0000605e    00000056     ti_sysbios_config.o (.text.ti_sysbios_runtime_System_atexit)
                  000060b4    00000054     ti_sysbios_config.o (.text.AONRTCChannelEnable)
                  00006108    00000054     ti_sysbios_config.o (.text.BIOS_startFunc)
                  0000615c    00000054     rf_multiMode_cc13x2.a : RFCC26X2_multiMode.c.cc13x2.ticlang.o (.text.RF_getCurrentTime)
                  000061b0    00000054     ti_sysbios_config.o (.text.pthread_setcancelstate)
                  00006204    00000050     rf_multiMode_cc13x2.a : RFCC26X2_multiMode.c.cc13x2.ticlang.o (.text.RF_wakeupNotification)
                  00006254    00000050     ti_sysbios_config.o (.text.ti_sysbios_family_arm_cc26xx_Timer_setNextTick)
                  000062a4    0000004e     ti_sysbios_config.o (.text.ti_sysbios_knl_Swi_restore)
                  000062f2    00000002     --HOLE-- [fill = 0]
                  000062f4    0000004c     driverlib.lib : chipinfo.c.obj (.text.NOROM_ChipInfo_GetHwRevision)
                  00006340    0000004c     rf_multiMode_cc13x2.a : RFCC26X2_multiMode.c.cc13x2.ticlang.o (.text.RF_fsmXOSCState)
                  0000638c    0000004c     drivers_cc13x2.a : PowerCC26X2.c.obj (.text.switchXOSCHF)
                  000063d8    0000004c     ti_sysbios_config.o (.text.ti_sysbios_knl_Clock_getTimeout)
                  00006424    0000004c     ti_sysbios_config.o (.text.ti_sysbios_knl_Task_create)
                  00006470    0000004c     ti_sysbios_config.o (.text.ti_sysbios_runtime_System_processAtExit)
                  000064bc    0000004a     ti_sysbios_config.o (.text.ti_sysbios_knl_Task_construct)
                  00006506    00000002     --HOLE-- [fill = 0]
                  00006508    00000048     rf_multiMode_cc13x2.a : rfc.c.cc13x2.ticlang.o (.text.NOROM_RFCSynthPowerDown)
                  00006550    00000048     drivers_cc13x2.a : PowerCC26X2.c.obj (.text.PowerCC26XX_switchXOSC_HF)
                  00006598    00000048                      : UART2.c.obj (.text.UART2_readFull)
                  000065e0    00000048     ti_sysbios_config.o (.text.ti_sysbios_family_arm_m3_Hwi_init)
                  00006628    00000046     drivers_cc13x2.a : RingBuf.c.obj (.text.RingBuf_put)
                  0000666e    00000046     ti_sysbios_config.o (.text.ti_sysbios_knl_Semaphore_Instance_init)
                  000066b4    00000046     ti_sysbios_config.o (.text.ti_sysbios_knl_Swi_construct)
                  000066fa    00000046     ti_sysbios_config.o (.text.ti_sysbios_knl_Task_processVitalTaskFlag)
                  00006740    00000046     ti_sysbios_config.o (.text.ti_sysbios_knl_Task_unblockI)
                  00006786    00000044     ti_sysbios_config.o (.text.BIOS_rtsLock)
                  000067ca    00000002     --HOLE-- [fill = 0]
                  000067cc    00000044     drivers_cc13x2.a : GPIOCC26X2.c.obj (.text.GPIO_hwiIntFxn)
                  00006810    00000044     driverlib.lib : prcm.c.obj (.text.NOROM_PRCMPowerDomainsAllOff)
                  00006854    00000044                   : prcm.c.obj (.text.NOROM_PRCMPowerDomainsAllOn)
                  00006898    00000044     rf_multiMode_cc13x2.a : RFCC26X2_multiMode.c.cc13x2.ticlang.o (.text.RF_cmdGet)
                  000068dc    00000044                           : RFCC26X2_multiMode.c.cc13x2.ticlang.o (.text.RF_updatePowerupDuration)
                  00006920    00000044     ti_sysbios_config.o (.text._pthread_cleanupFxn)
                  00006964    00000044     ti_sysbios_config.o (.text.ti_sysbios_knl_Task_restore)
                  000069a8    00000044     ti_sysbios_config.o (.text.ti_sysbios_runtime_Error_raiseX)
                  000069ec    00000040     drivers_cc13x2.a : PowerCC26X2_calibrateRCOSC.c.obj (.text.PowerCC26X2_RCOSC_clockFunc)
                  00006a2c    00000040                      : PowerCC26X2_calibrateRCOSC_helpers.c.obj (.text.PowerCC26X2_setAclkRefSrc)
                  00006a6c    00000040     ti_sysbios_config.o (.text.ti_sysbios_gates_GateMutex_enter)
                  00006aac    00000040     ti_sysbios_config.o (.text.ti_sysbios_knl_Semaphore_pendTimeout)
                  00006aec    00000040     ti_sysbios_config.o (.text.ti_sysbios_knl_Task_exit)
                  00006b2c    0000003e     ti_sysbios_config.o (.text.pthread_attr_setschedparam)
                  00006b6a    0000003e     ti_sysbios_config.o (.text.ti_sysbios_knl_Clock_getTicksUntilInterrupt)
                  00006ba8    0000003c     ti_sysbios_config.o (.text.BIOS_atExitFunc)
                  00006be4    0000003c     drivers_cc13x2.a : GPIO.c.obj (.text.GPIO_resetConfig)
                  00006c20    0000003c     driverlib.lib : osc.c.obj (.text.NOROM_OSC_HPOSCRelativeFrequencyOffsetGet)
                  00006c5c    0000003c     drivers_cc13x2.a : PowerCC26X2_calibrateRCOSC_helpers.c.obj (.text.PowerCC26X2_setTdcClkSrc24M)
                  00006c98    0000003c     rf_multiMode_cc13x2.a : rf_patch_cpe_prop.c.cc13x2.ticlang.o (.text.configurePropPatch)
                  00006cd4    0000003c     ti_sysbios_config.o (.text.ti_sysbios_family_arm_m3_Hwi_setPriority)
                  00006d10    0000003c     ti_sysbios_config.o (.text.ti_sysbios_knl_Task_restoreHwi)
                  00006d4c    00000038     ti_drivers_config.o (.text.Board_wakeUpExtFlash)
                  00006d84    00000038     driverlib.lib : osc.c.obj (.text.InternCapArrayAdjustWithBaseline7001F)
                  00006dbc    00000038                   : aux_sysif.c.obj (.text.NOROM_AUXSYSIFOpModeChange)
                  00006df4    00000038                   : osc.c.obj (.text.NOROM_OSCHF_SwitchToRcOscTurnOffXosc)
                  00006e2c    00000038                   : sys_ctrl.c.obj (.text.NOROM_SysCtrlIdle)
                  00006e64    00000038                   : osc.c.obj (.text.OSCHfSourceSwitch)
                  00006e9c    00000038     drivers_cc13x2.a : PowerCC26X2_helpers.c.obj (.text.PowerCC26X2_oscDisableQualifiers)
                  00006ed4    00000038                      : RingBuf.c.obj (.text.RingBuf_putAdvance)
                  00006f0c    00000038                      : UART2.c.obj (.text.UART2_rxEnable)
                  00006f44    00000038     ti_sysbios_config.o (.text.ti_sysbios_runtime_Startup_exec)
                  00006f7c    00000038     libc.a : autoinit.c.obj (.text:__TI_auto_init_nobinit_nopinit)
                  00006fb4    00000036     ti_sysbios_config.o (.text.BIOS_rtsUnlock)
                  00006fea    00000036     ti_sysbios_config.o (.text.SemaphoreP_pend)
                  00007020    00000036     ti_sysbios_config.o (.text.ti_sysbios_knl_Swi_construct2)
                  00007056    00000002     --HOLE-- [fill = 0]
                  00007058    00000034     drivers_cc13x2.a : PowerCC26X2_helpers.c.obj (.text.PowerCC26X2_setSubSecIncToXoscLf)
                  0000708c    00000034                      : PowerCC26X2.c.obj (.text.Power_releaseConstraint)
                  000070c0    00000034     rf_multiMode_cc13x2.a : RFCC26X2_multiMode.c.cc13x2.ticlang.o (.text.RF_powerConstraintRelease)
                  000070f4    00000034     ti_sysbios_config.o (.text.ti_sysbios_family_arm_cc26xx_Timer_getMaxTicks)
                  00007128    00000034     ti_sysbios_config.o (.text.ti_sysbios_knl_Queue_put)
                  0000715c    00000034     sysbios.a : boot_cortex_m.c.obj (.text:_c_int00)
                  00007190    00000030     drivers_cc13x2.a : PowerCC26X2.c.obj (.text.Power_setConstraint)
                  000071c0    00000030     rf_multiMode_cc13x2.a : RFCC26X2_multiMode.c.cc13x2.ticlang.o (.text.RF_checkCmdFsError)
                  000071f0    00000030     driverlib.lib : osc.c.obj (.text.SpecialCapArrayWorkaroundEnabledAndNeeded)
                  00007220    00000030     drivers_cc13x2.a : PowerCC26X2.c.obj (.text.notify)
                  00007250    00000030     ti_sysbios_config.o (.text.ti_sysbios_family_arm_m3_Hwi_plug)
                  00007280    00000030     ti_sysbios_config.o (.text.ti_sysbios_heaps_HeapMem_free)
                  000072b0    00000030     ti_sysbios_config.o (.text.ti_sysbios_knl_Clock_construct)
                  000072e0    00000030     ti_sysbios_config.o (.text.ti_sysbios_knl_Idle_run)
                  00007310    0000002e     rf_multiMode_cc13x2.a : RFCC26X2_multiMode.c.cc13x2.ticlang.o (.text.RF_calculateDeltaTimeUs)
                  0000733e    0000002e     drivers_cc13x2.a : RingBuf.c.obj (.text.RingBuf_getConsume)
                  0000736c    0000002e                      : RingBuf.c.obj (.text.RingBuf_putPointer)
                  0000739a    0000002e     ti_sysbios_config.o (.text._pthread_delete)
                  000073c8    0000002e     ti_sysbios_config.o (.text._pthread_runStub)
                  000073f6    0000002e     ti_sysbios_config.o (.text.ti_sysbios_family_arm_m3_Hwi_initStack)
                  00007424    0000002e     ti_sysbios_config.o (.text.ti_sysbios_gates_GateMutex_Instance_init)
                  00007452    0000002c     ti_sysbios_config.o (.text.BIOS_registerRTSLock)
                  0000747e    0000002c     ti_sysbios_config.o (.text.BIOS_removeRTSLock)
                  000074aa    00000002     --HOLE-- [fill = 0]
                  000074ac    0000002c     rf_multiMode_cc13x2.a : RFCC26X2_multiMode.c.cc13x2.ticlang.o (.text.RF_executeDirectImmediateCmd)
                  000074d8    0000002c     drivers_cc13x2.a : UART2CC26X2.c.obj (.text.UART2CC26X2_getRxData)
                  00007504    0000002c                      : UART2CC26X2.c.obj (.text.UART2Support_enableInts)
                  00007530    0000002c     ti_sysbios_config.o (.text.pthread_attr_setdetachstate)
                  0000755c    0000002c     rf_multiMode_cc13x2.a : rf_patch_cpe_prop.c.cc13x2.ticlang.o (.text.rf_patch_cpe_prop)
                  00007588    0000002c     ti_sysbios_config.o (.text.ti_sysbios_knl_Semaphore_construct)
                  000075b4    0000002c     ti_sysbios_config.o (.text.ti_sysbios_runtime_Memory_free)
                  000075e0    0000002a     ti_sysbios_config.o (.text.SemaphoreP_constructBinary)
                  0000760a    0000002a     drivers_cc13x2.a : UART2CC26X2.c.obj (.text.UART2Support_powerRelConstraint)
                  00007634    0000002a     ti_sysbios_config.o (.text._pthread_cleanup_pop)
                  0000765e    0000002a     ti_sysbios_config.o (.text.pthread_attr_init)
                  00007688    0000002a     ti_sysbios_config.o (.text.ti_sysbios_knl_Clock_initI)
                  000076b2    0000002a     ti_sysbios_config.o (.text.ti_sysbios_knl_Task_enter)
                  000076dc    00000028     drivers_cc13x2.a : List.c.obj (.text.List_remove)
                  00007704    00000028     driverlib.lib : osc.c.obj (.text.NOROM_OSC_CapArrayAdjustWorkaround_Boot)
                  0000772c    00000028                   : chipinfo.c.obj (.text.NOROM_ThisLibraryIsFor_CC13x2_CC26x2_HwRev20AndLater_HaltIfViolated)
                  00007754    00000028     drivers_cc13x2.a : PowerCC26X2.c.obj (.text.PowerCC26XX_isStableXOSC_HF)
                  0000777c    00000028     rf_multiMode_cc13x2.a : RFCC26X2_multiMode.c.cc13x2.ticlang.o (.text.RF_cmdStoreEvents)
                  000077a4    00000028     sysbios.a : Hwi_asm_gcc.s.obj (.text.ti_sysbios_family_arm_m3_Hwi_excHandlerAsm)
                  000077cc    00000028     ti_sysbios_config.o (.text.ti_sysbios_gates_GateMutex_construct)
                  000077f4    00000028     ti_sysbios_config.o (.text.ti_sysbios_knl_Queue_enqueue)
                  0000781c    00000028     ti_sysbios_config.o (.text.ti_sysbios_knl_Queue_insert)
                  00007844    00000028     ti_sysbios_config.o (.text.ti_sysbios_knl_Swi_or)
                  0000786c    00000028     sysbios.a : TaskSupport_asm_gcc.s.obj (.text.ti_sysbios_knl_TaskSupport_swap)
                  00007894    00000028     ti_sysbios_config.o (.text.ti_sysbios_runtime_System_init)
                  000078bc    00000026     drivers_cc13x2.a : List.c.obj (.text.List_insert)
                  000078e2    00000026     rf_multiMode_cc13x2.a : RFCC26X2_multiMode.c.cc13x2.ticlang.o (.text.RF_runCmd)
                  00007908    00000026     drivers_cc13x2.a : UART2CC26X2.c.obj (.text.UART2Support_powerSetConstraint)
                  0000792e    00000026     ti_sysbios_config.o (.text.ti_sysbios_family_arm_m3_Hwi_getHandle)
                  00007954    00000026     ti_sysbios_config.o (.text.ti_sysbios_knl_Task_allBlockedFunction)
                  0000797a    00000026     ti_sysbios_config.o (.text.ti_sysbios_knl_Task_delete)
                  000079a0    00000026     ti_sysbios_config.o (.text.ti_sysbios_knl_Task_destruct)
                  000079c6    00000026     ti_sysbios_config.o (.text.ti_sysbios_runtime_Error_init)
                  000079ec    00000024     ti_sysbios_config.o (.text.HwiP_setFunc)
                  00007a10    00000024     drivers_cc13x2.a : List.c.obj (.text.List_put)
                  00007a34    00000024                      : List.c.obj (.text.List_putHead)
                  00007a58    00000024     driverlib.lib : osc.c.obj (.text.NOROM_OSCHF_TurnOnXosc)
                  00007a7c    00000024     drivers_cc13x2.a : PowerCC26X2_helpers.c.obj (.text.PowerCC26X2_getOscHfSourceReady)
                  00007aa0    00000024                      : PowerCC26X2_calibrateRCOSC_helpers.c.obj (.text.PowerCC26X2_writeCtrim)
                  00007ac4    00000024                      : PowerCC26X2_calibrateRCOSC_helpers.c.obj (.text.PowerCC26X2_writeCtrimFract)
                  00007ae8    00000024                      : PowerCC26X2_calibrateRCOSC_helpers.c.obj (.text.PowerCC26X2_writeCtrimFractEn)
                  00007b0c    00000024                      : PowerCC26X2_calibrateRCOSC_helpers.c.obj (.text.PowerCC26X2_writeRtrim)
                  00007b30    00000024                      : PowerCC26X2.c.obj (.text.Power_registerNotify)
                  00007b54    00000024     rf_multiMode_cc13x2.a : RFCC26X2_multiMode.c.cc13x2.ticlang.o (.text.RF_clkPowerUp)
                  00007b78    00000024                           : RFCC26X2_multiMode.c.cc13x2.ticlang.o (.text.RF_hwiCpe0ChangePhy)
                  00007b9c    00000024                           : RFCC26X2_multiMode.c.cc13x2.ticlang.o (.text.RF_isStateTransitionAllowed)
                  00007bc0    00000024                           : RFCC26X2_multiMode.c.cc13x2.ticlang.o (.text.RF_searchAndReplacePAOverride)
                  00007be4    00000024     ti_sysbios_config.o (.text.ti_sysbios_family_arm_cc26xx_Timer_Params_init)
                  00007c08    00000024     ti_sysbios_config.o (.text.ti_sysbios_knl_Task_Params_init)
                  00007c2c    00000022     ti_sysbios_config.o (.text.BIOS_setThreadType)
                  00007c4e    00000022     drivers_cc13x2.a : List.c.obj (.text.List_get)
                  00007c70    00000022                      : RingBuf.c.obj (.text.RingBuf_getPointer)
                  00007c92    00000022                      : UART2.c.obj (.text.UART2_read)
                  00007cb4    00000022     ti_sysbios_config.o (.text.ti_sysbios_gates_GateMutex_leave)
                  00007cd6    00000022     ti_sysbios_config.o (.text.ti_sysbios_heaps_HeapMem_restore)
                  00007cf8    00000022     ti_sysbios_config.o (.text.ti_sysbios_knl_Clock_getTicks)
                  00007d1a    00000022     ti_sysbios_config.o (.text.ti_sysbios_knl_Clock_scheduleNextTick)
                  00007d3c    00000022     ti_sysbios_config.o (.text.ti_sysbios_knl_Queue_dequeue)
                  00007d5e    00000022     ti_sysbios_config.o (.text.ti_sysbios_knl_Semaphore_destruct)
                  00007d80    00000020     rf_multiMode_cc13x2.a : rfc.c.cc13x2.ticlang.o (.text.NOROM_RFCDoorbellSendTo)
                  00007da0    00000020                           : rfc.c.cc13x2.ticlang.o (.text.NOROM_RFCOverrideSearch)
                  00007dc0    00000020     drivers_cc13x2.a : PowerCC26X2_helpers.c.obj (.text.PowerCC26X2_disableTCXOQual)
                  00007de0    00000020                      : PowerCC26X2_helpers.c.obj (.text.PowerCC26X2_enableTCXOQual)
                  00007e00    00000020     ti_sysbios_config.o (.text.PowerCC26XX_schedulerDisable)
                  00007e20    00000020     ti_sysbios_config.o (.text.PowerCC26XX_schedulerRestore)
                  00007e40    00000020     rf_multiMode_cc13x2.a : RFCC26X2_multiMode.c.cc13x2.ticlang.o (.text.RF_cmdAlloc)
                  00007e60    00000020                           : RFCC26X2_multiMode.c.cc13x2.ticlang.o (.text.RF_invokeGlobalCallback)
                  00007e80    00000020                           : RFCC26X2_multiMode.c.cc13x2.ticlang.o (.text.RF_ratIsRunning)
                  00007ea0    00000020     ti_sysbios_config.o (.text.ti_sysbios_family_arm_cc26xx_Timer_postInit)
                  00007ec0    00000020     ti_sysbios_config.o (.text.ti_sysbios_family_arm_m3_Hwi_excHandler)
                  00007ee0    00000020     ti_sysbios_config.o (.text.ti_sysbios_family_arm_m3_Hwi_post)
                  00007f00    00000020     ti_sysbios_config.o (.text.ti_sysbios_knl_ClockSupport_getCurrentTick)
                  00007f20    0000001e     ti_sysbios_config.o (.text.SwiP_Params_init)
                  00007f3e    0000001e     sysbios.a : Hwi_asm_switch_gcc.s.obj (.text.ti_sysbios_family_arm_m3_Hwi_switchAndRunFunc)
                  00007f5c    0000001e     ti_sysbios_config.o (.text.ti_sysbios_family_arm_m3_Hwi_switchFromBootStack)
                  00007f7a    0000001e     ti_sysbios_config.o (.text.ti_sysbios_knl_Task_unblock)
                  00007f98    0000001c     ti_sysbios_config.o (.text.HwiP_Params_init)
                  00007fb4    0000001c     drivers_cc13x2.a : PowerCC26X2.c.obj (.text.Power_getTransitionLatency)
                  00007fd0    0000001c     rf_multiMode_cc13x2.a : RFCC26X2_multiMode.c.cc13x2.ticlang.o (.text.RF_clkInactivityCallback)
                  00007fec    0000001c                           : RFCC26X2_multiMode.c.cc13x2.ticlang.o (.text.RF_getPAOverrideOffsetAndValue)
                  00008008    0000001c                           : RFCC26X2_multiMode.c.cc13x2.ticlang.o (.text.RF_powerConstraintSet)
                  00008024    0000001c                           : RFCC26X2_multiMode.c.cc13x2.ticlang.o (.text.RF_swiFsm)
                  00008040    0000001c     ti_sysbios_config.o (.text.ti_sysbios_family_arm_cc26xx_Timer_dynamicStub)
                  0000805c    0000001c     ti_sysbios_config.o (.text.ti_sysbios_family_arm_m3_Hwi_Params_init)
                  00008078    0000001c     ti_sysbios_config.o (.text.ti_sysbios_knl_Clock_enqueueI)
                  00008094    0000001c     ti_sysbios_config.o (.text.ti_sysbios_knl_Clock_start)
                  000080b0    0000001c     ti_sysbios_config.o (.text.ti_sysbios_knl_Queue_remove)
                  000080cc    0000001c     ti_sysbios_config.o (.text.ti_sysbios_knl_Swi_Params_init)
                  000080e8    0000001c     ti_sysbios_config.o (.text.ti_sysbios_knl_Swi_disable)
                  00008104    0000001c     ti_sysbios_config.o (.text.ti_sysbios_knl_Task_disable)
                  00008120    0000001a     ti_sysbios_config.o (.text.BIOS_exitFunc)
                  0000813a    0000001a     ti_sysbios_config.o (.text.BIOS_getCpuFreq)
                  00008154    0000001a     ti_sysbios_config.o (.text.ti_sysbios_knl_Semaphore_Instance_finalize)
                  0000816e    00000018     ti_sysbios_config.o (.text.BIOS_exit)
                  00008186    00000002     --HOLE-- [fill = 0]
                  00008188    00000018     drivers_cc13x2.a : GPIOCC26XX.c.obj (.text.GPIO_disableInt)
                  000081a0    00000018                      : PowerCC26X2.c.obj (.text.PowerCC26XX_calibrate)
                  000081b8    00000018                      : PowerCC26X2.c.obj (.text.Power_idleFunc)
                  000081d0    00000018     rf_multiMode_cc13x2.a : RFCC26X2_multiMode.c.cc13x2.ticlang.o (.text.RF_restartClockTimeout)
                  000081e8    00000018     ti_sysbios_config.o (.text.ti_sysbios_family_arm_cc26xx_Timer_getCount64)
                  00008200    00000018     ti_sysbios_config.o (.text.ti_sysbios_family_arm_m3_Hwi_setFunc)
                  00008218    00000018     ti_sysbios_config.o (.text.ti_sysbios_knl_ClockSupport_setNextTick)
                  00008230    00000018     sysbios.a : TaskSupport_asm_gcc.s.obj (.text.ti_sysbios_knl_TaskSupport_glue)
                  00008248    00000018     drivers_cc13x2.a : UART2CC26X2.c.obj (.text.uartDmaDisable)
                  00008260    00000018                      : UART2CC26X2.c.obj (.text.uartDmaEnable)
                  00008278    00000016     ti_sysbios_config.o (.text.ClockP_Params_init)
                  0000828e    00000016     drivers_cc13x2.a : List.c.obj (.text.List_clearList)
                  000082a4    00000016     ti_sysbios_config.o (.text.ti_sysbios_family_arm_m3_Hwi_enable)
                  000082ba    00000016     ti_sysbios_config.o (.text.ti_sysbios_knl_Intrinsics_maxbit)
                  000082d0    00000016     ti_sysbios_config.o (.text.ti_sysbios_knl_Queue_construct)
                  000082e6    00000016     ti_sysbios_config.o (.text.ti_sysbios_knl_Queue_empty)
                  000082fc    00000016     ti_sysbios_config.o (.text.ti_sysbios_runtime_System_exit)
                  00008312    00000014     ti_drivers_config.o (.text.Board_init)
                  00008326    00000014     ti_sysbios_config.o (.text.ClockP_setTimeout)
                  0000833a    00000002     --HOLE-- [fill = 0]
                  0000833c    00000014     drivers_cc13x2.a : GPIOCC26XX.c.obj (.text.GPIO_toggle)
                  00008350    00000014     rf_multiMode_cc13x2.a : RFCC26X2_multiMode.c.cc13x2.ticlang.o (.text.RF_dbellSyncOnAck)
                  00008364    00000014     ti_sysbios_config.o (.text.SwiP_or)
                  00008378    00000014     drivers_cc13x2.a : UART2CC26X2.c.obj (.text.UART2CC26X2_postNotifyFxn)
                  0000838c    00000014     libclang_rt.builtins.a : aeabi_uldivmod.S.obj (.text.__aeabi_uldivmod)
                  000083a0    00000014     libc.a : args_main.c.obj (.text._args_main)
                  000083b4    00000014     ti_sysbios_config.o (.text.ti_sysbios_family_arm_cc26xx_TimestampProvider_init)
                  000083c8    00000014     ti_sysbios_config.o (.text.ti_sysbios_family_arm_m3_Hwi_disable)
                  000083dc    00000014     ti_sysbios_config.o (.text.ti_sysbios_knl_Swi_Instance_finalize)
                  000083f0    00000012     ti_sysbios_config.o (.text.pthread_attr_setstacksize)
                  00008402    00000012     ti_sysbios_config.o (.text.ti_sysbios_family_arm_m3_Hwi_doSwiRestore)
                  00008414    00000012     ti_sysbios_config.o (.text.ti_sysbios_family_arm_m3_Hwi_doTaskRestore)
                  00008426    00000012     ti_sysbios_config.o (.text.ti_sysbios_heaps_HeapMem_Params_init)
                  00008438    00000012     ti_sysbios_config.o (.text.ti_sysbios_heaps_HeapMem_init)
                  0000844a    00000012     ti_sysbios_config.o (.text.ti_sysbios_knl_Clock_Params_init)
                  0000845c    00000012     ti_sysbios_config.o (.text.ti_sysbios_knl_Clock_tick)
                  0000846e    00000012     ti_sysbios_config.o (.text.ti_sysbios_knl_Queue_Instance_init)
                  00008480    00000012     ti_sysbios_config.o (.text.ti_sysbios_knl_Semaphore_Params_init)
                  00008492    00000012     libc.a : memcpy_t2.S.obj (.text:TI_memcpy_small)
                  000084a4    00000010     ti_sysbios_config.o (.text.BIOS_start)
                  000084b4    00000010     ti_sysbios_config.o (.text.ClockP_getCpuFreq)
                  000084c4    00000010     ti_sysbios_config.o (.text.ClockP_getTimeout)
                  000084d4    00000010     ti_sysbios_config.o (.text.ClockP_isActive)
                  000084e4    00000010     ti_sysbios_config.o (.text.ClockP_start)
                  000084f4    00000010     ti_sysbios_config.o (.text.ClockP_stop)
                  00008504    00000010     drivers_cc13x2.a : GPIOCC26XX.c.obj (.text.GPIO_write)
                  00008514    00000010     ti_sysbios_config.o (.text.HwiP_disable)
                  00008524    00000010     ti_sysbios_config.o (.text.HwiP_enableInterrupt)
                  00008534    00000010     ti_sysbios_config.o (.text.HwiP_post)
                  00008544    00000010     ti_sysbios_config.o (.text.HwiP_restore)
                  00008554    00000010     rf_multiMode_cc13x2.a : rfc.c.cc13x2.ticlang.o (.text.NOROM_RFCCpeIntGetAndClear)
                  00008564    00000010                           : rfc.c.cc13x2.ticlang.o (.text.NOROM_RFCHwIntGetAndClear)
                  00008574    00000010     drivers_cc13x2.a : PowerCC26X2_helpers.c.obj (.text.PowerCC26X2_oscCtlClearXtal)
                  00008584    00000010                      : PowerCC26X2_helpers.c.obj (.text.PowerCC26X2_prcmEnableCacheRetention)
                  00008594    00000010                      : PowerCC26X2_calibrateRCOSC_helpers.c.obj (.text.PowerCC26X2_readCtrim)
                  000085a4    00000010                      : PowerCC26X2_calibrateRCOSC_helpers.c.obj (.text.PowerCC26X2_readCtrimFract)
                  000085b4    00000010                      : PowerCC26X2_calibrateRCOSC_helpers.c.obj (.text.PowerCC26X2_readRtrim)
                  000085c4    00000010                      : PowerCC26X2_helpers.c.obj (.text.PowerCC26X2_switchToTCXO)
                  000085d4    00000010                      : RingBuf.c.obj (.text.RingBuf_construct)
                  000085e4    00000010     ti_sysbios_config.o (.text.SemaphoreP_post)
                  000085f4    00000010     ti_sysbios_config.o (.text.SwiP_disable)
                  00008604    00000010     ti_sysbios_config.o (.text.SwiP_getTrigger)
                  00008614    00000010     ti_sysbios_config.o (.text.SwiP_restore)
                  00008624    00000010     ti_sysbios_config.o (.text.SysCtrlAonUpdate)
                  00008634    00000010     ti_sysbios_config.o (.text.pthread_self)
                  00008644    00000010     ti_sysbios_config.o (.text.ti_sysbios_family_arm_cc26xx_Timer_setPeriod)
                  00008654    00000010     ti_sysbios_config.o (.text.ti_sysbios_knl_ClockSupport_getMaxTicks)
                  00008664    00000010     ti_sysbios_config.o (.text.ti_sysbios_knl_Clock_isActive)
                  00008674    00000010     ti_sysbios_config.o (.text.ti_sysbios_knl_Clock_removeI)
                  00008684    00000010     ti_sysbios_config.o (.text.ti_sysbios_knl_Clock_setTimeout)
                  00008694    00000010     ti_sysbios_config.o (.text.ti_sysbios_knl_Idle_loop)
                  000086a4    00000010     ti_sysbios_config.o (.text.ti_sysbios_knl_Queue_destruct)
                  000086b4    00000010     ti_sysbios_config.o (.text.ti_sysbios_knl_Queue_elemClear)
                  000086c4    00000010     ti_sysbios_config.o (.text.ti_sysbios_knl_Swi_enabled)
                  000086d4    00000010     ti_sysbios_config.o (.text.ti_sysbios_runtime_SystemSupport_exit)
                  000086e4    00000010     libc.a : copy_zero_init.c.obj (.text:decompress:ZI)
                  000086f4    0000000e     ti_sysbios_config.o (.text.BIOS_linkedWithIncorrectBootLibrary)
                  00008702    0000000e     ti_sysbios_config.o (.text.IntMasterDisable)
                  00008710    0000000e     ti_sysbios_config.o (.text.IntMasterEnable)
                  0000871e    0000000e     drivers_cc13x2.a : PowerCC26X2.c.obj (.text.OUTLINED_FUNCTION_0)
                  0000872c    0000000e     rf_multiMode_cc13x2.a : RFCC26X2_multiMode.c.cc13x2.ticlang.o (.text.OUTLINED_FUNCTION_0)
                  0000873a    0000000e                           : RFCC26X2_multiMode.c.cc13x2.ticlang.o (.text.OUTLINED_FUNCTION_4)
                  00008748    0000000e     drivers_cc13x2.a : PowerCC26X2.c.obj (.text.switchToTCXO)
                  00008756    0000000e     ti_sysbios_config.o (.text.ti_sysbios_family_arm_m3_Hwi_restore)
                  00008764    0000000e     ti_sysbios_config.o (.text.ti_sysbios_heaps_HeapMem_isBlocking)
                  00008772    0000000e     ti_sysbios_config.o (.text.ti_sysbios_knl_Clock_stop)
                  00008780    0000000e     libc.a : memset_t2.S.obj (.text:TI_memset_small)
                  0000878e    0000000e            : copy_decompress_none.c.obj (.text:decompress:none)
                  0000879c    0000000c     ti_sysbios_config.o (.text.AONRTCCurrentCompareValueGet)
                  000087a8    0000000c     ti_sysbios_config.o (.text.BIOS_getThreadType)
                  000087b4    0000000c     ti_sysbios_config.o (.text.ClockP_getSystemTickPeriod)
                  000087c0    0000000c     rf_multiMode_cc13x2.a : RFCC26X2_multiMode.c.cc13x2.ticlang.o (.text.OUTLINED_FUNCTION_2)
                  000087cc    0000000c     drivers_cc13x2.a : PowerCC26X2_helpers.c.obj (.text.PowerCC26X2_oscClockSourceGet)
                  000087d8    0000000c                      : PowerCC26X2_helpers.c.obj (.text.PowerCC26X2_setPeriphDeepSleepEnable)
                  000087e4    0000000c                      : PowerCC26X2_helpers.c.obj (.text.PowerCC26X2_sysCtrlGetResetSource)
                  000087f0    0000000c                      : PowerCC26X2_helpers.c.obj (.text.PowerCC26X2_sysCtrlUpdateVoltageRegulator)
                  000087fc    0000000c                      : PowerCC26X2.c.obj (.text.Power_getConstraintMask)
                  00008808    0000000c     rf_multiMode_cc13x2.a : RFCC26X2_multiMode.c.cc13x2.ticlang.o (.text.RF_Params_init)
                  00008814    0000000c     drivers_cc13x2.a : UART2CC26X2.c.obj (.text.UART2Support_enableRx)
                  00008820    0000000c                      : UART2.c.obj (.text.UART2_Params_init)
                  0000882c    0000000c     libc.a : _lock.c.obj (.text._register_lock)
                  00008838    0000000c            : _lock.c.obj (.text._register_unlock)
                  00008844    0000000c     ti_sysbios_config.o (.text.ti_sysbios_knl_Queue_head)
                  00008850    0000000c     ti_sysbios_config.o (.text.ti_sysbios_knl_Queue_next)
                  0000885c    0000000c     ti_sysbios_config.o (.text.ti_sysbios_knl_Queue_prev)
                  00008868    0000000c     ti_sysbios_config.o (.text.ti_sysbios_knl_Swi_getTrigger)
                  00008874    0000000c     ti_sysbios_config.o (.text.ti_sysbios_knl_Swi_postInit)
                  00008880    0000000c     ti_sysbios_config.o (.text.ti_sysbios_knl_Swi_self)
                  0000888c    0000000c     ti_sysbios_config.o (.text.ti_sysbios_knl_Task_getArg1)
                  00008898    0000000c     ti_sysbios_config.o (.text.ti_sysbios_knl_Task_getEnv)
                  000088a4    0000000c     ti_sysbios_config.o (.text.ti_sysbios_knl_Task_self)
                  000088b0    0000000a     rf_multiMode_cc13x2.a : RFCC26X2_multiMode.c.cc13x2.ticlang.o (.text.OUTLINED_FUNCTION_6)
                  000088ba    0000000a     drivers_cc13x2.a : PowerCC26X2_helpers.c.obj (.text.PowerCC26X2_sysCtrlStandby)
                  000088c4    0000000a                      : UDMACC26XX.c.obj (.text.UDMACC26XX_hwiIntFxn)
                  000088ce    0000000a     ti_sysbios_config.o (.text.ti_sysbios_gates_GateMutex_handle)
                  000088d8    0000000a     ti_sysbios_config.o (.text.ti_sysbios_knl_Clock_handle)
                  000088e2    0000000a     ti_sysbios_config.o (.text.ti_sysbios_knl_Queue_handle)
                  000088ec    0000000a     ti_sysbios_config.o (.text.ti_sysbios_knl_Queue_struct)
                  000088f6    0000000a     ti_sysbios_config.o (.text.ti_sysbios_knl_Semaphore_handle)
                  00008900    0000000a     ti_sysbios_config.o (.text.ti_sysbios_knl_Swi_startup)
                  0000890a    0000000a     ti_sysbios_config.o (.text.ti_sysbios_runtime_Error_check)
                  00008914    0000000a     ti_sysbios_config.o (.text.ti_sysbios_runtime_Types_uargToPtr)
                  0000891e    0000000a     ti_sysbios_config.o (.text.xdc_uargToPtr)
                  00008928    00000008     ti_sysbios_config.o (.text.Boot_trimDevice)
                  00008930    00000008     driverlib.lib : cpu.c.obj (.text.NOROM_CPUcpsid)
                  00008938    00000008                   : cpu.c.obj (.text.NOROM_CPUcpsie)
                  00008940    00000008     rf_multiMode_cc13x2.a : RFCC26X2_multiMode.c.cc13x2.ticlang.o (.text.OUTLINED_FUNCTION_3)
                  00008948    00000008     drivers_cc13x2.a : PowerCC26X2_helpers.c.obj (.text.PowerCC26X2_oschfTrySwitchToXosc)
                  00008950    00000008     ti_sysbios_config.o (.text.ResetISR)
                  00008958    00000008     libclang_rt.builtins.a : aeabi_memset.S.obj (.text.__aeabi_memclr)
                  00008960    00000008     ti_sysbios_config.o (.text._system_post_cinit)
                  00008968    00000008     ti_sysbios_config.o (.text._system_pre_init)
                  00008970    00000008     ti_sysbios_config.o (.text.ti_sysbios_family_arm_m3_Hwi_startup)
                  00008978    00000008     ti_sysbios_config.o (.text.ti_sysbios_runtime_Startup_reset)
                  00008980    00000008     ti_sysbios_config.o (.text.ti_sysbios_runtime_SysCallback_defaultExit)
                  00008988    00000008     ti_sysbios_config.o (.text.ti_sysbios_runtime_SystemSupport_init)
                  00008990    00000008     ti_sysbios_config.o (.text.ti_sysbios_runtime_System_exitSpin)
                  00008998    00000006     drivers_cc13x2.a : GPIOCC26XX.c.obj (.text.GPIO_setConfig)
                  0000899e    00000006     driverlib.lib : cpu.c.obj (.text.NOROM_CPUdelay)
                  000089a4    00000006     drivers_cc13x2.a : UART2.c.obj (.text.OUTLINED_FUNCTION_1)
                  000089aa    00000006     rf_multiMode_cc13x2.a : RFCC26X2_multiMode.c.cc13x2.ticlang.o (.text.OUTLINED_FUNCTION_5)
                  000089b0    00000006                           : RFCC26X2_multiMode.c.cc13x2.ticlang.o (.text.RF_clkReqAccess)
                  000089b6    00000004                           : rfc.c.cc13x2.ticlang.o (.text.NOROM_RFCOverrideUpdate)
                  000089ba    00000004     ti_sysbios_config.o (.text.PRCMSleep)
                  000089be    00000004     drivers_cc13x2.a : PowerCC26X2_helpers.c.obj (.text.PowerCC26X2_oschfSwitchToRcosc)
                  000089c2    00000004                      : PowerCC26X2_helpers.c.obj (.text.PowerCC26X2_sysCtrlIdle)
                  000089c6    00000004                      : PowerCC26X2_helpers.c.obj (.text.PowerCC26X2_turnOnXosc)
                  000089ca    00000004     rf_multiMode_cc13x2.a : RFCC26X2_multiMode.c.cc13x2.ticlang.o (.text.RF_defaultExecutionPolicy)
                  000089ce    00000004     drivers_cc13x2.a : RingBuf.c.obj (.text.RingBuf_getCount)
                  000089d2    00000002     --HOLE-- [fill = 0]
                  000089d4    00000004     libclang_rt.builtins.a : aeabi_memcpy.S.obj (.text.__aeabi_memcpy)
                  000089d8    00000004     drivers_cc13x2.a : PowerCC26X2.c.obj (.text.configureRFCoreClocks)
                  000089dc    00000004                      : PowerCC26X2.c.obj (.text.nopResourceHandler)
                  000089e0    00000004     ti_sysbios_config.o (.text.ti_sysbios_gates_GateMutex_canBlock)
                  000089e4    00000004     ti_sysbios_config.o (.text.ti_sysbios_knl_TaskSupport_getStackAlignment)
                  000089e8    00000004     ti_sysbios_config.o (.text.ti_sysbios_runtime_Memory_getMaxDefaultTypeAlign)

.rodata    0    000089ec    0000085a     
                  000089ec    000002e0     rf_multiMode_cc13x2.a : rf_patch_cpe_prop.c.cc13x2.ticlang.o (.rodata.patchImageProp)
                  00008ccc    00000094     ti_sysbios_config.o (.rodata.ti_sysbios_family_arm_m3_Hwi_excHandlerMin.err)
                  00008d60    0000008d     ti_sysbios_config.o (.rodata.ti_sysbios_heaps_HeapMem_alloc.err)
                  00008ded    00000089     ti_sysbios_config.o (.rodata.ti_sysbios_family_arm_m3_Hwi_Instance_init.err.1)
                  00008e76    00000089     ti_sysbios_config.o (.rodata.ti_sysbios_family_arm_m3_Hwi_excHandlerMin.err.2)
                  00008eff    00000089     ti_sysbios_config.o (.rodata.ti_sysbios_runtime_Memory_alloc.err)
                  00008f88    00000086     ti_sysbios_config.o (.rodata.ti_sysbios_family_arm_m3_Hwi_Instance_init.err)
                  0000900e    00000002     drivers_cc13x2.a : UART2CC26X2.c.obj (.rodata.stopBits)
                  00009010    00000058     ti_drivers_config.o (.rodata.uart2CC26X2HWAttrs)
                  00009068    00000054     drivers_cc13x2.a : PowerCC26X2.c.obj (.rodata.resourceDB)
                  000090bc    00000024                      : UART2.c.obj (.rodata.UART2_defaultParams)
                  000090e0    00000024     ti_sysbios_config.o (.rodata.ti_sysbios_knl_Task_Params_default)
                  00009104    00000020     rf_multiMode_cc13x2.a : RFCC26X2_multiMode.c.cc13x2.ticlang.o (.rodata.cst32)
                  00009124    0000001d     ti_sysbios_config.o (.rodata.str1.114093530142707899381)
                  00009141    00000001     ti_drivers_config.o (.rodata.GPIO_pinLowerBound)
                  00009142    00000001     ti_drivers_config.o (.rodata.GPIO_pinUpperBound)
                  00009143    00000001     ti_drivers_config.o (.rodata.UART2_count)
                  00009144    0000001c     ti_sysbios_config.o (.rodata.ti_sysbios_family_arm_cc26xx_Timer_Params_default)
                  00009160    00000018     ti_sysbios_config.o (.rodata.ti_sysbios_family_arm_m3_Hwi_Params_default)
                  00009178    00000014     ti_drivers_config.o (.rodata.PowerCC26X2_config)
                  0000918c    00000014     ti_sysbios_config.o (.rodata.ti_sysbios_knl_Swi_Params_default)
                  000091a0    00000010     ti_drivers_config.o (.rodata.GPIO_config)
                  000091b0    0000000c     ti_drivers_config.o (.rodata.RFCC26XX_hwAttrs)
                  000091bc    0000000c     ti_sysbios_config.o (.rodata.ti_sysbios_heaps_HeapMem_Params_default)
                  000091c8    0000000c     ti_sysbios_config.o (.rodata.ti_sysbios_knl_Clock_Params_default)
                  000091d4    0000000c     ti_sysbios_config.o (.rodata.ti_sysbios_knl_Semaphore_Params_default)
                  000091e0    00000008     rf_multiMode_cc13x2.a : RFCC26X2_multiMode.c.cc13x2.ticlang.o (.rodata..L__const.RF_hwiCpe0Active.activeCmd)
                  000091e8    00000008     ti_drivers_config.o (.rodata.UART2_config)
                  000091f0    00000008     ti_drivers_config.o (.rodata.UDMACC26XX_config)
                  000091f8    00000008     driverlib.lib : aux_sysif.c.obj (.rodata.cst4)
                  00009200    00000008     ti_sysbios_config.o (.rodata.ti_sysbios_knl_Idle_funcList)
                  00009208    00000008     ti_drivers_config.o (.rodata.udmaCC26XXHWAttrs)
                  00009210    00000005     drivers_cc13x2.a : UART2CC26X2.c.obj (.rodata.parityType)
                  00009215    00000005                      : UART2CC26X2.c.obj (.rodata.rxFifoThreshold)
                  0000921a    00000005                      : UART2CC26X2.c.obj (.rodata.txFifoThreshold)
                  0000921f    00000001     ti_sysbios_config.o (.rodata.ti_sysbios_knl_Clock_tickMode)
                  00009220    00000004     ti_sysbios_config.o (.rodata.TimestampP_nativeFormat32)
                  00009224    00000004     ti_sysbios_config.o (.rodata.TimestampP_nativeFormat64)
                  00009228    00000004     drivers_cc13x2.a : UART2CC26X2.c.obj (.rodata.cst4)
                  0000922c    00000004     ti_sysbios_config.o (.rodata.ti_sysbios_family_arm_m3_Hwi_swiTaskKeyAddress)
                  00009230    00000004     ti_sysbios_config.o (.rodata.ti_sysbios_gates_GateMutex_Params_default)
                  00009234    00000004     ti_sysbios_config.o (.rodata.ti_sysbios_knl_Clock_tickPeriod)
                  00009238    00000004     ti_sysbios_config.o (.rodata.ti_sysbios_knl_Swi_numPriorities)
                  0000923c    00000004     ti_sysbios_config.o (.rodata.ti_sysbios_knl_Task_defaultStackSize)
                  00009240    00000004     ti_sysbios_config.o (.rodata.ti_sysbios_knl_Task_numPriorities)
                  00009244    00000001     ti_sysbios_config.o (.rodata.ti_sysbios_knl_Task_checkStackFlag)
                  00009245    00000001     ti_sysbios_config.o (.rodata.ti_sysbios_knl_Task_initStackFlag)

__llvm_prf_cnts 
*          0    20000000    00000000     UNINITIALIZED

__llvm_prf_bits 
*          0    20000000    00000000     UNINITIALIZED

.TI.bound:dmaUart1RxControlTableEntry 
*          0    20001850    00000010     UNINITIALIZED
                  20001850    00000010     ti_drivers_config.o (.TI.bound:dmaUart1RxControlTableEntry)

.TI.bound:dmaUart1TxControlTableEntry 
*          0    20001860    00000010     UNINITIALIZED
                  20001860    00000010     ti_drivers_config.o (.TI.bound:dmaUart1TxControlTableEntry)

.args      0    00009248    00000008     
                  00009248    00000008     --HOLE-- [fill = 0]

MODULE SUMMARY

       Module                                     code    ro data   rw data
       ------                                     ----    -------   -------
    .\
       rfPacketTx.o                               248     0         460    
       main_tirtos.o                              128     0         0      
    +--+------------------------------------------+-------+---------+---------+
       Total:                                     376     0         460    
                                                                           
    .\syscfg\
       ti_sysbios_config.o                        16054   1110      1822   
       ti_drivers_config.o                        314     163       868    
       ti_radio_config.o                          0       0         144    
       ti_devices_config.o                        0       88        0      
    +--+------------------------------------------+-------+---------+---------+
       Total:                                     16368   1361      2834   
                                                                           
    C:/ti/simplelink_cc13xx_cc26xx_sdk_8_32_00_07/kernel/tirtos7/packages/ti/sysbios/lib/ticlang/m4f/sysbios.a
       Hwi_asm_gcc.s.obj                          324     0         0      
       Hwi_asm_switch_gcc.s.obj                   118     0         0      
       TaskSupport_asm_gcc.s.obj                  64      0         0      
       boot_cortex_m.c.obj                        52      0         0      
    +--+------------------------------------------+-------+---------+---------+
       Total:                                     558     0         0      
                                                                           
    C:/ti/simplelink_cc13xx_cc26xx_sdk_8_32_00_07/source/ti/devices/cc13x2_cc26x2/driverlib/bin/ticlang/driverlib.lib
       osc.c.obj                                  452     0         32     
       sys_ctrl.c.obj                             400     0         0      
       setup.c.obj                                384     0         0      
       chipinfo.c.obj                             236     0         0      
       prcm.c.obj                                 136     0         0      
       aux_sysif.c.obj                            56      8         0      
       cpu.c.obj                                  22      0         0      
    +--+------------------------------------------+-------+---------+---------+
       Total:                                     1686    8         32     
                                                                           
    C:/ti/simplelink_cc13xx_cc26xx_sdk_8_32_00_07/source/ti/drivers/lib/ticlang/m4f/drivers_cc13x2.a
       PowerCC26X2.c.obj                          1786    84        376    
       UART2CC26X2.c.obj                          2066    21        0      
       PowerCC26X2_calibrateRCOSC.c.obj           836     0         0      
       UART2.c.obj                                648     36        0      
       PowerCC26X2_calibrateRCOSC_helpers.c.obj   432     0         0      
       GPIOCC26X2.c.obj                           324     0         29     
       PowerCC26X2_helpers.c.obj                  334     0         0      
       RingBuf.c.obj                              272     0         0      
       GPIOCC26XX.c.obj                           242     0         0      
       List.c.obj                                 206     0         0      
       UDMACC26XX.c.obj                           110     0         0      
       GPIO.c.obj                                 60      0         0      
    +--+------------------------------------------+-------+---------+---------+
       Total:                                     7316    141       405    
                                                                           
    C:/ti/simplelink_cc13xx_cc26xx_sdk_8_32_00_07/source/ti/drivers/rf/lib/ticlang/m4f/rf_multiMode_cc13x2.a
       RFCC26X2_multiMode.c.cc13x2.ticlang.o      8062    40        1316   
       rf_patch_cpe_prop.c.cc13x2.ticlang.o       104     736       1      
       rfc.c.cc13x2.ticlang.o                     268     0         0      
    +--+------------------------------------------+-------+---------+---------+
       Total:                                     8434    776       1317   
                                                                           
    C:\ti\ti_cgt_arm_llvm_3.2.2.LTS\lib\armv7em-ti-none-eabihf/c/libc.a
       copy_decompress_lzss.c.obj                 112     0         0      
       autoinit.c.obj                             56      0         0      
       _lock.c.obj                                26      0         8      
       args_main.c.obj                            20      0         0      
       memcpy_t2.S.obj                            18      0         0      
       copy_zero_init.c.obj                       16      0         0      
       copy_decompress_none.c.obj                 14      0         0      
       memset_t2.S.obj                            14      0         0      
    +--+------------------------------------------+-------+---------+---------+
       Total:                                     276     0         8      
                                                                           
    C:\ti\ti_cgt_arm_llvm_3.2.2.LTS\lib\clang/15.0.7/lib/armv7em-ti-none-eabihf/libclang_rt.builtins.a
       udivmoddi4.S.obj                           176     0         0      
       aeabi_uldivmod.S.obj                       20      0         0      
       aeabi_memset.S.obj                         8       0         0      
       aeabi_memcpy.S.obj                         4       0         0      
       aeabi_div0.c.obj                           2       0         0      
    +--+------------------------------------------+-------+---------+---------+
       Total:                                     210     0         0      
                                                                           
       Stack:                                     0       0         1536   
       Linker Generated:                          0       353       0      
    +--+------------------------------------------+-------+---------+---------+
       Grand Total:                               35224   2639      6592   


LINKER GENERATED COPY TABLES

__TI_cinit_table @ 00009394 records: 4, size/record: 8, table size: 32
	.data: load addr=00009250, load size=0000011d bytes, run addr=20000d54, run size=00000574 bytes, compression=lzss
	.TI.bound:dmaUart1RxControlTableEntry: load addr=0000937c, load size=00000008 bytes, run addr=20001850, run size=00000010 bytes, compression=zero_init
	.TI.bound:dmaUart1TxControlTableEntry: load addr=00009384, load size=00000008 bytes, run addr=20001860, run size=00000010 bytes, compression=zero_init
	.bss: load addr=0000938c, load size=00000008 bytes, run addr=20000000, run size=00000d54 bytes, compression=zero_init


LINKER GENERATED HANDLER TABLE

__TI_handler_table @ 00009370 records: 3, size/record: 4, table size: 12
	index: 0, handler: __TI_decompress_lzss
	index: 1, handler: __TI_decompress_none
	index: 2, handler: __TI_zero_init


SEGMENT ATTRIBUTES

    id tag       seg value 
    -- ---       --- ----- 
     0 PHA_BOUND 5   (null)


GLOBAL SYMBOLS: SORTED ALPHABETICALLY BY Name 

address   name                                                               
-------   ----                                                               
20001148  BIOS_Module_state                                                  
00006ba9  BIOS_atExitFunc                                                    
0000816f  BIOS_exit                                                          
00008121  BIOS_exitFunc                                                      
0000813b  BIOS_getCpuFreq                                                    
000087a9  BIOS_getThreadType                                                 
20000c0c  BIOS_heapMemObject                                                 
0000544b  BIOS_init                                                          
000086f5  BIOS_linkedWithIncorrectBootLibrary                                
00000b5f  BIOS_nullFunc                                                      
00007453  BIOS_registerRTSLock                                               
0000747f  BIOS_removeRTSLock                                                 
20000c38  BIOS_rtsGate                                                       
00006787  BIOS_rtsLock                                                       
00006fb5  BIOS_rtsUnlock                                                     
00007c2d  BIOS_setThreadType                                                 
000084a5  BIOS_start                                                         
00006109  BIOS_startFunc                                                     
00008313  Board_init                                                         
00001253  Board_initHook                                                     
00004af1  Board_sendExtFlashByte                                             
000054b9  Board_shutDownExtFlash                                             
00006d4d  Board_wakeUpExtFlash                                               
00008929  Boot_trimDevice                                                    
00008279  ClockP_Params_init                                                 
00005be1  ClockP_construct                                                   
000084b5  ClockP_getCpuFreq                                                  
000087b5  ClockP_getSystemTickPeriod                                         
000084c5  ClockP_getTimeout                                                  
000084d5  ClockP_isActive                                                    
00008327  ClockP_setTimeout                                                  
000084e5  ClockP_start                                                       
000084f5  ClockP_stop                                                        
000091a0  GPIO_config                                                        
00008189  GPIO_disableInt                                                    
000067cd  GPIO_hwiIntFxn                                                     
00002ac1  GPIO_init                                                          
00009141  GPIO_pinLowerBound                                                 
00009142  GPIO_pinUpperBound                                                 
00006be5  GPIO_resetConfig                                                   
00008999  GPIO_setConfig                                                     
00003ba5  GPIO_setConfigAndMux                                               
0000833d  GPIO_toggle                                                        
00008505  GPIO_write                                                         
00004000  HEAPSIZE                                                           
00007f99  HwiP_Params_init                                                   
00005d4d  HwiP_construct                                                     
00008515  HwiP_disable                                                       
00008525  HwiP_enableInterrupt                                               
00008535  HwiP_post                                                          
00008545  HwiP_restore                                                       
000079ed  HwiP_setFunc                                                       
UNDEFED   ITM_flush                                                          
UNDEFED   ITM_restore                                                        
0000828f  List_clearList                                                     
00007c4f  List_get                                                           
000078bd  List_insert                                                        
[...]
00007c09  ti_sysbios_knl_Task_Params_init                                    
00007c2d  BIOS_setThreadType                                                 
00007c4f  List_get                                                           
00007c71  RingBuf_getPointer                                                 
00007c93  UART2_read                                                         
00007cb5  ti_sysbios_gates_GateMutex_leave                                   
00007cd7  ti_sysbios_heaps_HeapMem_restore                                   
00007cf9  ti_sysbios_knl_Clock_getTicks                                      
00007d1b  ti_sysbios_knl_Clock_scheduleNextTick                              
00007d3d  ti_sysbios_knl_Queue_dequeue                                       
00007d5f  ti_sysbios_knl_Semaphore_destruct                                  
00007d81  NOROM_RFCDoorbellSendTo                                            
00007da1  NOROM_RFCOverrideSearch                                            
00007dc1  PowerCC26X2_disableTCXOQual                                        
00007de1  PowerCC26X2_enableTCXOQual                                         
00007e01  PowerCC26XX_schedulerDisable                                       
00007e21  PowerCC26XX_schedulerRestore                                       
00007ea1  ti_sysbios_family_arm_cc26xx_Timer_postInit                        
00007ec1  ti_sysbios_family_arm_m3_Hwi_excHandler                            
00007ee1  ti_sysbios_family_arm_m3_Hwi_post                                  
00007f01  ti_sysbios_knl_ClockSupport_getCurrentTick                         
00007f21  SwiP_Params_init                                                   
00007f3f  ti_sysbios_family_arm_m3_Hwi_switchAndRunFunc                      
00007f5d  ti_sysbios_family_arm_m3_Hwi_switchFromBootStack                   
00007f7b  ti_sysbios_knl_Task_unblock                                        
00007f99  HwiP_Params_init                                                   
00007fb5  Power_getTransitionLatency                                         
00008009  RF_powerConstraintSet                                              
00008041  ti_sysbios_family_arm_cc26xx_Timer_dynamicStub                     
0000805d  ti_sysbios_family_arm_m3_Hwi_Params_init                           
00008079  ti_sysbios_knl_Clock_enqueueI                                      
00008095  ti_sysbios_knl_Clock_start                                         
000080b1  ti_sysbios_knl_Queue_remove                                        
000080cd  ti_sysbios_knl_Swi_Params_init                                     
000080e9  ti_sysbios_knl_Swi_disable                                         
00008105  ti_sysbios_knl_Task_disable                                        
00008121  BIOS_exitFunc                                                      
0000813b  BIOS_getCpuFreq                                                    
00008155  ti_sysbios_knl_Semaphore_Instance_finalize                         
0000816f  BIOS_exit                                                          
00008189  GPIO_disableInt                                                    
000081a1  PowerCC26XX_calibrate                                              
000081b9  Power_idleFunc                                                     
000081e9  ti_sysbios_family_arm_cc26xx_Timer_getCount64                      
00008201  ti_sysbios_family_arm_m3_Hwi_setFunc                               
00008219  ti_sysbios_knl_ClockSupport_setNextTick                            
00008231  ti_sysbios_knl_TaskSupport_glue                                    
00008279  ClockP_Params_init                                                 
0000828f  List_clearList                                                     
000082d1  ti_sysbios_knl_Queue_construct                                     
000082e7  ti_sysbios_knl_Queue_empty                                         
000082fd  ti_sysbios_runtime_System_exit                                     
00008313  Board_init                                                         
00008327  ClockP_setTimeout                                                  
0000833d  GPIO_toggle                                                        
00008365  SwiP_or                                                            
0000838d  __aeabi_uldivmod                                                   
000083a1  _args_main                                                         
000083b5  ti_sysbios_family_arm_cc26xx_TimestampProvider_init                
000083dd  ti_sysbios_knl_Swi_Instance_finalize                               
000083f1  pthread_attr_setstacksize                                          
00008403  ti_sysbios_family_arm_m3_Hwi_doSwiRestore                          
00008415  ti_sysbios_family_arm_m3_Hwi_doTaskRestore                         
00008427  ti_sysbios_heaps_HeapMem_Params_init                               
00008439  ti_sysbios_heaps_HeapMem_init                                      
0000844b  ti_sysbios_knl_Clock_Params_init                                   
0000845d  ti_sysbios_knl_Clock_tick                                          
0000846f  ti_sysbios_knl_Queue_Instance_init                                 
00008481  ti_sysbios_knl_Semaphore_Params_init                               
00008493  TI_memcpy_small                                                    
000084a5  BIOS_start                                                         
000084b5  ClockP_getCpuFreq                                                  
000084c5  ClockP_getTimeout                                                  
000084d5  ClockP_isActive                                                    
000084e5  ClockP_start                                                       
000084f5  ClockP_stop                                                        
00008505  GPIO_write                                                         
00008515  HwiP_disable                                                       
00008525  HwiP_enableInterrupt                                               
00008535  HwiP_post                                                          
00008545  HwiP_restore                                                       
00008555  NOROM_RFCCpeIntGetAndClear                                         
00008565  NOROM_RFCHwIntGetAndClear                                          
00008575  PowerCC26X2_oscCtlClearXtal                                        
00008585  PowerCC26X2_prcmEnableCacheRetention                               
00008595  PowerCC26X2_readCtrim                                              
000085a5  PowerCC26X2_readCtrimFract                                         
000085b5  PowerCC26X2_readRtrim                                              
000085c5  PowerCC26X2_switchToTCXO                                           
000085d5  RingBuf_construct                                                  
000085e5  SemaphoreP_post                                                    
000085f5  SwiP_disable                                                       
00008605  SwiP_getTrigger                                                    
00008615  SwiP_restore                                                       
00008635  pthread_self                                                       
00008645  ti_sysbios_family_arm_cc26xx_Timer_setPeriod                       
00008655  ti_sysbios_knl_ClockSupport_getMaxTicks                            
00008665  ti_sysbios_knl_Clock_isActive                                      
00008675  ti_sysbios_knl_Clock_removeI                                       
00008685  ti_sysbios_knl_Clock_setTimeout                                    
00008695  ti_sysbios_knl_Idle_loop                                           
000086a5  ti_sysbios_knl_Queue_destruct                                      
000086b5  ti_sysbios_knl_Queue_elemClear                                     
000086c5  ti_sysbios_knl_Swi_enabled                                         
000086d5  ti_sysbios_runtime_SystemSupport_exit                              
000086e5  __TI_zero_init                                                     
000086f5  BIOS_linkedWithIncorrectBootLibrary                                
00008765  ti_sysbios_heaps_HeapMem_isBlocking                                
00008773  ti_sysbios_knl_Clock_stop                                          
00008781  TI_memset_small                                                    
0000878f  __TI_decompress_none                                               
000087a9  BIOS_getThreadType                                                 
000087b5  ClockP_getSystemTickPeriod                                         
000087cd  PowerCC26X2_oscClockSourceGet                                      
000087d9  PowerCC26X2_setPeriphDeepSleepEnable                               
000087e5  PowerCC26X2_sysCtrlGetResetSource                                  
000087f1  PowerCC26X2_sysCtrlUpdateVoltageRegulator                          
000087fd  Power_getConstraintMask                                            
00008809  RF_Params_init                                                     
00008815  UART2Support_enableRx                                              
00008821  UART2_Params_init                                                  
0000882d  _register_lock                                                     
00008839  _register_unlock                                                   
00008845  ti_sysbios_knl_Queue_head                                          
00008851  ti_sysbios_knl_Queue_next                                          
0000885d  ti_sysbios_knl_Queue_prev                                          
00008869  ti_sysbios_knl_Swi_getTrigger                                      
00008875  ti_sysbios_knl_Swi_postInit                                        
00008881  ti_sysbios_knl_Swi_self                                            
0000888d  ti_sysbios_knl_Task_getArg1                                        
00008899  ti_sysbios_knl_Task_getEnv                                         
000088a5  ti_sysbios_knl_Task_self                                           
000088bb  PowerCC26X2_sysCtrlStandby                                         
000088c5  UDMACC26XX_hwiIntFxn                                               
00008901  ti_sysbios_knl_Swi_startup                                         
0000890b  ti_sysbios_runtime_Error_check                                     
00008929  Boot_trimDevice                                                    
00008931  NOROM_CPUcpsid                                                     
00008939  NOROM_CPUcpsie                                                     
00008949  PowerCC26X2_oschfTrySwitchToXosc                                   
00008951  ResetISR                                                           
00008959  __aeabi_memclr                                                     
00008959  __aeabi_memclr4                                                    
00008959  __aeabi_memclr8                                                    
00008961  _system_post_cinit                                                 
00008969  _system_pre_init                                                   
00008971  ti_sysbios_family_arm_m3_Hwi_startup                               
00008979  ti_sysbios_runtime_Startup_reset                                   
00008981  ti_sysbios_runtime_SysCallback_defaultExit                         
00008989  ti_sysbios_runtime_SystemSupport_init                              
00008991  ti_sysbios_runtime_System_exitSpin                                 
00008999  GPIO_setConfig                                                     
0000899f  NOROM_CPUdelay                                                     
000089b7  NOROM_RFCOverrideUpdate                                            
000089bf  PowerCC26X2_oschfSwitchToRcosc                                     
000089c3  PowerCC26X2_sysCtrlIdle                                            
000089c7  PowerCC26X2_turnOnXosc                                             
000089cb  RF_defaultExecutionPolicy                                          
000089cf  RingBuf_getCount                                                   
000089d5  __aeabi_memcpy                                                     
000089d5  __aeabi_memcpy4                                                    
000089d5  __aeabi_memcpy8                                                    
000089e1  ti_sysbios_gates_GateMutex_canBlock                                
000089e5  ti_sysbios_knl_TaskSupport_getStackAlignment                       
000089e9  ti_sysbios_runtime_Memory_getMaxDefaultTypeAlign                   
00009068  resourceDB                                                         
000090bc  UART2_defaultParams                                                
00009141  GPIO_pinLowerBound                                                 
00009142  GPIO_pinUpperBound                                                 
00009143  UART2_count                                                        
00009178  PowerCC26X2_config                                                 
000091a0  GPIO_config                                                        
000091b0  RFCC26XX_hwAttrs                                                   
000091e8  UART2_config                                                       
000091f0  UDMACC26XX_config                                                  
00009200  ti_sysbios_knl_Idle_funcList                                       
00009208  udmaCC26XXHWAttrs                                                  
0000921f  ti_sysbios_knl_Clock_tickMode                                      
00009220  TimestampP_nativeFormat32                                          
00009224  TimestampP_nativeFormat64                                          
0000922c  ti_sysbios_family_arm_m3_Hwi_swiTaskKeyAddress                     
00009234  ti_sysbios_knl_Clock_tickPeriod                                    
00009238  ti_sysbios_knl_Swi_numPriorities                                   
0000923c  ti_sysbios_knl_Task_defaultStackSize                               
00009240  ti_sysbios_knl_Task_numPriorities                                  
00009244  ti_sysbios_knl_Task_checkStackFlag                                 
00009245  ti_sysbios_knl_Task_initStackFlag                                  
00009248  __c_args__                                                         
00009370  __TI_Handler_Table_Base                                            
0000937c  __TI_Handler_Table_Limit                                           
00009394  __TI_CINIT_Base                                                    
000093b4  __TI_CINIT_Limit                                                   
000093b4  __TI_CINIT_Warm                                                    
00057fa8  __ccfg                                                             
20000000  __start___llvm_prf_bits                                            
20000000  __start___llvm_prf_cnts                                            
20000000  __stop___llvm_prf_bits                                             
20000000  __stop___llvm_prf_cnts                                             
200002c0  ti_sysbios_knl_Idle_taskStack                                      
200004c0  uart2CC26X2Objects                                                 
20000730  ti_sysbios_family_arm_m3_Hwi_dispatchTable                         
200008d0  gpioCallbackFunctions                                              
2000094c  gpioUserArgs                                                       
20000a30  ti_sysbios_knl_ClockSupport_timerStruct                            
20000a90  ti_sysbios_knl_Idle_taskStruct                                     
20000bac  ti_sysbios_knl_Swi_readyQs                                         
20000bdc  ti_sysbios_knl_Task_readyQs                                        
20000c0c  BIOS_heapMemObject                                                 
20000c38  BIOS_rtsGate                                                       
20000c60  ti_sysbios_heaps_HeapMem_gate                                      
20000cc8  ti_sysbios_runtime_System_atexitHandlers                           
20000ce8  udmaCC26XXObject                                                   
20000d44  PowerCC26XX_swiKey                                                 
20000d48  PowerCC26XX_taskKey                                                
20000d4c  ti_sysbios_family_arm_cc26xx_TimestampProvider_Module_state        
20000d50  ti_sysbios_knl_Task_defaultStackHeap                               
20000d54  PowerCC26X2_module                                                 
20000ec8  gpioPinConfigs                                                     
20000fac  ti_sysbios_knl_Clock_Module_state                                  
200010d0  ti_sysbios_family_arm_m3_Hwi_Module_state                          
2000110c  ti_sysbios_knl_Task_Module_state                                   
20001148  BIOS_Module_state                                                  
20001174  RF_cmdPropRadioDivSetup_custom868_0                                
2000119c  pOverrides_custom868_0                                             
200011c4  ti_sysbios_knl_Swi_Module_state                                    
200011ec  RF_cmdFs_custom868_0                                               
20001204  RF_cmdPropTx_custom868_0                                           
20001240  RF_prop_custom868_0                                                
20001250  _hposcCoeffs                                                       
20001260  ti_sysbios_family_arm_cc26xx_Timer_Module_state                    
2000126c  ti_sysbios_runtime_Error_ignore                                    
20001278  ti_sysbios_runtime_System_Module_state                             
2000128c  RFCC26XX_schedulerPolicy                                           
20001294  ti_sysbios_gates_GateMutex_Module_state                            
2000129c  ti_sysbios_heaps_HeapMem_Module_state                              
200012a4  ti_sysbios_knl_Semaphore_Module_state                              
200012b4  _lock                                                              
200012b8  _unlock                                                            
200012c0  ti_sysbios_runtime_Memory_defaultHeapInstance                      
200012c6  ti_sysbios_knl_Idle_initDone                                       
200012c7  ti_sysbios_runtime_Startup_done                                    
20001300  ti_sysbios_family_arm_m3_Hwi_ramVectors                            
20001870  __primary_heap_start__                                             
20005870  __primary_heap_end__                                               
20013a00  __stack                                                            
20014000  __STACK_END                                                        
90000000  TimestampP_nativeFormat64_copy                                     
90000004  TimestampP_nativeFormat32_copy                                     
ffffffff  __TI_pprof_out_hndl                                                
ffffffff  __TI_prof_data_size                                                
ffffffff  __TI_prof_data_start                                               
ffffffff  __binit__                                                          
ffffffff  binit                                                              
UNDEFED   ITM_flush                                                          
UNDEFED   ITM_restore                                                        
UNDEFED   __mpu_init                                                         

[485 symbols]
