<?xml version="1.0" encoding="ISO-8859-1" ?>
<link_info>
   <banner>TI ARM Clang Linker PC v3.2.2.LTS</banner>
   <copyright>Copyright (c) 1996-2018 Texas Instruments Incorporated</copyright>
   <link_time>0x69fc3a77</link_time>
   <link_errors>0x0</link_errors>
   <output_file>C:\Users\jim94\workspace_ccstheia\rfPacketRx\Debug\rfPacketRx.out</output_file>
   <entry_point>
      <name>ResetISR</name>
      <address>0x8b21</address>
   </entry_point>
   <input_file_list>
      <input_file id="fl-1">
         <path>C:\Users\jim94\workspace_ccstheia\rfPacketRx\Debug\.\</path>
         <kind>object</kind>
         <file>RFQueue.o</file>
         <name>RFQueue.o</name>
      </input_file>
      <input_file id="fl-2">
         <path>C:\Users\jim94\workspace_ccstheia\rfPacketRx\Debug\.\</path>
         <kind>object</kind>
         <file>main_tirtos.o</file>
         <name>main_tirtos.o</name>
      </input_file>
      <input_file id="fl-3">
         <path>C:\Users\jim94\workspace_ccstheia\rfPacketRx\Debug\.\</path>
         <kind>object</kind>
         <file>rfPacketRx.o</file>
         <name>rfPacketRx.o</name>
      </input_file>
      <input_file id="fl-4">
         <path>C:\Users\jim94\workspace_ccstheia\rfPacketRx\Debug\.\syscfg\</path>
         <kind>object</kind>
         <file>ti_devices_config.o</file>
         <name>ti_devices_config.o</name>
      </input_file>
      <input_file id="fl-5">
         <path>C:\Users\jim94\workspace_ccstheia\rfPacketRx\Debug\.\syscfg\</path>
         <kind>object</kind>
         <file>ti_radio_config.o</file>
         <name>ti_radio_config.o</name>
      </input_file>
      <input_file id="fl-6">
         <path>C:\Users\jim94\workspace_ccstheia\rfPacketRx\Debug\.\syscfg\</path>
         <kind>object</kind>
         <file>ti_drivers_config.o</file>
         <name>ti_drivers_config.o</name>
      </input_file>
      <input_file id="fl-7">
         <path>C:\Users\jim94\workspace_ccstheia\rfPacketRx\Debug\.\syscfg\</path>
         <kind>object</kind>
         <file>ti_sysbios_config.o</file>
         <name>ti_sysbios_config.o</name>
      </input_file>
      <input_file id="fl-19">
         <path>C:\Users\jim94\workspace_ccstheia\rfPacketRx\Debug\</path>
         <kind>object</kind>
         <file>&lt;internal&gt;</file>
         <name>&lt;internal&gt;</name>
      </input_file>
      <input_file id="fl-1a">
         <path>C:\ti\simplelink_cc13xx_cc26xx_sdk_8_32_00_07\source\ti\display\lib\ticlang\m4f\</path>
         <kind>archive</kind>
         <file>display_cc13x2.a</file>
         <name>DisplayUart2.c.obj</name>
      </input_file>
      <input_file id="fl-1b">
         <path>C:\ti\simplelink_cc13xx_cc26xx_sdk_8_32_00_07\source\ti\drivers\rf\lib\ticlang\m4f\</path>
         <kind>archive</kind>
         <file>rf_multiMode_cc13x2.a</file>
         <name>RFCC26X2_multiMode.c.cc13x2.ticlang.o</name>
      </input_file>
      <input_file id="fl-1c">
         <path>C:\ti\simplelink_cc13xx_cc26xx_sdk_8_32_00_07\source\ti\drivers\rf\lib\ticlang\m4f\</path>
         <kind>archive</kind>
         <file>rf_multiMode_cc13x2.a</file>
         <name>rfc.c.cc13x2.ticlang.o</name>
      </input_file>
      <input_file id="fl-1d">
         <path>C:\ti\simplelink_cc13xx_cc26xx_sdk_8_32_00_07\source\ti\drivers\rf\lib\ticlang\m4f\</path>
         <kind>archive</kind>
         <file>rf_multiMode_cc13x2.a</file>
         <name>rf_patch_cpe_prop.c.cc13x2.ticlang.o</name>
      </input_file>
      <input_file id="fl-1e">
         <path>C:\ti\simplelink_cc13xx_cc26xx_sdk_8_32_00_07\source\ti\drivers\lib\ticlang\m4f\</path>
         <kind>archive</kind>
         <file>drivers_cc13x2.a</file>
         <name>List.c.obj</name>
      </input_file>
      <input_file id="fl-1f">
         <path>C:\ti\simplelink_cc13xx_cc26xx_sdk_8_32_00_07\source\ti\drivers\lib\ticlang\m4f\</path>
         <kind>archive</kind>
         <file>drivers_cc13x2.a</file>
         <name>GPIO.c.obj</name>
      </input_file>
      <input_file id="fl-20">
         <path>C:\ti\simplelink_cc13xx_cc26xx_sdk_8_32_00_07\source\ti\drivers\lib\ticlang\m4f\</path>
         <kind>archive</kind>
         <file>drivers_cc13x2.a</file>
         <name>GPIOCC26XX.c.obj</name>
      </input_file>
      <input_file id="fl-21">
         <path>C:\ti\simplelink_cc13xx_cc26xx_sdk_8_32_00_07\source\ti\drivers\lib\ticlang\m4f\</path>
         <kind>archive</kind>
         <file>drivers_cc13x2.a</file>
         <name>PowerCC26X2.c.obj</name>
      </input_file>
      <input_file id="fl-22">
         <path>C:\ti\simplelink_cc13xx_cc26xx_sdk_8_32_00_07\source\ti\drivers\lib\ticlang\m4f\</path>
         <kind>archive</kind>
         <file>drivers_cc13x2.a</file>
         <name>PowerCC26X2_calibrateRCOSC.c.obj</name>
      </input_file>
      <input_file id="fl-23">
         <path>C:\ti\simplelink_cc13xx_cc26xx_sdk_8_32_00_07\source\ti\drivers\lib\ticlang\m4f\</path>
         <kind>archive</kind>
         <file>drivers_cc13x2.a</file>
         <name>TemperatureCC26X2.c.obj</name>
      </input_file>
      <input_file id="fl-24">
         <path>C:\ti\simplelink_cc13xx_cc26xx_sdk_8_32_00_07\source\ti\drivers\lib\ticlang\m4f\</path>
         <kind>archive</kind>
         <file>drivers_cc13x2.a</file>
         <name>UART2.c.obj</name>
      </input_file>
      <input_file id="fl-25">
         <path>C:\ti\simplelink_cc13xx_cc26xx_sdk_8_32_00_07\source\ti\drivers\lib\ticlang\m4f\</path>
         <kind>archive</kind>
         <file>drivers_cc13x2.a</file>
         <name>UART2CC26X2.c.obj</name>
      </input_file>
      <input_file id="fl-26">
         <path>C:\ti\simplelink_cc13xx_cc26xx_sdk_8_32_00_07\source\ti\drivers\lib\ticlang\m4f\</path>
         <kind>archive</kind>
         <file>drivers_cc13x2.a</file>
         <name>GPIOCC26X2.c.obj</name>
      </input_file>
      <input_file id="fl-27">
         <path>C:\ti\simplelink_cc13xx_cc26xx_sdk_8_32_00_07\source\ti\drivers\lib\ticlang\m4f\</path>
         <kind>archive</kind>
         <file>drivers_cc13x2.a</file>
         <name>PowerCC26X2_calibrateRCOSC_helpers.c.obj</name>
      </input_file>
      <input_file id="fl-28">
         <path>C:\ti\simplelink_cc13xx_cc26xx_sdk_8_32_00_07\source\ti\drivers\lib\ticlang\m4f\</path>
         <kind>archive</kind>
         <file>drivers_cc13x2.a</file>
         <name>PowerCC26X2_helpers.c.obj</name>
      </input_file>
      <input_file id="fl-29">
         <path>C:\ti\simplelink_cc13xx_cc26xx_sdk_8_32_00_07\source\ti\drivers\lib\ticlang\m4f\</path>
         <kind>archive</kind>
         <file>drivers_cc13x2.a</file>
         <name>RingBuf.c.obj</name>
      </input_file>
      <input_file id="fl-2a">
         <path>C:\ti\simplelink_cc13xx_cc26xx_sdk_8_32_00_07\source\ti\drivers\lib\ticlang\m4f\</path>
         <kind>archive</kind>
         <file>drivers_cc13x2.a</file>
         <name>UDMACC26XX.c.obj</name>
      </input_file>
      <input_file id="fl-2b">
         <path>C:\ti\simplelink_cc13xx_cc26xx_sdk_8_32_00_07\source\ti\devices\cc13x2_cc26x2\driverlib\bin\ticlang\</path>
         <kind>archive</kind>
         <file>driverlib.lib</file>
         <name>chipinfo.c.obj</name>
      </input_file>
      <input_file id="fl-2c">
         <path>C:\ti\simplelink_cc13xx_cc26xx_sdk_8_32_00_07\source\ti\devices\cc13x2_cc26x2\driverlib\bin\ticlang\</path>
         <kind>archive</kind>
         <file>driverlib.lib</file>
         <name>cpu.c.obj</name>
      </input_file>
      <input_file id="fl-2d">
         <path>C:\ti\simplelink_cc13xx_cc26xx_sdk_8_32_00_07\source\ti\devices\cc13x2_cc26x2\driverlib\bin\ticlang\</path>
         <kind>archive</kind>
         <file>driverlib.lib</file>
         <name>osc.c.obj</name>
      </input_file>
      <input_file id="fl-2e">
         <path>C:\ti\simplelink_cc13xx_cc26xx_sdk_8_32_00_07\source\ti\devices\cc13x2_cc26x2\driverlib\bin\ticlang\</path>
         <kind>archive</kind>
         <file>driverlib.lib</file>
         <name>prcm.c.obj</name>
      </input_file>
      <input_file id="fl-2f">
         <path>C:\ti\simplelink_cc13xx_cc26xx_sdk_8_32_00_07\source\ti\devices\cc13x2_cc26x2\driverlib\bin\ticlang\</path>
         <kind>archive</kind>
         <file>driverlib.lib</file>
         <name>setup.c.obj</name>
      </input_file>
      <input_file id="fl-30">
         <path>C:\ti\simplelink_cc13xx_cc26xx_sdk_8_32_00_07\source\ti\devices\cc13x2_cc26x2\driverlib\bin\ticlang\</path>
         <kind>archive</kind>
         <file>driverlib.lib</file>
         <name>sys_ctrl.c.obj</name>
      </input_file>
      <input_file id="fl-31">
         <path>C:\ti\simplelink_cc13xx_cc26xx_sdk_8_32_00_07\source\ti\devices\cc13x2_cc26x2\driverlib\bin\ticlang\</path>
         <kind>archive</kind>
         <file>driverlib.lib</file>
         <name>aux_sysif.c.obj</name>
      </input_file>
      <input_file id="fl-32">
         <path>C:\ti\simplelink_cc13xx_cc26xx_sdk_8_32_00_07\kernel\tirtos7\packages\ti\sysbios\lib\ticlang\m4f\</path>
         <kind>archive</kind>
         <file>sysbios.a</file>
         <name>TaskSupport_asm_gcc.s.obj</name>
      </input_file>
      <input_file id="fl-33">
         <path>C:\ti\simplelink_cc13xx_cc26xx_sdk_8_32_00_07\kernel\tirtos7\packages\ti\sysbios\lib\ticlang\m4f\</path>
         <kind>archive</kind>
         <file>sysbios.a</file>
         <name>Hwi_asm_gcc.s.obj</name>
      </input_file>
      <input_file id="fl-34">
         <path>C:\ti\simplelink_cc13xx_cc26xx_sdk_8_32_00_07\kernel\tirtos7\packages\ti\sysbios\lib\ticlang\m4f\</path>
         <kind>archive</kind>
         <file>sysbios.a</file>
         <name>Hwi_asm_switch_gcc.s.obj</name>
      </input_file>
      <input_file id="fl-35">
         <path>C:\ti\simplelink_cc13xx_cc26xx_sdk_8_32_00_07\kernel\tirtos7\packages\ti\sysbios\lib\ticlang\m4f\</path>
         <kind>archive</kind>
         <file>sysbios.a</file>
         <name>boot_cortex_m.c.obj</name>
      </input_file>
      <input_file id="fl-44">
         <path>C:\ti\ti_cgt_arm_llvm_3.2.2.LTS\lib\armv7em-ti-none-eabihf\c\</path>
         <kind>archive</kind>
         <file>libc.a</file>
         <name>strcmp_t2.S.obj</name>
      </input_file>
      <input_file id="fl-45">
         <path>C:\ti\ti_cgt_arm_llvm_3.2.2.LTS\lib\armv7em-ti-none-eabihf\c\</path>
         <kind>archive</kind>
         <file>libc.a</file>
         <name>aeabi_portable.c.obj</name>
      </input_file>
      <input_file id="fl-46">
         <path>C:\ti\ti_cgt_arm_llvm_3.2.2.LTS\lib\armv7em-ti-none-eabihf\c\</path>
         <kind>archive</kind>
         <file>libc.a</file>
         <name>exit.c.obj</name>
      </input_file>
      <input_file id="fl-47">
         <path>C:\ti\ti_cgt_arm_llvm_3.2.2.LTS\lib\armv7em-ti-none-eabihf\c\</path>
         <kind>archive</kind>
         <file>libc.a</file>
         <name>_lock.c.obj</name>
      </input_file>
      <input_file id="fl-48">
         <path>C:\ti\ti_cgt_arm_llvm_3.2.2.LTS\lib\armv7em-ti-none-eabihf\c\</path>
         <kind>archive</kind>
         <file>libc.a</file>
         <name>args_main.c.obj</name>
      </input_file>
      <input_file id="fl-49">
         <path>C:\ti\ti_cgt_arm_llvm_3.2.2.LTS\lib\armv7em-ti-none-eabihf\c\</path>
         <kind>archive</kind>
         <file>libc.a</file>
         <name>assert.c.obj</name>
      </input_file>
      <input_file id="fl-4a">
         <path>C:\ti\ti_cgt_arm_llvm_3.2.2.LTS\lib\armv7em-ti-none-eabihf\c\</path>
         <kind>archive</kind>
         <file>libc.a</file>
         <name>defs.c.obj</name>
      </input_file>
      <input_file id="fl-4b">
         <path>C:\ti\ti_cgt_arm_llvm_3.2.2.LTS\lib\armv7em-ti-none-eabihf\c\</path>
         <kind>archive</kind>
         <file>libc.a</file>
         <name>strcpy.c.obj</name>
      </input_file>
      <input_file id="fl-4c">
         <path>C:\ti\ti_cgt_arm_llvm_3.2.2.LTS\lib\armv7em-ti-none-eabihf\c\</path>
         <kind>archive</kind>
         <file>libc.a</file>
         <name>strlen.c.obj</name>
      </input_file>
      <input_file id="fl-4d">
         <path>C:\ti\ti_cgt_arm_llvm_3.2.2.LTS\lib\armv7em-ti-none-eabihf\c\</path>
         <kind>archive</kind>
         <file>libc.a</file>
         <name>autoinit.c.obj</name>
      </input_file>
      <input_file id="fl-4e">
         <path>C:\ti\ti_cgt_arm_llvm_3.2.2.LTS\lib\armv7em-ti-none-eabihf\c\</path>
         <kind>archive</kind>
         <file>libc.a</file>
         <name>cpy_tbl.c.obj</name>
      </input_file>
      <input_file id="fl-4f">
         <path>C:\ti\ti_cgt_arm_llvm_3.2.2.LTS\lib\armv7em-ti-none-eabihf\c\</path>
         <kind>archive</kind>
         <file>libc.a</file>
         <name>copy_zero_init.c.obj</name>
      </input_file>
      <input_file id="fl-50">
         <path>C:\ti\ti_cgt_arm_llvm_3.2.2.LTS\lib\armv7em-ti-none-eabihf\c\</path>
         <kind>archive</kind>
         <file>libc.a</file>
         <name>copy_decompress_none.c.obj</name>
      </input_file>
      <input_file id="fl-51">
         <path>C:\ti\ti_cgt_arm_llvm_3.2.2.LTS\lib\armv7em-ti-none-eabihf\c\</path>
         <kind>archive</kind>
         <file>libc.a</file>
         <name>copy_decompress_lzss.c.obj</name>
      </input_file>
      <input_file id="fl-52">
         <path>C:\ti\ti_cgt_arm_llvm_3.2.2.LTS\lib\armv7em-ti-none-eabihf\c\</path>
         <kind>archive</kind>
         <file>libc.a</file>
         <name>sprintf.c.obj</name>
      </input_file>
      <input_file id="fl-53">
         <path>C:\ti\ti_cgt_arm_llvm_3.2.2.LTS\lib\armv7em-ti-none-eabihf\c\</path>
         <kind>archive</kind>
         <file>libc.a</file>
         <name>fflush.c.obj</name>
      </input_file>
      <input_file id="fl-54">
         <path>C:\ti\ti_cgt_arm_llvm_3.2.2.LTS\lib\armv7em-ti-none-eabihf\c\</path>
         <kind>archive</kind>
         <file>libc.a</file>
         <name>fputs.c.obj</name>
      </input_file>
      <input_file id="fl-55">
         <path>C:\ti\ti_cgt_arm_llvm_3.2.2.LTS\lib\armv7em-ti-none-eabihf\c\</path>
         <kind>archive</kind>
         <file>libc.a</file>
         <name>_io_perm.c.obj</name>
      </input_file>
      <input_file id="fl-56">
         <path>C:\ti\ti_cgt_arm_llvm_3.2.2.LTS\lib\armv7em-ti-none-eabihf\c\</path>
         <kind>archive</kind>
         <file>libc.a</file>
         <name>setvbuf.c.obj</name>
      </input_file>
      <input_file id="fl-57">
         <path>C:\ti\ti_cgt_arm_llvm_3.2.2.LTS\lib\armv7em-ti-none-eabihf\c\</path>
         <kind>archive</kind>
         <file>libc.a</file>
         <name>_printfi.c.obj</name>
      </input_file>
      <input_file id="fl-58">
         <path>C:\ti\ti_cgt_arm_llvm_3.2.2.LTS\lib\armv7em-ti-none-eabihf\c\</path>
         <kind>archive</kind>
         <file>libc.a</file>
         <name>fopen.c.obj</name>
      </input_file>
      <input_file id="fl-59">
         <path>C:\ti\ti_cgt_arm_llvm_3.2.2.LTS\lib\armv7em-ti-none-eabihf\c\</path>
         <kind>archive</kind>
         <file>libc.a</file>
         <name>fseek.c.obj</name>
      </input_file>
      <input_file id="fl-5a">
         <path>C:\ti\ti_cgt_arm_llvm_3.2.2.LTS\lib\armv7em-ti-none-eabihf\c\</path>
         <kind>archive</kind>
         <file>libc.a</file>
         <name>s_frexp.c.obj</name>
      </input_file>
      <input_file id="fl-5b">
         <path>C:\ti\ti_cgt_arm_llvm_3.2.2.LTS\lib\armv7em-ti-none-eabihf\c\</path>
         <kind>archive</kind>
         <file>libc.a</file>
         <name>s_scalbn.c.obj</name>
      </input_file>
      <input_file id="fl-5c">
         <path>C:\ti\ti_cgt_arm_llvm_3.2.2.LTS\lib\armv7em-ti-none-eabihf\c\</path>
         <kind>archive</kind>
         <file>libc.a</file>
         <name>_ltoa.c.obj</name>
      </input_file>
      <input_file id="fl-5d">
         <path>C:\ti\ti_cgt_arm_llvm_3.2.2.LTS\lib\armv7em-ti-none-eabihf\c\</path>
         <kind>archive</kind>
         <file>libc.a</file>
         <name>atoi.c.obj</name>
      </input_file>
      <input_file id="fl-5e">
         <path>C:\ti\ti_cgt_arm_llvm_3.2.2.LTS\lib\armv7em-ti-none-eabihf\c\</path>
         <kind>archive</kind>
         <file>libc.a</file>
         <name>memccpy.c.obj</name>
      </input_file>
      <input_file id="fl-5f">
         <path>C:\ti\ti_cgt_arm_llvm_3.2.2.LTS\lib\armv7em-ti-none-eabihf\c\</path>
         <kind>archive</kind>
         <file>libc.a</file>
         <name>wcslen.c.obj</name>
      </input_file>
      <input_file id="fl-60">
         <path>C:\ti\ti_cgt_arm_llvm_3.2.2.LTS\lib\armv7em-ti-none-eabihf\c\</path>
         <kind>archive</kind>
         <file>libc.a</file>
         <name>fclose.c.obj</name>
      </input_file>
      <input_file id="fl-61">
         <path>C:\ti\ti_cgt_arm_llvm_3.2.2.LTS\lib\armv7em-ti-none-eabihf\c\</path>
         <kind>archive</kind>
         <file>libc.a</file>
         <name>aeabi_ctype.S.obj</name>
      </input_file>
      <input_file id="fl-c7">
         <path>C:\ti\ti_cgt_arm_llvm_3.2.2.LTS\lib\armv7em-ti-none-eabihf\c\</path>
         <kind>archive</kind>
         <file>libsysbm.a</file>
         <name>write.c.obj</name>
      </input_file>
      <input_file id="fl-c8">
         <path>C:\ti\ti_cgt_arm_llvm_3.2.2.LTS\lib\armv7em-ti-none-eabihf\c\</path>
         <kind>archive</kind>
         <file>libsysbm.a</file>
         <name>host_device.c.obj</name>
      </input_file>
      <input_file id="fl-c9">
         <path>C:\ti\ti_cgt_arm_llvm_3.2.2.LTS\lib\armv7em-ti-none-eabihf\c\</path>
         <kind>archive</kind>
         <file>libsysbm.a</file>
         <name>remove.c.obj</name>
      </input_file>
      <input_file id="fl-ca">
         <path>C:\ti\ti_cgt_arm_llvm_3.2.2.LTS\lib\armv7em-ti-none-eabihf\c\</path>
         <kind>archive</kind>
         <file>libsysbm.a</file>
         <name>open.c.obj</name>
      </input_file>
      <input_file id="fl-cb">
         <path>C:\ti\ti_cgt_arm_llvm_3.2.2.LTS\lib\armv7em-ti-none-eabihf\c\</path>
         <kind>archive</kind>
         <file>libsysbm.a</file>
         <name>lseek.c.obj</name>
      </input_file>
      <input_file id="fl-cc">
         <path>C:\ti\ti_cgt_arm_llvm_3.2.2.LTS\lib\armv7em-ti-none-eabihf\c\</path>
         <kind>archive</kind>
         <file>libsysbm.a</file>
         <name>close.c.obj</name>
      </input_file>
      <input_file id="fl-cd">
         <path>C:\ti\ti_cgt_arm_llvm_3.2.2.LTS\lib\armv7em-ti-none-eabihf\c\</path>
         <kind>archive</kind>
         <file>libsysbm.a</file>
         <name>unlink.c.obj</name>
      </input_file>
      <input_file id="fl-ce">
         <path>C:\ti\ti_cgt_arm_llvm_3.2.2.LTS\lib\armv7em-ti-none-eabihf\c\</path>
         <kind>archive</kind>
         <file>libsysbm.a</file>
         <name>hostclose.c.obj</name>
      </input_file>
      <input_file id="fl-cf">
         <path>C:\ti\ti_cgt_arm_llvm_3.2.2.LTS\lib\armv7em-ti-none-eabihf\c\</path>
         <kind>archive</kind>
         <file>libsysbm.a</file>
         <name>hostlseek.c.obj</name>
      </input_file>
      <input_file id="fl-d0">
         <path>C:\ti\ti_cgt_arm_llvm_3.2.2.LTS\lib\armv7em-ti-none-eabihf\c\</path>
         <kind>archive</kind>
         <file>libsysbm.a</file>
         <name>hostopen.c.obj</name>
      </input_file>
      <input_file id="fl-d1">
         <path>C:\ti\ti_cgt_arm_llvm_3.2.2.LTS\lib\armv7em-ti-none-eabihf\c\</path>
         <kind>archive</kind>
         <file>libsysbm.a</file>
         <name>hostread.c.obj</name>
      </input_file>
      <input_file id="fl-d2">
         <path>C:\ti\ti_cgt_arm_llvm_3.2.2.LTS\lib\armv7em-ti-none-eabihf\c\</path>
         <kind>archive</kind>
         <file>libsysbm.a</file>
         <name>hostrename.c.obj</name>
      </input_file>
      <input_file id="fl-d3">
         <path>C:\ti\ti_cgt_arm_llvm_3.2.2.LTS\lib\armv7em-ti-none-eabihf\c\</path>
         <kind>archive</kind>
         <file>libsysbm.a</file>
         <name>hostunlink.c.obj</name>
      </input_file>
      <input_file id="fl-d4">
         <path>C:\ti\ti_cgt_arm_llvm_3.2.2.LTS\lib\armv7em-ti-none-eabihf\c\</path>
         <kind>archive</kind>
         <file>libsysbm.a</file>
         <name>hostwrite.c.obj</name>
      </input_file>
      <input_file id="fl-d5">
         <path>C:\ti\ti_cgt_arm_llvm_3.2.2.LTS\lib\armv7em-ti-none-eabihf\c\</path>
         <kind>archive</kind>
         <file>libsysbm.a</file>
         <name>trgmsg.c.obj</name>
      </input_file>
      <input_file id="fl-d6">
         <path>C:\ti\ti_cgt_arm_llvm_3.2.2.LTS\lib\clang\15.0.7\lib\armv7em-ti-none-eabihf\</path>
         <kind>archive</kind>
         <file>libclang_rt.builtins.a</file>
         <name>adddf3.S.obj</name>
      </input_file>
      <input_file id="fl-d7">
         <path>C:\ti\ti_cgt_arm_llvm_3.2.2.LTS\lib\clang\15.0.7\lib\armv7em-ti-none-eabihf\</path>
         <kind>archive</kind>
         <file>libclang_rt.builtins.a</file>
         <name>muldf3.S.obj</name>
      </input_file>
      <input_file id="fl-d8">
         <path>C:\ti\ti_cgt_arm_llvm_3.2.2.LTS\lib\clang\15.0.7\lib\armv7em-ti-none-eabihf\</path>
         <kind>archive</kind>
         <file>libclang_rt.builtins.a</file>
         <name>ashldi3.S.obj</name>
      </input_file>
      <input_file id="fl-d9">
         <path>C:\ti\ti_cgt_arm_llvm_3.2.2.LTS\lib\clang\15.0.7\lib\armv7em-ti-none-eabihf\</path>
         <kind>archive</kind>
         <file>libclang_rt.builtins.a</file>
         <name>ashrdi3.S.obj</name>
      </input_file>
      <input_file id="fl-da">
         <path>C:\ti\ti_cgt_arm_llvm_3.2.2.LTS\lib\clang\15.0.7\lib\armv7em-ti-none-eabihf\</path>
         <kind>archive</kind>
         <file>libclang_rt.builtins.a</file>
         <name>divdf3.S.obj</name>
      </input_file>
      <input_file id="fl-db">
         <path>C:\ti\ti_cgt_arm_llvm_3.2.2.LTS\lib\clang\15.0.7\lib\armv7em-ti-none-eabihf\</path>
         <kind>archive</kind>
         <file>libclang_rt.builtins.a</file>
         <name>extendsfdf2.S.obj</name>
      </input_file>
      <input_file id="fl-dc">
         <path>C:\ti\ti_cgt_arm_llvm_3.2.2.LTS\lib\clang\15.0.7\lib\armv7em-ti-none-eabihf\</path>
         <kind>archive</kind>
         <file>libclang_rt.builtins.a</file>
         <name>fixdfsi.S.obj</name>
      </input_file>
      <input_file id="fl-dd">
         <path>C:\ti\ti_cgt_arm_llvm_3.2.2.LTS\lib\clang\15.0.7\lib\armv7em-ti-none-eabihf\</path>
         <kind>archive</kind>
         <file>libclang_rt.builtins.a</file>
         <name>fixunsdfsi.S.obj</name>
      </input_file>
      <input_file id="fl-de">
         <path>C:\ti\ti_cgt_arm_llvm_3.2.2.LTS\lib\clang\15.0.7\lib\armv7em-ti-none-eabihf\</path>
         <kind>archive</kind>
         <file>libclang_rt.builtins.a</file>
         <name>floatsidf.S.obj</name>
      </input_file>
      <input_file id="fl-df">
         <path>C:\ti\ti_cgt_arm_llvm_3.2.2.LTS\lib\clang\15.0.7\lib\armv7em-ti-none-eabihf\</path>
         <kind>archive</kind>
         <file>libclang_rt.builtins.a</file>
         <name>aeabi_dcmp.S.obj</name>
      </input_file>
      <input_file id="fl-e0">
         <path>C:\ti\ti_cgt_arm_llvm_3.2.2.LTS\lib\clang\15.0.7\lib\armv7em-ti-none-eabihf\</path>
         <kind>archive</kind>
         <file>libclang_rt.builtins.a</file>
         <name>aeabi_ldivmod.S.obj</name>
      </input_file>
      <input_file id="fl-e1">
         <path>C:\ti\ti_cgt_arm_llvm_3.2.2.LTS\lib\clang\15.0.7\lib\armv7em-ti-none-eabihf\</path>
         <kind>archive</kind>
         <file>libclang_rt.builtins.a</file>
         <name>aeabi_memcpy.S.obj</name>
      </input_file>
      <input_file id="fl-e2">
         <path>C:\ti\ti_cgt_arm_llvm_3.2.2.LTS\lib\clang\15.0.7\lib\armv7em-ti-none-eabihf\</path>
         <kind>archive</kind>
         <file>libclang_rt.builtins.a</file>
         <name>aeabi_memset.S.obj</name>
      </input_file>
      <input_file id="fl-e3">
         <path>C:\ti\ti_cgt_arm_llvm_3.2.2.LTS\lib\clang\15.0.7\lib\armv7em-ti-none-eabihf\</path>
         <kind>archive</kind>
         <file>libclang_rt.builtins.a</file>
         <name>aeabi_uldivmod.S.obj</name>
      </input_file>
      <input_file id="fl-e4">
         <path>C:\ti\ti_cgt_arm_llvm_3.2.2.LTS\lib\clang\15.0.7\lib\armv7em-ti-none-eabihf\</path>
         <kind>archive</kind>
         <file>libclang_rt.builtins.a</file>
         <name>udivmoddi4.S.obj</name>
      </input_file>
      <input_file id="fl-e5">
         <path>C:\ti\ti_cgt_arm_llvm_3.2.2.LTS\lib\clang\15.0.7\lib\armv7em-ti-none-eabihf\</path>
         <kind>archive</kind>
         <file>libclang_rt.builtins.a</file>
         <name>comparedf2.c.obj</name>
      </input_file>
      <input_file id="fl-e6">
         <path>C:\ti\ti_cgt_arm_llvm_3.2.2.LTS\lib\clang\15.0.7\lib\armv7em-ti-none-eabihf\</path>
         <kind>archive</kind>
         <file>libclang_rt.builtins.a</file>
         <name>divmoddi4.c.obj</name>
      </input_file>
      <input_file id="fl-e7">
         <path>C:\ti\ti_cgt_arm_llvm_3.2.2.LTS\lib\clang\15.0.7\lib\armv7em-ti-none-eabihf\</path>
         <kind>archive</kind>
         <file>libclang_rt.builtins.a</file>
         <name>aeabi_div0.c.obj</name>
      </input_file>
      <input_file id="fl-e8">
         <path>C:\ti\ti_cgt_arm_llvm_3.2.2.LTS\lib\armv7em-ti-none-eabihf\c\</path>
         <kind>archive</kind>
         <file>libc.a</file>
         <name>getdevice.c.obj</name>
      </input_file>
      <input_file id="fl-e9">
         <path>C:\ti\ti_cgt_arm_llvm_3.2.2.LTS\lib\armv7em-ti-none-eabihf\c\</path>
         <kind>archive</kind>
         <file>libc.a</file>
         <name>memcpy_t2.S.obj</name>
      </input_file>
      <input_file id="fl-ea">
         <path>C:\ti\ti_cgt_arm_llvm_3.2.2.LTS\lib\armv7em-ti-none-eabihf\c\</path>
         <kind>archive</kind>
         <file>libc.a</file>
         <name>memset_t2.S.obj</name>
      </input_file>
   </input_file_list>
   <object_component_list>
      <object_component id="oc-23">
         <name>.resetVecs</name>
         <load_address>0x0</load_address>
         <readonly>true</readonly>
         <run_address>0x0</run_address>
         <size>0x3c</size>
         <alignment>0x4</alignment>
         <input_file_ref idref="fl-7"/>
      </object_component>
      <object_component id="oc-287">
         <name>.text.RF_fsmActiveState</name>
         <load_address>0x3c</load_address>
         <readonly>true</readonly>
         <executable>true</executable>
         <run_address>0x3c</run_address>
         <size>0x490</size>
         <alignment>0x4</alignment>
         <input_file_ref idref="fl-1b"/>
      </object_component>
      <object_component id="oc-11e">
         <name>.text.RF_open</name>
         <load_address>0x4cc</load_address>
         <readonly>true</readonly>
         <executable>true</executable>
         <run_address>0x4cc</run_address>
         <size>0x2a8</size>
         <alignment>0x4</alignment>
         <input_file_ref idref="fl-1b"/>
      </object_component>
      <object_component id="oc-cc">
         <name>.text.ti_sysbios_family_arm_m3_Hwi_excFillContext</name>
         <load_address>0x774</load_address>
         <readonly>true</readonly>
         <executable>true</executable>
         <run_address>0x774</run_address>
         <size>0x1fa</size>
         <alignment>0x4</alignment>
         <input_file_ref idref="fl-7"/>
      </object_component>
      <object_component id="oc-1a7">
         <name>.text.UART2CC26X2_hwiIntFxn</name>
         <load_address>0x96e</load_address>
         <readonly>true</readonly>
         <executable>true</executable>
         <run_address>0x96e</run_address>
         <size>0x1f0</size>
         <alignment>0x2</alignment>
         <input_file_ref idref="fl-25"/>
      </object_component>
      <object_component id="oc-2b6">
         <name>.text.BIOS_nullFunc</name>
         <load_address>0xb5e</load_address>
         <readonly>true</readonly>
         <executable>true</executable>
         <run_address>0xb5e</run_address>
         <size>0x2</size>
         <alignment>0x2</alignment>
         <input_file_ref idref="fl-7"/>
      </object_component>
      <object_component id="oc-286">
         <name>.text.RF_dispatchNextCmd</name>
         <load_address>0xb60</load_address>
         <readonly>true</readonly>
         <executable>true</executable>
         <run_address>0xb60</run_address>
         <size>0x1dc</size>
         <alignment>0x4</alignment>
         <input_file_ref idref="fl-1b"/>
      </object_component>
      <object_component id="oc-3a7">
         <name>.text.ti_sysbios_knl_TaskSupport_buildTaskStack</name>
         <load_address>0xd3c</load_address>
         <readonly>true</readonly>
         <executable>true</executable>
         <run_address>0xd3c</run_address>
         <size>0x1aa</size>
         <alignment>0x2</alignment>
         <input_file_ref idref="fl-7"/>
      </object_component>
      <object_component id="oc-2d1">
         <name>.text.ti_sysbios_family_arm_cc26xx_Timer_construct</name>
         <load_address>0xee6</load_address>
         <readonly>true</readonly>
         <executable>true</executable>
         <run_address>0xee6</run_address>
         <size>0x198</size>
         <alignment>0x2</alignment>
         <input_file_ref idref="fl-7"/>
      </object_component>
      <object_component id="oc-ea">
         <name>.text.Board_initHook</name>
         <load_address>0x107e</load_address>
         <readonly>true</readonly>
         <executable>true</executable>
         <run_address>0x107e</run_address>
         <size>0x2</size>
         <alignment>0x2</alignment>
         <input_file_ref idref="fl-6"/>
      </object_component>
      <object_component id="oc-175">
         <name>.text.PowerCC26X2_auxISR</name>
         <load_address>0x1080</load_address>
         <readonly>true</readonly>
         <executable>true</executable>
         <run_address>0x1080</run_address>
         <size>0x194</size>
         <alignment>0x4</alignment>
         <input_file_ref idref="fl-22"/>
      </object_component>
      <object_component id="oc-2a5">
         <name>.text.ti_sysbios_knl_Task_Instance_init</name>
         <load_address>0x1214</load_address>
         <readonly>true</readonly>
         <executable>true</executable>
         <run_address>0x1214</run_address>
         <size>0x18e</size>
         <alignment>0x2</alignment>
         <input_file_ref idref="fl-7"/>
      </object_component>
      <object_component id="oc-371">
         <name>.text.NOROM_RFCCpePatchReset</name>
         <load_address>0x13a2</load_address>
         <readonly>true</readonly>
         <executable>true</executable>
         <run_address>0x13a2</run_address>
         <size>0x2</size>
         <alignment>0x2</alignment>
         <input_file_ref idref="fl-1c"/>
      </object_component>
      <object_component id="oc-105">
         <name>.text.UART2_open</name>
         <load_address>0x13a4</load_address>
         <readonly>true</readonly>
         <executable>true</executable>
         <run_address>0x13a4</run_address>
         <size>0x18c</size>
         <alignment>0x4</alignment>
         <input_file_ref idref="fl-25"/>
      </object_component>
      <object_component id="oc-322">
         <name>.text.UART2_writeTimeoutBlocking</name>
         <load_address>0x1530</load_address>
         <readonly>true</readonly>
         <executable>true</executable>
         <run_address>0x1530</run_address>
         <size>0x16c</size>
         <alignment>0x2</alignment>
         <input_file_ref idref="fl-24"/>
      </object_component>
      <object_component id="oc-2e3">
         <name>.text.Power_sleep</name>
         <load_address>0x169c</load_address>
         <readonly>true</readonly>
         <executable>true</executable>
         <run_address>0x169c</run_address>
         <size>0x158</size>
         <alignment>0x4</alignment>
         <input_file_ref idref="fl-21"/>
      </object_component>
      <object_component id="oc-bc">
         <name>.text.pthread_create</name>
         <load_address>0x17f4</load_address>
         <readonly>true</readonly>
         <executable>true</executable>
         <run_address>0x17f4</run_address>
         <size>0x14e</size>
         <alignment>0x2</alignment>
         <input_file_ref idref="fl-7"/>
      </object_component>
      <object_component id="oc-1de">
         <name>.text.RF_defaultCallback</name>
         <load_address>0x1942</load_address>
         <readonly>true</readonly>
         <executable>true</executable>
         <run_address>0x1942</run_address>
         <size>0x2</size>
         <alignment>0x2</alignment>
         <input_file_ref idref="fl-1b"/>
      </object_component>
      <object_component id="oc-28e">
         <name>.text.RF_radioOpDoneCb</name>
         <load_address>0x1944</load_address>
         <readonly>true</readonly>
         <executable>true</executable>
         <run_address>0x1944</run_address>
         <size>0x14c</size>
         <alignment>0x4</alignment>
         <input_file_ref idref="fl-1b"/>
      </object_component>
      <object_component id="oc-235">
         <name>.text.PowerCC26XX_standbyPolicy</name>
         <load_address>0x1a90</load_address>
         <readonly>true</readonly>
         <executable>true</executable>
         <run_address>0x1a90</run_address>
         <size>0x13e</size>
         <alignment>0x2</alignment>
         <input_file_ref idref="fl-7"/>
      </object_component>
      <object_component id="oc-341">
         <name>.text.ti_sysbios_heaps_HeapMem_allocUnprotected</name>
         <load_address>0x1bce</load_address>
         <readonly>true</readonly>
         <executable>true</executable>
         <run_address>0x1bce</run_address>
         <size>0x13e</size>
         <alignment>0x2</alignment>
         <input_file_ref idref="fl-7"/>
      </object_component>
      <object_component id="oc-221">
         <name>.text.ti_sysbios_knl_Clock_workFuncDynamic</name>
         <load_address>0x1d0c</load_address>
         <readonly>true</readonly>
         <executable>true</executable>
         <run_address>0x1d0c</run_address>
         <size>0x13c</size>
         <alignment>0x2</alignment>
         <input_file_ref idref="fl-7"/>
      </object_component>
      <object_component id="oc-30a">
         <name>.text.RF_abortCmd</name>
         <load_address>0x1e48</load_address>
         <readonly>true</readonly>
         <executable>true</executable>
         <run_address>0x1e48</run_address>
         <size>0x138</size>
         <alignment>0x4</alignment>
         <input_file_ref idref="fl-1b"/>
      </object_component>
      <object_component id="oc-130">
         <name>.text.ti_sysbios_knl_Task_setPri</name>
         <load_address>0x1f80</load_address>
         <readonly>true</readonly>
         <executable>true</executable>
         <run_address>0x1f80</run_address>
         <size>0x134</size>
         <alignment>0x2</alignment>
         <input_file_ref idref="fl-7"/>
      </object_component>
      <object_component id="oc-290">
         <name>.text.RF_fsmSetupState</name>
         <load_address>0x20b4</load_address>
         <readonly>true</readonly>
         <executable>true</executable>
         <run_address>0x20b4</run_address>
         <size>0x124</size>
         <alignment>0x4</alignment>
         <input_file_ref idref="fl-1b"/>
      </object_component>
      <object_component id="oc-52">
         <name>.text.ti_sysbios_family_arm_m3_Hwi_dispatch</name>
         <load_address>0x21d8</load_address>
         <readonly>true</readonly>
         <executable>true</executable>
         <run_address>0x21d8</run_address>
         <size>0x11c</size>
         <alignment>0x4</alignment>
         <input_file_ref idref="fl-33"/>
      </object_component>
      <object_component id="oc-e3">
         <name>.text.Power_init</name>
         <load_address>0x22f4</load_address>
         <readonly>true</readonly>
         <executable>true</executable>
         <run_address>0x22f4</run_address>
         <size>0x118</size>
         <alignment>0x4</alignment>
         <input_file_ref idref="fl-21"/>
      </object_component>
      <object_component id="oc-1c1">
         <name>.text.RF_decodeOverridePointers</name>
         <load_address>0x240c</load_address>
         <readonly>true</readonly>
         <executable>true</executable>
         <run_address>0x240c</run_address>
         <size>0x118</size>
         <alignment>0x4</alignment>
         <input_file_ref idref="fl-1b"/>
      </object_component>
      <object_component id="oc-321">
         <name>.text.UART2_writeTimeoutNonblocking</name>
         <load_address>0x2524</load_address>
         <readonly>true</readonly>
         <executable>true</executable>
         <run_address>0x2524</run_address>
         <size>0x118</size>
         <alignment>0x2</alignment>
         <input_file_ref idref="fl-24"/>
      </object_component>
      <object_component id="oc-b7">
         <name>.text.mainThread</name>
         <load_address>0x263c</load_address>
         <readonly>true</readonly>
         <executable>true</executable>
         <run_address>0x263c</run_address>
         <size>0x114</size>
         <alignment>0x2</alignment>
         <input_file_ref idref="fl-3"/>
      </object_component>
      <object_component id="oc-323">
         <name>.text.ti_sysbios_knl_Semaphore_pend</name>
         <load_address>0x2750</load_address>
         <readonly>true</readonly>
         <executable>true</executable>
         <run_address>0x2750</run_address>
         <size>0x10e</size>
         <alignment>0x2</alignment>
         <input_file_ref idref="fl-7"/>
      </object_component>
      <object_component id="oc-1a5">
         <name>.text.UART2CC26X2_eventCallback</name>
         <load_address>0x285e</load_address>
         <readonly>true</readonly>
         <executable>true</executable>
         <run_address>0x285e</run_address>
         <size>0x2</size>
         <alignment>0x2</alignment>
         <input_file_ref idref="fl-25"/>
      </object_component>
      <object_component id="oc-24d">
         <name>.text.PowerCC26X2_calibrate</name>
         <load_address>0x2860</load_address>
         <readonly>true</readonly>
         <executable>true</executable>
         <run_address>0x2860</run_address>
         <size>0x10c</size>
         <alignment>0x4</alignment>
         <input_file_ref idref="fl-22"/>
      </object_component>
      <object_component id="oc-2a6">
         <name>.text.ti_sysbios_knl_Task_Instance_finalize</name>
         <load_address>0x296c</load_address>
         <readonly>true</readonly>
         <executable>true</executable>
         <run_address>0x296c</run_address>
         <size>0x10a</size>
         <alignment>0x2</alignment>
         <input_file_ref idref="fl-7"/>
      </object_component>
      <object_component id="oc-3a8">
         <name>.text.__aeabi_ldiv0</name>
         <load_address>0x2a76</load_address>
         <readonly>true</readonly>
         <executable>true</executable>
         <run_address>0x2a76</run_address>
         <size>0x2</size>
         <alignment>0x2</alignment>
         <input_file_ref idref="fl-e7"/>
      </object_component>
      <object_component id="oc-1dd">
         <name>.text.RF_fsmPowerUpState</name>
         <load_address>0x2a78</load_address>
         <readonly>true</readonly>
         <executable>true</executable>
         <run_address>0x2a78</run_address>
         <size>0x108</size>
         <alignment>0x4</alignment>
         <input_file_ref idref="fl-1b"/>
      </object_component>
      <object_component id="oc-1a0">
         <name>.text.UART2CC26X2_initHw</name>
         <load_address>0x2b80</load_address>
         <readonly>true</readonly>
         <executable>true</executable>
         <run_address>0x2b80</run_address>
         <size>0x104</size>
         <alignment>0x4</alignment>
         <input_file_ref idref="fl-25"/>
      </object_component>
      <object_component id="oc-ad">
         <name>.text.GPIO_init</name>
         <load_address>0x2c84</load_address>
         <readonly>true</readonly>
         <executable>true</executable>
         <run_address>0x2c84</run_address>
         <size>0x100</size>
         <alignment>0x4</alignment>
         <input_file_ref idref="fl-26"/>
      </object_component>
      <object_component id="oc-2f2">
         <name>.text.ti_sysbios_family_arm_m3_Hwi_Instance_init</name>
         <load_address>0x2d84</load_address>
         <readonly>true</readonly>
         <executable>true</executable>
         <run_address>0x2d84</run_address>
         <size>0xfe</size>
         <alignment>0x2</alignment>
         <input_file_ref idref="fl-7"/>
      </object_component>
      <object_component id="oc-2a9">
         <name>.text._nop</name>
         <load_address>0x2e82</load_address>
         <readonly>true</readonly>
         <executable>true</executable>
         <run_address>0x2e82</run_address>
         <size>0x2</size>
         <alignment>0x2</alignment>
         <input_file_ref idref="fl-47"/>
      </object_component>
      <object_component id="oc-288">
         <name>.text.RF_hwiCpe0Active</name>
         <load_address>0x2e84</load_address>
         <readonly>true</readonly>
         <executable>true</executable>
         <run_address>0x2e84</run_address>
         <size>0xfc</size>
         <alignment>0x4</alignment>
         <input_file_ref idref="fl-1b"/>
      </object_component>
      <object_component id="oc-26e">
         <name>.text.UART2Support_dmaStartRx</name>
         <load_address>0x2f80</load_address>
         <readonly>true</readonly>
         <executable>true</executable>
         <run_address>0x2f80</run_address>
         <size>0xf0</size>
         <alignment>0x4</alignment>
         <input_file_ref idref="fl-25"/>
      </object_component>
      <object_component id="oc-357">
         <name>.text.ti_sysbios_knl_Clock_startI</name>
         <load_address>0x3070</load_address>
         <readonly>true</readonly>
         <executable>true</executable>
         <run_address>0x3070</run_address>
         <size>0xee</size>
         <alignment>0x2</alignment>
         <input_file_ref idref="fl-7"/>
      </object_component>
      <object_component id="oc-10f">
         <name>.text.RFQueue_defineQueue</name>
         <load_address>0x315e</load_address>
         <readonly>true</readonly>
         <executable>true</executable>
         <run_address>0x315e</run_address>
         <size>0xe6</size>
         <alignment>0x2</alignment>
         <input_file_ref idref="fl-1"/>
      </object_component>
      <object_component id="oc-153">
         <name>.text.ti_sysbios_family_arm_m3_Hwi_initNVIC</name>
         <load_address>0x3244</load_address>
         <readonly>true</readonly>
         <executable>true</executable>
         <run_address>0x3244</run_address>
         <size>0xe4</size>
         <alignment>0x2</alignment>
         <input_file_ref idref="fl-7"/>
      </object_component>
      <object_component id="oc-39c">
         <name>.text.NOROM_SysCtrlStandby</name>
         <load_address>0x3328</load_address>
         <readonly>true</readonly>
         <executable>true</executable>
         <run_address>0x3328</run_address>
         <size>0xe0</size>
         <alignment>0x4</alignment>
         <input_file_ref idref="fl-30"/>
      </object_component>
      <object_component id="oc-343">
         <name>.text.ti_sysbios_heaps_HeapMem_freeUnprotected</name>
         <load_address>0x3408</load_address>
         <readonly>true</readonly>
         <executable>true</executable>
         <run_address>0x3408</run_address>
         <size>0xda</size>
         <alignment>0x2</alignment>
         <input_file_ref idref="fl-7"/>
      </object_component>
      <object_component id="oc-16d">
         <name>.text.emptyClockFunc</name>
         <load_address>0x34e2</load_address>
         <readonly>true</readonly>
         <executable>true</executable>
         <run_address>0x34e2</run_address>
         <size>0x2</size>
         <alignment>0x2</alignment>
         <input_file_ref idref="fl-21"/>
      </object_component>
      <object_component id="oc-d9">
         <name>.text.NOROM_SetupTrimDevice</name>
         <load_address>0x34e4</load_address>
         <readonly>true</readonly>
         <executable>true</executable>
         <run_address>0x34e4</run_address>
         <size>0xd0</size>
         <alignment>0x4</alignment>
         <input_file_ref idref="fl-2f"/>
      </object_component>
      <object_component id="oc-233">
         <name>.text.configureXOSCHF</name>
         <load_address>0x35b4</load_address>
         <readonly>true</readonly>
         <executable>true</executable>
         <run_address>0x35b4</run_address>
         <size>0xd0</size>
         <alignment>0x4</alignment>
         <input_file_ref idref="fl-21"/>
      </object_component>
      <object_component id="oc-122">
         <name>.text.RF_postCmd</name>
         <load_address>0x3684</load_address>
         <readonly>true</readonly>
         <executable>true</executable>
         <run_address>0x3684</run_address>
         <size>0xcc</size>
         <alignment>0x4</alignment>
         <input_file_ref idref="fl-1b"/>
      </object_component>
      <object_component id="oc-314">
         <name>.text.RF_updatePaConfiguration</name>
         <load_address>0x3750</load_address>
         <readonly>true</readonly>
         <executable>true</executable>
         <run_address>0x3750</run_address>
         <size>0xca</size>
         <alignment>0x2</alignment>
         <input_file_ref idref="fl-1b"/>
      </object_component>
      <object_component id="oc-2a2">
         <name>.text._pthread_removeThreadKeys</name>
         <load_address>0x381a</load_address>
         <readonly>true</readonly>
         <executable>true</executable>
         <run_address>0x381a</run_address>
         <size>0xca</size>
         <alignment>0x2</alignment>
         <input_file_ref idref="fl-7"/>
      </object_component>
      <object_component id="oc-270">
         <name>.text.UART2Support_dmaStartTx</name>
         <load_address>0x38e4</load_address>
         <readonly>true</readonly>
         <executable>true</executable>
         <run_address>0x38e4</run_address>
         <size>0xc0</size>
         <alignment>0x4</alignment>
         <input_file_ref idref="fl-25"/>
      </object_component>
      <object_component id="oc-2c9">
         <name>.text.ti_sysbios_knl_Clock_walkQueueDynamic</name>
         <load_address>0x39a4</load_address>
         <readonly>true</readonly>
         <executable>true</executable>
         <run_address>0x39a4</run_address>
         <size>0xc0</size>
         <alignment>0x2</alignment>
         <input_file_ref idref="fl-7"/>
      </object_component>
      <object_component id="oc-a1">
         <name>.text.ti_sysbios_knl_Swi_restoreHwi</name>
         <load_address>0x3a64</load_address>
         <readonly>true</readonly>
         <executable>true</executable>
         <run_address>0x3a64</run_address>
         <size>0xc0</size>
         <alignment>0x2</alignment>
         <input_file_ref idref="fl-7"/>
      </object_component>
      <object_component id="oc-1d3">
         <name>.text.RF_swiHw</name>
         <load_address>0x3b24</load_address>
         <readonly>true</readonly>
         <executable>true</executable>
         <run_address>0x3b24</run_address>
         <size>0xbc</size>
         <alignment>0x4</alignment>
         <input_file_ref idref="fl-1b"/>
      </object_component>
      <object_component id="oc-32c">
         <name>.text.ti_sysbios_knl_Task_postInit</name>
         <load_address>0x3be0</load_address>
         <readonly>true</readonly>
         <executable>true</executable>
         <run_address>0x3be0</run_address>
         <size>0xbc</size>
         <alignment>0x2</alignment>
         <input_file_ref idref="fl-7"/>
      </object_component>
      <object_component id="oc-2cb">
         <name>.text.ti_sysbios_knl_Swi_Instance_init</name>
         <load_address>0x3c9c</load_address>
         <readonly>true</readonly>
         <executable>true</executable>
         <run_address>0x3c9c</run_address>
         <size>0xb8</size>
         <alignment>0x2</alignment>
         <input_file_ref idref="fl-7"/>
      </object_component>
      <object_component id="oc-123">
         <name>.text.callback</name>
         <load_address>0x3d54</load_address>
         <readonly>true</readonly>
         <executable>true</executable>
         <run_address>0x3d54</run_address>
         <size>0xb4</size>
         <alignment>0x2</alignment>
         <input_file_ref idref="fl-3"/>
      </object_component>
      <object_component id="oc-199">
         <name>.text.GPIO_setConfigAndMux</name>
         <load_address>0x3e08</load_address>
         <readonly>true</readonly>
         <executable>true</executable>
         <run_address>0x3e08</run_address>
         <size>0xb0</size>
         <alignment>0x4</alignment>
         <input_file_ref idref="fl-20"/>
      </object_component>
      <object_component id="oc-ed">
         <name>.text.Power_setDependency</name>
         <load_address>0x3eb8</load_address>
         <readonly>true</readonly>
         <executable>true</executable>
         <run_address>0x3eb8</run_address>
         <size>0xb0</size>
         <alignment>0x4</alignment>
         <input_file_ref idref="fl-21"/>
      </object_component>
      <object_component id="oc-150">
         <name>.text.TrimAfterColdResetWakeupFromShutDown</name>
         <load_address>0x3f68</load_address>
         <readonly>true</readonly>
         <executable>true</executable>
         <run_address>0x3f68</run_address>
         <size>0xb0</size>
         <alignment>0x4</alignment>
         <input_file_ref idref="fl-2f"/>
      </object_component>
      <object_component id="oc-38c">
         <name>.text</name>
         <load_address>0x4018</load_address>
         <readonly>true</readonly>
         <executable>true</executable>
         <run_address>0x4018</run_address>
         <size>0xb0</size>
         <alignment>0x4</alignment>
         <input_file_ref idref="fl-e4"/>
      </object_component>
      <object_component id="oc-2ef">
         <name>.text.Power_releaseDependency</name>
         <load_address>0x40c8</load_address>
         <readonly>true</readonly>
         <executable>true</executable>
         <run_address>0x40c8</run_address>
         <size>0xac</size>
         <alignment>0x4</alignment>
         <input_file_ref idref="fl-21"/>
      </object_component>
      <object_component id="oc-1ea">
         <name>.text.RF_pendCmd</name>
         <load_address>0x4174</load_address>
         <readonly>true</readonly>
         <executable>true</executable>
         <run_address>0x4174</run_address>
         <size>0xac</size>
         <alignment>0x4</alignment>
         <input_file_ref idref="fl-1b"/>
      </object_component>
      <object_component id="oc-30f">
         <name>.text.RF_initRadioSetup</name>
         <load_address>0x4220</load_address>
         <readonly>true</readonly>
         <executable>true</executable>
         <run_address>0x4220</run_address>
         <size>0xa4</size>
         <alignment>0x4</alignment>
         <input_file_ref idref="fl-1b"/>
      </object_component>
      <object_component id="oc-384">
         <name>.text.ti_sysbios_knl_TaskSupport_start</name>
         <load_address>0x42c4</load_address>
         <readonly>true</readonly>
         <executable>true</executable>
         <run_address>0x42c4</run_address>
         <size>0xa2</size>
         <alignment>0x2</alignment>
         <input_file_ref idref="fl-7"/>
      </object_component>
      <object_component id="oc-2cd">
         <name>.text.ti_sysbios_family_arm_cc26xx_Timer_startup</name>
         <load_address>0x4366</load_address>
         <readonly>true</readonly>
         <executable>true</executable>
         <run_address>0x4366</run_address>
         <size>0x2</size>
         <alignment>0x2</alignment>
         <input_file_ref idref="fl-7"/>
      </object_component>
      <object_component id="oc-295">
         <name>.text.RF_calculateDispatchTime</name>
         <load_address>0x4368</load_address>
         <readonly>true</readonly>
         <executable>true</executable>
         <run_address>0x4368</run_address>
         <size>0xa0</size>
         <alignment>0x4</alignment>
         <input_file_ref idref="fl-1b"/>
      </object_component>
      <object_component id="oc-d8">
         <name>.text.ti_sysbios_knl_Task_schedule</name>
         <load_address>0x4408</load_address>
         <readonly>true</readonly>
         <executable>true</executable>
         <run_address>0x4408</run_address>
         <size>0x9a</size>
         <alignment>0x2</alignment>
         <input_file_ref idref="fl-7"/>
      </object_component>
      <object_component id="oc-36f">
         <name>.text.RF_defaultSubmitPolicy</name>
         <load_address>0x44a2</load_address>
         <readonly>true</readonly>
         <executable>true</executable>
         <run_address>0x44a2</run_address>
         <size>0x98</size>
         <alignment>0x2</alignment>
         <input_file_ref idref="fl-1b"/>
      </object_component>
      <object_component id="oc-3a1">
         <name>.text.RF_verifyGap</name>
         <load_address>0x453a</load_address>
         <readonly>true</readonly>
         <executable>true</executable>
         <run_address>0x453a</run_address>
         <size>0x96</size>
         <alignment>0x2</alignment>
         <input_file_ref idref="fl-1b"/>
      </object_component>
      <object_component id="oc-285">
         <name>.text.RF_ratRestartChannels</name>
         <load_address>0x45d0</load_address>
         <readonly>true</readonly>
         <executable>true</executable>
         <run_address>0x45d0</run_address>
         <size>0x94</size>
         <alignment>0x4</alignment>
         <input_file_ref idref="fl-1b"/>
      </object_component>
      <object_component id="oc-2c1">
         <name>.text.ti_sysbios_heaps_HeapMem_Instance_init</name>
         <load_address>0x4664</load_address>
         <readonly>true</readonly>
         <executable>true</executable>
         <run_address>0x4664</run_address>
         <size>0x94</size>
         <alignment>0x2</alignment>
         <input_file_ref idref="fl-7"/>
      </object_component>
      <object_component id="oc-9b">
         <name>.text.ti_sysbios_family_arm_m3_Hwi_excHandlerMin</name>
         <load_address>0x46f8</load_address>
         <readonly>true</readonly>
         <executable>true</executable>
         <run_address>0x46f8</run_address>
         <size>0x8e</size>
         <alignment>0x2</alignment>
         <input_file_ref idref="fl-7"/>
      </object_component>
      <object_component id="oc-387">
         <name>.text.ti_sysbios_knl_Swi_runLoop</name>
         <load_address>0x4786</load_address>
         <readonly>true</readonly>
         <executable>true</executable>
         <run_address>0x4786</run_address>
         <size>0x8e</size>
         <alignment>0x2</alignment>
         <input_file_ref idref="fl-7"/>
      </object_component>
      <object_component id="oc-188">
         <name>.text.ti_sysbios_family_arm_m3_Hwi_construct2</name>
         <load_address>0x4814</load_address>
         <readonly>true</readonly>
         <executable>true</executable>
         <run_address>0x4814</run_address>
         <size>0x8c</size>
         <alignment>0x2</alignment>
         <input_file_ref idref="fl-7"/>
      </object_component>
      <object_component id="oc-2a3">
         <name>.text.ti_sysbios_knl_Semaphore_post</name>
         <load_address>0x48a0</load_address>
         <readonly>true</readonly>
         <executable>true</executable>
         <run_address>0x48a0</run_address>
         <size>0x8a</size>
         <alignment>0x2</alignment>
         <input_file_ref idref="fl-7"/>
      </object_component>
      <object_component id="oc-225">
         <name>.text.ti_sysbios_knl_TaskSupport_init</name>
         <load_address>0x492a</load_address>
         <readonly>true</readonly>
         <executable>true</executable>
         <run_address>0x492a</run_address>
         <size>0x2</size>
         <alignment>0x2</alignment>
         <input_file_ref idref="fl-7"/>
      </object_component>
      <object_component id="oc-307">
         <name>.text.RF_cmdDispatchTime</name>
         <load_address>0x492c</load_address>
         <readonly>true</readonly>
         <executable>true</executable>
         <run_address>0x492c</run_address>
         <size>0x88</size>
         <alignment>0x4</alignment>
         <input_file_ref idref="fl-1b"/>
      </object_component>
      <object_component id="oc-36c">
         <name>.text.RF_discardPendCmd</name>
         <load_address>0x49b4</load_address>
         <readonly>true</readonly>
         <executable>true</executable>
         <run_address>0x49b4</run_address>
         <size>0x88</size>
         <alignment>0x4</alignment>
         <input_file_ref idref="fl-1b"/>
      </object_component>
      <object_component id="oc-36a">
         <name>.text.ti_sysbios_family_arm_m3_Hwi_postInit</name>
         <load_address>0x4a3c</load_address>
         <readonly>true</readonly>
         <executable>true</executable>
         <run_address>0x4a3c</run_address>
         <size>0x88</size>
         <alignment>0x2</alignment>
         <input_file_ref idref="fl-7"/>
      </object_component>
      <object_component id="oc-129">
         <name>.text.ti_sysbios_runtime_Memory_alloc</name>
         <load_address>0x4ac4</load_address>
         <readonly>true</readonly>
         <executable>true</executable>
         <run_address>0x4ac4</run_address>
         <size>0x86</size>
         <alignment>0x2</alignment>
         <input_file_ref idref="fl-7"/>
      </object_component>
      <object_component id="oc-217">
         <name>.text.ti_sysbios_family_arm_m3_Hwi_getStackInfo</name>
         <load_address>0x4b4a</load_address>
         <readonly>true</readonly>
         <executable>true</executable>
         <run_address>0x4b4a</run_address>
         <size>0x82</size>
         <alignment>0x2</alignment>
         <input_file_ref idref="fl-7"/>
      </object_component>
      <object_component id="oc-26f">
         <name>.text.UART2Support_dmaStopTx</name>
         <load_address>0x4bcc</load_address>
         <readonly>true</readonly>
         <executable>true</executable>
         <run_address>0x4bcc</run_address>
         <size>0x80</size>
         <alignment>0x4</alignment>
         <input_file_ref idref="fl-25"/>
      </object_component>
      <object_component id="oc-88">
         <name>.text.main</name>
         <load_address>0x4c4c</load_address>
         <readonly>true</readonly>
         <executable>true</executable>
         <run_address>0x4c4c</run_address>
         <size>0x80</size>
         <alignment>0x2</alignment>
         <input_file_ref idref="fl-2"/>
      </object_component>
      <object_component id="oc-179">
         <name>.text.Board_sendExtFlashByte</name>
         <load_address>0x4ccc</load_address>
         <readonly>true</readonly>
         <executable>true</executable>
         <run_address>0x4ccc</run_address>
         <size>0x7e</size>
         <alignment>0x2</alignment>
         <input_file_ref idref="fl-6"/>
      </object_component>
      <object_component id="oc-1c4">
         <name>.text.SwiP_construct</name>
         <load_address>0x4d4a</load_address>
         <readonly>true</readonly>
         <executable>true</executable>
         <run_address>0x4d4a</run_address>
         <size>0x7c</size>
         <alignment>0x2</alignment>
         <input_file_ref idref="fl-7"/>
      </object_component>
      <object_component id="oc-1f5">
         <name>.text.pthread_exit</name>
         <load_address>0x4dc6</load_address>
         <readonly>true</readonly>
         <executable>true</executable>
         <run_address>0x4dc6</run_address>
         <size>0x7c</size>
         <alignment>0x2</alignment>
         <input_file_ref idref="fl-7"/>
      </object_component>
      <object_component id="oc-351">
         <name>.text.ti_sysbios_family_arm_cc26xx_Timer_periodicStub</name>
         <load_address>0x4e42</load_address>
         <readonly>true</readonly>
         <executable>true</executable>
         <run_address>0x4e42</run_address>
         <size>0x7c</size>
         <alignment>0x2</alignment>
         <input_file_ref idref="fl-7"/>
      </object_component>
      <object_component id="oc-339">
         <name>.text.ti_sysbios_knl_Swi_schedule</name>
         <load_address>0x4ebe</load_address>
         <readonly>true</readonly>
         <executable>true</executable>
         <run_address>0x4ebe</run_address>
         <size>0x7c</size>
         <alignment>0x2</alignment>
         <input_file_ref idref="fl-7"/>
      </object_component>
      <object_component id="oc-76">
         <name>.text.ti_sysbios_family_arm_m3_Hwi_dispatchC</name>
         <load_address>0x4f3a</load_address>
         <readonly>true</readonly>
         <executable>true</executable>
         <run_address>0x4f3a</run_address>
         <size>0x7a</size>
         <alignment>0x2</alignment>
         <input_file_ref idref="fl-7"/>
      </object_component>
      <object_component id="oc-15b">
         <name>.text.ti_sysbios_knl_Idle_init</name>
         <load_address>0x4fb4</load_address>
         <readonly>true</readonly>
         <executable>true</executable>
         <run_address>0x4fb4</run_address>
         <size>0x7a</size>
         <alignment>0x2</alignment>
         <input_file_ref idref="fl-7"/>
      </object_component>
      <object_component id="oc-2c6">
         <name>.text.ti_sysbios_runtime_SysCallback_defaultInit</name>
         <load_address>0x502e</load_address>
         <readonly>true</readonly>
         <executable>true</executable>
         <run_address>0x502e</run_address>
         <size>0x2</size>
         <alignment>0x2</alignment>
         <input_file_ref idref="fl-7"/>
      </object_component>
      <object_component id="oc-1ba">
         <name>.text.NOROM_ChipInfo_GetChipType</name>
         <load_address>0x5030</load_address>
         <readonly>true</readonly>
         <executable>true</executable>
         <run_address>0x5030</run_address>
         <size>0x78</size>
         <alignment>0x4</alignment>
         <input_file_ref idref="fl-2b"/>
      </object_component>
      <object_component id="oc-3b1">
         <name>.text.NOROM_SysCtrlSetRechargeBeforePowerDown</name>
         <load_address>0x50a8</load_address>
         <readonly>true</readonly>
         <executable>true</executable>
         <run_address>0x50a8</run_address>
         <size>0x78</size>
         <alignment>0x4</alignment>
         <input_file_ref idref="fl-30"/>
      </object_component>
      <object_component id="oc-280">
         <name>.text.RF_ratFreeChannel</name>
         <load_address>0x5120</load_address>
         <readonly>true</readonly>
         <executable>true</executable>
         <run_address>0x5120</run_address>
         <size>0x78</size>
         <alignment>0x4</alignment>
         <input_file_ref idref="fl-1b"/>
      </object_component>
      <object_component id="oc-369">
         <name>.text.ti_sysbios_family_arm_m3_Hwi_disableInterrupt</name>
         <load_address>0x5198</load_address>
         <readonly>true</readonly>
         <executable>true</executable>
         <run_address>0x5198</run_address>
         <size>0x78</size>
         <alignment>0x2</alignment>
         <input_file_ref idref="fl-7"/>
      </object_component>
      <object_component id="oc-d6">
         <name>.text.ti_sysbios_knl_Swi_run</name>
         <load_address>0x5210</load_address>
         <readonly>true</readonly>
         <executable>true</executable>
         <run_address>0x5210</run_address>
         <size>0x78</size>
         <alignment>0x2</alignment>
         <input_file_ref idref="fl-7"/>
      </object_component>
      <object_component id="oc-380">
         <name>.text.ti_sysbios_knl_Task_blockI</name>
         <load_address>0x5288</load_address>
         <readonly>true</readonly>
         <executable>true</executable>
         <run_address>0x5288</run_address>
         <size>0x78</size>
         <alignment>0x2</alignment>
         <input_file_ref idref="fl-7"/>
      </object_component>
      <object_component id="oc-207">
         <name>.text.ti_sysbios_knl_Task_startup</name>
         <load_address>0x5300</load_address>
         <readonly>true</readonly>
         <executable>true</executable>
         <run_address>0x5300</run_address>
         <size>0x78</size>
         <alignment>0x2</alignment>
         <input_file_ref idref="fl-7"/>
      </object_component>
      <object_component id="oc-240">
         <name>.text.PowerCC26X2_updateSubSecInc</name>
         <load_address>0x5378</load_address>
         <readonly>true</readonly>
         <executable>true</executable>
         <run_address>0x5378</run_address>
         <size>0x74</size>
         <alignment>0x4</alignment>
         <input_file_ref idref="fl-27"/>
      </object_component>
      <object_component id="oc-1d6">
         <name>.text.RF_hwiHw</name>
         <load_address>0x53ec</load_address>
         <readonly>true</readonly>
         <executable>true</executable>
         <run_address>0x53ec</run_address>
         <size>0x74</size>
         <alignment>0x4</alignment>
         <input_file_ref idref="fl-1b"/>
      </object_component>
      <object_component id="oc-2c5">
         <name>.text.ti_sysbios_heaps_HeapMem_getStats</name>
         <load_address>0x5460</load_address>
         <readonly>true</readonly>
         <executable>true</executable>
         <run_address>0x5460</run_address>
         <size>0x74</size>
         <alignment>0x2</alignment>
         <input_file_ref idref="fl-7"/>
      </object_component>
      <object_component id="oc-392">
         <name>.text.ti_sysbios_family_arm_cc26xx_Timer_setThreshold</name>
         <load_address>0x54d4</load_address>
         <readonly>true</readonly>
         <executable>true</executable>
         <run_address>0x54d4</run_address>
         <size>0x72</size>
         <alignment>0x2</alignment>
         <input_file_ref idref="fl-7"/>
      </object_component>
      <object_component id="oc-319">
         <name>.text.ti_sysbios_family_arm_m3_Hwi_enableInterrupt</name>
         <load_address>0x5546</load_address>
         <readonly>true</readonly>
         <executable>true</executable>
         <run_address>0x5546</run_address>
         <size>0x70</size>
         <alignment>0x2</alignment>
         <input_file_ref idref="fl-7"/>
      </object_component>
      <object_component id="oc-31">
         <name>.text:decompress:lzss</name>
         <load_address>0x55b6</load_address>
         <readonly>true</readonly>
         <executable>true</executable>
         <run_address>0x55b6</run_address>
         <size>0x70</size>
         <alignment>0x2</alignment>
         <input_file_ref idref="fl-51"/>
      </object_component>
      <object_component id="oc-155">
         <name>.text.BIOS_init</name>
         <load_address>0x5626</load_address>
         <readonly>true</readonly>
         <executable>true</executable>
         <run_address>0x5626</run_address>
         <size>0x6e</size>
         <alignment>0x2</alignment>
         <input_file_ref idref="fl-7"/>
      </object_component>
      <object_component id="oc-e9">
         <name>.text.Board_shutDownExtFlash</name>
         <load_address>0x5694</load_address>
         <readonly>true</readonly>
         <executable>true</executable>
         <run_address>0x5694</run_address>
         <size>0x6e</size>
         <alignment>0x2</alignment>
         <input_file_ref idref="fl-6"/>
      </object_component>
      <object_component id="oc-158">
         <name>.text.ti_sysbios_knl_Clock_init</name>
         <load_address>0x5702</load_address>
         <readonly>true</readonly>
         <executable>true</executable>
         <run_address>0x5702</run_address>
         <size>0x6e</size>
         <alignment>0x2</alignment>
         <input_file_ref idref="fl-7"/>
      </object_component>
      <object_component id="oc-291">
         <name>.text.RF_issueRadioFreeCb</name>
         <load_address>0x5770</load_address>
         <readonly>true</readonly>
         <executable>true</executable>
         <run_address>0x5770</run_address>
         <size>0x6c</size>
         <alignment>0x4</alignment>
         <input_file_ref idref="fl-1b"/>
      </object_component>
      <object_component id="oc-174">
         <name>.text.oscillatorISR</name>
         <load_address>0x57dc</load_address>
         <readonly>true</readonly>
         <executable>true</executable>
         <run_address>0x57dc</run_address>
         <size>0x6c</size>
         <alignment>0x4</alignment>
         <input_file_ref idref="fl-21"/>
      </object_component>
      <object_component id="oc-372">
         <name>.text.RF_detachOverrides</name>
         <load_address>0x5848</load_address>
         <readonly>true</readonly>
         <executable>true</executable>
         <run_address>0x5848</run_address>
         <size>0x68</size>
         <alignment>0x2</alignment>
         <input_file_ref idref="fl-1b"/>
      </object_component>
      <object_component id="oc-26c">
         <name>.text.UART2Support_dmaStopRx</name>
         <load_address>0x58b0</load_address>
         <readonly>true</readonly>
         <executable>true</executable>
         <run_address>0x58b0</run_address>
         <size>0x68</size>
         <alignment>0x4</alignment>
         <input_file_ref idref="fl-25"/>
      </object_component>
      <object_component id="oc-354">
         <name>.text.ti_sysbios_family_arm_cc26xx_Timer_start</name>
         <load_address>0x5918</load_address>
         <readonly>true</readonly>
         <executable>true</executable>
         <run_address>0x5918</run_address>
         <size>0x66</size>
         <alignment>0x2</alignment>
         <input_file_ref idref="fl-7"/>
      </object_component>
      <object_component id="oc-2f3">
         <name>.text.ti_sysbios_family_arm_m3_Hwi_Instance_finalize</name>
         <load_address>0x597e</load_address>
         <readonly>true</readonly>
         <executable>true</executable>
         <run_address>0x597e</run_address>
         <size>0x66</size>
         <alignment>0x2</alignment>
         <input_file_ref idref="fl-7"/>
      </object_component>
      <object_component id="oc-364">
         <name>.text.NOROM_OSCHF_AttemptToSwitchToXosc</name>
         <load_address>0x59e4</load_address>
         <readonly>true</readonly>
         <executable>true</executable>
         <run_address>0x59e4</run_address>
         <size>0x64</size>
         <alignment>0x4</alignment>
         <input_file_ref idref="fl-2d"/>
      </object_component>
      <object_component id="oc-2e7">
         <name>.text.PowerCC26X2_initiateCalibration</name>
         <load_address>0x5a48</load_address>
         <readonly>true</readonly>
         <executable>true</executable>
         <run_address>0x5a48</run_address>
         <size>0x64</size>
         <alignment>0x4</alignment>
         <input_file_ref idref="fl-22"/>
      </object_component>
      <object_component id="oc-373">
         <name>.text.RF_attachOverrides</name>
         <load_address>0x5aac</load_address>
         <readonly>true</readonly>
         <executable>true</executable>
         <run_address>0x5aac</run_address>
         <size>0x64</size>
         <alignment>0x2</alignment>
         <input_file_ref idref="fl-1b"/>
      </object_component>
      <object_component id="oc-1e3">
         <name>.text.RF_dispatchNextEvent</name>
         <load_address>0x5b10</load_address>
         <readonly>true</readonly>
         <executable>true</executable>
         <run_address>0x5b10</run_address>
         <size>0x64</size>
         <alignment>0x4</alignment>
         <input_file_ref idref="fl-1b"/>
      </object_component>
      <object_component id="oc-1d5">
         <name>.text.RF_hwiCpe0PowerFsm</name>
         <load_address>0x5b74</load_address>
         <readonly>true</readonly>
         <executable>true</executable>
         <run_address>0x5b74</run_address>
         <size>0x64</size>
         <alignment>0x4</alignment>
         <input_file_ref idref="fl-1b"/>
      </object_component>
      <object_component id="oc-19a">
         <name>.text.UDMACC26XX_open</name>
         <load_address>0x5bd8</load_address>
         <readonly>true</readonly>
         <executable>true</executable>
         <run_address>0x5bd8</run_address>
         <size>0x64</size>
         <alignment>0x4</alignment>
         <input_file_ref idref="fl-2a"/>
      </object_component>
      <object_component id="oc-29c">
         <name>.text.RF_syncCb</name>
         <load_address>0x5c3c</load_address>
         <readonly>true</readonly>
         <executable>true</executable>
         <run_address>0x5c3c</run_address>
         <size>0x62</size>
         <alignment>0x2</alignment>
         <input_file_ref idref="fl-1b"/>
      </object_component>
      <object_component id="oc-223">
         <name>.text.ti_sysbios_knl_ClockSupport_init</name>
         <load_address>0x5c9e</load_address>
         <readonly>true</readonly>
         <executable>true</executable>
         <run_address>0x5c9e</run_address>
         <size>0x60</size>
         <alignment>0x2</alignment>
         <input_file_ref idref="fl-7"/>
      </object_component>
      <object_component id="oc-27a">
         <name>.text.NOROM_RFCAnaDivTxOverride</name>
         <load_address>0x5d00</load_address>
         <readonly>true</readonly>
         <executable>true</executable>
         <run_address>0x5d00</run_address>
         <size>0x5e</size>
         <alignment>0x4</alignment>
         <input_file_ref idref="fl-1c"/>
      </object_component>
      <object_component id="oc-34b">
         <name>.text.ti_sysbios_knl_Swi_post</name>
         <load_address>0x5d5e</load_address>
         <readonly>true</readonly>
         <executable>true</executable>
         <run_address>0x5d5e</run_address>
         <size>0x5e</size>
         <alignment>0x2</alignment>
         <input_file_ref idref="fl-7"/>
      </object_component>
      <object_component id="oc-164">
         <name>.text.ClockP_construct</name>
         <load_address>0x5dbc</load_address>
         <readonly>true</readonly>
         <executable>true</executable>
         <run_address>0x5dbc</run_address>
         <size>0x5c</size>
         <alignment>0x2</alignment>
         <input_file_ref idref="fl-7"/>
      </object_component>
      <object_component id="oc-2c2">
         <name>.text.ti_sysbios_heaps_HeapMem_alloc</name>
         <load_address>0x5e18</load_address>
         <readonly>true</readonly>
         <executable>true</executable>
         <run_address>0x5e18</run_address>
         <size>0x5c</size>
         <alignment>0x2</alignment>
         <input_file_ref idref="fl-7"/>
      </object_component>
      <object_component id="oc-15a">
         <name>.text.ti_sysbios_knl_Task_init</name>
         <load_address>0x5e74</load_address>
         <readonly>true</readonly>
         <executable>true</executable>
         <run_address>0x5e74</run_address>
         <size>0x5c</size>
         <alignment>0x2</alignment>
         <input_file_ref idref="fl-7"/>
      </object_component>
      <object_component id="oc-391">
         <name>.text.AONRTCEventClear</name>
         <load_address>0x5ed0</load_address>
         <readonly>true</readonly>
         <executable>true</executable>
         <run_address>0x5ed0</run_address>
         <size>0x58</size>
         <alignment>0x2</alignment>
         <input_file_ref idref="fl-7"/>
      </object_component>
      <object_component id="oc-ef">
         <name>.text.HwiP_construct</name>
         <load_address>0x5f28</load_address>
         <readonly>true</readonly>
         <executable>true</executable>
         <run_address>0x5f28</run_address>
         <size>0x58</size>
         <alignment>0x2</alignment>
         <input_file_ref idref="fl-7"/>
      </object_component>
      <object_component id="oc-30e">
         <name>.text.RF_applyRfCorePatch</name>
         <load_address>0x5f80</load_address>
         <readonly>true</readonly>
         <executable>true</executable>
         <run_address>0x5f80</run_address>
         <size>0x58</size>
         <alignment>0x4</alignment>
         <input_file_ref idref="fl-1b"/>
      </object_component>
      <object_component id="oc-258">
         <name>.text.ti_sysbios_family_arm_m3_Hwi_construct</name>
         <load_address>0x5fd8</load_address>
         <readonly>true</readonly>
         <executable>true</executable>
         <run_address>0x5fd8</run_address>
         <size>0x58</size>
         <alignment>0x2</alignment>
         <input_file_ref idref="fl-7"/>
      </object_component>
      <object_component id="oc-33a">
         <name>.text.ti_sysbios_family_arm_m3_Hwi_initStacks</name>
         <load_address>0x6030</load_address>
         <readonly>true</readonly>
         <executable>true</executable>
         <run_address>0x6030</run_address>
         <size>0x58</size>
         <alignment>0x4</alignment>
         <input_file_ref idref="fl-34"/>
      </object_component>
      <object_component id="oc-21b">
         <name>.text.ti_sysbios_heaps_HeapMem_construct</name>
         <load_address>0x6088</load_address>
         <readonly>true</readonly>
         <executable>true</executable>
         <run_address>0x6088</run_address>
         <size>0x58</size>
         <alignment>0x2</alignment>
         <input_file_ref idref="fl-7"/>
      </object_component>
      <object_component id="oc-159">
         <name>.text.ti_sysbios_knl_Swi_init</name>
         <load_address>0x60e0</load_address>
         <readonly>true</readonly>
         <executable>true</executable>
         <run_address>0x60e0</run_address>
         <size>0x58</size>
         <alignment>0x2</alignment>
         <input_file_ref idref="fl-7"/>
      </object_component>
      <object_component id="oc-395">
         <name>.text.AONRTCCompareValueSet</name>
         <load_address>0x6138</load_address>
         <readonly>true</readonly>
         <executable>true</executable>
         <run_address>0x6138</run_address>
         <size>0x56</size>
         <alignment>0x2</alignment>
         <input_file_ref idref="fl-7"/>
      </object_component>
      <object_component id="oc-345">
         <name>.text.ti_sysbios_family_arm_cc26xx_Timer_getCurrentTick</name>
         <load_address>0x618e</load_address>
         <readonly>true</readonly>
         <executable>true</executable>
         <run_address>0x618e</run_address>
         <size>0x56</size>
         <alignment>0x2</alignment>
         <input_file_ref idref="fl-7"/>
      </object_component>
      <object_component id="oc-2d5">
         <name>.text.ti_sysbios_knl_Clock_Instance_init</name>
         <load_address>0x61e4</load_address>
         <readonly>true</readonly>
         <executable>true</executable>
         <run_address>0x61e4</run_address>
         <size>0x56</size>
         <alignment>0x2</alignment>
         <input_file_ref idref="fl-7"/>
      </object_component>
      <object_component id="oc-201">
         <name>.text.ti_sysbios_runtime_System_atexit</name>
         <load_address>0x623a</load_address>
         <readonly>true</readonly>
         <executable>true</executable>
         <run_address>0x623a</run_address>
         <size>0x56</size>
         <alignment>0x2</alignment>
         <input_file_ref idref="fl-7"/>
      </object_component>
      <object_component id="oc-396">
         <name>.text.AONRTCChannelEnable</name>
         <load_address>0x6290</load_address>
         <readonly>true</readonly>
         <executable>true</executable>
         <run_address>0x6290</run_address>
         <size>0x54</size>
         <alignment>0x2</alignment>
         <input_file_ref idref="fl-7"/>
      </object_component>
      <object_component id="oc-141">
[...]
         <value>0x3eb9</value>
         <object_component_ref idref="oc-ed"/>
      </symbol>
      <symbol id="sm-5d6">
         <name>Power_sleep</name>
         <value>0x169d</value>
         <object_component_ref idref="oc-2e3"/>
      </symbol>
      <symbol id="sm-5d7">
         <name>PowerCC26XX_calibrate</name>
         <value>0x8339</value>
         <object_component_ref idref="oc-236"/>
      </symbol>
      <symbol id="sm-5d8">
         <name>PowerCC26XX_isStableXOSC_HF</name>
         <value>0x78b9</value>
         <object_component_ref idref="oc-31b"/>
      </symbol>
      <symbol id="sm-5d9">
         <name>PowerCC26XX_switchXOSC_HF</name>
         <value>0x672d</value>
         <object_component_ref idref="oc-31c"/>
      </symbol>
      <symbol id="sm-5ef">
         <name>PowerCC26X2_initiateCalibration</name>
         <value>0x5a49</value>
         <object_component_ref idref="oc-2e7"/>
      </symbol>
      <symbol id="sm-5f0">
         <name>PowerCC26X2_auxISR</name>
         <value>0x1081</value>
         <object_component_ref idref="oc-175"/>
      </symbol>
      <symbol id="sm-5f1">
         <name>PowerCC26X2_calibrate</name>
         <value>0x2861</value>
         <object_component_ref idref="oc-24d"/>
      </symbol>
      <symbol id="sm-5f2">
         <name>PowerCC26X2_RCOSC_clockFunc</name>
         <value>0x6b81</value>
         <object_component_ref idref="oc-16e"/>
      </symbol>
      <symbol id="sm-609">
         <name>UART2_Params_init</name>
         <value>0x89f1</value>
         <object_component_ref idref="oc-100"/>
      </symbol>
      <symbol id="sm-60a">
         <name>UART2_defaultParams</name>
         <value>0x928c</value>
         <object_component_ref idref="oc-190"/>
      </symbol>
      <symbol id="sm-60b">
         <name>UART2_write</name>
         <value>0x88f1</value>
         <object_component_ref idref="oc-1e8"/>
      </symbol>
      <symbol id="sm-60c">
         <name>UART2_writeTimeout</name>
         <value>0x8083</value>
         <object_component_ref idref="oc-297"/>
      </symbol>
      <symbol id="sm-60d">
         <name>UART2_writeTimeoutNonblocking</name>
         <value>0x2525</value>
         <object_component_ref idref="oc-321"/>
      </symbol>
      <symbol id="sm-60e">
         <name>UART2_writeTimeoutBlocking</name>
         <value>0x1531</value>
         <object_component_ref idref="oc-322"/>
      </symbol>
      <symbol id="sm-652">
         <name>UART2Support_dmaStopRx</name>
         <value>0x58b1</value>
         <object_component_ref idref="oc-26c"/>
      </symbol>
      <symbol id="sm-653">
         <name>UART2Support_dmaStartRx</name>
         <value>0x2f81</value>
         <object_component_ref idref="oc-26e"/>
      </symbol>
      <symbol id="sm-654">
         <name>UART2_open</name>
         <value>0x13a5</value>
         <object_component_ref idref="oc-105"/>
      </symbol>
      <symbol id="sm-655">
         <name>UART2Support_dmaStopTx</name>
         <value>0x4bcd</value>
         <object_component_ref idref="oc-26f"/>
      </symbol>
      <symbol id="sm-656">
         <name>UART2Support_dmaStartTx</name>
         <value>0x38e5</value>
         <object_component_ref idref="oc-270"/>
      </symbol>
      <symbol id="sm-657">
         <name>UART2Support_powerRelConstraint</name>
         <value>0x776f</value>
         <object_component_ref idref="oc-271"/>
      </symbol>
      <symbol id="sm-658">
         <name>UART2Support_disableTx</name>
         <value>0x89d9</value>
         <object_component_ref idref="oc-37d"/>
      </symbol>
      <symbol id="sm-659">
         <name>UART2Support_powerSetConstraint</name>
         <value>0x7a6d</value>
         <object_component_ref idref="oc-300"/>
      </symbol>
      <symbol id="sm-65a">
         <name>UART2Support_enableTx</name>
         <value>0x89e5</value>
         <object_component_ref idref="oc-378"/>
      </symbol>
      <symbol id="sm-65b">
         <name>UART2Support_sendData</name>
         <value>0x7251</value>
         <object_component_ref idref="oc-37b"/>
      </symbol>
      <symbol id="sm-65c">
         <name>UART2Support_txDone</name>
         <value>0x87cd</value>
         <object_component_ref idref="oc-37c"/>
      </symbol>
      <symbol id="sm-66e">
         <name>GPIO_hwiIntFxn</name>
         <value>0x6961</value>
         <object_component_ref idref="oc-f8"/>
      </symbol>
      <symbol id="sm-66f">
         <name>GPIO_init</name>
         <value>0x2c85</value>
         <object_component_ref idref="oc-ad"/>
      </symbol>
      <symbol id="sm-695">
         <name>PowerCC26X2_updateSubSecInc</name>
         <value>0x5379</value>
         <object_component_ref idref="oc-240"/>
      </symbol>
      <symbol id="sm-696">
         <name>PowerCC26X2_readCtrim</name>
         <value>0x872d</value>
         <object_component_ref idref="oc-249"/>
      </symbol>
      <symbol id="sm-697">
         <name>PowerCC26X2_readCtrimFract</name>
         <value>0x873d</value>
         <object_component_ref idref="oc-24a"/>
      </symbol>
      <symbol id="sm-698">
         <name>PowerCC26X2_readRtrim</name>
         <value>0x874d</value>
         <object_component_ref idref="oc-24b"/>
      </symbol>
      <symbol id="sm-699">
         <name>PowerCC26X2_writeCtrim</name>
         <value>0x7c05</value>
         <object_component_ref idref="oc-246"/>
      </symbol>
      <symbol id="sm-69a">
         <name>PowerCC26X2_writeCtrimFract</name>
         <value>0x7c29</value>
         <object_component_ref idref="oc-247"/>
      </symbol>
      <symbol id="sm-69b">
         <name>PowerCC26X2_writeCtrimFractEn</name>
         <value>0x7c4d</value>
         <object_component_ref idref="oc-24c"/>
      </symbol>
      <symbol id="sm-69c">
         <name>PowerCC26X2_writeRtrim</name>
         <value>0x7c71</value>
         <object_component_ref idref="oc-248"/>
      </symbol>
      <symbol id="sm-69d">
         <name>PowerCC26X2_setTdcClkSrc24M</name>
         <value>0x6df1</value>
         <object_component_ref idref="oc-2ed"/>
      </symbol>
      <symbol id="sm-69e">
         <name>PowerCC26X2_setAclkRefSrc</name>
         <value>0x6bc1</value>
         <object_component_ref idref="oc-2ee"/>
      </symbol>
      <symbol id="sm-6d4">
         <name>PowerCC26X2_oscCtlClearXtal</name>
         <value>0x870d</value>
         <object_component_ref idref="oc-165"/>
      </symbol>
      <symbol id="sm-6d5">
         <name>PowerCC26X2_prcmEnableCacheRetention</name>
         <value>0x871d</value>
         <object_component_ref idref="oc-35b"/>
      </symbol>
      <symbol id="sm-6d6">
         <name>PowerCC26X2_oschfSwitchToRcosc</name>
         <value>0x8b8f</value>
         <object_component_ref idref="oc-2d8"/>
      </symbol>
      <symbol id="sm-6d7">
         <name>PowerCC26X2_oscClockSourceGet</name>
         <value>0x8985</value>
         <object_component_ref idref="oc-23c"/>
      </symbol>
      <symbol id="sm-6d8">
         <name>PowerCC26X2_oscDisableQualifiers</name>
         <value>0x7031</value>
         <object_component_ref idref="oc-169"/>
      </symbol>
      <symbol id="sm-6d9">
         <name>PowerCC26X2_getOscHfSourceReady</name>
         <value>0x7be1</value>
         <object_component_ref idref="oc-376"/>
      </symbol>
      <symbol id="sm-6da">
         <name>PowerCC26X2_oschfTrySwitchToXosc</name>
         <value>0x8b19</value>
         <object_component_ref idref="oc-2e9"/>
      </symbol>
      <symbol id="sm-6db">
         <name>PowerCC26X2_enableTCXOQual</name>
         <value>0x7f25</value>
         <object_component_ref idref="oc-2d6"/>
      </symbol>
      <symbol id="sm-6dc">
         <name>PowerCC26X2_disableTCXOQual</name>
         <value>0x7f05</value>
         <object_component_ref idref="oc-2d9"/>
      </symbol>
      <symbol id="sm-6dd">
         <name>PowerCC26X2_turnOnXosc</name>
         <value>0x8b97</value>
         <object_component_ref idref="oc-2da"/>
      </symbol>
      <symbol id="sm-6de">
         <name>PowerCC26X2_switchToTCXO</name>
         <value>0x875d</value>
         <object_component_ref idref="oc-237"/>
      </symbol>
      <symbol id="sm-6df">
         <name>PowerCC26X2_sysCtrlStandby</name>
         <value>0x8a8b</value>
         <object_component_ref idref="oc-35a"/>
      </symbol>
      <symbol id="sm-6e0">
         <name>PowerCC26X2_sysCtrlIdle</name>
         <value>0x8b93</value>
         <object_component_ref idref="oc-2e4"/>
      </symbol>
      <symbol id="sm-6e1">
         <name>PowerCC26X2_setPeriphDeepSleepEnable</name>
         <value>0x8991</value>
         <object_component_ref idref="oc-35c"/>
      </symbol>
      <symbol id="sm-6e2">
         <name>PowerCC26X2_sysCtrlGetResetSource</name>
         <value>0x899d</value>
         <object_component_ref idref="oc-15e"/>
      </symbol>
      <symbol id="sm-6e3">
         <name>PowerCC26X2_setSubSecIncToXoscLf</name>
         <value>0x71b5</value>
         <object_component_ref idref="oc-23b"/>
      </symbol>
      <symbol id="sm-6e4">
         <name>PowerCC26X2_sysCtrlUpdateVoltageRegulator</name>
         <value>0x89a9</value>
         <object_component_ref idref="oc-2dc"/>
      </symbol>
      <symbol id="sm-6fa">
         <name>RingBuf_construct</name>
         <value>0x876d</value>
         <object_component_ref idref="oc-194"/>
      </symbol>
      <symbol id="sm-6fb">
         <name>RingBuf_getConsume</name>
         <value>0x74cf</value>
         <object_component_ref idref="oc-2fe"/>
      </symbol>
      <symbol id="sm-6fc">
         <name>RingBuf_getCount</name>
         <value>0x8b9f</value>
         <object_component_ref idref="oc-2fb"/>
      </symbol>
      <symbol id="sm-6fd">
         <name>RingBuf_getPointer</name>
         <value>0x7dd5</value>
         <object_component_ref idref="oc-2ff"/>
      </symbol>
      <symbol id="sm-6fe">
         <name>RingBuf_put</name>
         <value>0x67bd</value>
         <object_component_ref idref="oc-2f9"/>
      </symbol>
      <symbol id="sm-6ff">
         <name>RingBuf_putAdvance</name>
         <value>0x7069</value>
         <object_component_ref idref="oc-2fa"/>
      </symbol>
      <symbol id="sm-700">
         <name>RingBuf_putPointer</name>
         <value>0x74fd</value>
         <object_component_ref idref="oc-2fc"/>
      </symbol>
      <symbol id="sm-70d">
         <name>UDMACC26XX_hwiIntFxn</name>
         <value>0x8a95</value>
         <object_component_ref idref="oc-25e"/>
      </symbol>
      <symbol id="sm-70e">
         <name>UDMACC26XX_open</name>
         <value>0x5bd9</value>
         <object_component_ref idref="oc-19a"/>
      </symbol>
      <symbol id="sm-71f">
         <name>NOROM_ChipInfo_GetChipType</name>
         <value>0x5031</value>
         <object_component_ref idref="oc-1ba"/>
      </symbol>
      <symbol id="sm-720">
         <name>NOROM_ChipInfo_GetHwRevision</name>
         <value>0x64d1</value>
         <object_component_ref idref="oc-20a"/>
      </symbol>
      <symbol id="sm-721">
         <name>NOROM_ThisLibraryIsFor_CC13x2_CC26x2_HwRev20AndLater_HaltIfViolated</name>
         <value>0x7891</value>
         <object_component_ref idref="oc-14a"/>
      </symbol>
      <symbol id="sm-72f">
         <name>NOROM_CPUcpsid</name>
         <value>0x8b01</value>
         <object_component_ref idref="oc-2db"/>
      </symbol>
      <symbol id="sm-730">
         <name>NOROM_CPUcpsie</name>
         <value>0x8b09</value>
         <object_component_ref idref="oc-2e6"/>
      </symbol>
      <symbol id="sm-731">
         <name>NOROM_CPUdelay</name>
         <value>0x8b6f</value>
         <object_component_ref idref="oc-24e"/>
      </symbol>
      <symbol id="sm-759">
         <name>NOROM_OSCHF_TurnOnXosc</name>
         <value>0x7bbd</value>
         <object_component_ref idref="oc-2e8"/>
      </symbol>
      <symbol id="sm-75a">
         <name>NOROM_OSCHF_AttemptToSwitchToXosc</name>
         <value>0x59e5</value>
         <object_component_ref idref="oc-364"/>
      </symbol>
      <symbol id="sm-75b">
         <name>NOROM_OSCHF_SwitchToRcOscTurnOffXosc</name>
         <value>0x6f89</value>
         <object_component_ref idref="oc-356"/>
      </symbol>
      <symbol id="sm-75c">
         <name>NOROM_OSC_CapArrayAdjustWorkaround_Boot</name>
         <value>0x7869</value>
         <object_component_ref idref="oc-20d"/>
      </symbol>
      <symbol id="sm-75d">
         <name>_hposcCoeffs</name>
         <value>0x200015c4</value>
         <object_component_ref idref="oc-365"/>
      </symbol>
      <symbol id="sm-75e">
         <name>NOROM_OSC_HPOSCRelativeFrequencyOffsetGet</name>
         <value>0x6db5</value>
         <object_component_ref idref="oc-2ea"/>
      </symbol>
      <symbol id="sm-76c">
         <name>NOROM_PRCMPowerDomainsAllOff</name>
         <value>0x69a5</value>
         <object_component_ref idref="oc-366"/>
      </symbol>
      <symbol id="sm-76d">
         <name>NOROM_PRCMPowerDomainsAllOn</name>
         <value>0x69e9</value>
         <object_component_ref idref="oc-181"/>
      </symbol>
      <symbol id="sm-77c">
         <name>NOROM_SetupTrimDevice</name>
         <value>0x34e5</value>
         <object_component_ref idref="oc-d9"/>
      </symbol>
      <symbol id="sm-78d">
         <name>NOROM_SysCtrlIdle</name>
         <value>0x6fc1</value>
         <object_component_ref idref="oc-35d"/>
      </symbol>
      <symbol id="sm-78e">
         <name>NOROM_SysCtrlStandby</name>
         <value>0x3329</value>
         <object_component_ref idref="oc-39c"/>
      </symbol>
      <symbol id="sm-78f">
         <name>NOROM_SysCtrlSetRechargeBeforePowerDown</name>
         <value>0x50a9</value>
         <object_component_ref idref="oc-3b1"/>
      </symbol>
      <symbol id="sm-79c">
         <name>NOROM_AUXSYSIFOpModeChange</name>
         <value>0x6f51</value>
         <object_component_ref idref="oc-213"/>
      </symbol>
      <symbol id="sm-7a5">
         <name>ti_sysbios_knl_TaskSupport_swap</name>
         <value>0x79d1</value>
         <object_component_ref idref="oc-145"/>
      </symbol>
      <symbol id="sm-7a6">
         <name>ti_sysbios_knl_TaskSupport_glue</name>
         <value>0x83c9</value>
         <object_component_ref idref="oc-3b2"/>
      </symbol>
      <symbol id="sm-7a7">
         <name>ti_sysbios_knl_TaskSupport_swapReturn</name>
         <value>0x79dc</value>
         <object_component_ref idref="oc-145"/>
      </symbol>
      <symbol id="sm-7bc">
         <name>ti_sysbios_family_arm_m3_Hwi_dispatch</name>
         <value>0x21d9</value>
         <object_component_ref idref="oc-52"/>
      </symbol>
      <symbol id="sm-7bd">
         <name>ti_sysbios_family_arm_m3_Hwi_pendSV</name>
         <value>0x22b5</value>
         <object_component_ref idref="oc-52"/>
      </symbol>
      <symbol id="sm-7be">
         <name>ti_sysbios_family_arm_m3_Hwi_excHandlerAsm</name>
         <value>0x7909</value>
         <object_component_ref idref="oc-4d"/>
      </symbol>
      <symbol id="sm-7bf">
         <name>ti_sysbios_family_arm_m3_Hwi_return</name>
         <value>0x22d8</value>
         <object_component_ref idref="oc-52"/>
      </symbol>
      <symbol id="sm-7c0">
         <name>ti_sysbios_family_arm_m3_Hwi_interruptsAreDisabledButShouldNotBe</name>
         <value>0x22b0</value>
         <object_component_ref idref="oc-52"/>
      </symbol>
      <symbol id="sm-7cd">
         <name>ti_sysbios_family_arm_m3_Hwi_switchAndRunFunc</name>
         <value>0x80a1</value>
         <object_component_ref idref="oc-388"/>
      </symbol>
      <symbol id="sm-7ce">
         <name>ti_sysbios_family_arm_m3_Hwi_initStacks</name>
         <value>0x6031</value>
         <object_component_ref idref="oc-33a"/>
      </symbol>
      <symbol id="sm-7d7">
         <name>_c_int00</name>
         <value>0x72ed</value>
         <object_component_ref idref="oc-29"/>
      </symbol>
      <symbol id="sm-7d8">
         <name>__stack</name>
         <value>0x20013a00</value>
         <object_component_ref idref="oc-49"/>
      </symbol>
      <symbol id="sm-7e9">
         <name>_nop</name>
         <value>0x2e83</value>
         <object_component_ref idref="oc-2a9"/>
      </symbol>
      <symbol id="sm-7ea">
         <name>_register_lock</name>
         <value>0x89fd</value>
         <object_component_ref idref="oc-2ae"/>
      </symbol>
      <symbol id="sm-7eb">
         <name>_lock</name>
         <value>0x20001628</value>
         <object_component_ref idref="oc-333"/>
      </symbol>
      <symbol id="sm-7ec">
         <name>_register_unlock</name>
         <value>0x8a09</value>
         <object_component_ref idref="oc-2af"/>
      </symbol>
      <symbol id="sm-7ed">
         <name>_unlock</name>
         <value>0x2000162c</value>
         <object_component_ref idref="oc-334"/>
      </symbol>
      <symbol id="sm-7f7">
         <name>_args_main</name>
         <value>0x8539</value>
         <object_component_ref idref="oc-57"/>
      </symbol>
      <symbol id="sm-806">
         <name>__TI_auto_init_nobinit_nopinit</name>
         <value>0x70d9</value>
         <object_component_ref idref="oc-7b"/>
      </symbol>
      <symbol id="sm-811">
         <name>__TI_zero_init</name>
         <value>0x888d</value>
         <object_component_ref idref="oc-6f"/>
      </symbol>
      <symbol id="sm-81a">
         <name>__TI_decompress_none</name>
         <value>0x8945</value>
         <object_component_ref idref="oc-35"/>
      </symbol>
      <symbol id="sm-824">
         <name>__TI_decompress_lzss</name>
         <value>0x55b7</value>
         <object_component_ref idref="oc-31"/>
      </symbol>
      <symbol id="sm-848">
         <name>__aeabi_memcpy</name>
         <value>0x8ba5</value>
         <object_component_ref idref="oc-62"/>
      </symbol>
      <symbol id="sm-849">
         <name>__aeabi_memcpy4</name>
         <value>0x8ba5</value>
         <object_component_ref idref="oc-62"/>
      </symbol>
      <symbol id="sm-84a">
         <name>__aeabi_memcpy8</name>
         <value>0x8ba5</value>
         <object_component_ref idref="oc-62"/>
      </symbol>
      <symbol id="sm-851">
         <name>__aeabi_memclr</name>
         <value>0x8b29</value>
         <object_component_ref idref="oc-95"/>
      </symbol>
      <symbol id="sm-852">
         <name>__aeabi_memclr4</name>
         <value>0x8b29</value>
         <object_component_ref idref="oc-95"/>
      </symbol>
      <symbol id="sm-853">
         <name>__aeabi_memclr8</name>
         <value>0x8b29</value>
         <object_component_ref idref="oc-95"/>
      </symbol>
      <symbol id="sm-859">
         <name>__aeabi_uldivmod</name>
         <value>0x8525</value>
         <object_component_ref idref="oc-34d"/>
      </symbol>
      <symbol id="sm-85f">
         <name>__udivmoddi4</name>
         <value>0x4019</value>
         <object_component_ref idref="oc-38c"/>
      </symbol>
      <symbol id="sm-86b">
         <name>__aeabi_ldiv0</name>
         <value>0x2a77</value>
         <object_component_ref idref="oc-3a8"/>
      </symbol>
      <symbol id="sm-874">
         <name>TI_memcpy_small</name>
         <value>0x862b</value>
         <object_component_ref idref="oc-c2"/>
      </symbol>
      <symbol id="sm-87c">
         <name>TI_memset_small</name>
         <value>0x8937</value>
         <object_component_ref idref="oc-134"/>
      </symbol>
      <symbol id="sm-87d">
         <name>__TI_static_base__</name>
         <value>0x0</value>
      </symbol>
      <symbol id="sm-880">
         <name>ITM_flush</name>
         <value>0x0</value>
      </symbol>
      <symbol id="sm-881">
         <name>ITM_restore</name>
         <value>0x0</value>
      </symbol>
      <symbol id="sm-882">
         <name>__mpu_init</name>
         <value>0x0</value>
      </symbol>
   </symbol_table>
   <title>Link successful</title>
</link_info>
