<?xml version="1.0" encoding="ISO-8859-1" ?>
<link_info>
   <banner>TI ARM Clang Linker PC v3.2.2.LTS</banner>
   <copyright>Copyright (c) 1996-2018 Texas Instruments Incorporated</copyright>
   <link_time>0x6a00380f</link_time>
   <link_errors>0x0</link_errors>
   <output_file>C:\Users\jim94\workspace_ccstheia\rfPacketRx\Debug\rfPacketRx.out</output_file>
   <entry_point>
      <name>ResetISR</name>
      <address>0x8929</address>
   </entry_point>
   <input_file_list>
      <input_file id="fl-1">
         <path>C:\Users\jim94\workspace_ccstheia\rfPacketRx\Debug\.\</path>
         <kind>object</kind>
         <file>RFQueue.o</file>
         <name>RFQueue.o</name>
      </input_file>
      <input_file id="fl-2">
         <path>C:\Users\jim94\workspace_ccstheia\rfPacketRx\Debug\.\</path>
         <kind>object</kind>
         <file>main_tirtos.o</file>
         <name>main_tirtos.o</name>
      </input_file>
      <input_file id="fl-3">
         <path>C:\Users\jim94\workspace_ccstheia\rfPacketRx\Debug\.\</path>
         <kind>object</kind>
         <file>rfPacketRx.o</file>
         <name>rfPacketRx.o</name>
      </input_file>
      <input_file id="fl-4">
         <path>C:\Users\jim94\workspace_ccstheia\rfPacketRx\Debug\.\syscfg\</path>
         <kind>object</kind>
         <file>ti_devices_config.o</file>
         <name>ti_devices_config.o</name>
      </input_file>
      <input_file id="fl-5">
         <path>C:\Users\jim94\workspace_ccstheia\rfPacketRx\Debug\.\syscfg\</path>
         <kind>object</kind>
         <file>ti_radio_config.o</file>
         <name>ti_radio_config.o</name>
      </input_file>
      <input_file id="fl-6">
         <path>C:\Users\jim94\workspace_ccstheia\rfPacketRx\Debug\.\syscfg\</path>
         <kind>object</kind>
         <file>ti_drivers_config.o</file>
         <name>ti_drivers_config.o</name>
      </input_file>
      <input_file id="fl-7">
         <path>C:\Users\jim94\workspace_ccstheia\rfPacketRx\Debug\.\syscfg\</path>
         <kind>object</kind>
         <file>ti_sysbios_config.o</file>
         <name>ti_sysbios_config.o</name>
      </input_file>
      <input_file id="fl-18">
         <path>C:\Users\jim94\workspace_ccstheia\rfPacketRx\Debug\</path>
         <kind>object</kind>
         <file>&lt;internal&gt;</file>
         <name>&lt;internal&gt;</name>
      </input_file>
      <input_file id="fl-19">
         <path>C:\ti\simplelink_cc13xx_cc26xx_sdk_8_32_00_07\source\ti\drivers\rf\lib\ticlang\m4f\</path>
         <kind>archive</kind>
         <file>rf_multiMode_cc13x2.a</file>
         <name>RFCC26X2_multiMode.c.cc13x2.ticlang.o</name>
      </input_file>
      <input_file id="fl-1a">
         <path>C:\ti\simplelink_cc13xx_cc26xx_sdk_8_32_00_07\source\ti\drivers\rf\lib\ticlang\m4f\</path>
         <kind>archive</kind>
         <file>rf_multiMode_cc13x2.a</file>
         <name>rfc.c.cc13x2.ticlang.o</name>
      </input_file>
      <input_file id="fl-1b">
         <path>C:\ti\simplelink_cc13xx_cc26xx_sdk_8_32_00_07\source\ti\drivers\rf\lib\ticlang\m4f\</path>
         <kind>archive</kind>
         <file>rf_multiMode_cc13x2.a</file>
         <name>rf_patch_cpe_prop.c.cc13x2.ticlang.o</name>
      </input_file>
      <input_file id="fl-1c">
         <path>C:\ti\simplelink_cc13xx_cc26xx_sdk_8_32_00_07\source\ti\drivers\lib\ticlang\m4f\</path>
         <kind>archive</kind>
         <file>drivers_cc13x2.a</file>
         <name>List.c.obj</name>
      </input_file>
      <input_file id="fl-1d">
         <path>C:\ti\simplelink_cc13xx_cc26xx_sdk_8_32_00_07\source\ti\drivers\lib\ticlang\m4f\</path>
         <kind>archive</kind>
         <file>drivers_cc13x2.a</file>
         <name>GPIO.c.obj</name>
      </input_file>
      <input_file id="fl-1e">
         <path>C:\ti\simplelink_cc13xx_cc26xx_sdk_8_32_00_07\source\ti\drivers\lib\ticlang\m4f\</path>
         <kind>archive</kind>
         <file>drivers_cc13x2.a</file>
         <name>GPIOCC26XX.c.obj</name>
      </input_file>
      <input_file id="fl-1f">
         <path>C:\ti\simplelink_cc13xx_cc26xx_sdk_8_32_00_07\source\ti\drivers\lib\ticlang\m4f\</path>
         <kind>archive</kind>
         <file>drivers_cc13x2.a</file>
         <name>PowerCC26X2.c.obj</name>
      </input_file>
      <input_file id="fl-20">
         <path>C:\ti\simplelink_cc13xx_cc26xx_sdk_8_32_00_07\source\ti\drivers\lib\ticlang\m4f\</path>
         <kind>archive</kind>
         <file>drivers_cc13x2.a</file>
         <name>PowerCC26X2_calibrateRCOSC.c.obj</name>
      </input_file>
      <input_file id="fl-21">
         <path>C:\ti\simplelink_cc13xx_cc26xx_sdk_8_32_00_07\source\ti\drivers\lib\ticlang\m4f\</path>
         <kind>archive</kind>
         <file>drivers_cc13x2.a</file>
         <name>TemperatureCC26X2.c.obj</name>
      </input_file>
      <input_file id="fl-22">
         <path>C:\ti\simplelink_cc13xx_cc26xx_sdk_8_32_00_07\source\ti\drivers\lib\ticlang\m4f\</path>
         <kind>archive</kind>
         <file>drivers_cc13x2.a</file>
         <name>UART2.c.obj</name>
      </input_file>
      <input_file id="fl-23">
         <path>C:\ti\simplelink_cc13xx_cc26xx_sdk_8_32_00_07\source\ti\drivers\lib\ticlang\m4f\</path>
         <kind>archive</kind>
         <file>drivers_cc13x2.a</file>
         <name>UART2CC26X2.c.obj</name>
      </input_file>
      <input_file id="fl-24">
         <path>C:\ti\simplelink_cc13xx_cc26xx_sdk_8_32_00_07\source\ti\drivers\lib\ticlang\m4f\</path>
         <kind>archive</kind>
         <file>drivers_cc13x2.a</file>
         <name>GPIOCC26X2.c.obj</name>
      </input_file>
      <input_file id="fl-25">
         <path>C:\ti\simplelink_cc13xx_cc26xx_sdk_8_32_00_07\source\ti\drivers\lib\ticlang\m4f\</path>
         <kind>archive</kind>
         <file>drivers_cc13x2.a</file>
         <name>PowerCC26X2_calibrateRCOSC_helpers.c.obj</name>
      </input_file>
      <input_file id="fl-26">
         <path>C:\ti\simplelink_cc13xx_cc26xx_sdk_8_32_00_07\source\ti\drivers\lib\ticlang\m4f\</path>
         <kind>archive</kind>
         <file>drivers_cc13x2.a</file>
         <name>PowerCC26X2_helpers.c.obj</name>
      </input_file>
      <input_file id="fl-27">
         <path>C:\ti\simplelink_cc13xx_cc26xx_sdk_8_32_00_07\source\ti\drivers\lib\ticlang\m4f\</path>
         <kind>archive</kind>
         <file>drivers_cc13x2.a</file>
         <name>RingBuf.c.obj</name>
      </input_file>
      <input_file id="fl-28">
         <path>C:\ti\simplelink_cc13xx_cc26xx_sdk_8_32_00_07\source\ti\drivers\lib\ticlang\m4f\</path>
         <kind>archive</kind>
         <file>drivers_cc13x2.a</file>
         <name>UDMACC26XX.c.obj</name>
      </input_file>
      <input_file id="fl-29">
         <path>C:\ti\simplelink_cc13xx_cc26xx_sdk_8_32_00_07\source\ti\devices\cc13x2_cc26x2\driverlib\bin\ticlang\</path>
         <kind>archive</kind>
         <file>driverlib.lib</file>
         <name>chipinfo.c.obj</name>
      </input_file>
      <input_file id="fl-2a">
         <path>C:\ti\simplelink_cc13xx_cc26xx_sdk_8_32_00_07\source\ti\devices\cc13x2_cc26x2\driverlib\bin\ticlang\</path>
         <kind>archive</kind>
         <file>driverlib.lib</file>
         <name>cpu.c.obj</name>
      </input_file>
      <input_file id="fl-2b">
         <path>C:\ti\simplelink_cc13xx_cc26xx_sdk_8_32_00_07\source\ti\devices\cc13x2_cc26x2\driverlib\bin\ticlang\</path>
         <kind>archive</kind>
         <file>driverlib.lib</file>
         <name>osc.c.obj</name>
      </input_file>
      <input_file id="fl-2c">
         <path>C:\ti\simplelink_cc13xx_cc26xx_sdk_8_32_00_07\source\ti\devices\cc13x2_cc26x2\driverlib\bin\ticlang\</path>
         <kind>archive</kind>
         <file>driverlib.lib</file>
         <name>prcm.c.obj</name>
      </input_file>
      <input_file id="fl-2d">
         <path>C:\ti\simplelink_cc13xx_cc26xx_sdk_8_32_00_07\source\ti\devices\cc13x2_cc26x2\driverlib\bin\ticlang\</path>
         <kind>archive</kind>
         <file>driverlib.lib</file>
         <name>setup.c.obj</name>
      </input_file>
      <input_file id="fl-2e">
         <path>C:\ti\simplelink_cc13xx_cc26xx_sdk_8_32_00_07\source\ti\devices\cc13x2_cc26x2\driverlib\bin\ticlang\</path>
         <kind>archive</kind>
         <file>driverlib.lib</file>
         <name>sys_ctrl.c.obj</name>
      </input_file>
      <input_file id="fl-2f">
         <path>C:\ti\simplelink_cc13xx_cc26xx_sdk_8_32_00_07\source\ti\devices\cc13x2_cc26x2\driverlib\bin\ticlang\</path>
         <kind>archive</kind>
         <file>driverlib.lib</file>
         <name>aux_sysif.c.obj</name>
      </input_file>
      <input_file id="fl-30">
         <path>C:\ti\simplelink_cc13xx_cc26xx_sdk_8_32_00_07\kernel\tirtos7\packages\ti\sysbios\lib\ticlang\m4f\</path>
         <kind>archive</kind>
         <file>sysbios.a</file>
         <name>TaskSupport_asm_gcc.s.obj</name>
      </input_file>
      <input_file id="fl-31">
         <path>C:\ti\simplelink_cc13xx_cc26xx_sdk_8_32_00_07\kernel\tirtos7\packages\ti\sysbios\lib\ticlang\m4f\</path>
         <kind>archive</kind>
         <file>sysbios.a</file>
         <name>Hwi_asm_gcc.s.obj</name>
      </input_file>
      <input_file id="fl-32">
         <path>C:\ti\simplelink_cc13xx_cc26xx_sdk_8_32_00_07\kernel\tirtos7\packages\ti\sysbios\lib\ticlang\m4f\</path>
         <kind>archive</kind>
         <file>sysbios.a</file>
         <name>Hwi_asm_switch_gcc.s.obj</name>
      </input_file>
      <input_file id="fl-33">
         <path>C:\ti\simplelink_cc13xx_cc26xx_sdk_8_32_00_07\kernel\tirtos7\packages\ti\sysbios\lib\ticlang\m4f\</path>
         <kind>archive</kind>
         <file>sysbios.a</file>
         <name>boot_cortex_m.c.obj</name>
      </input_file>
      <input_file id="fl-42">
         <path>C:\ti\ti_cgt_arm_llvm_3.2.2.LTS\lib\armv7em-ti-none-eabihf\c\</path>
         <kind>archive</kind>
         <file>libc.a</file>
         <name>strcmp_t2.S.obj</name>
      </input_file>
      <input_file id="fl-43">
         <path>C:\ti\ti_cgt_arm_llvm_3.2.2.LTS\lib\armv7em-ti-none-eabihf\c\</path>
         <kind>archive</kind>
         <file>libc.a</file>
         <name>aeabi_portable.c.obj</name>
      </input_file>
      <input_file id="fl-44">
         <path>C:\ti\ti_cgt_arm_llvm_3.2.2.LTS\lib\armv7em-ti-none-eabihf\c\</path>
         <kind>archive</kind>
         <file>libc.a</file>
         <name>exit.c.obj</name>
      </input_file>
      <input_file id="fl-45">
         <path>C:\ti\ti_cgt_arm_llvm_3.2.2.LTS\lib\armv7em-ti-none-eabihf\c\</path>
         <kind>archive</kind>
         <file>libc.a</file>
         <name>_lock.c.obj</name>
      </input_file>
      <input_file id="fl-46">
         <path>C:\ti\ti_cgt_arm_llvm_3.2.2.LTS\lib\armv7em-ti-none-eabihf\c\</path>
         <kind>archive</kind>
         <file>libc.a</file>
         <name>args_main.c.obj</name>
      </input_file>
      <input_file id="fl-47">
         <path>C:\ti\ti_cgt_arm_llvm_3.2.2.LTS\lib\armv7em-ti-none-eabihf\c\</path>
         <kind>archive</kind>
         <file>libc.a</file>
         <name>assert.c.obj</name>
      </input_file>
      <input_file id="fl-48">
         <path>C:\ti\ti_cgt_arm_llvm_3.2.2.LTS\lib\armv7em-ti-none-eabihf\c\</path>
         <kind>archive</kind>
         <file>libc.a</file>
         <name>defs.c.obj</name>
      </input_file>
      <input_file id="fl-49">
         <path>C:\ti\ti_cgt_arm_llvm_3.2.2.LTS\lib\armv7em-ti-none-eabihf\c\</path>
         <kind>archive</kind>
         <file>libc.a</file>
         <name>strcpy.c.obj</name>
      </input_file>
      <input_file id="fl-4a">
         <path>C:\ti\ti_cgt_arm_llvm_3.2.2.LTS\lib\armv7em-ti-none-eabihf\c\</path>
         <kind>archive</kind>
         <file>libc.a</file>
         <name>strlen.c.obj</name>
      </input_file>
      <input_file id="fl-4b">
         <path>C:\ti\ti_cgt_arm_llvm_3.2.2.LTS\lib\armv7em-ti-none-eabihf\c\</path>
         <kind>archive</kind>
         <file>libc.a</file>
         <name>autoinit.c.obj</name>
      </input_file>
      <input_file id="fl-4c">
         <path>C:\ti\ti_cgt_arm_llvm_3.2.2.LTS\lib\armv7em-ti-none-eabihf\c\</path>
         <kind>archive</kind>
         <file>libc.a</file>
         <name>cpy_tbl.c.obj</name>
      </input_file>
      <input_file id="fl-4d">
         <path>C:\ti\ti_cgt_arm_llvm_3.2.2.LTS\lib\armv7em-ti-none-eabihf\c\</path>
         <kind>archive</kind>
         <file>libc.a</file>
         <name>copy_zero_init.c.obj</name>
      </input_file>
      <input_file id="fl-4e">
         <path>C:\ti\ti_cgt_arm_llvm_3.2.2.LTS\lib\armv7em-ti-none-eabihf\c\</path>
         <kind>archive</kind>
         <file>libc.a</file>
         <name>copy_decompress_none.c.obj</name>
      </input_file>
      <input_file id="fl-4f">
         <path>C:\ti\ti_cgt_arm_llvm_3.2.2.LTS\lib\armv7em-ti-none-eabihf\c\</path>
         <kind>archive</kind>
         <file>libc.a</file>
         <name>copy_decompress_lzss.c.obj</name>
      </input_file>
      <input_file id="fl-50">
         <path>C:\ti\ti_cgt_arm_llvm_3.2.2.LTS\lib\armv7em-ti-none-eabihf\c\</path>
         <kind>archive</kind>
         <file>libc.a</file>
         <name>sprintf.c.obj</name>
      </input_file>
      <input_file id="fl-51">
         <path>C:\ti\ti_cgt_arm_llvm_3.2.2.LTS\lib\armv7em-ti-none-eabihf\c\</path>
         <kind>archive</kind>
         <file>libc.a</file>
         <name>fflush.c.obj</name>
      </input_file>
      <input_file id="fl-52">
         <path>C:\ti\ti_cgt_arm_llvm_3.2.2.LTS\lib\armv7em-ti-none-eabihf\c\</path>
         <kind>archive</kind>
         <file>libc.a</file>
         <name>fputs.c.obj</name>
      </input_file>
      <input_file id="fl-53">
         <path>C:\ti\ti_cgt_arm_llvm_3.2.2.LTS\lib\armv7em-ti-none-eabihf\c\</path>
         <kind>archive</kind>
         <file>libc.a</file>
         <name>_io_perm.c.obj</name>
      </input_file>
      <input_file id="fl-54">
         <path>C:\ti\ti_cgt_arm_llvm_3.2.2.LTS\lib\armv7em-ti-none-eabihf\c\</path>
         <kind>archive</kind>
         <file>libc.a</file>
         <name>setvbuf.c.obj</name>
      </input_file>
      <input_file id="fl-55">
         <path>C:\ti\ti_cgt_arm_llvm_3.2.2.LTS\lib\armv7em-ti-none-eabihf\c\</path>
         <kind>archive</kind>
         <file>libc.a</file>
         <name>_printfi.c.obj</name>
      </input_file>
      <input_file id="fl-56">
         <path>C:\ti\ti_cgt_arm_llvm_3.2.2.LTS\lib\armv7em-ti-none-eabihf\c\</path>
         <kind>archive</kind>
         <file>libc.a</file>
         <name>fopen.c.obj</name>
      </input_file>
      <input_file id="fl-57">
         <path>C:\ti\ti_cgt_arm_llvm_3.2.2.LTS\lib\armv7em-ti-none-eabihf\c\</path>
         <kind>archive</kind>
         <file>libc.a</file>
         <name>fseek.c.obj</name>
      </input_file>
      <input_file id="fl-58">
         <path>C:\ti\ti_cgt_arm_llvm_3.2.2.LTS\lib\armv7em-ti-none-eabihf\c\</path>
         <kind>archive</kind>
         <file>libc.a</file>
         <name>s_frexp.c.obj</name>
      </input_file>
      <input_file id="fl-59">
         <path>C:\ti\ti_cgt_arm_llvm_3.2.2.LTS\lib\armv7em-ti-none-eabihf\c\</path>
         <kind>archive</kind>
         <file>libc.a</file>
         <name>s_scalbn.c.obj</name>
      </input_file>
      <input_file id="fl-5a">
         <path>C:\ti\ti_cgt_arm_llvm_3.2.2.LTS\lib\armv7em-ti-none-eabihf\c\</path>
         <kind>archive</kind>
         <file>libc.a</file>
         <name>_ltoa.c.obj</name>
      </input_file>
      <input_file id="fl-5b">
         <path>C:\ti\ti_cgt_arm_llvm_3.2.2.LTS\lib\armv7em-ti-none-eabihf\c\</path>
         <kind>archive</kind>
         <file>libc.a</file>
         <name>atoi.c.obj</name>
      </input_file>
      <input_file id="fl-5c">
         <path>C:\ti\ti_cgt_arm_llvm_3.2.2.LTS\lib\armv7em-ti-none-eabihf\c\</path>
         <kind>archive</kind>
         <file>libc.a</file>
         <name>memccpy.c.obj</name>
      </input_file>
      <input_file id="fl-5d">
         <path>C:\ti\ti_cgt_arm_llvm_3.2.2.LTS\lib\armv7em-ti-none-eabihf\c\</path>
         <kind>archive</kind>
         <file>libc.a</file>
         <name>wcslen.c.obj</name>
      </input_file>
      <input_file id="fl-5e">
         <path>C:\ti\ti_cgt_arm_llvm_3.2.2.LTS\lib\armv7em-ti-none-eabihf\c\</path>
         <kind>archive</kind>
         <file>libc.a</file>
         <name>fclose.c.obj</name>
      </input_file>
      <input_file id="fl-5f">
         <path>C:\ti\ti_cgt_arm_llvm_3.2.2.LTS\lib\armv7em-ti-none-eabihf\c\</path>
         <kind>archive</kind>
         <file>libc.a</file>
         <name>aeabi_ctype.S.obj</name>
      </input_file>
      <input_file id="fl-c5">
         <path>C:\ti\ti_cgt_arm_llvm_3.2.2.LTS\lib\armv7em-ti-none-eabihf\c\</path>
         <kind>archive</kind>
         <file>libsysbm.a</file>
         <name>write.c.obj</name>
      </input_file>
      <input_file id="fl-c6">
         <path>C:\ti\ti_cgt_arm_llvm_3.2.2.LTS\lib\armv7em-ti-none-eabihf\c\</path>
         <kind>archive</kind>
         <file>libsysbm.a</file>
         <name>host_device.c.obj</name>
      </input_file>
      <input_file id="fl-c7">
         <path>C:\ti\ti_cgt_arm_llvm_3.2.2.LTS\lib\armv7em-ti-none-eabihf\c\</path>
         <kind>archive</kind>
         <file>libsysbm.a</file>
         <name>remove.c.obj</name>
      </input_file>
      <input_file id="fl-c8">
         <path>C:\ti\ti_cgt_arm_llvm_3.2.2.LTS\lib\armv7em-ti-none-eabihf\c\</path>
         <kind>archive</kind>
         <file>libsysbm.a</file>
         <name>open.c.obj</name>
      </input_file>
      <input_file id="fl-c9">
         <path>C:\ti\ti_cgt_arm_llvm_3.2.2.LTS\lib\armv7em-ti-none-eabihf\c\</path>
         <kind>archive</kind>
         <file>libsysbm.a</file>
         <name>lseek.c.obj</name>
      </input_file>
      <input_file id="fl-ca">
         <path>C:\ti\ti_cgt_arm_llvm_3.2.2.LTS\lib\armv7em-ti-none-eabihf\c\</path>
         <kind>archive</kind>
         <file>libsysbm.a</file>
         <name>close.c.obj</name>
      </input_file>
      <input_file id="fl-cb">
         <path>C:\ti\ti_cgt_arm_llvm_3.2.2.LTS\lib\armv7em-ti-none-eabihf\c\</path>
         <kind>archive</kind>
         <file>libsysbm.a</file>
         <name>unlink.c.obj</name>
      </input_file>
      <input_file id="fl-cc">
         <path>C:\ti\ti_cgt_arm_llvm_3.2.2.LTS\lib\armv7em-ti-none-eabihf\c\</path>
         <kind>archive</kind>
         <file>libsysbm.a</file>
         <name>hostclose.c.obj</name>
      </input_file>
      <input_file id="fl-cd">
         <path>C:\ti\ti_cgt_arm_llvm_3.2.2.LTS\lib\armv7em-ti-none-eabihf\c\</path>
         <kind>archive</kind>
         <file>libsysbm.a</file>
         <name>hostlseek.c.obj</name>
      </input_file>
      <input_file id="fl-ce">
         <path>C:\ti\ti_cgt_arm_llvm_3.2.2.LTS\lib\armv7em-ti-none-eabihf\c\</path>
         <kind>archive</kind>
         <file>libsysbm.a</file>
         <name>hostopen.c.obj</name>
      </input_file>
      <input_file id="fl-cf">
         <path>C:\ti\ti_cgt_arm_llvm_3.2.2.LTS\lib\armv7em-ti-none-eabihf\c\</path>
         <kind>archive</kind>
         <file>libsysbm.a</file>
         <name>hostread.c.obj</name>
      </input_file>
      <input_file id="fl-d0">
         <path>C:\ti\ti_cgt_arm_llvm_3.2.2.LTS\lib\armv7em-ti-none-eabihf\c\</path>
         <kind>archive</kind>
         <file>libsysbm.a</file>
         <name>hostrename.c.obj</name>
      </input_file>
      <input_file id="fl-d1">
         <path>C:\ti\ti_cgt_arm_llvm_3.2.2.LTS\lib\armv7em-ti-none-eabihf\c\</path>
         <kind>archive</kind>
         <file>libsysbm.a</file>
         <name>hostunlink.c.obj</name>
      </input_file>
      <input_file id="fl-d2">
         <path>C:\ti\ti_cgt_arm_llvm_3.2.2.LTS\lib\armv7em-ti-none-eabihf\c\</path>
         <kind>archive</kind>
         <file>libsysbm.a</file>
         <name>hostwrite.c.obj</name>
      </input_file>
      <input_file id="fl-d3">
         <path>C:\ti\ti_cgt_arm_llvm_3.2.2.LTS\lib\armv7em-ti-none-eabihf\c\</path>
         <kind>archive</kind>
         <file>libsysbm.a</file>
         <name>trgmsg.c.obj</name>
      </input_file>
      <input_file id="fl-d4">
         <path>C:\ti\ti_cgt_arm_llvm_3.2.2.LTS\lib\clang\15.0.7\lib\armv7em-ti-none-eabihf\</path>
         <kind>archive</kind>
         <file>libclang_rt.builtins.a</file>
         <name>adddf3.S.obj</name>
      </input_file>
      <input_file id="fl-d5">
         <path>C:\ti\ti_cgt_arm_llvm_3.2.2.LTS\lib\clang\15.0.7\lib\armv7em-ti-none-eabihf\</path>
         <kind>archive</kind>
         <file>libclang_rt.builtins.a</file>
         <name>muldf3.S.obj</name>
      </input_file>
      <input_file id="fl-d6">
         <path>C:\ti\ti_cgt_arm_llvm_3.2.2.LTS\lib\clang\15.0.7\lib\armv7em-ti-none-eabihf\</path>
         <kind>archive</kind>
         <file>libclang_rt.builtins.a</file>
         <name>ashldi3.S.obj</name>
      </input_file>
      <input_file id="fl-d7">
         <path>C:\ti\ti_cgt_arm_llvm_3.2.2.LTS\lib\clang\15.0.7\lib\armv7em-ti-none-eabihf\</path>
         <kind>archive</kind>
         <file>libclang_rt.builtins.a</file>
         <name>ashrdi3.S.obj</name>
      </input_file>
      <input_file id="fl-d8">
         <path>C:\ti\ti_cgt_arm_llvm_3.2.2.LTS\lib\clang\15.0.7\lib\armv7em-ti-none-eabihf\</path>
         <kind>archive</kind>
         <file>libclang_rt.builtins.a</file>
         <name>divdf3.S.obj</name>
      </input_file>
      <input_file id="fl-d9">
         <path>C:\ti\ti_cgt_arm_llvm_3.2.2.LTS\lib\clang\15.0.7\lib\armv7em-ti-none-eabihf\</path>
         <kind>archive</kind>
         <file>libclang_rt.builtins.a</file>
         <name>extendsfdf2.S.obj</name>
      </input_file>
      <input_file id="fl-da">
         <path>C:\ti\ti_cgt_arm_llvm_3.2.2.LTS\lib\clang\15.0.7\lib\armv7em-ti-none-eabihf\</path>
         <kind>archive</kind>
         <file>libclang_rt.builtins.a</file>
         <name>fixdfsi.S.obj</name>
      </input_file>
      <input_file id="fl-db">
         <path>C:\ti\ti_cgt_arm_llvm_3.2.2.LTS\lib\clang\15.0.7\lib\armv7em-ti-none-eabihf\</path>
         <kind>archive</kind>
         <file>libclang_rt.builtins.a</file>
         <name>fixunsdfsi.S.obj</name>
      </input_file>
      <input_file id="fl-dc">
         <path>C:\ti\ti_cgt_arm_llvm_3.2.2.LTS\lib\clang\15.0.7\lib\armv7em-ti-none-eabihf\</path>
         <kind>archive</kind>
         <file>libclang_rt.builtins.a</file>
         <name>floatsidf.S.obj</name>
      </input_file>
      <input_file id="fl-dd">
         <path>C:\ti\ti_cgt_arm_llvm_3.2.2.LTS\lib\clang\15.0.7\lib\armv7em-ti-none-eabihf\</path>
         <kind>archive</kind>
         <file>libclang_rt.builtins.a</file>
         <name>aeabi_dcmp.S.obj</name>
      </input_file>
      <input_file id="fl-de">
         <path>C:\ti\ti_cgt_arm_llvm_3.2.2.LTS\lib\clang\15.0.7\lib\armv7em-ti-none-eabihf\</path>
         <kind>archive</kind>
         <file>libclang_rt.builtins.a</file>
         <name>aeabi_ldivmod.S.obj</name>
      </input_file>
      <input_file id="fl-df">
         <path>C:\ti\ti_cgt_arm_llvm_3.2.2.LTS\lib\clang\15.0.7\lib\armv7em-ti-none-eabihf\</path>
         <kind>archive</kind>
         <file>libclang_rt.builtins.a</file>
         <name>aeabi_memcpy.S.obj</name>
      </input_file>
      <input_file id="fl-e0">
         <path>C:\ti\ti_cgt_arm_llvm_3.2.2.LTS\lib\clang\15.0.7\lib\armv7em-ti-none-eabihf\</path>
         <kind>archive</kind>
         <file>libclang_rt.builtins.a</file>
         <name>aeabi_memset.S.obj</name>
      </input_file>
      <input_file id="fl-e1">
         <path>C:\ti\ti_cgt_arm_llvm_3.2.2.LTS\lib\clang\15.0.7\lib\armv7em-ti-none-eabihf\</path>
         <kind>archive</kind>
         <file>libclang_rt.builtins.a</file>
         <name>aeabi_uldivmod.S.obj</name>
      </input_file>
      <input_file id="fl-e2">
         <path>C:\ti\ti_cgt_arm_llvm_3.2.2.LTS\lib\clang\15.0.7\lib\armv7em-ti-none-eabihf\</path>
         <kind>archive</kind>
         <file>libclang_rt.builtins.a</file>
         <name>udivmoddi4.S.obj</name>
      </input_file>
      <input_file id="fl-e3">
         <path>C:\ti\ti_cgt_arm_llvm_3.2.2.LTS\lib\clang\15.0.7\lib\armv7em-ti-none-eabihf\</path>
         <kind>archive</kind>
         <file>libclang_rt.builtins.a</file>
         <name>comparedf2.c.obj</name>
      </input_file>
      <input_file id="fl-e4">
         <path>C:\ti\ti_cgt_arm_llvm_3.2.2.LTS\lib\clang\15.0.7\lib\armv7em-ti-none-eabihf\</path>
         <kind>archive</kind>
         <file>libclang_rt.builtins.a</file>
         <name>divmoddi4.c.obj</name>
      </input_file>
      <input_file id="fl-e5">
         <path>C:\ti\ti_cgt_arm_llvm_3.2.2.LTS\lib\clang\15.0.7\lib\armv7em-ti-none-eabihf\</path>
         <kind>archive</kind>
         <file>libclang_rt.builtins.a</file>
         <name>aeabi_div0.c.obj</name>
      </input_file>
      <input_file id="fl-e6">
         <path>C:\ti\ti_cgt_arm_llvm_3.2.2.LTS\lib\armv7em-ti-none-eabihf\c\</path>
         <kind>archive</kind>
         <file>libc.a</file>
         <name>getdevice.c.obj</name>
      </input_file>
      <input_file id="fl-e7">
         <path>C:\ti\ti_cgt_arm_llvm_3.2.2.LTS\lib\armv7em-ti-none-eabihf\c\</path>
         <kind>archive</kind>
         <file>libc.a</file>
         <name>memcpy_t2.S.obj</name>
      </input_file>
      <input_file id="fl-e8">
         <path>C:\ti\ti_cgt_arm_llvm_3.2.2.LTS\lib\armv7em-ti-none-eabihf\c\</path>
         <kind>archive</kind>
         <file>libc.a</file>
         <name>memset_t2.S.obj</name>
      </input_file>
   </input_file_list>
   <object_component_list>
      <object_component id="oc-23">
         <name>.resetVecs</name>
         <load_address>0x0</load_address>
         <readonly>true</readonly>
         <run_address>0x0</run_address>
         <size>0x3c</size>
         <alignment>0x4</alignment>
         <input_file_ref idref="fl-7"/>
      </object_component>
      <object_component id="oc-28b">
         <name>.text.RF_fsmActiveState</name>
         <load_address>0x3c</load_address>
         <readonly>true</readonly>
         <executable>true</executable>
         <run_address>0x3c</run_address>
         <size>0x490</size>
         <alignment>0x4</alignment>
         <input_file_ref idref="fl-19"/>
      </object_component>
      <object_component id="oc-120">
         <name>.text.RF_open</name>
         <load_address>0x4cc</load_address>
         <readonly>true</readonly>
         <executable>true</executable>
         <run_address>0x4cc</run_address>
         <size>0x2a8</size>
         <alignment>0x4</alignment>
         <input_file_ref idref="fl-19"/>
      </object_component>
      <object_component id="oc-cc">
         <name>.text.ti_sysbios_family_arm_m3_Hwi_excFillContext</name>
         <load_address>0x774</load_address>
         <readonly>true</readonly>
         <executable>true</executable>
         <run_address>0x774</run_address>
         <size>0x1fa</size>
         <alignment>0x4</alignment>
         <input_file_ref idref="fl-7"/>
      </object_component>
      <object_component id="oc-1ae">
         <name>.text.UART2CC26X2_hwiIntFxn</name>
         <load_address>0x96e</load_address>
         <readonly>true</readonly>
         <executable>true</executable>
         <run_address>0x96e</run_address>
         <size>0x1f0</size>
         <alignment>0x2</alignment>
         <input_file_ref idref="fl-23"/>
      </object_component>
      <object_component id="oc-2bb">
         <name>.text.BIOS_nullFunc</name>
         <load_address>0xb5e</load_address>
         <readonly>true</readonly>
         <executable>true</executable>
         <run_address>0xb5e</run_address>
         <size>0x2</size>
         <alignment>0x2</alignment>
         <input_file_ref idref="fl-7"/>
      </object_component>
      <object_component id="oc-28a">
         <name>.text.RF_dispatchNextCmd</name>
         <load_address>0xb60</load_address>
         <readonly>true</readonly>
         <executable>true</executable>
         <run_address>0xb60</run_address>
         <size>0x1dc</size>
         <alignment>0x4</alignment>
         <input_file_ref idref="fl-19"/>
      </object_component>
      <object_component id="oc-3a3">
         <name>.text.ti_sysbios_knl_TaskSupport_buildTaskStack</name>
         <load_address>0xd3c</load_address>
         <readonly>true</readonly>
         <executable>true</executable>
         <run_address>0xd3c</run_address>
         <size>0x1aa</size>
         <alignment>0x2</alignment>
         <input_file_ref idref="fl-7"/>
      </object_component>
      <object_component id="oc-b7">
         <name>.text.mainThread</name>
         <load_address>0xee6</load_address>
         <readonly>true</readonly>
         <executable>true</executable>
         <run_address>0xee6</run_address>
         <size>0x19e</size>
         <alignment>0x2</alignment>
         <input_file_ref idref="fl-3"/>
      </object_component>
      <object_component id="oc-2d6">
         <name>.text.ti_sysbios_family_arm_cc26xx_Timer_construct</name>
         <load_address>0x1084</load_address>
         <readonly>true</readonly>
         <executable>true</executable>
         <run_address>0x1084</run_address>
         <size>0x198</size>
         <alignment>0x2</alignment>
         <input_file_ref idref="fl-7"/>
      </object_component>
      <object_component id="oc-17d">
         <name>.text.PowerCC26X2_auxISR</name>
         <load_address>0x121c</load_address>
         <readonly>true</readonly>
         <executable>true</executable>
         <run_address>0x121c</run_address>
         <size>0x194</size>
         <alignment>0x4</alignment>
         <input_file_ref idref="fl-20"/>
      </object_component>
      <object_component id="oc-2aa">
         <name>.text.ti_sysbios_knl_Task_Instance_init</name>
         <load_address>0x13b0</load_address>
         <readonly>true</readonly>
         <executable>true</executable>
         <run_address>0x13b0</run_address>
         <size>0x18e</size>
         <alignment>0x2</alignment>
         <input_file_ref idref="fl-7"/>
      </object_component>
      <object_component id="oc-ea">
         <name>.text.Board_initHook</name>
         <load_address>0x153e</load_address>
         <readonly>true</readonly>
         <executable>true</executable>
         <run_address>0x153e</run_address>
         <size>0x2</size>
         <alignment>0x2</alignment>
         <input_file_ref idref="fl-6"/>
      </object_component>
      <object_component id="oc-105">
         <name>.text.UART2_open</name>
         <load_address>0x1540</load_address>
         <readonly>true</readonly>
         <executable>true</executable>
         <run_address>0x1540</run_address>
         <size>0x18c</size>
         <alignment>0x4</alignment>
         <input_file_ref idref="fl-23"/>
      </object_component>
      <object_component id="oc-2a2">
         <name>.text.UART2_writeTimeoutBlocking</name>
         <load_address>0x16cc</load_address>
         <readonly>true</readonly>
         <executable>true</executable>
         <run_address>0x16cc</run_address>
         <size>0x16c</size>
         <alignment>0x2</alignment>
         <input_file_ref idref="fl-22"/>
      </object_component>
      <object_component id="oc-2e8">
         <name>.text.Power_sleep</name>
         <load_address>0x1838</load_address>
         <readonly>true</readonly>
         <executable>true</executable>
         <run_address>0x1838</run_address>
         <size>0x158</size>
         <alignment>0x4</alignment>
         <input_file_ref idref="fl-1f"/>
      </object_component>
      <object_component id="oc-bc">
         <name>.text.pthread_create</name>
         <load_address>0x1990</load_address>
         <readonly>true</readonly>
         <executable>true</executable>
         <run_address>0x1990</run_address>
         <size>0x14e</size>
         <alignment>0x2</alignment>
         <input_file_ref idref="fl-7"/>
      </object_component>
      <object_component id="oc-378">
         <name>.text.NOROM_RFCCpePatchReset</name>
         <load_address>0x1ade</load_address>
         <readonly>true</readonly>
         <executable>true</executable>
         <run_address>0x1ade</run_address>
         <size>0x2</size>
         <alignment>0x2</alignment>
         <input_file_ref idref="fl-1a"/>
      </object_component>
      <object_component id="oc-292">
         <name>.text.RF_radioOpDoneCb</name>
         <load_address>0x1ae0</load_address>
         <readonly>true</readonly>
         <executable>true</executable>
         <run_address>0x1ae0</run_address>
         <size>0x14c</size>
         <alignment>0x4</alignment>
         <input_file_ref idref="fl-19"/>
      </object_component>
      <object_component id="oc-23a">
         <name>.text.PowerCC26XX_standbyPolicy</name>
         <load_address>0x1c2c</load_address>
         <readonly>true</readonly>
         <executable>true</executable>
         <run_address>0x1c2c</run_address>
         <size>0x13e</size>
         <alignment>0x2</alignment>
         <input_file_ref idref="fl-7"/>
      </object_component>
      <object_component id="oc-348">
         <name>.text.ti_sysbios_heaps_HeapMem_allocUnprotected</name>
         <load_address>0x1d6a</load_address>
         <readonly>true</readonly>
         <executable>true</executable>
         <run_address>0x1d6a</run_address>
         <size>0x13e</size>
         <alignment>0x2</alignment>
         <input_file_ref idref="fl-7"/>
      </object_component>
      <object_component id="oc-226">
         <name>.text.ti_sysbios_knl_Clock_workFuncDynamic</name>
         <load_address>0x1ea8</load_address>
         <readonly>true</readonly>
         <executable>true</executable>
         <run_address>0x1ea8</run_address>
         <size>0x13c</size>
         <alignment>0x2</alignment>
         <input_file_ref idref="fl-7"/>
      </object_component>
      <object_component id="oc-30e">
         <name>.text.RF_abortCmd</name>
         <load_address>0x1fe4</load_address>
         <readonly>true</readonly>
         <executable>true</executable>
         <run_address>0x1fe4</run_address>
         <size>0x138</size>
         <alignment>0x4</alignment>
         <input_file_ref idref="fl-19"/>
      </object_component>
      <object_component id="oc-138">
         <name>.text.ti_sysbios_knl_Task_setPri</name>
         <load_address>0x211c</load_address>
         <readonly>true</readonly>
         <executable>true</executable>
         <run_address>0x211c</run_address>
         <size>0x134</size>
         <alignment>0x2</alignment>
         <input_file_ref idref="fl-7"/>
      </object_component>
      <object_component id="oc-294">
         <name>.text.RF_fsmSetupState</name>
         <load_address>0x2250</load_address>
         <readonly>true</readonly>
         <executable>true</executable>
         <run_address>0x2250</run_address>
         <size>0x124</size>
         <alignment>0x4</alignment>
         <input_file_ref idref="fl-19"/>
      </object_component>
      <object_component id="oc-52">
         <name>.text.ti_sysbios_family_arm_m3_Hwi_dispatch</name>
         <load_address>0x2374</load_address>
         <readonly>true</readonly>
         <executable>true</executable>
         <run_address>0x2374</run_address>
         <size>0x11c</size>
         <alignment>0x4</alignment>
         <input_file_ref idref="fl-31"/>
      </object_component>
      <object_component id="oc-e3">
         <name>.text.Power_init</name>
         <load_address>0x2490</load_address>
         <readonly>true</readonly>
         <executable>true</executable>
         <run_address>0x2490</run_address>
         <size>0x118</size>
         <alignment>0x4</alignment>
         <input_file_ref idref="fl-1f"/>
      </object_component>
      <object_component id="oc-1c9">
         <name>.text.RF_decodeOverridePointers</name>
         <load_address>0x25a8</load_address>
         <readonly>true</readonly>
         <executable>true</executable>
         <run_address>0x25a8</run_address>
         <size>0x118</size>
         <alignment>0x4</alignment>
         <input_file_ref idref="fl-19"/>
      </object_component>
      <object_component id="oc-1ee">
         <name>.text.ti_sysbios_knl_Semaphore_pend</name>
         <load_address>0x26c0</load_address>
         <readonly>true</readonly>
         <executable>true</executable>
         <run_address>0x26c0</run_address>
         <size>0x10e</size>
         <alignment>0x2</alignment>
         <input_file_ref idref="fl-7"/>
      </object_component>
      <object_component id="oc-1e6">
         <name>.text.RF_defaultCallback</name>
         <load_address>0x27ce</load_address>
         <readonly>true</readonly>
         <executable>true</executable>
         <run_address>0x27ce</run_address>
         <size>0x2</size>
         <alignment>0x2</alignment>
         <input_file_ref idref="fl-19"/>
      </object_component>
      <object_component id="oc-252">
         <name>.text.PowerCC26X2_calibrate</name>
         <load_address>0x27d0</load_address>
         <readonly>true</readonly>
         <executable>true</executable>
         <run_address>0x27d0</run_address>
         <size>0x10c</size>
         <alignment>0x4</alignment>
         <input_file_ref idref="fl-20"/>
      </object_component>
      <object_component id="oc-2ab">
         <name>.text.ti_sysbios_knl_Task_Instance_finalize</name>
         <load_address>0x28dc</load_address>
         <readonly>true</readonly>
         <executable>true</executable>
         <run_address>0x28dc</run_address>
         <size>0x10a</size>
         <alignment>0x2</alignment>
         <input_file_ref idref="fl-7"/>
      </object_component>
      <object_component id="oc-1ac">
         <name>.text.UART2CC26X2_eventCallback</name>
         <load_address>0x29e6</load_address>
         <readonly>true</readonly>
         <executable>true</executable>
         <run_address>0x29e6</run_address>
         <size>0x2</size>
         <alignment>0x2</alignment>
         <input_file_ref idref="fl-23"/>
      </object_component>
      <object_component id="oc-1e5">
         <name>.text.RF_fsmPowerUpState</name>
         <load_address>0x29e8</load_address>
         <readonly>true</readonly>
         <executable>true</executable>
         <run_address>0x29e8</run_address>
         <size>0x108</size>
         <alignment>0x4</alignment>
         <input_file_ref idref="fl-19"/>
      </object_component>
      <object_component id="oc-1a7">
         <name>.text.UART2CC26X2_initHw</name>
         <load_address>0x2af0</load_address>
         <readonly>true</readonly>
         <executable>true</executable>
         <run_address>0x2af0</run_address>
         <size>0x104</size>
         <alignment>0x4</alignment>
         <input_file_ref idref="fl-23"/>
      </object_component>
      <object_component id="oc-ad">
         <name>.text.GPIO_init</name>
         <load_address>0x2bf4</load_address>
         <readonly>true</readonly>
         <executable>true</executable>
         <run_address>0x2bf4</run_address>
         <size>0x100</size>
         <alignment>0x4</alignment>
         <input_file_ref idref="fl-24"/>
      </object_component>
      <object_component id="oc-2f7">
         <name>.text.ti_sysbios_family_arm_m3_Hwi_Instance_init</name>
         <load_address>0x2cf4</load_address>
         <readonly>true</readonly>
         <executable>true</executable>
         <run_address>0x2cf4</run_address>
         <size>0xfe</size>
         <alignment>0x2</alignment>
         <input_file_ref idref="fl-7"/>
      </object_component>
      <object_component id="oc-3a4">
         <name>.text.__aeabi_ldiv0</name>
         <load_address>0x2df2</load_address>
         <readonly>true</readonly>
         <executable>true</executable>
         <run_address>0x2df2</run_address>
         <size>0x2</size>
         <alignment>0x2</alignment>
         <input_file_ref idref="fl-e5"/>
      </object_component>
      <object_component id="oc-28c">
         <name>.text.RF_hwiCpe0Active</name>
         <load_address>0x2df4</load_address>
         <readonly>true</readonly>
         <executable>true</executable>
         <run_address>0x2df4</run_address>
         <size>0xfc</size>
         <alignment>0x4</alignment>
         <input_file_ref idref="fl-19"/>
      </object_component>
      <object_component id="oc-272">
         <name>.text.UART2Support_dmaStartRx</name>
         <load_address>0x2ef0</load_address>
         <readonly>true</readonly>
         <executable>true</executable>
         <run_address>0x2ef0</run_address>
         <size>0xf0</size>
         <alignment>0x4</alignment>
         <input_file_ref idref="fl-23"/>
      </object_component>
      <object_component id="oc-2a0">
         <name>.text.ti_sysbios_knl_Clock_startI</name>
         <load_address>0x2fe0</load_address>
         <readonly>true</readonly>
         <executable>true</executable>
         <run_address>0x2fe0</run_address>
         <size>0xee</size>
         <alignment>0x2</alignment>
         <input_file_ref idref="fl-7"/>
      </object_component>
      <object_component id="oc-111">
         <name>.text.RFQueue_defineQueue</name>
         <load_address>0x30ce</load_address>
         <readonly>true</readonly>
         <executable>true</executable>
         <run_address>0x30ce</run_address>
         <size>0xe6</size>
         <alignment>0x2</alignment>
         <input_file_ref idref="fl-1"/>
      </object_component>
      <object_component id="oc-15b">
         <name>.text.ti_sysbios_family_arm_m3_Hwi_initNVIC</name>
         <load_address>0x31b4</load_address>
         <readonly>true</readonly>
         <executable>true</executable>
         <run_address>0x31b4</run_address>
         <size>0xe4</size>
         <alignment>0x2</alignment>
         <input_file_ref idref="fl-7"/>
      </object_component>
      <object_component id="oc-398">
         <name>.text.NOROM_SysCtrlStandby</name>
         <load_address>0x3298</load_address>
         <readonly>true</readonly>
         <executable>true</executable>
         <run_address>0x3298</run_address>
         <size>0xe0</size>
         <alignment>0x4</alignment>
         <input_file_ref idref="fl-2e"/>
      </object_component>
      <object_component id="oc-34a">
         <name>.text.ti_sysbios_heaps_HeapMem_freeUnprotected</name>
         <load_address>0x3378</load_address>
         <readonly>true</readonly>
         <executable>true</executable>
         <run_address>0x3378</run_address>
         <size>0xda</size>
         <alignment>0x2</alignment>
         <input_file_ref idref="fl-7"/>
      </object_component>
      <object_component id="oc-2ae">
         <name>.text._nop</name>
         <load_address>0x3452</load_address>
         <readonly>true</readonly>
         <executable>true</executable>
         <run_address>0x3452</run_address>
         <size>0x2</size>
         <alignment>0x2</alignment>
         <input_file_ref idref="fl-45"/>
      </object_component>
      <object_component id="oc-d9">
         <name>.text.NOROM_SetupTrimDevice</name>
         <load_address>0x3454</load_address>
         <readonly>true</readonly>
         <executable>true</executable>
         <run_address>0x3454</run_address>
         <size>0xd0</size>
         <alignment>0x4</alignment>
         <input_file_ref idref="fl-2d"/>
      </object_component>
      <object_component id="oc-238">
         <name>.text.configureXOSCHF</name>
         <load_address>0x3524</load_address>
         <readonly>true</readonly>
         <executable>true</executable>
         <run_address>0x3524</run_address>
         <size>0xd0</size>
         <alignment>0x4</alignment>
         <input_file_ref idref="fl-1f"/>
      </object_component>
      <object_component id="oc-124">
         <name>.text.RF_postCmd</name>
         <load_address>0x35f4</load_address>
         <readonly>true</readonly>
         <executable>true</executable>
         <run_address>0x35f4</run_address>
         <size>0xcc</size>
         <alignment>0x4</alignment>
         <input_file_ref idref="fl-19"/>
      </object_component>
      <object_component id="oc-318">
         <name>.text.RF_updatePaConfiguration</name>
         <load_address>0x36c0</load_address>
         <readonly>true</readonly>
         <executable>true</executable>
         <run_address>0x36c0</run_address>
         <size>0xca</size>
         <alignment>0x2</alignment>
         <input_file_ref idref="fl-19"/>
      </object_component>
      <object_component id="oc-2a8">
         <name>.text._pthread_removeThreadKeys</name>
         <load_address>0x378a</load_address>
         <readonly>true</readonly>
         <executable>true</executable>
         <run_address>0x378a</run_address>
         <size>0xca</size>
         <alignment>0x2</alignment>
         <input_file_ref idref="fl-7"/>
      </object_component>
      <object_component id="oc-274">
         <name>.text.UART2Support_dmaStartTx</name>
         <load_address>0x3854</load_address>
         <readonly>true</readonly>
         <executable>true</executable>
         <run_address>0x3854</run_address>
         <size>0xc0</size>
         <alignment>0x4</alignment>
         <input_file_ref idref="fl-23"/>
      </object_component>
      <object_component id="oc-2ce">
         <name>.text.ti_sysbios_knl_Clock_walkQueueDynamic</name>
         <load_address>0x3914</load_address>
         <readonly>true</readonly>
         <executable>true</executable>
         <run_address>0x3914</run_address>
         <size>0xc0</size>
         <alignment>0x2</alignment>
         <input_file_ref idref="fl-7"/>
      </object_component>
      <object_component id="oc-a1">
         <name>.text.ti_sysbios_knl_Swi_restoreHwi</name>
         <load_address>0x39d4</load_address>
         <readonly>true</readonly>
         <executable>true</executable>
         <run_address>0x39d4</run_address>
         <size>0xc0</size>
         <alignment>0x2</alignment>
         <input_file_ref idref="fl-7"/>
      </object_component>
      <object_component id="oc-1db">
         <name>.text.RF_swiHw</name>
         <load_address>0x3a94</load_address>
         <readonly>true</readonly>
         <executable>true</executable>
         <run_address>0x3a94</run_address>
         <size>0xbc</size>
         <alignment>0x4</alignment>
         <input_file_ref idref="fl-19"/>
      </object_component>
      <object_component id="oc-334">
         <name>.text.ti_sysbios_knl_Task_postInit</name>
         <load_address>0x3b50</load_address>
         <readonly>true</readonly>
         <executable>true</executable>
         <run_address>0x3b50</run_address>
         <size>0xbc</size>
         <alignment>0x2</alignment>
         <input_file_ref idref="fl-7"/>
      </object_component>
      <object_component id="oc-2d0">
         <name>.text.ti_sysbios_knl_Swi_Instance_init</name>
         <load_address>0x3c0c</load_address>
         <readonly>true</readonly>
         <executable>true</executable>
         <run_address>0x3c0c</run_address>
         <size>0xb8</size>
         <alignment>0x2</alignment>
         <input_file_ref idref="fl-7"/>
      </object_component>
      <object_component id="oc-1a0">
         <name>.text.GPIO_setConfigAndMux</name>
         <load_address>0x3cc4</load_address>
         <readonly>true</readonly>
         <executable>true</executable>
         <run_address>0x3cc4</run_address>
         <size>0xb0</size>
         <alignment>0x4</alignment>
         <input_file_ref idref="fl-1e"/>
      </object_component>
      <object_component id="oc-ed">
         <name>.text.Power_setDependency</name>
         <load_address>0x3d74</load_address>
         <readonly>true</readonly>
         <executable>true</executable>
         <run_address>0x3d74</run_address>
         <size>0xb0</size>
         <alignment>0x4</alignment>
         <input_file_ref idref="fl-1f"/>
      </object_component>
      <object_component id="oc-158">
         <name>.text.TrimAfterColdResetWakeupFromShutDown</name>
         <load_address>0x3e24</load_address>
         <readonly>true</readonly>
         <executable>true</executable>
         <run_address>0x3e24</run_address>
         <size>0xb0</size>
         <alignment>0x4</alignment>
         <input_file_ref idref="fl-2d"/>
      </object_component>
      <object_component id="oc-388">
         <name>.text</name>
         <load_address>0x3ed4</load_address>
         <readonly>true</readonly>
         <executable>true</executable>
         <run_address>0x3ed4</run_address>
         <size>0xb0</size>
         <alignment>0x4</alignment>
         <input_file_ref idref="fl-e2"/>
      </object_component>
      <object_component id="oc-2f4">
         <name>.text.Power_releaseDependency</name>
         <load_address>0x3f84</load_address>
         <readonly>true</readonly>
         <executable>true</executable>
         <run_address>0x3f84</run_address>
         <size>0xac</size>
         <alignment>0x4</alignment>
         <input_file_ref idref="fl-1f"/>
      </object_component>
      <object_component id="oc-313">
         <name>.text.RF_initRadioSetup</name>
         <load_address>0x4030</load_address>
         <readonly>true</readonly>
         <executable>true</executable>
         <run_address>0x4030</run_address>
         <size>0xa4</size>
         <alignment>0x4</alignment>
         <input_file_ref idref="fl-19"/>
      </object_component>
      <object_component id="oc-380">
         <name>.text.ti_sysbios_knl_TaskSupport_start</name>
         <load_address>0x40d4</load_address>
         <readonly>true</readonly>
         <executable>true</executable>
         <run_address>0x40d4</run_address>
         <size>0xa2</size>
         <alignment>0x2</alignment>
         <input_file_ref idref="fl-7"/>
      </object_component>
      <object_component id="oc-175">
         <name>.text.emptyClockFunc</name>
         <load_address>0x4176</load_address>
         <readonly>true</readonly>
         <executable>true</executable>
         <run_address>0x4176</run_address>
         <size>0x2</size>
         <alignment>0x2</alignment>
         <input_file_ref idref="fl-1f"/>
      </object_component>
      <object_component id="oc-299">
         <name>.text.RF_calculateDispatchTime</name>
         <load_address>0x4178</load_address>
         <readonly>true</readonly>
         <executable>true</executable>
         <run_address>0x4178</run_address>
         <size>0xa0</size>
         <alignment>0x4</alignment>
         <input_file_ref idref="fl-19"/>
      </object_component>
      <object_component id="oc-d8">
         <name>.text.ti_sysbios_knl_Task_schedule</name>
         <load_address>0x4218</load_address>
         <readonly>true</readonly>
         <executable>true</executable>
         <run_address>0x4218</run_address>
         <size>0x9a</size>
         <alignment>0x2</alignment>
         <input_file_ref idref="fl-7"/>
      </object_component>
      <object_component id="oc-376">
         <name>.text.RF_defaultSubmitPolicy</name>
         <load_address>0x42b2</load_address>
         <readonly>true</readonly>
         <executable>true</executable>
         <run_address>0x42b2</run_address>
         <size>0x98</size>
         <alignment>0x2</alignment>
         <input_file_ref idref="fl-19"/>
      </object_component>
      <object_component id="oc-39d">
         <name>.text.RF_verifyGap</name>
         <load_address>0x434a</load_address>
         <readonly>true</readonly>
         <executable>true</executable>
         <run_address>0x434a</run_address>
         <size>0x96</size>
         <alignment>0x2</alignment>
         <input_file_ref idref="fl-19"/>
      </object_component>
      <object_component id="oc-289">
         <name>.text.RF_ratRestartChannels</name>
         <load_address>0x43e0</load_address>
         <readonly>true</readonly>
         <executable>true</executable>
         <run_address>0x43e0</run_address>
         <size>0x94</size>
         <alignment>0x4</alignment>
         <input_file_ref idref="fl-19"/>
      </object_component>
      <object_component id="oc-2c6">
         <name>.text.ti_sysbios_heaps_HeapMem_Instance_init</name>
         <load_address>0x4474</load_address>
         <readonly>true</readonly>
         <executable>true</executable>
         <run_address>0x4474</run_address>
         <size>0x94</size>
         <alignment>0x2</alignment>
         <input_file_ref idref="fl-7"/>
      </object_component>
      <object_component id="oc-9b">
         <name>.text.ti_sysbios_family_arm_m3_Hwi_excHandlerMin</name>
         <load_address>0x4508</load_address>
         <readonly>true</readonly>
         <executable>true</executable>
         <run_address>0x4508</run_address>
         <size>0x8e</size>
         <alignment>0x2</alignment>
         <input_file_ref idref="fl-7"/>
      </object_component>
      <object_component id="oc-383">
         <name>.text.ti_sysbios_knl_Swi_runLoop</name>
         <load_address>0x4596</load_address>
         <readonly>true</readonly>
         <executable>true</executable>
         <run_address>0x4596</run_address>
         <size>0x8e</size>
         <alignment>0x2</alignment>
         <input_file_ref idref="fl-7"/>
      </object_component>
      <object_component id="oc-190">
         <name>.text.ti_sysbios_family_arm_m3_Hwi_construct2</name>
         <load_address>0x4624</load_address>
         <readonly>true</readonly>
         <executable>true</executable>
         <run_address>0x4624</run_address>
         <size>0x8c</size>
         <alignment>0x2</alignment>
         <input_file_ref idref="fl-7"/>
      </object_component>
      <object_component id="oc-29b">
         <name>.text.ti_sysbios_knl_Semaphore_post</name>
         <load_address>0x46b0</load_address>
         <readonly>true</readonly>
         <executable>true</executable>
         <run_address>0x46b0</run_address>
         <size>0x8a</size>
         <alignment>0x2</alignment>
         <input_file_ref idref="fl-7"/>
      </object_component>
      <object_component id="oc-2d2">
         <name>.text.ti_sysbios_family_arm_cc26xx_Timer_startup</name>
         <load_address>0x473a</load_address>
         <readonly>true</readonly>
         <executable>true</executable>
         <run_address>0x473a</run_address>
         <size>0x2</size>
         <alignment>0x2</alignment>
         <input_file_ref idref="fl-7"/>
      </object_component>
      <object_component id="oc-30b">
         <name>.text.RF_cmdDispatchTime</name>
         <load_address>0x473c</load_address>
         <readonly>true</readonly>
         <executable>true</executable>
         <run_address>0x473c</run_address>
         <size>0x88</size>
         <alignment>0x4</alignment>
         <input_file_ref idref="fl-19"/>
      </object_component>
      <object_component id="oc-373">
         <name>.text.RF_discardPendCmd</name>
         <load_address>0x47c4</load_address>
         <readonly>true</readonly>
         <executable>true</executable>
         <run_address>0x47c4</run_address>
         <size>0x88</size>
         <alignment>0x4</alignment>
         <input_file_ref idref="fl-19"/>
      </object_component>
      <object_component id="oc-370">
         <name>.text.ti_sysbios_family_arm_m3_Hwi_postInit</name>
         <load_address>0x484c</load_address>
         <readonly>true</readonly>
         <executable>true</executable>
         <run_address>0x484c</run_address>
         <size>0x88</size>
         <alignment>0x2</alignment>
         <input_file_ref idref="fl-7"/>
      </object_component>
      <object_component id="oc-131">
         <name>.text.ti_sysbios_runtime_Memory_alloc</name>
         <load_address>0x48d4</load_address>
         <readonly>true</readonly>
         <executable>true</executable>
         <run_address>0x48d4</run_address>
         <size>0x86</size>
         <alignment>0x2</alignment>
         <input_file_ref idref="fl-7"/>
      </object_component>
      <object_component id="oc-21c">
         <name>.text.ti_sysbios_family_arm_m3_Hwi_getStackInfo</name>
         <load_address>0x495a</load_address>
         <readonly>true</readonly>
         <executable>true</executable>
         <run_address>0x495a</run_address>
         <size>0x82</size>
         <alignment>0x2</alignment>
         <input_file_ref idref="fl-7"/>
      </object_component>
      <object_component id="oc-273">
         <name>.text.UART2Support_dmaStopTx</name>
         <load_address>0x49dc</load_address>
         <readonly>true</readonly>
         <executable>true</executable>
         <run_address>0x49dc</run_address>
         <size>0x80</size>
         <alignment>0x4</alignment>
         <input_file_ref idref="fl-23"/>
      </object_component>
      <object_component id="oc-88">
         <name>.text.main</name>
         <load_address>0x4a5c</load_address>
         <readonly>true</readonly>
         <executable>true</executable>
         <run_address>0x4a5c</run_address>
         <size>0x80</size>
         <alignment>0x2</alignment>
         <input_file_ref idref="fl-2"/>
      </object_component>
      <object_component id="oc-181">
         <name>.text.Board_sendExtFlashByte</name>
         <load_address>0x4adc</load_address>
         <readonly>true</readonly>
         <executable>true</executable>
         <run_address>0x4adc</run_address>
         <size>0x7e</size>
         <alignment>0x2</alignment>
         <input_file_ref idref="fl-6"/>
      </object_component>
      <object_component id="oc-1cc">
         <name>.text.SwiP_construct</name>
         <load_address>0x4b5a</load_address>
         <readonly>true</readonly>
         <executable>true</executable>
         <run_address>0x4b5a</run_address>
         <size>0x7c</size>
         <alignment>0x2</alignment>
         <input_file_ref idref="fl-7"/>
      </object_component>
      <object_component id="oc-1fa">
         <name>.text.pthread_exit</name>
         <load_address>0x4bd6</load_address>
         <readonly>true</readonly>
         <executable>true</executable>
         <run_address>0x4bd6</run_address>
         <size>0x7c</size>
         <alignment>0x2</alignment>
         <input_file_ref idref="fl-7"/>
      </object_component>
      <object_component id="oc-358">
         <name>.text.ti_sysbios_family_arm_cc26xx_Timer_periodicStub</name>
         <load_address>0x4c52</load_address>
         <readonly>true</readonly>
         <executable>true</executable>
         <run_address>0x4c52</run_address>
         <size>0x7c</size>
         <alignment>0x2</alignment>
         <input_file_ref idref="fl-7"/>
      </object_component>
      <object_component id="oc-340">
         <name>.text.ti_sysbios_knl_Swi_schedule</name>
         <load_address>0x4cce</load_address>
         <readonly>true</readonly>
         <executable>true</executable>
         <run_address>0x4cce</run_address>
         <size>0x7c</size>
         <alignment>0x2</alignment>
         <input_file_ref idref="fl-7"/>
      </object_component>
      <object_component id="oc-76">
         <name>.text.ti_sysbios_family_arm_m3_Hwi_dispatchC</name>
         <load_address>0x4d4a</load_address>
         <readonly>true</readonly>
         <executable>true</executable>
         <run_address>0x4d4a</run_address>
         <size>0x7a</size>
         <alignment>0x2</alignment>
         <input_file_ref idref="fl-7"/>
      </object_component>
      <object_component id="oc-163">
         <name>.text.ti_sysbios_knl_Idle_init</name>
         <load_address>0x4dc4</load_address>
         <readonly>true</readonly>
         <executable>true</executable>
         <run_address>0x4dc4</run_address>
         <size>0x7a</size>
         <alignment>0x2</alignment>
         <input_file_ref idref="fl-7"/>
      </object_component>
      <object_component id="oc-22a">
         <name>.text.ti_sysbios_knl_TaskSupport_init</name>
         <load_address>0x4e3e</load_address>
         <readonly>true</readonly>
         <executable>true</executable>
         <run_address>0x4e3e</run_address>
         <size>0x2</size>
         <alignment>0x2</alignment>
         <input_file_ref idref="fl-7"/>
      </object_component>
      <object_component id="oc-1c2">
         <name>.text.NOROM_ChipInfo_GetChipType</name>
         <load_address>0x4e40</load_address>
         <readonly>true</readonly>
         <executable>true</executable>
         <run_address>0x4e40</run_address>
         <size>0x78</size>
         <alignment>0x4</alignment>
         <input_file_ref idref="fl-29"/>
      </object_component>
      <object_component id="oc-3ad">
         <name>.text.NOROM_SysCtrlSetRechargeBeforePowerDown</name>
         <load_address>0x4eb8</load_address>
         <readonly>true</readonly>
         <executable>true</executable>
         <run_address>0x4eb8</run_address>
         <size>0x78</size>
         <alignment>0x4</alignment>
         <input_file_ref idref="fl-2e"/>
      </object_component>
      <object_component id="oc-284">
         <name>.text.RF_ratFreeChannel</name>
         <load_address>0x4f30</load_address>
         <readonly>true</readonly>
         <executable>true</executable>
         <run_address>0x4f30</run_address>
         <size>0x78</size>
         <alignment>0x4</alignment>
         <input_file_ref idref="fl-19"/>
      </object_component>
      <object_component id="oc-36f">
         <name>.text.ti_sysbios_family_arm_m3_Hwi_disableInterrupt</name>
         <load_address>0x4fa8</load_address>
         <readonly>true</readonly>
         <executable>true</executable>
         <run_address>0x4fa8</run_address>
         <size>0x78</size>
         <alignment>0x2</alignment>
         <input_file_ref idref="fl-7"/>
      </object_component>
      <object_component id="oc-d6">
         <name>.text.ti_sysbios_knl_Swi_run</name>
         <load_address>0x5020</load_address>
         <readonly>true</readonly>
         <executable>true</executable>
         <run_address>0x5020</run_address>
         <size>0x78</size>
         <alignment>0x2</alignment>
         <input_file_ref idref="fl-7"/>
      </object_component>
      <object_component id="oc-29e">
         <name>.text.ti_sysbios_knl_Task_blockI</name>
         <load_address>0x5098</load_address>
         <readonly>true</readonly>
         <executable>true</executable>
         <run_address>0x5098</run_address>
         <size>0x78</size>
         <alignment>0x2</alignment>
         <input_file_ref idref="fl-7"/>
      </object_component>
      <object_component id="oc-20c">
         <name>.text.ti_sysbios_knl_Task_startup</name>
         <load_address>0x5110</load_address>
         <readonly>true</readonly>
         <executable>true</executable>
         <run_address>0x5110</run_address>
         <size>0x78</size>
         <alignment>0x2</alignment>
         <input_file_ref idref="fl-7"/>
      </object_component>
      <object_component id="oc-245">
         <name>.text.PowerCC26X2_updateSubSecInc</name>
         <load_address>0x5188</load_address>
         <readonly>true</readonly>
         <executable>true</executable>
         <run_address>0x5188</run_address>
         <size>0x74</size>
         <alignment>0x4</alignment>
         <input_file_ref idref="fl-25"/>
      </object_component>
      <object_component id="oc-1de">
         <name>.text.RF_hwiHw</name>
         <load_address>0x51fc</load_address>
         <readonly>true</readonly>
         <executable>true</executable>
         <run_address>0x51fc</run_address>
         <size>0x74</size>
         <alignment>0x4</alignment>
         <input_file_ref idref="fl-19"/>
      </object_component>
      <object_component id="oc-2ca">
         <name>.text.ti_sysbios_heaps_HeapMem_getStats</name>
         <load_address>0x5270</load_address>
         <readonly>true</readonly>
         <executable>true</executable>
         <run_address>0x5270</run_address>
         <size>0x74</size>
         <alignment>0x2</alignment>
         <input_file_ref idref="fl-7"/>
      </object_component>
      <object_component id="oc-38e">
         <name>.text.ti_sysbios_family_arm_cc26xx_Timer_setThreshold</name>
         <load_address>0x52e4</load_address>
         <readonly>true</readonly>
         <executable>true</executable>
         <run_address>0x52e4</run_address>
         <size>0x72</size>
         <alignment>0x2</alignment>
         <input_file_ref idref="fl-7"/>
      </object_component>
      <object_component id="oc-31d">
         <name>.text.ti_sysbios_family_arm_m3_Hwi_enableInterrupt</name>
         <load_address>0x5356</load_address>
         <readonly>true</readonly>
         <executable>true</executable>
         <run_address>0x5356</run_address>
         <size>0x70</size>
         <alignment>0x2</alignment>
         <input_file_ref idref="fl-7"/>
      </object_component>
      <object_component id="oc-31">
         <name>.text:decompress:lzss</name>
         <load_address>0x53c6</load_address>
         <readonly>true</readonly>
         <executable>true</executable>
         <run_address>0x53c6</run_address>
         <size>0x70</size>
         <alignment>0x2</alignment>
         <input_file_ref idref="fl-4f"/>
      </object_component>
      <object_component id="oc-15d">
         <name>.text.BIOS_init</name>
         <load_address>0x5436</load_address>
         <readonly>true</readonly>
         <executable>true</executable>
         <run_address>0x5436</run_address>
         <size>0x6e</size>
         <alignment>0x2</alignment>
         <input_file_ref idref="fl-7"/>
      </object_component>
      <object_component id="oc-e9">
         <name>.text.Board_shutDownExtFlash</name>
         <load_address>0x54a4</load_address>
         <readonly>true</readonly>
         <executable>true</executable>
         <run_address>0x54a4</run_address>
         <size>0x6e</size>
         <alignment>0x2</alignment>
         <input_file_ref idref="fl-6"/>
      </object_component>
      <object_component id="oc-160">
         <name>.text.ti_sysbios_knl_Clock_init</name>
         <load_address>0x5512</load_address>
         <readonly>true</readonly>
         <executable>true</executable>
         <run_address>0x5512</run_address>
         <size>0x6e</size>
         <alignment>0x2</alignment>
         <input_file_ref idref="fl-7"/>
      </object_component>
      <object_component id="oc-295">
         <name>.text.RF_issueRadioFreeCb</name>
         <load_address>0x5580</load_address>
         <readonly>true</readonly>
         <executable>true</executable>
         <run_address>0x5580</run_address>
         <size>0x6c</size>
         <alignment>0x4</alignment>
         <input_file_ref idref="fl-19"/>
      </object_component>
      <object_component id="oc-17c">
         <name>.text.oscillatorISR</name>
         <load_address>0x55ec</load_address>
         <readonly>true</readonly>
         <executable>true</executable>
         <run_address>0x55ec</run_address>
         <size>0x6c</size>
         <alignment>0x4</alignment>
         <input_file_ref idref="fl-1f"/>
      </object_component>
      <object_component id="oc-379">
         <name>.text.RF_detachOverrides</name>
         <load_address>0x5658</load_address>
         <readonly>true</readonly>
         <executable>true</executable>
         <run_address>0x5658</run_address>
         <size>0x68</size>
         <alignment>0x2</alignment>
         <input_file_ref idref="fl-19"/>
      </object_component>
      <object_component id="oc-271">
         <name>.text.UART2Support_dmaStopRx</name>
         <load_address>0x56c0</load_address>
         <readonly>true</readonly>
         <executable>true</executable>
         <run_address>0x56c0</run_address>
         <size>0x68</size>
         <alignment>0x4</alignment>
         <input_file_ref idref="fl-23"/>
      </object_component>
      <object_component id="oc-35b">
         <name>.text.ti_sysbios_family_arm_cc26xx_Timer_start</name>
         <load_address>0x5728</load_address>
         <readonly>true</readonly>
         <executable>true</executable>
         <run_address>0x5728</run_address>
         <size>0x66</size>
         <alignment>0x2</alignment>
         <input_file_ref idref="fl-7"/>
      </object_component>
      <object_component id="oc-2f8">
         <name>.text.ti_sysbios_family_arm_m3_Hwi_Instance_finalize</name>
         <load_address>0x578e</load_address>
         <readonly>true</readonly>
         <executable>true</executable>
         <run_address>0x578e</run_address>
         <size>0x66</size>
         <alignment>0x2</alignment>
         <input_file_ref idref="fl-7"/>
      </object_component>
      <object_component id="oc-36a">
         <name>.text.NOROM_OSCHF_AttemptToSwitchToXosc</name>
         <load_address>0x57f4</load_address>
         <readonly>true</readonly>
         <executable>true</executable>
         <run_address>0x57f4</run_address>
         <size>0x64</size>
         <alignment>0x4</alignment>
         <input_file_ref idref="fl-2b"/>
      </object_component>
      <object_component id="oc-2ec">
         <name>.text.PowerCC26X2_initiateCalibration</name>
         <load_address>0x5858</load_address>
         <readonly>true</readonly>
         <executable>true</executable>
         <run_address>0x5858</run_address>
         <size>0x64</size>
         <alignment>0x4</alignment>
         <input_file_ref idref="fl-20"/>
      </object_component>
      <object_component id="oc-37a">
         <name>.text.RF_attachOverrides</name>
         <load_address>0x58bc</load_address>
         <readonly>true</readonly>
         <executable>true</executable>
         <run_address>0x58bc</run_address>
         <size>0x64</size>
         <alignment>0x2</alignment>
         <input_file_ref idref="fl-19"/>
      </object_component>
      <object_component id="oc-1eb">
         <name>.text.RF_dispatchNextEvent</name>
         <load_address>0x5920</load_address>
         <readonly>true</readonly>
         <executable>true</executable>
         <run_address>0x5920</run_address>
         <size>0x64</size>
         <alignment>0x4</alignment>
         <input_file_ref idref="fl-19"/>
      </object_component>
      <object_component id="oc-1dd">
         <name>.text.RF_hwiCpe0PowerFsm</name>
         <load_address>0x5984</load_address>
         <readonly>true</readonly>
         <executable>true</executable>
         <run_address>0x5984</run_address>
         <size>0x64</size>
         <alignment>0x4</alignment>
         <input_file_ref idref="fl-19"/>
      </object_component>
      <object_component id="oc-1a1">
         <name>.text.UDMACC26XX_open</name>
         <load_address>0x59e8</load_address>
         <readonly>true</readonly>
         <executable>true</executable>
         <run_address>0x59e8</run_address>
         <size>0x64</size>
         <alignment>0x4</alignment>
         <input_file_ref idref="fl-28"/>
      </object_component>
      <object_component id="oc-228">
         <name>.text.ti_sysbios_knl_ClockSupport_init</name>
         <load_address>0x5a4c</load_address>
         <readonly>true</readonly>
         <executable>true</executable>
         <run_address>0x5a4c</run_address>
         <size>0x60</size>
         <alignment>0x2</alignment>
         <input_file_ref idref="fl-7"/>
      </object_component>
      <object_component id="oc-27e">
         <name>.text.NOROM_RFCAnaDivTxOverride</name>
         <load_address>0x5aac</load_address>
         <readonly>true</readonly>
         <executable>true</executable>
         <run_address>0x5aac</run_address>
         <size>0x5e</size>
         <alignment>0x4</alignment>
         <input_file_ref idref="fl-1a"/>
      </object_component>
      <object_component id="oc-352">
         <name>.text.ti_sysbios_knl_Swi_post</name>
         <load_address>0x5b0a</load_address>
         <readonly>true</readonly>
         <executable>true</executable>
         <run_address>0x5b0a</run_address>
         <size>0x5e</size>
         <alignment>0x2</alignment>
         <input_file_ref idref="fl-7"/>
      </object_component>
      <object_component id="oc-16c">
         <name>.text.ClockP_construct</name>
         <load_address>0x5b68</load_address>
         <readonly>true</readonly>
         <executable>true</executable>
         <run_address>0x5b68</run_address>
         <size>0x5c</size>
         <alignment>0x2</alignment>
         <input_file_ref idref="fl-7"/>
      </object_component>
      <object_component id="oc-2c7">
         <name>.text.ti_sysbios_heaps_HeapMem_alloc</name>
         <load_address>0x5bc4</load_address>
         <readonly>true</readonly>
         <executable>true</executable>
         <run_address>0x5bc4</run_address>
         <size>0x5c</size>
         <alignment>0x2</alignment>
         <input_file_ref idref="fl-7"/>
      </object_component>
      <object_component id="oc-162">
         <name>.text.ti_sysbios_knl_Task_init</name>
         <load_address>0x5c20</load_address>
         <readonly>true</readonly>
         <executable>true</executable>
         <run_address>0x5c20</run_address>
         <size>0x5c</size>
         <alignment>0x2</alignment>
         <input_file_ref idref="fl-7"/>
      </object_component>
      <object_component id="oc-38d">
         <name>.text.AONRTCEventClear</name>
         <load_address>0x5c7c</load_address>
         <readonly>true</readonly>
         <executable>true</executable>
         <run_address>0x5c7c</run_address>
         <size>0x58</size>
         <alignment>0x2</alignment>
         <input_file_ref idref="fl-7"/>
      </object_component>
      <object_component id="oc-ef">
         <name>.text.HwiP_construct</name>
         <load_address>0x5cd4</load_address>
         <readonly>true</readonly>
         <executable>true</executable>
         <run_address>0x5cd4</run_address>
         <size>0x58</size>
         <alignment>0x2</alignment>
         <input_file_ref idref="fl-7"/>
      </object_component>
      <object_component id="oc-312">
         <name>.text.RF_applyRfCorePatch</name>
         <load_address>0x5d2c</load_address>
         <readonly>true</readonly>
         <executable>true</executable>
         <run_address>0x5d2c</run_address>
         <size>0x58</size>
         <alignment>0x4</alignment>
         <input_file_ref idref="fl-19"/>
      </object_component>
      <object_component id="oc-25d">
         <name>.text.ti_sysbios_family_arm_m3_Hwi_construct</name>
         <load_address>0x5d84</load_address>
         <readonly>true</readonly>
         <executable>true</executable>
         <run_address>0x5d84</run_address>
         <size>0x58</size>
         <alignment>0x2</alignment>
         <input_file_ref idref="fl-7"/>
      </object_component>
      <object_component id="oc-341">
         <name>.text.ti_sysbios_family_arm_m3_Hwi_initStacks</name>
         <load_address>0x5ddc</load_address>
         <readonly>true</readonly>
         <executable>true</executable>
         <run_address>0x5ddc</run_address>
         <size>0x58</size>
         <alignment>0x4</alignment>
         <input_file_ref idref="fl-32"/>
      </object_component>
      <object_component id="oc-220">
         <name>.text.ti_sysbios_heaps_HeapMem_construct</name>
         <load_address>0x5e34</load_address>
         <readonly>true</readonly>
         <executable>true</executable>
         <run_address>0x5e34</run_address>
         <size>0x58</size>
         <alignment>0x2</alignment>
         <input_file_ref idref="fl-7"/>
      </object_component>
      <object_component id="oc-161">
         <name>.text.ti_sysbios_knl_Swi_init</name>
         <load_address>0x5e8c</load_address>
         <readonly>true</readonly>
         <executable>true</executable>
         <run_address>0x5e8c</run_address>
         <size>0x58</size>
         <alignment>0x2</alignment>
         <input_file_ref idref="fl-7"/>
      </object_component>
      <object_component id="oc-391">
         <name>.text.AONRTCCompareValueSet</name>
         <load_address>0x5ee4</load_address>
         <readonly>true</readonly>
         <executable>true</executable>
         <run_address>0x5ee4</run_address>
         <size>0x56</size>
         <alignment>0x2</alignment>
         <input_file_ref idref="fl-7"/>
      </object_component>
      <object_component id="oc-34c">
         <name>.text.ti_sysbios_family_arm_cc26xx_Timer_getCurrentTick</name>
         <load_address>0x5f3a</load_address>
         <readonly>true</readonly>
         <executable>true</executable>
         <run_address>0x5f3a</run_address>
         <size>0x56</size>
         <alignment>0x2</alignment>
         <input_file_ref idref="fl-7"/>
      </object_component>
      <object_component id="oc-2da">
         <name>.text.ti_sysbios_knl_Clock_Instance_init</name>
         <load_address>0x5f90</load_address>
         <readonly>true</readonly>
         <executable>true</executable>
         <run_address>0x5f90</run_address>
         <size>0x56</size>
         <alignment>0x2</alignment>
         <input_file_ref idref="fl-7"/>
      </object_component>
      <object_component id="oc-206">
         <name>.text.ti_sysbios_runtime_System_atexit</name>
         <load_address>0x5fe6</load_address>
         <readonly>true</readonly>
         <executable>true</executable>
         <run_address>0x5fe6</run_address>
         <size>0x56</size>
         <alignment>0x2</alignment>
         <input_file_ref idref="fl-7"/>
      </object_component>
      <object_component id="oc-392">
         <name>.text.AONRTCChannelEnable</name>
         <load_address>0x603c</load_address>
         <readonly>true</readonly>
         <executable>true</executable>
         <run_address>0x603c</run_address>
         <size>0x54</size>
         <alignment>0x2</alignment>
         <input_file_ref idref="fl-7"/>
      </object_component>
      <object_component id="oc-149">
         <name>.text.BIOS_startFunc</name>
         <load_address>0x6090</load_address>
         <readonly>true</readonly>
         <executable>true</executable>
         <run_address>0x6090</run_address>
         <size>0x54</size>
         <alignment>0x2</alignment>
         <input_file_ref idref="fl-7"/>
      </object_component>
      <object_component id="oc-37d">
         <name>.text.RF_getCurrentTime</name>
         <load_address>0x60e4</load_address>
         <readonly>true</readonly>
         <executable>true</executable>
         <run_address>0x60e4</run_address>
         <size>0x54</size>
         <alignment>0x4</alignment>
         <input_file_ref idref="fl-19"/>
      </object_component>
      <object_component id="oc-2a6">
         <name>.text.pthread_setcancelstate</name>
         <load_address>0x6138</load_address>
         <readonly>true</readonly>
         <executable>true</executable>
         <run_address>0x6138</run_address>
         <size>0x54</size>
         <alignment>0x2</alignment>
         <input_file_ref idref="fl-7"/>
      </object_component>
      <object_component id="oc-1e3">
         <name>.text.RF_wakeupNotification</name>
         <load_address>0x618c</load_address>
         <readonly>true</readonly>
         <executable>true</executable>
         <run_address>0x618c</run_address>
         <size>0x50</size>
         <alignment>0x4</alignment>
         <input_file_ref idref="fl-19"/>
      </object_component>
      <object_component id="oc-387">
         <name>.text.ti_sysbios_family_arm_cc26xx_Timer_setNextTick</name>
         <load_address>0x61dc</load_address>
         <readonly>true</readonly>
         <executable>true</executable>
         <run_address>0x61dc</run_address>
         <size>0x50</size>
         <alignment>0x2</alignment>
         <input_file_ref idref="fl-7"/>
      </object_component>
      <object_component id="oc-2b9">
         <name>.text.ti_sysbios_knl_Swi_restore</name>
         <load_address>0x622c</load_address>
         <readonly>true</readonly>
         <executable>true</executable>
         <run_address>0x622c</run_address>
         <size>0x4e</size>
[...]
         <name>Power_releaseDependency</name>
         <value>0x3f85</value>
         <object_component_ref idref="oc-2f4"/>
      </symbol>
      <symbol id="sm-5cc">
         <name>resourceDB</name>
         <value>0x9040</value>
         <object_component_ref idref="oc-18f"/>
      </symbol>
      <symbol id="sm-5cd">
         <name>Power_setDependency</name>
         <value>0x3d75</value>
         <object_component_ref idref="oc-ed"/>
      </symbol>
      <symbol id="sm-5ce">
         <name>Power_sleep</name>
         <value>0x1839</value>
         <object_component_ref idref="oc-2e8"/>
      </symbol>
      <symbol id="sm-5cf">
         <name>PowerCC26XX_calibrate</name>
         <value>0x8161</value>
         <object_component_ref idref="oc-23b"/>
      </symbol>
      <symbol id="sm-5d0">
         <name>PowerCC26XX_isStableXOSC_HF</name>
         <value>0x7725</value>
         <object_component_ref idref="oc-31f"/>
      </symbol>
      <symbol id="sm-5d1">
         <name>PowerCC26XX_switchXOSC_HF</name>
         <value>0x64d9</value>
         <object_component_ref idref="oc-320"/>
      </symbol>
      <symbol id="sm-5e7">
         <name>PowerCC26X2_initiateCalibration</name>
         <value>0x5859</value>
         <object_component_ref idref="oc-2ec"/>
      </symbol>
      <symbol id="sm-5e8">
         <name>PowerCC26X2_auxISR</name>
         <value>0x121d</value>
         <object_component_ref idref="oc-17d"/>
      </symbol>
      <symbol id="sm-5e9">
         <name>PowerCC26X2_calibrate</name>
         <value>0x27d1</value>
         <object_component_ref idref="oc-252"/>
      </symbol>
      <symbol id="sm-5ea">
         <name>PowerCC26X2_RCOSC_clockFunc</name>
         <value>0x692d</value>
         <object_component_ref idref="oc-176"/>
      </symbol>
      <symbol id="sm-5fd">
         <name>UART2_Params_init</name>
         <value>0x87f9</value>
         <object_component_ref idref="oc-100"/>
      </symbol>
      <symbol id="sm-5fe">
         <name>UART2_defaultParams</name>
         <value>0x9094</value>
         <object_component_ref idref="oc-198"/>
      </symbol>
      <symbol id="sm-5ff">
         <name>UART2_write</name>
         <value>0x86f9</value>
         <object_component_ref idref="oc-12a"/>
      </symbol>
      <symbol id="sm-600">
         <name>UART2_writeTimeoutBlocking</name>
         <value>0x16cd</value>
         <object_component_ref idref="oc-2a2"/>
      </symbol>
      <symbol id="sm-644">
         <name>UART2Support_dmaStopRx</name>
         <value>0x56c1</value>
         <object_component_ref idref="oc-271"/>
      </symbol>
      <symbol id="sm-645">
         <name>UART2Support_dmaStartRx</name>
         <value>0x2ef1</value>
         <object_component_ref idref="oc-272"/>
      </symbol>
      <symbol id="sm-646">
         <name>UART2_open</name>
         <value>0x1541</value>
         <object_component_ref idref="oc-105"/>
      </symbol>
      <symbol id="sm-647">
         <name>UART2Support_dmaStopTx</name>
         <value>0x49dd</value>
         <object_component_ref idref="oc-273"/>
      </symbol>
      <symbol id="sm-648">
         <name>UART2Support_dmaStartTx</name>
         <value>0x3855</value>
         <object_component_ref idref="oc-274"/>
      </symbol>
      <symbol id="sm-649">
         <name>UART2Support_powerRelConstraint</name>
         <value>0x75af</value>
         <object_component_ref idref="oc-275"/>
      </symbol>
      <symbol id="sm-64a">
         <name>UART2Support_disableTx</name>
         <value>0x87e1</value>
         <object_component_ref idref="oc-32d"/>
      </symbol>
      <symbol id="sm-64b">
         <name>UART2Support_powerSetConstraint</name>
         <value>0x78b3</value>
         <object_component_ref idref="oc-304"/>
      </symbol>
      <symbol id="sm-64c">
         <name>UART2Support_enableTx</name>
         <value>0x87ed</value>
         <object_component_ref idref="oc-32a"/>
      </symbol>
      <symbol id="sm-64d">
         <name>UART2Support_sendData</name>
         <value>0x6ffd</value>
         <object_component_ref idref="oc-32b"/>
      </symbol>
      <symbol id="sm-64e">
         <name>UART2Support_txDone</name>
         <value>0x85d5</value>
         <object_component_ref idref="oc-32c"/>
      </symbol>
      <symbol id="sm-660">
         <name>GPIO_hwiIntFxn</name>
         <value>0x670d</value>
         <object_component_ref idref="oc-f8"/>
      </symbol>
      <symbol id="sm-661">
         <name>GPIO_init</name>
         <value>0x2bf5</value>
         <object_component_ref idref="oc-ad"/>
      </symbol>
      <symbol id="sm-687">
         <name>PowerCC26X2_updateSubSecInc</name>
         <value>0x5189</value>
         <object_component_ref idref="oc-245"/>
      </symbol>
      <symbol id="sm-688">
         <name>PowerCC26X2_readCtrim</name>
         <value>0x8555</value>
         <object_component_ref idref="oc-24e"/>
      </symbol>
      <symbol id="sm-689">
         <name>PowerCC26X2_readCtrimFract</name>
         <value>0x8565</value>
         <object_component_ref idref="oc-24f"/>
      </symbol>
      <symbol id="sm-68a">
         <name>PowerCC26X2_readRtrim</name>
         <value>0x8575</value>
         <object_component_ref idref="oc-250"/>
      </symbol>
      <symbol id="sm-68b">
         <name>PowerCC26X2_writeCtrim</name>
         <value>0x7a4d</value>
         <object_component_ref idref="oc-24b"/>
      </symbol>
      <symbol id="sm-68c">
         <name>PowerCC26X2_writeCtrimFract</name>
         <value>0x7a71</value>
         <object_component_ref idref="oc-24c"/>
      </symbol>
      <symbol id="sm-68d">
         <name>PowerCC26X2_writeCtrimFractEn</name>
         <value>0x7a95</value>
         <object_component_ref idref="oc-251"/>
      </symbol>
      <symbol id="sm-68e">
         <name>PowerCC26X2_writeRtrim</name>
         <value>0x7ab9</value>
         <object_component_ref idref="oc-24d"/>
      </symbol>
      <symbol id="sm-68f">
         <name>PowerCC26X2_setTdcClkSrc24M</name>
         <value>0x6b9d</value>
         <object_component_ref idref="oc-2f2"/>
      </symbol>
      <symbol id="sm-690">
         <name>PowerCC26X2_setAclkRefSrc</name>
         <value>0x696d</value>
         <object_component_ref idref="oc-2f3"/>
      </symbol>
      <symbol id="sm-6c6">
         <name>PowerCC26X2_oscCtlClearXtal</name>
         <value>0x8535</value>
         <object_component_ref idref="oc-16d"/>
      </symbol>
      <symbol id="sm-6c7">
         <name>PowerCC26X2_prcmEnableCacheRetention</name>
         <value>0x8545</value>
         <object_component_ref idref="oc-361"/>
      </symbol>
      <symbol id="sm-6c8">
         <name>PowerCC26X2_oschfSwitchToRcosc</name>
         <value>0x8997</value>
         <object_component_ref idref="oc-2dd"/>
      </symbol>
      <symbol id="sm-6c9">
         <name>PowerCC26X2_oscClockSourceGet</name>
         <value>0x878d</value>
         <object_component_ref idref="oc-241"/>
      </symbol>
      <symbol id="sm-6ca">
         <name>PowerCC26X2_oscDisableQualifiers</name>
         <value>0x6ddd</value>
         <object_component_ref idref="oc-171"/>
      </symbol>
      <symbol id="sm-6cb">
         <name>PowerCC26X2_getOscHfSourceReady</name>
         <value>0x7a29</value>
         <object_component_ref idref="oc-37c"/>
      </symbol>
      <symbol id="sm-6cc">
         <name>PowerCC26X2_oschfTrySwitchToXosc</name>
         <value>0x8921</value>
         <object_component_ref idref="oc-2ee"/>
      </symbol>
      <symbol id="sm-6cd">
         <name>PowerCC26X2_enableTCXOQual</name>
         <value>0x7d6d</value>
         <object_component_ref idref="oc-2db"/>
      </symbol>
      <symbol id="sm-6ce">
         <name>PowerCC26X2_disableTCXOQual</name>
         <value>0x7d4d</value>
         <object_component_ref idref="oc-2de"/>
      </symbol>
      <symbol id="sm-6cf">
         <name>PowerCC26X2_turnOnXosc</name>
         <value>0x899f</value>
         <object_component_ref idref="oc-2df"/>
      </symbol>
      <symbol id="sm-6d0">
         <name>PowerCC26X2_switchToTCXO</name>
         <value>0x8585</value>
         <object_component_ref idref="oc-23c"/>
      </symbol>
      <symbol id="sm-6d1">
         <name>PowerCC26X2_sysCtrlStandby</name>
         <value>0x8893</value>
         <object_component_ref idref="oc-360"/>
      </symbol>
      <symbol id="sm-6d2">
         <name>PowerCC26X2_sysCtrlIdle</name>
         <value>0x899b</value>
         <object_component_ref idref="oc-2e9"/>
      </symbol>
      <symbol id="sm-6d3">
         <name>PowerCC26X2_setPeriphDeepSleepEnable</name>
         <value>0x8799</value>
         <object_component_ref idref="oc-362"/>
      </symbol>
      <symbol id="sm-6d4">
         <name>PowerCC26X2_sysCtrlGetResetSource</name>
         <value>0x87a5</value>
         <object_component_ref idref="oc-166"/>
      </symbol>
      <symbol id="sm-6d5">
         <name>PowerCC26X2_setSubSecIncToXoscLf</name>
         <value>0x6f61</value>
         <object_component_ref idref="oc-240"/>
      </symbol>
      <symbol id="sm-6d6">
         <name>PowerCC26X2_sysCtrlUpdateVoltageRegulator</name>
         <value>0x87b1</value>
         <object_component_ref idref="oc-2e1"/>
      </symbol>
      <symbol id="sm-6ec">
         <name>RingBuf_construct</name>
         <value>0x8595</value>
         <object_component_ref idref="oc-19b"/>
      </symbol>
      <symbol id="sm-6ed">
         <name>RingBuf_getConsume</name>
         <value>0x72e3</value>
         <object_component_ref idref="oc-302"/>
      </symbol>
      <symbol id="sm-6ee">
         <name>RingBuf_getCount</name>
         <value>0x89a7</value>
         <object_component_ref idref="oc-2ff"/>
      </symbol>
      <symbol id="sm-6ef">
         <name>RingBuf_getPointer</name>
         <value>0x7c1d</value>
         <object_component_ref idref="oc-303"/>
      </symbol>
      <symbol id="sm-6f0">
         <name>RingBuf_put</name>
         <value>0x6569</value>
         <object_component_ref idref="oc-2fd"/>
      </symbol>
      <symbol id="sm-6f1">
         <name>RingBuf_putAdvance</name>
         <value>0x6e15</value>
         <object_component_ref idref="oc-2fe"/>
      </symbol>
      <symbol id="sm-6f2">
         <name>RingBuf_putPointer</name>
         <value>0x7311</value>
         <object_component_ref idref="oc-300"/>
      </symbol>
      <symbol id="sm-6ff">
         <name>UDMACC26XX_hwiIntFxn</name>
         <value>0x889d</value>
         <object_component_ref idref="oc-263"/>
      </symbol>
      <symbol id="sm-700">
         <name>UDMACC26XX_open</name>
         <value>0x59e9</value>
         <object_component_ref idref="oc-1a1"/>
      </symbol>
      <symbol id="sm-711">
         <name>NOROM_ChipInfo_GetChipType</name>
         <value>0x4e41</value>
         <object_component_ref idref="oc-1c2"/>
      </symbol>
      <symbol id="sm-712">
         <name>NOROM_ChipInfo_GetHwRevision</name>
         <value>0x627d</value>
         <object_component_ref idref="oc-20f"/>
      </symbol>
      <symbol id="sm-713">
         <name>NOROM_ThisLibraryIsFor_CC13x2_CC26x2_HwRev20AndLater_HaltIfViolated</name>
         <value>0x76fd</value>
         <object_component_ref idref="oc-152"/>
      </symbol>
      <symbol id="sm-721">
         <name>NOROM_CPUcpsid</name>
         <value>0x8909</value>
         <object_component_ref idref="oc-2e0"/>
      </symbol>
      <symbol id="sm-722">
         <name>NOROM_CPUcpsie</name>
         <value>0x8911</value>
         <object_component_ref idref="oc-2eb"/>
      </symbol>
      <symbol id="sm-723">
         <name>NOROM_CPUdelay</name>
         <value>0x8977</value>
         <object_component_ref idref="oc-253"/>
      </symbol>
      <symbol id="sm-74b">
         <name>NOROM_OSCHF_TurnOnXosc</name>
         <value>0x7a05</value>
         <object_component_ref idref="oc-2ed"/>
      </symbol>
      <symbol id="sm-74c">
         <name>NOROM_OSCHF_AttemptToSwitchToXosc</name>
         <value>0x57f5</value>
         <object_component_ref idref="oc-36a"/>
      </symbol>
      <symbol id="sm-74d">
         <name>NOROM_OSCHF_SwitchToRcOscTurnOffXosc</name>
         <value>0x6d35</value>
         <object_component_ref idref="oc-35d"/>
      </symbol>
      <symbol id="sm-74e">
         <name>NOROM_OSC_CapArrayAdjustWorkaround_Boot</name>
         <value>0x76d5</value>
         <object_component_ref idref="oc-212"/>
      </symbol>
      <symbol id="sm-74f">
         <name>_hposcCoeffs</name>
         <value>0x2000052c</value>
         <object_component_ref idref="oc-36b"/>
      </symbol>
      <symbol id="sm-750">
         <name>NOROM_OSC_HPOSCRelativeFrequencyOffsetGet</name>
         <value>0x6b61</value>
         <object_component_ref idref="oc-2ef"/>
      </symbol>
      <symbol id="sm-75e">
         <name>NOROM_PRCMPowerDomainsAllOff</name>
         <value>0x6751</value>
         <object_component_ref idref="oc-36c"/>
      </symbol>
      <symbol id="sm-75f">
         <name>NOROM_PRCMPowerDomainsAllOn</name>
         <value>0x6795</value>
         <object_component_ref idref="oc-189"/>
      </symbol>
      <symbol id="sm-76e">
         <name>NOROM_SetupTrimDevice</name>
         <value>0x3455</value>
         <object_component_ref idref="oc-d9"/>
      </symbol>
      <symbol id="sm-77f">
         <name>NOROM_SysCtrlIdle</name>
         <value>0x6d6d</value>
         <object_component_ref idref="oc-363"/>
      </symbol>
      <symbol id="sm-780">
         <name>NOROM_SysCtrlStandby</name>
         <value>0x3299</value>
         <object_component_ref idref="oc-398"/>
      </symbol>
      <symbol id="sm-781">
         <name>NOROM_SysCtrlSetRechargeBeforePowerDown</name>
         <value>0x4eb9</value>
         <object_component_ref idref="oc-3ad"/>
      </symbol>
      <symbol id="sm-78e">
         <name>NOROM_AUXSYSIFOpModeChange</name>
         <value>0x6cfd</value>
         <object_component_ref idref="oc-218"/>
      </symbol>
      <symbol id="sm-797">
         <name>ti_sysbios_knl_TaskSupport_swap</name>
         <value>0x783d</value>
         <object_component_ref idref="oc-14d"/>
      </symbol>
      <symbol id="sm-798">
         <name>ti_sysbios_knl_TaskSupport_glue</name>
         <value>0x81f1</value>
         <object_component_ref idref="oc-3ae"/>
      </symbol>
      <symbol id="sm-799">
         <name>ti_sysbios_knl_TaskSupport_swapReturn</name>
         <value>0x7848</value>
         <object_component_ref idref="oc-14d"/>
      </symbol>
      <symbol id="sm-7ae">
         <name>ti_sysbios_family_arm_m3_Hwi_dispatch</name>
         <value>0x2375</value>
         <object_component_ref idref="oc-52"/>
      </symbol>
      <symbol id="sm-7af">
         <name>ti_sysbios_family_arm_m3_Hwi_pendSV</name>
         <value>0x2451</value>
         <object_component_ref idref="oc-52"/>
      </symbol>
      <symbol id="sm-7b0">
         <name>ti_sysbios_family_arm_m3_Hwi_excHandlerAsm</name>
         <value>0x7775</value>
         <object_component_ref idref="oc-4d"/>
      </symbol>
      <symbol id="sm-7b1">
         <name>ti_sysbios_family_arm_m3_Hwi_return</name>
         <value>0x2474</value>
         <object_component_ref idref="oc-52"/>
      </symbol>
      <symbol id="sm-7b2">
         <name>ti_sysbios_family_arm_m3_Hwi_interruptsAreDisabledButShouldNotBe</name>
         <value>0x244c</value>
         <object_component_ref idref="oc-52"/>
      </symbol>
      <symbol id="sm-7bf">
         <name>ti_sysbios_family_arm_m3_Hwi_switchAndRunFunc</name>
         <value>0x7ecb</value>
         <object_component_ref idref="oc-384"/>
      </symbol>
      <symbol id="sm-7c0">
         <name>ti_sysbios_family_arm_m3_Hwi_initStacks</name>
         <value>0x5ddd</value>
         <object_component_ref idref="oc-341"/>
      </symbol>
      <symbol id="sm-7c9">
         <name>_c_int00</name>
         <value>0x70cd</value>
         <object_component_ref idref="oc-29"/>
      </symbol>
      <symbol id="sm-7ca">
         <name>__stack</name>
         <value>0x20013a00</value>
         <object_component_ref idref="oc-49"/>
      </symbol>
      <symbol id="sm-7db">
         <name>_nop</name>
         <value>0x3453</value>
         <object_component_ref idref="oc-2ae"/>
      </symbol>
      <symbol id="sm-7dc">
         <name>_register_lock</name>
         <value>0x8805</value>
         <object_component_ref idref="oc-2b3"/>
      </symbol>
      <symbol id="sm-7dd">
         <name>_lock</name>
         <value>0x20000590</value>
         <object_component_ref idref="oc-33a"/>
      </symbol>
      <symbol id="sm-7de">
         <name>_register_unlock</name>
         <value>0x8811</value>
         <object_component_ref idref="oc-2b4"/>
      </symbol>
      <symbol id="sm-7df">
         <name>_unlock</name>
         <value>0x20000594</value>
         <object_component_ref idref="oc-33b"/>
      </symbol>
      <symbol id="sm-7e9">
         <name>_args_main</name>
         <value>0x8361</value>
         <object_component_ref idref="oc-57"/>
      </symbol>
      <symbol id="sm-7f8">
         <name>__TI_auto_init_nobinit_nopinit</name>
         <value>0x6e85</value>
         <object_component_ref idref="oc-7b"/>
      </symbol>
      <symbol id="sm-803">
         <name>__TI_zero_init</name>
         <value>0x8695</value>
         <object_component_ref idref="oc-6f"/>
      </symbol>
      <symbol id="sm-80c">
         <name>__TI_decompress_none</name>
         <value>0x874d</value>
         <object_component_ref idref="oc-35"/>
      </symbol>
      <symbol id="sm-816">
         <name>__TI_decompress_lzss</name>
         <value>0x53c7</value>
         <object_component_ref idref="oc-31"/>
      </symbol>
      <symbol id="sm-83a">
         <name>__aeabi_memcpy</name>
         <value>0x89ad</value>
         <object_component_ref idref="oc-62"/>
      </symbol>
      <symbol id="sm-83b">
         <name>__aeabi_memcpy4</name>
         <value>0x89ad</value>
         <object_component_ref idref="oc-62"/>
      </symbol>
      <symbol id="sm-83c">
         <name>__aeabi_memcpy8</name>
         <value>0x89ad</value>
         <object_component_ref idref="oc-62"/>
      </symbol>
      <symbol id="sm-843">
         <name>__aeabi_memclr</name>
         <value>0x8931</value>
         <object_component_ref idref="oc-95"/>
      </symbol>
      <symbol id="sm-844">
         <name>__aeabi_memclr4</name>
         <value>0x8931</value>
         <object_component_ref idref="oc-95"/>
      </symbol>
      <symbol id="sm-845">
         <name>__aeabi_memclr8</name>
         <value>0x8931</value>
         <object_component_ref idref="oc-95"/>
      </symbol>
      <symbol id="sm-84b">
         <name>__aeabi_uldivmod</name>
         <value>0x834d</value>
         <object_component_ref idref="oc-354"/>
      </symbol>
      <symbol id="sm-851">
         <name>__udivmoddi4</name>
         <value>0x3ed5</value>
         <object_component_ref idref="oc-388"/>
      </symbol>
      <symbol id="sm-85d">
         <name>__aeabi_ldiv0</name>
         <value>0x2df3</value>
         <object_component_ref idref="oc-3a4"/>
      </symbol>
      <symbol id="sm-866">
         <name>TI_memcpy_small</name>
         <value>0x8453</value>
         <object_component_ref idref="oc-c2"/>
      </symbol>
      <symbol id="sm-86e">
         <name>TI_memset_small</name>
         <value>0x873f</value>
         <object_component_ref idref="oc-13c"/>
      </symbol>
      <symbol id="sm-86f">
         <name>__TI_static_base__</name>
         <value>0x0</value>
      </symbol>
      <symbol id="sm-872">
         <name>ITM_flush</name>
         <value>0x0</value>
      </symbol>
      <symbol id="sm-873">
         <name>ITM_restore</name>
         <value>0x0</value>
      </symbol>
      <symbol id="sm-874">
         <name>__mpu_init</name>
         <value>0x0</value>
      </symbol>
   </symbol_table>
   <title>Link successful</title>
</link_info>
