******************************************************************************
            TI ARM Clang Linker PC v3.2.2                      
******************************************************************************
>> Linked Sun May 10 15:47:27 2026

OUTPUT FILE NAME:   <rfPacketRx.out>
ENTRY POINT SYMBOL: "ResetISR"  address: 00008929


MEMORY CONFIGURATION

         name            origin    length      used     unused   attr    fill
----------------------  --------  ---------  --------  --------  ----  --------
  FLASH                 00000000   00058000  00009406  0004ebfa  R  X
  GPRAM                 11000000   00002000  00000000  00002000  RW X
  SRAM                  20000000   00014000  0000770c  0000c8f4  RW X
  LOG_DATA              90000000   00040000  00000000  00040000  R   
  LOG_PTR               94000008   00040000  00000000  00040000  R   


SEGMENT ALLOCATION MAP

run origin  load origin   length   init length attrs members
----------  ----------- ---------- ----------- ----- -------
00000000    00000000    0000921e   0000921e    r-x
  00000000    00000000    0000003c   0000003c    r-- .resetVecs
  0000003c    0000003c    00008988   00008988    r-x .text
  000089c4    000089c4    0000085a   0000085a    r-- .rodata
00009220    00009220    00000008   00000008    rw-
  00009220    00009220    00000008   00000008    rw- .args
00009228    00009228    00000188   00000188    r--
  00009228    00009228    00000188   00000188    r-- .cinit
00057fa8    00057fa8    00000058   00000058    r--
  00057fa8    00057fa8    00000058   00000058    r-- .ccfg
20000000    20000000    000005a4   00000000    rw-
  20000000    20000000    000005a4   00000000    rw- .data
20001810    20001810    00000020   00000000    rw-
  20001810    20001810    00000010   00000000    rw- .TI.bound:dmaUart0RxControlTableEntry
  20001820    20001820    00000010   00000000    rw- .TI.bound:dmaUart0TxControlTableEntry
20001830    20001830    00004000   00000000    r--
  20001830    20001830    00004000   00000000    r-- .priheap
20005830    20005830    00002a70   00000000    rw-
  20005830    20005830    00002a70   00000000    rw- .bss
20013a00    20013a00    00000600   00000000    rw-
  20013a00    20013a00    00000600   00000000    rw- .stack


SECTION ALLOCATION MAP

 output                                  attributes/
section   page    origin      length       input sections
--------  ----  ----------  ----------   ----------------
.resetVecs 
*          0    00000000    0000003c     
                  00000000    0000003c     ti_sysbios_config.o (.resetVecs)

.binit     0    00000000    00000000     

.cinit     0    00009228    00000188     
                  00009228    00000142     (.cinit..data.load) [load image, compression = lzss]
                  0000936a    00000002     --HOLE-- [fill = 0]
                  0000936c    0000000c     (__TI_handler_table)
                  00009378    00000008     (.cinit..TI.bound:dmaUart0RxControlTableEntry.load) [load image, compression = zero_init]
                  00009380    00000008     (.cinit..TI.bound:dmaUart0TxControlTableEntry.load) [load image, compression = zero_init]
                  00009388    00000008     (.cinit..bss.load) [load image, compression = zero_init]
                  00009390    00000020     (__TI_cinit_table)

.init_array 
*          0    00000000    00000000     UNINITIALIZED

.ccfg      0    00057fa8    00000058     
                  00057fa8    00000058     ti_devices_config.o (.ccfg)

.data      0    20000000    000005a4     UNINITIALIZED
                  20000000    00000174     drivers_cc13x2.a : PowerCC26X2.c.obj (.data.PowerCC26X2_module)
                  20000174    0000007c     ti_drivers_config.o (.data.gpioPinConfigs)
                  200001f0    00000068     rf_multiMode_cc13x2.a : RFCC26X2_multiMode.c.cc13x2.ticlang.o (.data..L_MergedGlobals.1)
                  20000258    00000068     ti_sysbios_config.o (.data.ti_sysbios_knl_Clock_Module_state)
                  200002c0    00000064     rf_multiMode_cc13x2.a : RFCC26X2_multiMode.c.cc13x2.ticlang.o (.data..L_MergedGlobals.3)
                  20000324    00000058                           : RFCC26X2_multiMode.c.cc13x2.ticlang.o (.data..L_MergedGlobals.2)
                  2000037c    00000040     ti_radio_config.o (.data.pOverrides_2gfsk500kbps154g_0)
                  200003bc    0000003c     ti_sysbios_config.o (.data.ti_sysbios_family_arm_m3_Hwi_Module_state)
                  200003f8    0000003c     ti_sysbios_config.o (.data.ti_sysbios_knl_Task_Module_state)
                  20000434    00000030     ti_radio_config.o (.data.RF_cmdPropRxAdv_2gfsk500kbps154g_0)
                  20000464    0000002c     ti_sysbios_config.o (.data.BIOS_Module_state)
                  20000490    00000028     ti_radio_config.o (.data.RF_cmdPropRadioDivSetup_2gfsk500kbps154g_0)
                  200004b8    00000028     ti_sysbios_config.o (.data.ti_sysbios_knl_Swi_Module_state)
                  200004e0    00000018     ti_radio_config.o (.data.RF_cmdFs_2gfsk500kbps154g_0)
                  200004f8    00000014     ti_sysbios_config.o (.data.defaultPthreadAttrs)
                  2000050c    00000010     driverlib.lib : osc.c.obj (.data..L_MergedGlobals)
                  2000051c    00000010     ti_radio_config.o (.data.RF_prop_2gfsk500kbps154g_0)
                  2000052c    00000010     driverlib.lib : osc.c.obj (.data._hposcCoeffs)
                  2000053c    0000000c     ti_sysbios_config.o (.data.ti_sysbios_family_arm_cc26xx_Timer_Module_state)
                  20000548    0000000c     ti_sysbios_config.o (.data.ti_sysbios_runtime_Error_ignore)
                  20000554    0000000c     ti_sysbios_config.o (.data.ti_sysbios_runtime_System_Module_state)
                  20000560    00000008     rf_multiMode_cc13x2.a : RFCC26X2_multiMode.c.cc13x2.ticlang.o (.data..L_MergedGlobals)
                  20000568    00000008                           : RFCC26X2_multiMode.c.cc13x2.ticlang.o (.data.RFCC26XX_schedulerPolicy)
                  20000570    00000008     ti_sysbios_config.o (.data.ti_sysbios_gates_GateMutex_Module_state)
                  20000578    00000008     ti_sysbios_config.o (.data.ti_sysbios_heaps_HeapMem_Module_state)
                  20000580    00000008     ti_sysbios_config.o (.data.ti_sysbios_knl_Semaphore_Module_state)
                  20000588    00000004     drivers_cc13x2.a : PowerCC26X2.c.obj (.data.PowerCC26X2_rtcSubSecInc)
                  2000058c    00000004     rf_multiMode_cc13x2.a : RFCC26X2_multiMode.c.cc13x2.ticlang.o (.data.RF_fsmActiveState.lfClockSourceLast)
                  20000590    00000004     libc.a : _lock.c.obj (.data._lock)
                  20000594    00000004            : _lock.c.obj (.data._unlock)
                  20000598    00000004     ti_sysbios_config.o (.data.terminatedList)
                  2000059c    00000004     ti_sysbios_config.o (.data.ti_sysbios_runtime_Memory_defaultHeapInstance)
                  200005a0    00000001     rf_multiMode_cc13x2.a : rf_patch_cpe_prop.c.cc13x2.ticlang.o (.data.bPropPatchEntered)
                  200005a1    00000001     drivers_cc13x2.a : GPIOCC26X2.c.obj (.data.initCalled)
                  200005a2    00000001     ti_sysbios_config.o (.data.ti_sysbios_knl_Idle_initDone)
                  200005a3    00000001     ti_sysbios_config.o (.data.ti_sysbios_runtime_Startup_done)

.ramVecs   0    20000600    000000d8     NOLOAD SECTION
                  20000600    000000d8     ti_sysbios_config.o (.ramVecs)

.bss       0    20005830    00002a70     UNINITIALIZED
                  20005830    00001000     ti_drivers_config.o (.bss.uart2RxRingBuffer0)
                  20006830    00000d40     rfPacketRx.o (.bss.rxDataEntryBuffer)
                  20007570    000002c0     rf_multiMode_cc13x2.a : RFCC26X2_multiMode.c.cc13x2.ticlang.o (.bss.RF_cmdPool)
                  20007830    00000200     (.common:ti_sysbios_knl_Idle_taskStack)
                  20007a30    00000170     (.common:uart2CC26X2Objects)
                  20007ba0    00000100     rfPacketRx.o (.bss.rfObject)
                  20007ca0    000000d8     (.common:ti_sysbios_family_arm_m3_Hwi_dispatchTable)
                  20007d78    000000cb     rfPacketRx.o (.bss.uartPacket)
                  20007e43    00000001     --HOLE--
                  20007e44    0000007c     (.common:gpioCallbackFunctions)
                  20007ec0    0000007c     (.common:gpioUserArgs)
                  20007f3c    00000004     rfPacketRx.o (.bss.currentDataEntry)
                  20007f40    00000068     rf_multiMode_cc13x2.a : RFCC26X2_multiMode.c.cc13x2.ticlang.o (.bss.RF_ratModule)
                  20007fa8    00000060     (.common:ti_sysbios_knl_ClockSupport_timerStruct)
                  20008008    00000058     (.common:ti_sysbios_knl_Idle_taskStruct)
                  20008060    00000044                           : RFCC26X2_multiMode.c.cc13x2.ticlang.o (.bss.RF_clkInactivityObj)
                  200080a4    00000044                           : RFCC26X2_multiMode.c.cc13x2.ticlang.o (.bss.RF_clkPowerUpObj)
                  200080e8    0000003c                           : RFCC26X2_multiMode.c.cc13x2.ticlang.o (.bss.RF_swiHwObj)
                  20008124    00000030     (.common:ti_sysbios_knl_Swi_readyQs)
                  20008154    00000030     (.common:ti_sysbios_knl_Task_readyQs)
                  20008184    0000002c     (.common:BIOS_heapMemObject)
                  200081b0    00000028     (.common:BIOS_rtsGate)
                  200081d8    00000028     (.common:ti_sysbios_heaps_HeapMem_gate)
                  20008200    00000020     (.common:ti_sysbios_runtime_System_atexitHandlers)
                  20008220    00000020     (.common:udmaCC26XXObject)
                  20008240    0000001c     drivers_cc13x2.a : GPIOCC26X2.c.obj (.bss.gpioHwi)
                  2000825c    0000001c     ti_sysbios_config.o (.bss.sem)
                  20008278    00000008     rfPacketRx.o (.bss.dataQueue)
                  20008280    00000004     rfPacketRx.o (.bss.rfHandle)
                  20008284    00000004     rfPacketRx.o (.bss.uart)
                  20008288    00000004     rfPacketRx.o (.bss.uartSem)
                  2000828c    00000004     (.common:PowerCC26XX_swiKey)
                  20008290    00000004     (.common:PowerCC26XX_taskKey)
                  20008294    00000004     (.common:readEntry)
                  20008298    00000004     (.common:ti_sysbios_family_arm_cc26xx_TimestampProvider_Module_state)
                  2000829c    00000004     (.common:ti_sysbios_knl_Task_defaultStackHeap)

.stack     0    20013a00    00000600     UNINITIALIZED
                  20013a00    00000004     sysbios.a : boot_cortex_m.c.obj (.stack)
                  20013a04    000005fc     --HOLE--

.priheap   0    20001830    00004000     UNINITIALIZED
                  20001830    00004000     --HOLE--

.log_data 
*          0    90000000    00000008     COPY SECTION
                  90000000    00000004     ti_sysbios_config.o (.log_data)
                  90000004    00000004     ti_sysbios_config.o (.log_data)

.log_ptr   0    94000008    00000000     COPY SECTION

.text      0    0000003c    00008988     
                  0000003c    00000490     rf_multiMode_cc13x2.a : RFCC26X2_multiMode.c.cc13x2.ticlang.o (.text.RF_fsmActiveState)
                  000004cc    000002a8                           : RFCC26X2_multiMode.c.cc13x2.ticlang.o (.text.RF_open)
                  00000774    000001fa     ti_sysbios_config.o (.text.ti_sysbios_family_arm_m3_Hwi_excFillContext)
                  0000096e    000001f0     drivers_cc13x2.a : UART2CC26X2.c.obj (.text.UART2CC26X2_hwiIntFxn)
                  00000b5e    00000002     ti_sysbios_config.o (.text.BIOS_nullFunc)
                  00000b60    000001dc     rf_multiMode_cc13x2.a : RFCC26X2_multiMode.c.cc13x2.ticlang.o (.text.RF_dispatchNextCmd)
                  00000d3c    000001aa     ti_sysbios_config.o (.text.ti_sysbios_knl_TaskSupport_buildTaskStack)
                  00000ee6    0000019e     rfPacketRx.o (.text.mainThread)
                  00001084    00000198     ti_sysbios_config.o (.text.ti_sysbios_family_arm_cc26xx_Timer_construct)
                  0000121c    00000194     drivers_cc13x2.a : PowerCC26X2_calibrateRCOSC.c.obj (.text.PowerCC26X2_auxISR)
                  000013b0    0000018e     ti_sysbios_config.o (.text.ti_sysbios_knl_Task_Instance_init)
                  0000153e    00000002     ti_drivers_config.o (.text.Board_initHook)
                  00001540    0000018c     drivers_cc13x2.a : UART2CC26X2.c.obj (.text.UART2_open)
                  000016cc    0000016c                      : UART2.c.obj (.text.UART2_writeTimeoutBlocking)
                  00001838    00000158                      : PowerCC26X2.c.obj (.text.Power_sleep)
                  00001990    0000014e     ti_sysbios_config.o (.text.pthread_create)
                  00001ade    00000002     rf_multiMode_cc13x2.a : rfc.c.cc13x2.ticlang.o (.text.NOROM_RFCCpePatchReset)
                  00001ae0    0000014c                           : RFCC26X2_multiMode.c.cc13x2.ticlang.o (.text.RF_radioOpDoneCb)
                  00001c2c    0000013e     ti_sysbios_config.o (.text.PowerCC26XX_standbyPolicy)
                  00001d6a    0000013e     ti_sysbios_config.o (.text.ti_sysbios_heaps_HeapMem_allocUnprotected)
                  00001ea8    0000013c     ti_sysbios_config.o (.text.ti_sysbios_knl_Clock_workFuncDynamic)
                  00001fe4    00000138     rf_multiMode_cc13x2.a : RFCC26X2_multiMode.c.cc13x2.ticlang.o (.text.RF_abortCmd)
                  0000211c    00000134     ti_sysbios_config.o (.text.ti_sysbios_knl_Task_setPri)
                  00002250    00000124     rf_multiMode_cc13x2.a : RFCC26X2_multiMode.c.cc13x2.ticlang.o (.text.RF_fsmSetupState)
                  00002374    0000011c     sysbios.a : Hwi_asm_gcc.s.obj (.text.ti_sysbios_family_arm_m3_Hwi_dispatch)
                  00002490    00000118     drivers_cc13x2.a : PowerCC26X2.c.obj (.text.Power_init)
                  000025a8    00000118     rf_multiMode_cc13x2.a : RFCC26X2_multiMode.c.cc13x2.ticlang.o (.text.RF_decodeOverridePointers)
                  000026c0    0000010e     ti_sysbios_config.o (.text.ti_sysbios_knl_Semaphore_pend)
                  000027ce    00000002     rf_multiMode_cc13x2.a : RFCC26X2_multiMode.c.cc13x2.ticlang.o (.text.RF_defaultCallback)
                  000027d0    0000010c     drivers_cc13x2.a : PowerCC26X2_calibrateRCOSC.c.obj (.text.PowerCC26X2_calibrate)
                  000028dc    0000010a     ti_sysbios_config.o (.text.ti_sysbios_knl_Task_Instance_finalize)
                  000029e6    00000002     drivers_cc13x2.a : UART2CC26X2.c.obj (.text.UART2CC26X2_eventCallback)
                  000029e8    00000108     rf_multiMode_cc13x2.a : RFCC26X2_multiMode.c.cc13x2.ticlang.o (.text.RF_fsmPowerUpState)
                  00002af0    00000104     drivers_cc13x2.a : UART2CC26X2.c.obj (.text.UART2CC26X2_initHw)
                  00002bf4    00000100                      : GPIOCC26X2.c.obj (.text.GPIO_init)
                  00002cf4    000000fe     ti_sysbios_config.o (.text.ti_sysbios_family_arm_m3_Hwi_Instance_init)
                  00002df2    00000002     libclang_rt.builtins.a : aeabi_div0.c.obj (.text.__aeabi_ldiv0)
                  00002df4    000000fc     rf_multiMode_cc13x2.a : RFCC26X2_multiMode.c.cc13x2.ticlang.o (.text.RF_hwiCpe0Active)
                  00002ef0    000000f0     drivers_cc13x2.a : UART2CC26X2.c.obj (.text.UART2Support_dmaStartRx)
                  00002fe0    000000ee     ti_sysbios_config.o (.text.ti_sysbios_knl_Clock_startI)
                  000030ce    000000e6     RFQueue.o (.text.RFQueue_defineQueue)
                  000031b4    000000e4     ti_sysbios_config.o (.text.ti_sysbios_family_arm_m3_Hwi_initNVIC)
                  00003298    000000e0     driverlib.lib : sys_ctrl.c.obj (.text.NOROM_SysCtrlStandby)
                  00003378    000000da     ti_sysbios_config.o (.text.ti_sysbios_heaps_HeapMem_freeUnprotected)
                  00003452    00000002     libc.a : _lock.c.obj (.text._nop)
                  00003454    000000d0     driverlib.lib : setup.c.obj (.text.NOROM_SetupTrimDevice)
                  00003524    000000d0     drivers_cc13x2.a : PowerCC26X2.c.obj (.text.configureXOSCHF)
                  000035f4    000000cc     rf_multiMode_cc13x2.a : RFCC26X2_multiMode.c.cc13x2.ticlang.o (.text.RF_postCmd)
                  000036c0    000000ca                           : RFCC26X2_multiMode.c.cc13x2.ticlang.o (.text.RF_updatePaConfiguration)
                  0000378a    000000ca     ti_sysbios_config.o (.text._pthread_removeThreadKeys)
                  00003854    000000c0     drivers_cc13x2.a : UART2CC26X2.c.obj (.text.UART2Support_dmaStartTx)
                  00003914    000000c0     ti_sysbios_config.o (.text.ti_sysbios_knl_Clock_walkQueueDynamic)
                  000039d4    000000c0     ti_sysbios_config.o (.text.ti_sysbios_knl_Swi_restoreHwi)
                  00003a94    000000bc     rf_multiMode_cc13x2.a : RFCC26X2_multiMode.c.cc13x2.ticlang.o (.text.RF_swiHw)
                  00003b50    000000bc     ti_sysbios_config.o (.text.ti_sysbios_knl_Task_postInit)
                  00003c0c    000000b8     ti_sysbios_config.o (.text.ti_sysbios_knl_Swi_Instance_init)
                  00003cc4    000000b0     drivers_cc13x2.a : GPIOCC26XX.c.obj (.text.GPIO_setConfigAndMux)
                  00003d74    000000b0                      : PowerCC26X2.c.obj (.text.Power_setDependency)
                  00003e24    000000b0     driverlib.lib : setup.c.obj (.text.TrimAfterColdResetWakeupFromShutDown)
                  00003ed4    000000b0     libclang_rt.builtins.a : udivmoddi4.S.obj (.text)
                  00003f84    000000ac     drivers_cc13x2.a : PowerCC26X2.c.obj (.text.Power_releaseDependency)
                  00004030    000000a4     rf_multiMode_cc13x2.a : RFCC26X2_multiMode.c.cc13x2.ticlang.o (.text.RF_initRadioSetup)
                  000040d4    000000a2     ti_sysbios_config.o (.text.ti_sysbios_knl_TaskSupport_start)
                  00004176    00000002     drivers_cc13x2.a : PowerCC26X2.c.obj (.text.emptyClockFunc)
                  00004178    000000a0     rf_multiMode_cc13x2.a : RFCC26X2_multiMode.c.cc13x2.ticlang.o (.text.RF_calculateDispatchTime)
                  00004218    0000009a     ti_sysbios_config.o (.text.ti_sysbios_knl_Task_schedule)
                  000042b2    00000098     rf_multiMode_cc13x2.a : RFCC26X2_multiMode.c.cc13x2.ticlang.o (.text.RF_defaultSubmitPolicy)
                  0000434a    00000096                           : RFCC26X2_multiMode.c.cc13x2.ticlang.o (.text.RF_verifyGap)
                  000043e0    00000094                           : RFCC26X2_multiMode.c.cc13x2.ticlang.o (.text.RF_ratRestartChannels)
                  00004474    00000094     ti_sysbios_config.o (.text.ti_sysbios_heaps_HeapMem_Instance_init)
                  00004508    0000008e     ti_sysbios_config.o (.text.ti_sysbios_family_arm_m3_Hwi_excHandlerMin)
                  00004596    0000008e     ti_sysbios_config.o (.text.ti_sysbios_knl_Swi_runLoop)
                  00004624    0000008c     ti_sysbios_config.o (.text.ti_sysbios_family_arm_m3_Hwi_construct2)
                  000046b0    0000008a     ti_sysbios_config.o (.text.ti_sysbios_knl_Semaphore_post)
                  0000473a    00000002     ti_sysbios_config.o (.text.ti_sysbios_family_arm_cc26xx_Timer_startup)
                  0000473c    00000088     rf_multiMode_cc13x2.a : RFCC26X2_multiMode.c.cc13x2.ticlang.o (.text.RF_cmdDispatchTime)
                  000047c4    00000088                           : RFCC26X2_multiMode.c.cc13x2.ticlang.o (.text.RF_discardPendCmd)
                  0000484c    00000088     ti_sysbios_config.o (.text.ti_sysbios_family_arm_m3_Hwi_postInit)
                  000048d4    00000086     ti_sysbios_config.o (.text.ti_sysbios_runtime_Memory_alloc)
                  0000495a    00000082     ti_sysbios_config.o (.text.ti_sysbios_family_arm_m3_Hwi_getStackInfo)
                  000049dc    00000080     drivers_cc13x2.a : UART2CC26X2.c.obj (.text.UART2Support_dmaStopTx)
                  00004a5c    00000080     main_tirtos.o (.text.main)
                  00004adc    0000007e     ti_drivers_config.o (.text.Board_sendExtFlashByte)
                  00004b5a    0000007c     ti_sysbios_config.o (.text.SwiP_construct)
                  00004bd6    0000007c     ti_sysbios_config.o (.text.pthread_exit)
                  00004c52    0000007c     ti_sysbios_config.o (.text.ti_sysbios_family_arm_cc26xx_Timer_periodicStub)
                  00004cce    0000007c     ti_sysbios_config.o (.text.ti_sysbios_knl_Swi_schedule)
                  00004d4a    0000007a     ti_sysbios_config.o (.text.ti_sysbios_family_arm_m3_Hwi_dispatchC)
                  00004dc4    0000007a     ti_sysbios_config.o (.text.ti_sysbios_knl_Idle_init)
                  00004e3e    00000002     ti_sysbios_config.o (.text.ti_sysbios_knl_TaskSupport_init)
                  00004e40    00000078     driverlib.lib : chipinfo.c.obj (.text.NOROM_ChipInfo_GetChipType)
                  00004eb8    00000078                   : sys_ctrl.c.obj (.text.NOROM_SysCtrlSetRechargeBeforePowerDown)
                  00004f30    00000078     rf_multiMode_cc13x2.a : RFCC26X2_multiMode.c.cc13x2.ticlang.o (.text.RF_ratFreeChannel)
                  00004fa8    00000078     ti_sysbios_config.o (.text.ti_sysbios_family_arm_m3_Hwi_disableInterrupt)
                  00005020    00000078     ti_sysbios_config.o (.text.ti_sysbios_knl_Swi_run)
                  00005098    00000078     ti_sysbios_config.o (.text.ti_sysbios_knl_Task_blockI)
                  00005110    00000078     ti_sysbios_config.o (.text.ti_sysbios_knl_Task_startup)
                  00005188    00000074     drivers_cc13x2.a : PowerCC26X2_calibrateRCOSC_helpers.c.obj (.text.PowerCC26X2_updateSubSecInc)
                  000051fc    00000074     rf_multiMode_cc13x2.a : RFCC26X2_multiMode.c.cc13x2.ticlang.o (.text.RF_hwiHw)
                  00005270    00000074     ti_sysbios_config.o (.text.ti_sysbios_heaps_HeapMem_getStats)
                  000052e4    00000072     ti_sysbios_config.o (.text.ti_sysbios_family_arm_cc26xx_Timer_setThreshold)
                  00005356    00000070     ti_sysbios_config.o (.text.ti_sysbios_family_arm_m3_Hwi_enableInterrupt)
                  000053c6    00000070     libc.a : copy_decompress_lzss.c.obj (.text:decompress:lzss)
                  00005436    0000006e     ti_sysbios_config.o (.text.BIOS_init)
                  000054a4    0000006e     ti_drivers_config.o (.text.Board_shutDownExtFlash)
                  00005512    0000006e     ti_sysbios_config.o (.text.ti_sysbios_knl_Clock_init)
                  00005580    0000006c     rf_multiMode_cc13x2.a : RFCC26X2_multiMode.c.cc13x2.ticlang.o (.text.RF_issueRadioFreeCb)
                  000055ec    0000006c     drivers_cc13x2.a : PowerCC26X2.c.obj (.text.oscillatorISR)
                  00005658    00000068     rf_multiMode_cc13x2.a : RFCC26X2_multiMode.c.cc13x2.ticlang.o (.text.RF_detachOverrides)
                  000056c0    00000068     drivers_cc13x2.a : UART2CC26X2.c.obj (.text.UART2Support_dmaStopRx)
                  00005728    00000066     ti_sysbios_config.o (.text.ti_sysbios_family_arm_cc26xx_Timer_start)
                  0000578e    00000066     ti_sysbios_config.o (.text.ti_sysbios_family_arm_m3_Hwi_Instance_finalize)
                  000057f4    00000064     driverlib.lib : osc.c.obj (.text.NOROM_OSCHF_AttemptToSwitchToXosc)
                  00005858    00000064     drivers_cc13x2.a : PowerCC26X2_calibrateRCOSC.c.obj (.text.PowerCC26X2_initiateCalibration)
                  000058bc    00000064     rf_multiMode_cc13x2.a : RFCC26X2_multiMode.c.cc13x2.ticlang.o (.text.RF_attachOverrides)
                  00005920    00000064                           : RFCC26X2_multiMode.c.cc13x2.ticlang.o (.text.RF_dispatchNextEvent)
                  00005984    00000064                           : RFCC26X2_multiMode.c.cc13x2.ticlang.o (.text.RF_hwiCpe0PowerFsm)
                  000059e8    00000064     drivers_cc13x2.a : UDMACC26XX.c.obj (.text.UDMACC26XX_open)
                  00005a4c    00000060     ti_sysbios_config.o (.text.ti_sysbios_knl_ClockSupport_init)
                  00005aac    0000005e     rf_multiMode_cc13x2.a : rfc.c.cc13x2.ticlang.o (.text.NOROM_RFCAnaDivTxOverride)
                  00005b0a    0000005e     ti_sysbios_config.o (.text.ti_sysbios_knl_Swi_post)
                  00005b68    0000005c     ti_sysbios_config.o (.text.ClockP_construct)
                  00005bc4    0000005c     ti_sysbios_config.o (.text.ti_sysbios_heaps_HeapMem_alloc)
                  00005c20    0000005c     ti_sysbios_config.o (.text.ti_sysbios_knl_Task_init)
                  00005c7c    00000058     ti_sysbios_config.o (.text.AONRTCEventClear)
                  00005cd4    00000058     ti_sysbios_config.o (.text.HwiP_construct)
                  00005d2c    00000058     rf_multiMode_cc13x2.a : RFCC26X2_multiMode.c.cc13x2.ticlang.o (.text.RF_applyRfCorePatch)
                  00005d84    00000058     ti_sysbios_config.o (.text.ti_sysbios_family_arm_m3_Hwi_construct)
                  00005ddc    00000058     sysbios.a : Hwi_asm_switch_gcc.s.obj (.text.ti_sysbios_family_arm_m3_Hwi_initStacks)
                  00005e34    00000058     ti_sysbios_config.o (.text.ti_sysbios_heaps_HeapMem_construct)
                  00005e8c    00000058     ti_sysbios_config.o (.text.ti_sysbios_knl_Swi_init)
                  00005ee4    00000056     ti_sysbios_config.o (.text.AONRTCCompareValueSet)
                  00005f3a    00000056     ti_sysbios_config.o (.text.ti_sysbios_family_arm_cc26xx_Timer_getCurrentTick)
                  00005f90    00000056     ti_sysbios_config.o (.text.ti_sysbios_knl_Clock_Instance_init)
                  00005fe6    00000056     ti_sysbios_config.o (.text.ti_sysbios_runtime_System_atexit)
                  0000603c    00000054     ti_sysbios_config.o (.text.AONRTCChannelEnable)
                  00006090    00000054     ti_sysbios_config.o (.text.BIOS_startFunc)
                  000060e4    00000054     rf_multiMode_cc13x2.a : RFCC26X2_multiMode.c.cc13x2.ticlang.o (.text.RF_getCurrentTime)
                  00006138    00000054     ti_sysbios_config.o (.text.pthread_setcancelstate)
                  0000618c    00000050     rf_multiMode_cc13x2.a : RFCC26X2_multiMode.c.cc13x2.ticlang.o (.text.RF_wakeupNotification)
                  000061dc    00000050     ti_sysbios_config.o (.text.ti_sysbios_family_arm_cc26xx_Timer_setNextTick)
                  0000622c    0000004e     ti_sysbios_config.o (.text.ti_sysbios_knl_Swi_restore)
                  0000627a    00000002     ti_sysbios_config.o (.text.ti_sysbios_runtime_SysCallback_defaultInit)
                  0000627c    0000004c     driverlib.lib : chipinfo.c.obj (.text.NOROM_ChipInfo_GetHwRevision)
                  000062c8    0000004c     rf_multiMode_cc13x2.a : RFCC26X2_multiMode.c.cc13x2.ticlang.o (.text.RF_fsmXOSCState)
                  00006314    0000004c     drivers_cc13x2.a : PowerCC26X2.c.obj (.text.switchXOSCHF)
                  00006360    0000004c     ti_sysbios_config.o (.text.ti_sysbios_knl_Clock_getTimeout)
                  000063ac    0000004c     ti_sysbios_config.o (.text.ti_sysbios_knl_Task_create)
                  000063f8    0000004c     ti_sysbios_config.o (.text.ti_sysbios_runtime_System_processAtExit)
                  00006444    0000004a     ti_sysbios_config.o (.text.ti_sysbios_knl_Task_construct)
                  0000648e    00000002     --HOLE-- [fill = 0]
                  00006490    00000048     rf_multiMode_cc13x2.a : rfc.c.cc13x2.ticlang.o (.text.NOROM_RFCSynthPowerDown)
                  000064d8    00000048     drivers_cc13x2.a : PowerCC26X2.c.obj (.text.PowerCC26XX_switchXOSC_HF)
                  00006520    00000048     ti_sysbios_config.o (.text.ti_sysbios_family_arm_m3_Hwi_init)
                  00006568    00000046     drivers_cc13x2.a : RingBuf.c.obj (.text.RingBuf_put)
                  000065ae    00000046     ti_sysbios_config.o (.text.ti_sysbios_knl_Semaphore_Instance_init)
                  000065f4    00000046     ti_sysbios_config.o (.text.ti_sysbios_knl_Swi_construct)
                  0000663a    00000046     ti_sysbios_config.o (.text.ti_sysbios_knl_Task_processVitalTaskFlag)
                  00006680    00000046     ti_sysbios_config.o (.text.ti_sysbios_knl_Task_unblockI)
                  000066c6    00000044     ti_sysbios_config.o (.text.BIOS_rtsLock)
                  0000670a    00000002     --HOLE-- [fill = 0]
                  0000670c    00000044     drivers_cc13x2.a : GPIOCC26X2.c.obj (.text.GPIO_hwiIntFxn)
                  00006750    00000044     driverlib.lib : prcm.c.obj (.text.NOROM_PRCMPowerDomainsAllOff)
                  00006794    00000044                   : prcm.c.obj (.text.NOROM_PRCMPowerDomainsAllOn)
                  000067d8    00000044     rf_multiMode_cc13x2.a : RFCC26X2_multiMode.c.cc13x2.ticlang.o (.text.RF_cmdGet)
                  0000681c    00000044                           : RFCC26X2_multiMode.c.cc13x2.ticlang.o (.text.RF_updatePowerupDuration)
                  00006860    00000044     ti_sysbios_config.o (.text._pthread_cleanupFxn)
                  000068a4    00000044     ti_sysbios_config.o (.text.ti_sysbios_knl_Task_restore)
                  000068e8    00000044     ti_sysbios_config.o (.text.ti_sysbios_runtime_Error_raiseX)
                  0000692c    00000040     drivers_cc13x2.a : PowerCC26X2_calibrateRCOSC.c.obj (.text.PowerCC26X2_RCOSC_clockFunc)
                  0000696c    00000040                      : PowerCC26X2_calibrateRCOSC_helpers.c.obj (.text.PowerCC26X2_setAclkRefSrc)
                  000069ac    00000040     ti_sysbios_config.o (.text.ti_sysbios_gates_GateMutex_enter)
                  000069ec    00000040     ti_sysbios_config.o (.text.ti_sysbios_knl_Semaphore_pendTimeout)
                  00006a2c    00000040     ti_sysbios_config.o (.text.ti_sysbios_knl_Task_exit)
                  00006a6c    0000003e     ti_sysbios_config.o (.text.pthread_attr_setschedparam)
                  00006aaa    0000003e     ti_sysbios_config.o (.text.ti_sysbios_knl_Clock_getTicksUntilInterrupt)
                  00006ae8    0000003c     ti_sysbios_config.o (.text.BIOS_atExitFunc)
                  00006b24    0000003c     drivers_cc13x2.a : GPIO.c.obj (.text.GPIO_resetConfig)
                  00006b60    0000003c     driverlib.lib : osc.c.obj (.text.NOROM_OSC_HPOSCRelativeFrequencyOffsetGet)
                  00006b9c    0000003c     drivers_cc13x2.a : PowerCC26X2_calibrateRCOSC_helpers.c.obj (.text.PowerCC26X2_setTdcClkSrc24M)
                  00006bd8    0000003c     rf_multiMode_cc13x2.a : rf_patch_cpe_prop.c.cc13x2.ticlang.o (.text.configurePropPatch)
                  00006c14    0000003c     ti_sysbios_config.o (.text.ti_sysbios_family_arm_m3_Hwi_setPriority)
                  00006c50    0000003c     ti_sysbios_config.o (.text.ti_sysbios_knl_Task_restoreHwi)
                  00006c8c    00000038     ti_drivers_config.o (.text.Board_wakeUpExtFlash)
                  00006cc4    00000038     driverlib.lib : osc.c.obj (.text.InternCapArrayAdjustWithBaseline7001F)
                  00006cfc    00000038                   : aux_sysif.c.obj (.text.NOROM_AUXSYSIFOpModeChange)
                  00006d34    00000038                   : osc.c.obj (.text.NOROM_OSCHF_SwitchToRcOscTurnOffXosc)
                  00006d6c    00000038                   : sys_ctrl.c.obj (.text.NOROM_SysCtrlIdle)
                  00006da4    00000038                   : osc.c.obj (.text.OSCHfSourceSwitch)
                  00006ddc    00000038     drivers_cc13x2.a : PowerCC26X2_helpers.c.obj (.text.PowerCC26X2_oscDisableQualifiers)
                  00006e14    00000038                      : RingBuf.c.obj (.text.RingBuf_putAdvance)
                  00006e4c    00000038     ti_sysbios_config.o (.text.ti_sysbios_runtime_Startup_exec)
                  00006e84    00000038     libc.a : autoinit.c.obj (.text:__TI_auto_init_nobinit_nopinit)
                  00006ebc    00000036     ti_sysbios_config.o (.text.BIOS_rtsUnlock)
                  00006ef2    00000036     ti_sysbios_config.o (.text.SemaphoreP_pend)
                  00006f28    00000036     ti_sysbios_config.o (.text.ti_sysbios_knl_Swi_construct2)
                  00006f5e    00000002     --HOLE-- [fill = 0]
                  00006f60    00000034     drivers_cc13x2.a : PowerCC26X2_helpers.c.obj (.text.PowerCC26X2_setSubSecIncToXoscLf)
                  00006f94    00000034                      : PowerCC26X2.c.obj (.text.Power_releaseConstraint)
                  00006fc8    00000034     rf_multiMode_cc13x2.a : RFCC26X2_multiMode.c.cc13x2.ticlang.o (.text.RF_powerConstraintRelease)
                  00006ffc    00000034     drivers_cc13x2.a : UART2CC26X2.c.obj (.text.UART2Support_sendData)
                  00007030    00000034     rfPacketRx.o (.text.callback)
                  00007064    00000034     ti_sysbios_config.o (.text.ti_sysbios_family_arm_cc26xx_Timer_getMaxTicks)
                  00007098    00000034     ti_sysbios_config.o (.text.ti_sysbios_knl_Queue_put)
                  000070cc    00000034     sysbios.a : boot_cortex_m.c.obj (.text:_c_int00)
                  00007100    00000032     ti_sysbios_config.o (.text.ti_sysbios_knl_Semaphore_create)
                  00007132    00000002     --HOLE-- [fill = 0]
                  00007134    00000030     drivers_cc13x2.a : PowerCC26X2.c.obj (.text.Power_setConstraint)
                  00007164    00000030     rf_multiMode_cc13x2.a : RFCC26X2_multiMode.c.cc13x2.ticlang.o (.text.RF_checkCmdFsError)
                  00007194    00000030     driverlib.lib : osc.c.obj (.text.SpecialCapArrayWorkaroundEnabledAndNeeded)
                  000071c4    00000030     drivers_cc13x2.a : PowerCC26X2.c.obj (.text.notify)
                  000071f4    00000030     ti_sysbios_config.o (.text.ti_sysbios_family_arm_m3_Hwi_plug)
                  00007224    00000030     ti_sysbios_config.o (.text.ti_sysbios_heaps_HeapMem_free)
                  00007254    00000030     ti_sysbios_config.o (.text.ti_sysbios_knl_Clock_construct)
                  00007284    00000030     ti_sysbios_config.o (.text.ti_sysbios_knl_Idle_run)
                  000072b4    0000002e     rf_multiMode_cc13x2.a : RFCC26X2_multiMode.c.cc13x2.ticlang.o (.text.RF_calculateDeltaTimeUs)
                  000072e2    0000002e     drivers_cc13x2.a : RingBuf.c.obj (.text.RingBuf_getConsume)
                  00007310    0000002e                      : RingBuf.c.obj (.text.RingBuf_putPointer)
                  0000733e    0000002e     ti_sysbios_config.o (.text._pthread_delete)
                  0000736c    0000002e     ti_sysbios_config.o (.text._pthread_runStub)
                  0000739a    0000002e     ti_sysbios_config.o (.text.ti_sysbios_family_arm_m3_Hwi_initStack)
                  000073c8    0000002e     ti_sysbios_config.o (.text.ti_sysbios_gates_GateMutex_Instance_init)
                  000073f6    0000002c     ti_sysbios_config.o (.text.BIOS_registerRTSLock)
                  00007422    0000002c     ti_sysbios_config.o (.text.BIOS_removeRTSLock)
                  0000744e    00000002     --HOLE-- [fill = 0]
                  00007450    0000002c     rf_multiMode_cc13x2.a : RFCC26X2_multiMode.c.cc13x2.ticlang.o (.text.RF_executeDirectImmediateCmd)
                  0000747c    0000002c     ti_sysbios_config.o (.text.SemaphoreP_createBinary)
                  000074a8    0000002c     drivers_cc13x2.a : UART2CC26X2.c.obj (.text.UART2CC26X2_getRxData)
                  000074d4    0000002c     ti_sysbios_config.o (.text.pthread_attr_setdetachstate)
                  00007500    0000002c     rf_multiMode_cc13x2.a : rf_patch_cpe_prop.c.cc13x2.ticlang.o (.text.rf_patch_cpe_prop)
                  0000752c    0000002c     ti_sysbios_config.o (.text.ti_sysbios_knl_Semaphore_construct)
                  00007558    0000002c     ti_sysbios_config.o (.text.ti_sysbios_runtime_Memory_free)
                  00007584    0000002a     ti_sysbios_config.o (.text.SemaphoreP_constructBinary)
                  000075ae    0000002a     drivers_cc13x2.a : UART2CC26X2.c.obj (.text.UART2Support_powerRelConstraint)
                  000075d8    0000002a     ti_drivers_config.o (.text.UART2_writeTimeout)
                  00007602    0000002a     ti_sysbios_config.o (.text._pthread_cleanup_pop)
                  0000762c    0000002a     ti_sysbios_config.o (.text.pthread_attr_init)
                  00007656    0000002a     ti_sysbios_config.o (.text.ti_sysbios_knl_Clock_initI)
                  00007680    0000002a     ti_sysbios_config.o (.text.ti_sysbios_knl_Task_enter)
                  000076aa    00000028     drivers_cc13x2.a : List.c.obj (.text.List_remove)
                  000076d2    00000002     --HOLE-- [fill = 0]
                  000076d4    00000028     driverlib.lib : osc.c.obj (.text.NOROM_OSC_CapArrayAdjustWorkaround_Boot)
                  000076fc    00000028                   : chipinfo.c.obj (.text.NOROM_ThisLibraryIsFor_CC13x2_CC26x2_HwRev20AndLater_HaltIfViolated)
                  00007724    00000028     drivers_cc13x2.a : PowerCC26X2.c.obj (.text.PowerCC26XX_isStableXOSC_HF)
                  0000774c    00000028     rf_multiMode_cc13x2.a : RFCC26X2_multiMode.c.cc13x2.ticlang.o (.text.RF_cmdStoreEvents)
                  00007774    00000028     sysbios.a : Hwi_asm_gcc.s.obj (.text.ti_sysbios_family_arm_m3_Hwi_excHandlerAsm)
                  0000779c    00000028     ti_sysbios_config.o (.text.ti_sysbios_gates_GateMutex_construct)
                  000077c4    00000028     ti_sysbios_config.o (.text.ti_sysbios_knl_Queue_enqueue)
                  000077ec    00000028     ti_sysbios_config.o (.text.ti_sysbios_knl_Queue_insert)
                  00007814    00000028     ti_sysbios_config.o (.text.ti_sysbios_knl_Swi_or)
                  0000783c    00000028     sysbios.a : TaskSupport_asm_gcc.s.obj (.text.ti_sysbios_knl_TaskSupport_swap)
                  00007864    00000028     ti_sysbios_config.o (.text.ti_sysbios_runtime_System_init)
                  0000788c    00000026     drivers_cc13x2.a : List.c.obj (.text.List_insert)
                  000078b2    00000026                      : UART2CC26X2.c.obj (.text.UART2Support_powerSetConstraint)
                  000078d8    00000026     ti_sysbios_config.o (.text.ti_sysbios_family_arm_m3_Hwi_getHandle)
                  000078fe    00000026     ti_sysbios_config.o (.text.ti_sysbios_knl_Task_allBlockedFunction)
                  00007924    00000026     ti_sysbios_config.o (.text.ti_sysbios_knl_Task_delete)
                  0000794a    00000026     ti_sysbios_config.o (.text.ti_sysbios_knl_Task_destruct)
                  00007970    00000026     ti_sysbios_config.o (.text.ti_sysbios_runtime_Error_init)
                  00007996    00000024     ti_sysbios_config.o (.text.HwiP_setFunc)
                  000079ba    00000024     drivers_cc13x2.a : List.c.obj (.text.List_put)
                  000079de    00000024                      : List.c.obj (.text.List_putHead)
                  00007a02    00000002     --HOLE-- [fill = 0]
                  00007a04    00000024     driverlib.lib : osc.c.obj (.text.NOROM_OSCHF_TurnOnXosc)
                  00007a28    00000024     drivers_cc13x2.a : PowerCC26X2_helpers.c.obj (.text.PowerCC26X2_getOscHfSourceReady)
                  00007a4c    00000024                      : PowerCC26X2_calibrateRCOSC_helpers.c.obj (.text.PowerCC26X2_writeCtrim)
                  00007a70    00000024                      : PowerCC26X2_calibrateRCOSC_helpers.c.obj (.text.PowerCC26X2_writeCtrimFract)
                  00007a94    00000024                      : PowerCC26X2_calibrateRCOSC_helpers.c.obj (.text.PowerCC26X2_writeCtrimFractEn)
                  00007ab8    00000024                      : PowerCC26X2_calibrateRCOSC_helpers.c.obj (.text.PowerCC26X2_writeRtrim)
                  00007adc    00000024                      : PowerCC26X2.c.obj (.text.Power_registerNotify)
                  00007b00    00000024     rf_multiMode_cc13x2.a : RFCC26X2_multiMode.c.cc13x2.ticlang.o (.text.RF_clkPowerUp)
                  00007b24    00000024                           : RFCC26X2_multiMode.c.cc13x2.ticlang.o (.text.RF_hwiCpe0ChangePhy)
                  00007b48    00000024                           : RFCC26X2_multiMode.c.cc13x2.ticlang.o (.text.RF_isStateTransitionAllowed)
                  00007b6c    00000024                           : RFCC26X2_multiMode.c.cc13x2.ticlang.o (.text.RF_searchAndReplacePAOverride)
                  00007b90    00000024     ti_sysbios_config.o (.text.ti_sysbios_family_arm_cc26xx_Timer_Params_init)
                  00007bb4    00000024     ti_sysbios_config.o (.text.ti_sysbios_knl_Task_Params_init)
                  00007bd8    00000022     ti_sysbios_config.o (.text.BIOS_setThreadType)
                  00007bfa    00000022     drivers_cc13x2.a : List.c.obj (.text.List_get)
                  00007c1c    00000022                      : RingBuf.c.obj (.text.RingBuf_getPointer)
                  00007c3e    00000022     ti_sysbios_config.o (.text.ti_sysbios_gates_GateMutex_leave)
                  00007c60    00000022     ti_sysbios_config.o (.text.ti_sysbios_heaps_HeapMem_restore)
                  00007c82    00000022     ti_sysbios_config.o (.text.ti_sysbios_knl_Clock_getTicks)
                  00007ca4    00000022     ti_sysbios_config.o (.text.ti_sysbios_knl_Clock_scheduleNextTick)
                  00007cc6    00000022     ti_sysbios_config.o (.text.ti_sysbios_knl_Queue_dequeue)
                  00007ce8    00000022     ti_sysbios_config.o (.text.ti_sysbios_knl_Semaphore_destruct)
                  00007d0a    00000002     --HOLE-- [fill = 0]
                  00007d0c    00000020     rf_multiMode_cc13x2.a : rfc.c.cc13x2.ticlang.o (.text.NOROM_RFCDoorbellSendTo)
                  00007d2c    00000020                           : rfc.c.cc13x2.ticlang.o (.text.NOROM_RFCOverrideSearch)
                  00007d4c    00000020     drivers_cc13x2.a : PowerCC26X2_helpers.c.obj (.text.PowerCC26X2_disableTCXOQual)
                  00007d6c    00000020                      : PowerCC26X2_helpers.c.obj (.text.PowerCC26X2_enableTCXOQual)
                  00007d8c    00000020     ti_sysbios_config.o (.text.PowerCC26XX_schedulerDisable)
                  00007dac    00000020     ti_sysbios_config.o (.text.PowerCC26XX_schedulerRestore)
                  00007dcc    00000020     rf_multiMode_cc13x2.a : RFCC26X2_multiMode.c.cc13x2.ticlang.o (.text.RF_cmdAlloc)
                  00007dec    00000020                           : RFCC26X2_multiMode.c.cc13x2.ticlang.o (.text.RF_invokeGlobalCallback)
                  00007e0c    00000020                           : RFCC26X2_multiMode.c.cc13x2.ticlang.o (.text.RF_ratIsRunning)
                  00007e2c    00000020     ti_sysbios_config.o (.text.ti_sysbios_family_arm_cc26xx_Timer_postInit)
                  00007e4c    00000020     ti_sysbios_config.o (.text.ti_sysbios_family_arm_m3_Hwi_excHandler)
                  00007e6c    00000020     ti_sysbios_config.o (.text.ti_sysbios_family_arm_m3_Hwi_post)
                  00007e8c    00000020     ti_sysbios_config.o (.text.ti_sysbios_knl_ClockSupport_getCurrentTick)
                  00007eac    0000001e     ti_sysbios_config.o (.text.SwiP_Params_init)
                  00007eca    0000001e     sysbios.a : Hwi_asm_switch_gcc.s.obj (.text.ti_sysbios_family_arm_m3_Hwi_switchAndRunFunc)
                  00007ee8    0000001e     ti_sysbios_config.o (.text.ti_sysbios_family_arm_m3_Hwi_switchFromBootStack)
                  00007f06    0000001e     ti_sysbios_config.o (.text.ti_sysbios_knl_Task_unblock)
                  00007f24    0000001c     ti_sysbios_config.o (.text.HwiP_Params_init)
                  00007f40    0000001c     ti_sysbios_config.o (.text.HwiP_interruptsEnabled)
                  00007f5c    0000001c     drivers_cc13x2.a : PowerCC26X2.c.obj (.text.Power_getTransitionLatency)
                  00007f78    0000001c     rf_multiMode_cc13x2.a : RFCC26X2_multiMode.c.cc13x2.ticlang.o (.text.RF_clkInactivityCallback)
                  00007f94    0000001c                           : RFCC26X2_multiMode.c.cc13x2.ticlang.o (.text.RF_getPAOverrideOffsetAndValue)
                  00007fb0    0000001c                           : RFCC26X2_multiMode.c.cc13x2.ticlang.o (.text.RF_powerConstraintSet)
                  00007fcc    0000001c                           : RFCC26X2_multiMode.c.cc13x2.ticlang.o (.text.RF_swiFsm)
                  00007fe8    0000001c     ti_sysbios_config.o (.text.ti_sysbios_family_arm_cc26xx_Timer_dynamicStub)
                  00008004    0000001c     ti_sysbios_config.o (.text.ti_sysbios_family_arm_m3_Hwi_Params_init)
                  00008020    0000001c     ti_sysbios_config.o (.text.ti_sysbios_knl_Clock_enqueueI)
                  0000803c    0000001c     ti_sysbios_config.o (.text.ti_sysbios_knl_Clock_start)
                  00008058    0000001c     ti_sysbios_config.o (.text.ti_sysbios_knl_Queue_remove)
                  00008074    0000001c     ti_sysbios_config.o (.text.ti_sysbios_knl_Swi_Params_init)
                  00008090    0000001c     ti_sysbios_config.o (.text.ti_sysbios_knl_Swi_disable)
                  000080ac    0000001c     ti_sysbios_config.o (.text.ti_sysbios_knl_Task_disable)
                  000080c8    0000001a     ti_sysbios_config.o (.text.BIOS_exitFunc)
                  000080e2    0000001a     ti_sysbios_config.o (.text.BIOS_getCpuFreq)
                  000080fc    0000001a     RFQueue.o (.text.RFQueue_nextEntry)
                  00008116    0000001a     ti_sysbios_config.o (.text.ti_sysbios_knl_Semaphore_Instance_finalize)
                  00008130    00000018     ti_sysbios_config.o (.text.BIOS_exit)
                  00008148    00000018     drivers_cc13x2.a : GPIOCC26XX.c.obj (.text.GPIO_disableInt)
                  00008160    00000018                      : PowerCC26X2.c.obj (.text.PowerCC26XX_calibrate)
                  00008178    00000018                      : PowerCC26X2.c.obj (.text.Power_idleFunc)
                  00008190    00000018     rf_multiMode_cc13x2.a : RFCC26X2_multiMode.c.cc13x2.ticlang.o (.text.RF_restartClockTimeout)
                  000081a8    00000018     ti_sysbios_config.o (.text.ti_sysbios_family_arm_cc26xx_Timer_getCount64)
                  000081c0    00000018     ti_sysbios_config.o (.text.ti_sysbios_family_arm_m3_Hwi_setFunc)
                  000081d8    00000018     ti_sysbios_config.o (.text.ti_sysbios_knl_ClockSupport_setNextTick)
                  000081f0    00000018     sysbios.a : TaskSupport_asm_gcc.s.obj (.text.ti_sysbios_knl_TaskSupport_glue)
                  00008208    00000018     drivers_cc13x2.a : UART2CC26X2.c.obj (.text.uartDmaDisable)
                  00008220    00000018                      : UART2CC26X2.c.obj (.text.uartDmaEnable)
                  00008238    00000016     ti_sysbios_config.o (.text.ClockP_Params_init)
                  0000824e    00000016     drivers_cc13x2.a : List.c.obj (.text.List_clearList)
                  00008264    00000016     ti_sysbios_config.o (.text.ti_sysbios_family_arm_m3_Hwi_enable)
                  0000827a    00000016     ti_sysbios_config.o (.text.ti_sysbios_knl_Intrinsics_maxbit)
                  00008290    00000016     ti_sysbios_config.o (.text.ti_sysbios_knl_Queue_construct)
                  000082a6    00000016     ti_sysbios_config.o (.text.ti_sysbios_knl_Queue_empty)
                  000082bc    00000016     ti_sysbios_config.o (.text.ti_sysbios_runtime_System_exit)
                  000082d2    00000014     ti_drivers_config.o (.text.Board_init)
                  000082e6    00000014     ti_sysbios_config.o (.text.ClockP_setTimeout)
                  000082fa    00000002     --HOLE-- [fill = 0]
                  000082fc    00000014     drivers_cc13x2.a : GPIOCC26XX.c.obj (.text.GPIO_toggle)
                  00008310    00000014     rf_multiMode_cc13x2.a : RFCC26X2_multiMode.c.cc13x2.ticlang.o (.text.RF_dbellSyncOnAck)
                  00008324    00000014     ti_sysbios_config.o (.text.SwiP_or)
                  00008338    00000014     drivers_cc13x2.a : UART2CC26X2.c.obj (.text.UART2CC26X2_postNotifyFxn)
                  0000834c    00000014     libclang_rt.builtins.a : aeabi_uldivmod.S.obj (.text.__aeabi_uldivmod)
                  00008360    00000014     libc.a : args_main.c.obj (.text._args_main)
                  00008374    00000014     ti_sysbios_config.o (.text.ti_sysbios_family_arm_cc26xx_TimestampProvider_init)
                  00008388    00000014     ti_sysbios_config.o (.text.ti_sysbios_family_arm_m3_Hwi_disable)
                  0000839c    00000014     ti_sysbios_config.o (.text.ti_sysbios_knl_Swi_Instance_finalize)
                  000083b0    00000012     ti_sysbios_config.o (.text.pthread_attr_setstacksize)
                  000083c2    00000012     ti_sysbios_config.o (.text.ti_sysbios_family_arm_m3_Hwi_doSwiRestore)
                  000083d4    00000012     ti_sysbios_config.o (.text.ti_sysbios_family_arm_m3_Hwi_doTaskRestore)
                  000083e6    00000012     ti_sysbios_config.o (.text.ti_sysbios_heaps_HeapMem_Params_init)
                  000083f8    00000012     ti_sysbios_config.o (.text.ti_sysbios_heaps_HeapMem_init)
                  0000840a    00000012     ti_sysbios_config.o (.text.ti_sysbios_knl_Clock_Params_init)
                  0000841c    00000012     ti_sysbios_config.o (.text.ti_sysbios_knl_Clock_tick)
                  0000842e    00000012     ti_sysbios_config.o (.text.ti_sysbios_knl_Queue_Instance_init)
                  00008440    00000012     ti_sysbios_config.o (.text.ti_sysbios_knl_Semaphore_Params_init)
                  00008452    00000012     libc.a : memcpy_t2.S.obj (.text:TI_memcpy_small)
                  00008464    00000010     ti_sysbios_config.o (.text.BIOS_start)
                  00008474    00000010     ti_sysbios_config.o (.text.ClockP_getCpuFreq)
                  00008484    00000010     ti_sysbios_config.o (.text.ClockP_getTimeout)
                  00008494    00000010     ti_sysbios_config.o (.text.ClockP_isActive)
                  000084a4    00000010     ti_sysbios_config.o (.text.ClockP_start)
                  000084b4    00000010     ti_sysbios_config.o (.text.ClockP_stop)
                  000084c4    00000010     drivers_cc13x2.a : GPIOCC26XX.c.obj (.text.GPIO_write)
                  000084d4    00000010     ti_sysbios_config.o (.text.HwiP_disable)
                  000084e4    00000010     ti_sysbios_config.o (.text.HwiP_enableInterrupt)
                  000084f4    00000010     ti_sysbios_config.o (.text.HwiP_post)
                  00008504    00000010     ti_sysbios_config.o (.text.HwiP_restore)
                  00008514    00000010     rf_multiMode_cc13x2.a : rfc.c.cc13x2.ticlang.o (.text.NOROM_RFCCpeIntGetAndClear)
                  00008524    00000010                           : rfc.c.cc13x2.ticlang.o (.text.NOROM_RFCHwIntGetAndClear)
                  00008534    00000010     drivers_cc13x2.a : PowerCC26X2_helpers.c.obj (.text.PowerCC26X2_oscCtlClearXtal)
                  00008544    00000010                      : PowerCC26X2_helpers.c.obj (.text.PowerCC26X2_prcmEnableCacheRetention)
                  00008554    00000010                      : PowerCC26X2_calibrateRCOSC_helpers.c.obj (.text.PowerCC26X2_readCtrim)
                  00008564    00000010                      : PowerCC26X2_calibrateRCOSC_helpers.c.obj (.text.PowerCC26X2_readCtrimFract)
                  00008574    00000010                      : PowerCC26X2_calibrateRCOSC_helpers.c.obj (.text.PowerCC26X2_readRtrim)
                  00008584    00000010                      : PowerCC26X2_helpers.c.obj (.text.PowerCC26X2_switchToTCXO)
                  00008594    00000010                      : RingBuf.c.obj (.text.RingBuf_construct)
                  000085a4    00000010     ti_sysbios_config.o (.text.SemaphoreP_post)
                  000085b4    00000010     ti_sysbios_config.o (.text.SwiP_getTrigger)
                  000085c4    00000010     ti_sysbios_config.o (.text.SysCtrlAonUpdate)
                  000085d4    00000010     drivers_cc13x2.a : UART2CC26X2.c.obj (.text.UART2Support_txDone)
                  000085e4    00000010     ti_sysbios_config.o (.text.pthread_self)
                  000085f4    00000010     ti_sysbios_config.o (.text.ti_sysbios_family_arm_cc26xx_Timer_setPeriod)
                  00008604    00000010     ti_sysbios_config.o (.text.ti_sysbios_knl_ClockSupport_getMaxTicks)
                  00008614    00000010     ti_sysbios_config.o (.text.ti_sysbios_knl_Clock_isActive)
                  00008624    00000010     ti_sysbios_config.o (.text.ti_sysbios_knl_Clock_removeI)
                  00008634    00000010     ti_sysbios_config.o (.text.ti_sysbios_knl_Clock_setTimeout)
                  00008644    00000010     ti_sysbios_config.o (.text.ti_sysbios_knl_Idle_loop)
                  00008654    00000010     ti_sysbios_config.o (.text.ti_sysbios_knl_Queue_destruct)
                  00008664    00000010     ti_sysbios_config.o (.text.ti_sysbios_knl_Queue_elemClear)
                  00008674    00000010     ti_sysbios_config.o (.text.ti_sysbios_knl_Swi_enabled)
                  00008684    00000010     ti_sysbios_config.o (.text.ti_sysbios_runtime_SystemSupport_exit)
                  00008694    00000010     libc.a : copy_zero_init.c.obj (.text:decompress:ZI)
                  000086a4    0000000e     ti_sysbios_config.o (.text.BIOS_linkedWithIncorrectBootLibrary)
                  000086b2    0000000e     ti_sysbios_config.o (.text.IntMasterDisable)
                  000086c0    0000000e     ti_sysbios_config.o (.text.IntMasterEnable)
                  000086ce    0000000e     drivers_cc13x2.a : PowerCC26X2.c.obj (.text.OUTLINED_FUNCTION_0)
                  000086dc    0000000e     rf_multiMode_cc13x2.a : RFCC26X2_multiMode.c.cc13x2.ticlang.o (.text.OUTLINED_FUNCTION_0)
                  000086ea    0000000e                           : RFCC26X2_multiMode.c.cc13x2.ticlang.o (.text.OUTLINED_FUNCTION_4)
                  000086f8    0000000e     drivers_cc13x2.a : UART2.c.obj (.text.UART2_write)
                  00008706    0000000e                      : PowerCC26X2.c.obj (.text.switchToTCXO)
                  00008714    0000000e     ti_sysbios_config.o (.text.ti_sysbios_family_arm_m3_Hwi_restore)
                  00008722    0000000e     ti_sysbios_config.o (.text.ti_sysbios_heaps_HeapMem_isBlocking)
                  00008730    0000000e     ti_sysbios_config.o (.text.ti_sysbios_knl_Clock_stop)
                  0000873e    0000000e     libc.a : memset_t2.S.obj (.text:TI_memset_small)
                  0000874c    0000000e            : copy_decompress_none.c.obj (.text:decompress:none)
                  0000875a    0000000c     ti_sysbios_config.o (.text.AONRTCCurrentCompareValueGet)
                  00008766    0000000c     ti_sysbios_config.o (.text.BIOS_getThreadType)
                  00008772    0000000c     ti_sysbios_config.o (.text.ClockP_getSystemTickPeriod)
                  0000877e    0000000c     rf_multiMode_cc13x2.a : RFCC26X2_multiMode.c.cc13x2.ticlang.o (.text.OUTLINED_FUNCTION_2)
                  0000878a    00000002     --HOLE-- [fill = 0]
                  0000878c    0000000c     drivers_cc13x2.a : PowerCC26X2_helpers.c.obj (.text.PowerCC26X2_oscClockSourceGet)
                  00008798    0000000c                      : PowerCC26X2_helpers.c.obj (.text.PowerCC26X2_setPeriphDeepSleepEnable)
                  000087a4    0000000c                      : PowerCC26X2_helpers.c.obj (.text.PowerCC26X2_sysCtrlGetResetSource)
                  000087b0    0000000c                      : PowerCC26X2_helpers.c.obj (.text.PowerCC26X2_sysCtrlUpdateVoltageRegulator)
                  000087bc    0000000c                      : PowerCC26X2.c.obj (.text.Power_getConstraintMask)
                  000087c8    0000000c     RFQueue.o (.text.RFQueue_getDataEntry)
                  000087d4    0000000c     rf_multiMode_cc13x2.a : RFCC26X2_multiMode.c.cc13x2.ticlang.o (.text.RF_Params_init)
                  000087e0    0000000c     drivers_cc13x2.a : UART2CC26X2.c.obj (.text.UART2Support_disableTx)
                  000087ec    0000000c                      : UART2CC26X2.c.obj (.text.UART2Support_enableTx)
                  000087f8    0000000c                      : UART2.c.obj (.text.UART2_Params_init)
                  00008804    0000000c     libc.a : _lock.c.obj (.text._register_lock)
                  00008810    0000000c            : _lock.c.obj (.text._register_unlock)
                  0000881c    0000000c     ti_sysbios_config.o (.text.ti_sysbios_knl_Queue_head)
                  00008828    0000000c     ti_sysbios_config.o (.text.ti_sysbios_knl_Queue_next)
                  00008834    0000000c     ti_sysbios_config.o (.text.ti_sysbios_knl_Queue_prev)
                  00008840    0000000c     ti_sysbios_config.o (.text.ti_sysbios_knl_Swi_getTrigger)
                  0000884c    0000000c     ti_sysbios_config.o (.text.ti_sysbios_knl_Swi_postInit)
                  00008858    0000000c     ti_sysbios_config.o (.text.ti_sysbios_knl_Swi_self)
                  00008864    0000000c     ti_sysbios_config.o (.text.ti_sysbios_knl_Task_getArg1)
                  00008870    0000000c     ti_sysbios_config.o (.text.ti_sysbios_knl_Task_getEnv)
                  0000887c    0000000c     ti_sysbios_config.o (.text.ti_sysbios_knl_Task_self)
                  00008888    0000000a     rf_multiMode_cc13x2.a : RFCC26X2_multiMode.c.cc13x2.ticlang.o (.text.OUTLINED_FUNCTION_6)
                  00008892    0000000a     drivers_cc13x2.a : PowerCC26X2_helpers.c.obj (.text.PowerCC26X2_sysCtrlStandby)
                  0000889c    0000000a                      : UDMACC26XX.c.obj (.text.UDMACC26XX_hwiIntFxn)
                  000088a6    0000000a     ti_sysbios_config.o (.text.ti_sysbios_gates_GateMutex_handle)
                  000088b0    0000000a     ti_sysbios_config.o (.text.ti_sysbios_knl_Clock_handle)
                  000088ba    0000000a     ti_sysbios_config.o (.text.ti_sysbios_knl_Queue_handle)
                  000088c4    0000000a     ti_sysbios_config.o (.text.ti_sysbios_knl_Queue_struct)
                  000088ce    0000000a     ti_sysbios_config.o (.text.ti_sysbios_knl_Semaphore_handle)
                  000088d8    0000000a     ti_sysbios_config.o (.text.ti_sysbios_knl_Swi_startup)
                  000088e2    0000000a     ti_sysbios_config.o (.text.ti_sysbios_runtime_Error_check)
                  000088ec    0000000a     ti_sysbios_config.o (.text.ti_sysbios_runtime_Types_uargToPtr)
                  000088f6    0000000a     ti_sysbios_config.o (.text.xdc_uargToPtr)
                  00008900    00000008     ti_sysbios_config.o (.text.Boot_trimDevice)
                  00008908    00000008     driverlib.lib : cpu.c.obj (.text.NOROM_CPUcpsid)
                  00008910    00000008                   : cpu.c.obj (.text.NOROM_CPUcpsie)
                  00008918    00000008     rf_multiMode_cc13x2.a : RFCC26X2_multiMode.c.cc13x2.ticlang.o (.text.OUTLINED_FUNCTION_3)
                  00008920    00000008     drivers_cc13x2.a : PowerCC26X2_helpers.c.obj (.text.PowerCC26X2_oschfTrySwitchToXosc)
                  00008928    00000008     ti_sysbios_config.o (.text.ResetISR)
                  00008930    00000008     libclang_rt.builtins.a : aeabi_memset.S.obj (.text.__aeabi_memclr)
                  00008938    00000008     ti_sysbios_config.o (.text._system_post_cinit)
                  00008940    00000008     ti_sysbios_config.o (.text._system_pre_init)
                  00008948    00000008     ti_sysbios_config.o (.text.ti_sysbios_family_arm_m3_Hwi_startup)
                  00008950    00000008     ti_sysbios_config.o (.text.ti_sysbios_runtime_Startup_reset)
                  00008958    00000008     ti_sysbios_config.o (.text.ti_sysbios_runtime_SysCallback_defaultExit)
                  00008960    00000008     ti_sysbios_config.o (.text.ti_sysbios_runtime_SystemSupport_init)
                  00008968    00000008     ti_sysbios_config.o (.text.ti_sysbios_runtime_System_exitSpin)
                  00008970    00000006     drivers_cc13x2.a : GPIOCC26XX.c.obj (.text.GPIO_setConfig)
                  00008976    00000006     driverlib.lib : cpu.c.obj (.text.NOROM_CPUdelay)
                  0000897c    00000006     drivers_cc13x2.a : UART2.c.obj (.text.OUTLINED_FUNCTION_0)
                  00008982    00000006     rf_multiMode_cc13x2.a : RFCC26X2_multiMode.c.cc13x2.ticlang.o (.text.OUTLINED_FUNCTION_5)
                  00008988    00000006                           : RFCC26X2_multiMode.c.cc13x2.ticlang.o (.text.RF_clkReqAccess)
                  0000898e    00000004                           : rfc.c.cc13x2.ticlang.o (.text.NOROM_RFCOverrideUpdate)
                  00008992    00000004     ti_sysbios_config.o (.text.PRCMSleep)
                  00008996    00000004     drivers_cc13x2.a : PowerCC26X2_helpers.c.obj (.text.PowerCC26X2_oschfSwitchToRcosc)
                  0000899a    00000004                      : PowerCC26X2_helpers.c.obj (.text.PowerCC26X2_sysCtrlIdle)
                  0000899e    00000004                      : PowerCC26X2_helpers.c.obj (.text.PowerCC26X2_turnOnXosc)
                  000089a2    00000004     rf_multiMode_cc13x2.a : RFCC26X2_multiMode.c.cc13x2.ticlang.o (.text.RF_defaultExecutionPolicy)
                  000089a6    00000004     drivers_cc13x2.a : RingBuf.c.obj (.text.RingBuf_getCount)
                  000089aa    00000002     --HOLE-- [fill = 0]
                  000089ac    00000004     libclang_rt.builtins.a : aeabi_memcpy.S.obj (.text.__aeabi_memcpy)
                  000089b0    00000004     drivers_cc13x2.a : PowerCC26X2.c.obj (.text.configureRFCoreClocks)
                  000089b4    00000004                      : PowerCC26X2.c.obj (.text.nopResourceHandler)
                  000089b8    00000004     ti_sysbios_config.o (.text.ti_sysbios_gates_GateMutex_canBlock)
                  000089bc    00000004     ti_sysbios_config.o (.text.ti_sysbios_knl_TaskSupport_getStackAlignment)
                  000089c0    00000004     ti_sysbios_config.o (.text.ti_sysbios_runtime_Memory_getMaxDefaultTypeAlign)

.rodata    0    000089c4    0000085a     
                  000089c4    000002e0     rf_multiMode_cc13x2.a : rf_patch_cpe_prop.c.cc13x2.ticlang.o (.rodata.patchImageProp)
                  00008ca4    00000094     ti_sysbios_config.o (.rodata.ti_sysbios_family_arm_m3_Hwi_excHandlerMin.err)
                  00008d38    0000008d     ti_sysbios_config.o (.rodata.ti_sysbios_heaps_HeapMem_alloc.err)
                  00008dc5    00000089     ti_sysbios_config.o (.rodata.ti_sysbios_family_arm_m3_Hwi_Instance_init.err.1)
                  00008e4e    00000089     ti_sysbios_config.o (.rodata.ti_sysbios_family_arm_m3_Hwi_excHandlerMin.err.2)
                  00008ed7    00000089     ti_sysbios_config.o (.rodata.ti_sysbios_runtime_Memory_alloc.err)
                  00008f60    00000086     ti_sysbios_config.o (.rodata.ti_sysbios_family_arm_m3_Hwi_Instance_init.err)
                  00008fe6    00000002     drivers_cc13x2.a : UART2CC26X2.c.obj (.rodata.stopBits)
                  00008fe8    00000058     ti_drivers_config.o (.rodata.uart2CC26X2HWAttrs)
                  00009040    00000054     drivers_cc13x2.a : PowerCC26X2.c.obj (.rodata.resourceDB)
                  00009094    00000024                      : UART2.c.obj (.rodata.UART2_defaultParams)
                  000090b8    00000024     ti_sysbios_config.o (.rodata.ti_sysbios_knl_Task_Params_default)
                  000090dc    00000020     rf_multiMode_cc13x2.a : RFCC26X2_multiMode.c.cc13x2.ticlang.o (.rodata.cst32)
                  000090fc    0000001d     ti_sysbios_config.o (.rodata.str1.114093530142707899381)
                  00009119    00000001     ti_drivers_config.o (.rodata.GPIO_pinLowerBound)
                  0000911a    00000001     ti_drivers_config.o (.rodata.GPIO_pinUpperBound)
                  0000911b    00000001     ti_drivers_config.o (.rodata.UART2_count)
                  0000911c    0000001c     ti_sysbios_config.o (.rodata.ti_sysbios_family_arm_cc26xx_Timer_Params_default)
                  00009138    00000018     ti_sysbios_config.o (.rodata.ti_sysbios_family_arm_m3_Hwi_Params_default)
                  00009150    00000014     ti_drivers_config.o (.rodata.PowerCC26X2_config)
                  00009164    00000014     ti_sysbios_config.o (.rodata.ti_sysbios_knl_Swi_Params_default)
                  00009178    00000010     ti_drivers_config.o (.rodata.GPIO_config)
                  00009188    0000000c     ti_drivers_config.o (.rodata.RFCC26XX_hwAttrs)
                  00009194    0000000c     ti_sysbios_config.o (.rodata.ti_sysbios_heaps_HeapMem_Params_default)
                  000091a0    0000000c     ti_sysbios_config.o (.rodata.ti_sysbios_knl_Clock_Params_default)
                  000091ac    0000000c     ti_sysbios_config.o (.rodata.ti_sysbios_knl_Semaphore_Params_default)
                  000091b8    00000008     rf_multiMode_cc13x2.a : RFCC26X2_multiMode.c.cc13x2.ticlang.o (.rodata..L__const.RF_hwiCpe0Active.activeCmd)
                  000091c0    00000008     ti_drivers_config.o (.rodata.UART2_config)
                  000091c8    00000008     ti_drivers_config.o (.rodata.UDMACC26XX_config)
                  000091d0    00000008     driverlib.lib : aux_sysif.c.obj (.rodata.cst4)
                  000091d8    00000008     ti_sysbios_config.o (.rodata.ti_sysbios_knl_Idle_funcList)
                  000091e0    00000008     ti_drivers_config.o (.rodata.udmaCC26XXHWAttrs)
                  000091e8    00000005     drivers_cc13x2.a : UART2CC26X2.c.obj (.rodata.parityType)
                  000091ed    00000005                      : UART2CC26X2.c.obj (.rodata.rxFifoThreshold)
                  000091f2    00000005                      : UART2CC26X2.c.obj (.rodata.txFifoThreshold)
                  000091f7    00000001     ti_sysbios_config.o (.rodata.ti_sysbios_knl_Clock_tickMode)
                  000091f8    00000004     ti_sysbios_config.o (.rodata.TimestampP_nativeFormat32)
                  000091fc    00000004     ti_sysbios_config.o (.rodata.TimestampP_nativeFormat64)
                  00009200    00000004     drivers_cc13x2.a : UART2CC26X2.c.obj (.rodata.cst4)
                  00009204    00000004     ti_sysbios_config.o (.rodata.ti_sysbios_family_arm_m3_Hwi_swiTaskKeyAddress)
                  00009208    00000004     ti_sysbios_config.o (.rodata.ti_sysbios_gates_GateMutex_Params_default)
                  0000920c    00000004     ti_sysbios_config.o (.rodata.ti_sysbios_knl_Clock_tickPeriod)
                  00009210    00000004     ti_sysbios_config.o (.rodata.ti_sysbios_knl_Swi_numPriorities)
                  00009214    00000004     ti_sysbios_config.o (.rodata.ti_sysbios_knl_Task_defaultStackSize)
                  00009218    00000004     ti_sysbios_config.o (.rodata.ti_sysbios_knl_Task_numPriorities)
                  0000921c    00000001     ti_sysbios_config.o (.rodata.ti_sysbios_knl_Task_checkStackFlag)
                  0000921d    00000001     ti_sysbios_config.o (.rodata.ti_sysbios_knl_Task_initStackFlag)

__llvm_prf_cnts 
*          0    20000000    00000000     UNINITIALIZED

__llvm_prf_bits 
*          0    20000000    00000000     UNINITIALIZED

.TI.bound:dmaUart0RxControlTableEntry 
*          0    20001810    00000010     UNINITIALIZED
                  20001810    00000010     ti_drivers_config.o (.TI.bound:dmaUart0RxControlTableEntry)

.TI.bound:dmaUart0TxControlTableEntry 
*          0    20001820    00000010     UNINITIALIZED
                  20001820    00000010     ti_drivers_config.o (.TI.bound:dmaUart0TxControlTableEntry)

.args      0    00009220    00000008     
                  00009220    00000008     --HOLE-- [fill = 0]

MODULE SUMMARY

       Module                                     code    ro data   rw data
       ------                                     ----    -------   -------
    .\
       rfPacketRx.o                               466     0         3875   
       RFQueue.o                                  268     0         4      
       main_tirtos.o                              128     0         0      
    +--+------------------------------------------+-------+---------+---------+
       Total:                                     862     0         3879   
                                                                           
    .\syscfg\
       ti_sysbios_config.o                        16144   1110      1822   
       ti_drivers_config.o                        356     163       4900   
       ti_radio_config.o                          0       0         192    
       ti_devices_config.o                        0       88        0      
    +--+------------------------------------------+-------+---------+---------+
       Total:                                     16500   1361      6914   
                                                                           
    C:/ti/simplelink_cc13xx_cc26xx_sdk_8_32_00_07/kernel/tirtos7/packages/ti/sysbios/lib/ticlang/m4f/sysbios.a
       Hwi_asm_gcc.s.obj                          324     0         0      
       Hwi_asm_switch_gcc.s.obj                   118     0         0      
       TaskSupport_asm_gcc.s.obj                  64      0         0      
       boot_cortex_m.c.obj                        52      0         0      
    +--+------------------------------------------+-------+---------+---------+
       Total:                                     558     0         0      
                                                                           
    C:/ti/simplelink_cc13xx_cc26xx_sdk_8_32_00_07/source/ti/devices/cc13x2_cc26x2/driverlib/bin/ticlang/driverlib.lib
       osc.c.obj                                  452     0         32     
       sys_ctrl.c.obj                             400     0         0      
       setup.c.obj                                384     0         0      
       chipinfo.c.obj                             236     0         0      
       prcm.c.obj                                 136     0         0      
       aux_sysif.c.obj                            56      8         0      
       cpu.c.obj                                  22      0         0      
    +--+------------------------------------------+-------+---------+---------+
       Total:                                     1686    8         32     
                                                                           
    C:/ti/simplelink_cc13xx_cc26xx_sdk_8_32_00_07/source/ti/drivers/lib/ticlang/m4f/drivers_cc13x2.a
       PowerCC26X2.c.obj                          1786    84        376    
       UART2CC26X2.c.obj                          2102    21        0      
       PowerCC26X2_calibrateRCOSC.c.obj           836     0         0      
       PowerCC26X2_calibrateRCOSC_helpers.c.obj   432     0         0      
       UART2.c.obj                                396     36        0      
       GPIOCC26X2.c.obj                           324     0         29     
       PowerCC26X2_helpers.c.obj                  334     0         0      
       RingBuf.c.obj                              272     0         0      
       GPIOCC26XX.c.obj                           242     0         0      
       List.c.obj                                 206     0         0      
       UDMACC26XX.c.obj                           110     0         0      
       GPIO.c.obj                                 60      0         0      
    +--+------------------------------------------+-------+---------+---------+
       Total:                                     7100    141       405    
                                                                           
    C:/ti/simplelink_cc13xx_cc26xx_sdk_8_32_00_07/source/ti/drivers/rf/lib/ticlang/m4f/rf_multiMode_cc13x2.a
       RFCC26X2_multiMode.c.cc13x2.ticlang.o      7622    40        1316   
       rf_patch_cpe_prop.c.cc13x2.ticlang.o       104     736       1      
       rfc.c.cc13x2.ticlang.o                     268     0         0      
    +--+------------------------------------------+-------+---------+---------+
       Total:                                     7994    776       1317   
                                                                           
    C:\ti\ti_cgt_arm_llvm_3.2.2.LTS\lib\armv7em-ti-none-eabihf/c/libc.a
       copy_decompress_lzss.c.obj                 112     0         0      
       autoinit.c.obj                             56      0         0      
       _lock.c.obj                                26      0         8      
       args_main.c.obj                            20      0         0      
       memcpy_t2.S.obj                            18      0         0      
       copy_zero_init.c.obj                       16      0         0      
       copy_decompress_none.c.obj                 14      0         0      
       memset_t2.S.obj                            14      0         0      
    +--+------------------------------------------+-------+---------+---------+
       Total:                                     276     0         8      
                                                                           
    C:\ti\ti_cgt_arm_llvm_3.2.2.LTS\lib\clang/15.0.7/lib/armv7em-ti-none-eabihf/libclang_rt.builtins.a
       udivmoddi4.S.obj                           176     0         0      
       aeabi_uldivmod.S.obj                       20      0         0      
       aeabi_memset.S.obj                         8       0         0      
       aeabi_memcpy.S.obj                         4       0         0      
       aeabi_div0.c.obj                           2       0         0      
    +--+------------------------------------------+-------+---------+---------+
       Total:                                     210     0         0      
                                                                           
       Stack:                                     0       0         1536   
       Linker Generated:                          0       390       0      
    +--+------------------------------------------+-------+---------+---------+
       Grand Total:                               35186   2676      14091  


LINKER GENERATED COPY TABLES

__TI_cinit_table @ 00009390 records: 4, size/record: 8, table size: 32
	.data: load addr=00009228, load size=00000142 bytes, run addr=20000000, run size=000005a4 bytes, compression=lzss
	.TI.bound:dmaUart0RxControlTableEntry: load addr=00009378, load size=00000008 bytes, run addr=20001810, run size=00000010 bytes, compression=zero_init
	.TI.bound:dmaUart0TxControlTableEntry: load addr=00009380, load size=00000008 bytes, run addr=20001820, run size=00000010 bytes, compression=zero_init
	.bss: load addr=00009388, load size=00000008 bytes, run addr=20005830, run size=00002a70 bytes, compression=zero_init


LINKER GENERATED HANDLER TABLE

__TI_handler_table @ 0000936c records: 3, size/record: 4, table size: 12
	index: 0, handler: __TI_decompress_lzss
	index: 1, handler: __TI_decompress_none
	index: 2, handler: __TI_zero_init


SEGMENT ATTRIBUTES

    id tag       seg value 
    -- ---       --- ----- 
     0 PHA_BOUND 5   (null)


GLOBAL SYMBOLS: SORTED ALPHABETICALLY BY Name 

address   name                                                               
-------   ----                                                               
20000464  BIOS_Module_state                                                  
00006ae9  BIOS_atExitFunc                                                    
00008131  BIOS_exit                                                          
000080c9  BIOS_exitFunc                                                      
000080e3  BIOS_getCpuFreq                                                    
00008767  BIOS_getThreadType                                                 
20008184  BIOS_heapMemObject                                                 
00005437  BIOS_init                                                          
000086a5  BIOS_linkedWithIncorrectBootLibrary                                
00000b5f  BIOS_nullFunc                                                      
000073f7  BIOS_registerRTSLock                                               
00007423  BIOS_removeRTSLock                                                 
200081b0  BIOS_rtsGate                                                       
000066c7  BIOS_rtsLock                                                       
00006ebd  BIOS_rtsUnlock                                                     
00007bd9  BIOS_setThreadType                                                 
00008465  BIOS_start                                                         
00006091  BIOS_startFunc                                                     
000082d3  Board_init                                                         
0000153f  Board_initHook                                                     
00004add  Board_sendExtFlashByte                                             
000054a5  Board_shutDownExtFlash                                             
00006c8d  Board_wakeUpExtFlash                                               
00008901  Boot_trimDevice                                                    
00008239  ClockP_Params_init                                                 
00005b69  ClockP_construct                                                   
00008475  ClockP_getCpuFreq                                                  
00008773  ClockP_getSystemTickPeriod                                         
00008485  ClockP_getTimeout                                                  
00008495  ClockP_isActive                                                    
000082e7  ClockP_setTimeout                                                  
000084a5  ClockP_start                                                       
000084b5  ClockP_stop                                                        
00009178  GPIO_config                                                        
00008149  GPIO_disableInt                                                    
0000670d  GPIO_hwiIntFxn                                                     
00002bf5  GPIO_init                                                          
00009119  GPIO_pinLowerBound                                                 
0000911a  GPIO_pinUpperBound                                                 
00006b25  GPIO_resetConfig                                                   
00008971  GPIO_setConfig                                                     
00003cc5  GPIO_setConfigAndMux                                               
000082fd  GPIO_toggle                                                        
000084c5  GPIO_write                                                         
00004000  HEAPSIZE                                                           
00007f25  HwiP_Params_init                                                   
00005cd5  HwiP_construct                                                     
000084d5  HwiP_disable                                                       
000084e5  HwiP_enableInterrupt                                               
[...]
00007c3f  ti_sysbios_gates_GateMutex_leave                                   
00007c61  ti_sysbios_heaps_HeapMem_restore                                   
00007c83  ti_sysbios_knl_Clock_getTicks                                      
00007ca5  ti_sysbios_knl_Clock_scheduleNextTick                              
00007cc7  ti_sysbios_knl_Queue_dequeue                                       
00007ce9  ti_sysbios_knl_Semaphore_destruct                                  
00007d0d  NOROM_RFCDoorbellSendTo                                            
00007d2d  NOROM_RFCOverrideSearch                                            
00007d4d  PowerCC26X2_disableTCXOQual                                        
00007d6d  PowerCC26X2_enableTCXOQual                                         
00007d8d  PowerCC26XX_schedulerDisable                                       
00007dad  PowerCC26XX_schedulerRestore                                       
00007e2d  ti_sysbios_family_arm_cc26xx_Timer_postInit                        
00007e4d  ti_sysbios_family_arm_m3_Hwi_excHandler                            
00007e6d  ti_sysbios_family_arm_m3_Hwi_post                                  
00007e8d  ti_sysbios_knl_ClockSupport_getCurrentTick                         
00007ead  SwiP_Params_init                                                   
00007ecb  ti_sysbios_family_arm_m3_Hwi_switchAndRunFunc                      
00007ee9  ti_sysbios_family_arm_m3_Hwi_switchFromBootStack                   
00007f07  ti_sysbios_knl_Task_unblock                                        
00007f25  HwiP_Params_init                                                   
00007f41  HwiP_interruptsEnabled                                             
00007f5d  Power_getTransitionLatency                                         
00007fb1  RF_powerConstraintSet                                              
00007fe9  ti_sysbios_family_arm_cc26xx_Timer_dynamicStub                     
00008005  ti_sysbios_family_arm_m3_Hwi_Params_init                           
00008021  ti_sysbios_knl_Clock_enqueueI                                      
0000803d  ti_sysbios_knl_Clock_start                                         
00008059  ti_sysbios_knl_Queue_remove                                        
00008075  ti_sysbios_knl_Swi_Params_init                                     
00008091  ti_sysbios_knl_Swi_disable                                         
000080ad  ti_sysbios_knl_Task_disable                                        
000080c9  BIOS_exitFunc                                                      
000080e3  BIOS_getCpuFreq                                                    
000080fd  RFQueue_nextEntry                                                  
00008117  ti_sysbios_knl_Semaphore_Instance_finalize                         
00008131  BIOS_exit                                                          
00008149  GPIO_disableInt                                                    
00008161  PowerCC26XX_calibrate                                              
00008179  Power_idleFunc                                                     
000081a9  ti_sysbios_family_arm_cc26xx_Timer_getCount64                      
000081c1  ti_sysbios_family_arm_m3_Hwi_setFunc                               
000081d9  ti_sysbios_knl_ClockSupport_setNextTick                            
000081f1  ti_sysbios_knl_TaskSupport_glue                                    
00008239  ClockP_Params_init                                                 
0000824f  List_clearList                                                     
00008291  ti_sysbios_knl_Queue_construct                                     
000082a7  ti_sysbios_knl_Queue_empty                                         
000082bd  ti_sysbios_runtime_System_exit                                     
000082d3  Board_init                                                         
000082e7  ClockP_setTimeout                                                  
000082fd  GPIO_toggle                                                        
00008325  SwiP_or                                                            
0000834d  __aeabi_uldivmod                                                   
00008361  _args_main                                                         
00008375  ti_sysbios_family_arm_cc26xx_TimestampProvider_init                
0000839d  ti_sysbios_knl_Swi_Instance_finalize                               
000083b1  pthread_attr_setstacksize                                          
000083c3  ti_sysbios_family_arm_m3_Hwi_doSwiRestore                          
000083d5  ti_sysbios_family_arm_m3_Hwi_doTaskRestore                         
000083e7  ti_sysbios_heaps_HeapMem_Params_init                               
000083f9  ti_sysbios_heaps_HeapMem_init                                      
0000840b  ti_sysbios_knl_Clock_Params_init                                   
0000841d  ti_sysbios_knl_Clock_tick                                          
0000842f  ti_sysbios_knl_Queue_Instance_init                                 
00008441  ti_sysbios_knl_Semaphore_Params_init                               
00008453  TI_memcpy_small                                                    
00008465  BIOS_start                                                         
00008475  ClockP_getCpuFreq                                                  
00008485  ClockP_getTimeout                                                  
00008495  ClockP_isActive                                                    
000084a5  ClockP_start                                                       
000084b5  ClockP_stop                                                        
000084c5  GPIO_write                                                         
000084d5  HwiP_disable                                                       
000084e5  HwiP_enableInterrupt                                               
000084f5  HwiP_post                                                          
00008505  HwiP_restore                                                       
00008515  NOROM_RFCCpeIntGetAndClear                                         
00008525  NOROM_RFCHwIntGetAndClear                                          
00008535  PowerCC26X2_oscCtlClearXtal                                        
00008545  PowerCC26X2_prcmEnableCacheRetention                               
00008555  PowerCC26X2_readCtrim                                              
00008565  PowerCC26X2_readCtrimFract                                         
00008575  PowerCC26X2_readRtrim                                              
00008585  PowerCC26X2_switchToTCXO                                           
00008595  RingBuf_construct                                                  
000085a5  SemaphoreP_post                                                    
000085b5  SwiP_getTrigger                                                    
000085d5  UART2Support_txDone                                                
000085e5  pthread_self                                                       
000085f5  ti_sysbios_family_arm_cc26xx_Timer_setPeriod                       
00008605  ti_sysbios_knl_ClockSupport_getMaxTicks                            
00008615  ti_sysbios_knl_Clock_isActive                                      
00008625  ti_sysbios_knl_Clock_removeI                                       
00008635  ti_sysbios_knl_Clock_setTimeout                                    
00008645  ti_sysbios_knl_Idle_loop                                           
00008655  ti_sysbios_knl_Queue_destruct                                      
00008665  ti_sysbios_knl_Queue_elemClear                                     
00008675  ti_sysbios_knl_Swi_enabled                                         
00008685  ti_sysbios_runtime_SystemSupport_exit                              
00008695  __TI_zero_init                                                     
000086a5  BIOS_linkedWithIncorrectBootLibrary                                
000086f9  UART2_write                                                        
00008723  ti_sysbios_heaps_HeapMem_isBlocking                                
00008731  ti_sysbios_knl_Clock_stop                                          
0000873f  TI_memset_small                                                    
0000874d  __TI_decompress_none                                               
00008767  BIOS_getThreadType                                                 
00008773  ClockP_getSystemTickPeriod                                         
0000878d  PowerCC26X2_oscClockSourceGet                                      
00008799  PowerCC26X2_setPeriphDeepSleepEnable                               
000087a5  PowerCC26X2_sysCtrlGetResetSource                                  
000087b1  PowerCC26X2_sysCtrlUpdateVoltageRegulator                          
000087bd  Power_getConstraintMask                                            
000087c9  RFQueue_getDataEntry                                               
000087d5  RF_Params_init                                                     
000087e1  UART2Support_disableTx                                             
000087ed  UART2Support_enableTx                                              
000087f9  UART2_Params_init                                                  
00008805  _register_lock                                                     
00008811  _register_unlock                                                   
0000881d  ti_sysbios_knl_Queue_head                                          
00008829  ti_sysbios_knl_Queue_next                                          
00008835  ti_sysbios_knl_Queue_prev                                          
00008841  ti_sysbios_knl_Swi_getTrigger                                      
0000884d  ti_sysbios_knl_Swi_postInit                                        
00008859  ti_sysbios_knl_Swi_self                                            
00008865  ti_sysbios_knl_Task_getArg1                                        
00008871  ti_sysbios_knl_Task_getEnv                                         
0000887d  ti_sysbios_knl_Task_self                                           
00008893  PowerCC26X2_sysCtrlStandby                                         
0000889d  UDMACC26XX_hwiIntFxn                                               
000088d9  ti_sysbios_knl_Swi_startup                                         
000088e3  ti_sysbios_runtime_Error_check                                     
00008901  Boot_trimDevice                                                    
00008909  NOROM_CPUcpsid                                                     
00008911  NOROM_CPUcpsie                                                     
00008921  PowerCC26X2_oschfTrySwitchToXosc                                   
00008929  ResetISR                                                           
00008931  __aeabi_memclr                                                     
00008931  __aeabi_memclr4                                                    
00008931  __aeabi_memclr8                                                    
00008939  _system_post_cinit                                                 
00008941  _system_pre_init                                                   
00008949  ti_sysbios_family_arm_m3_Hwi_startup                               
00008951  ti_sysbios_runtime_Startup_reset                                   
00008959  ti_sysbios_runtime_SysCallback_defaultExit                         
00008961  ti_sysbios_runtime_SystemSupport_init                              
00008969  ti_sysbios_runtime_System_exitSpin                                 
00008971  GPIO_setConfig                                                     
00008977  NOROM_CPUdelay                                                     
0000898f  NOROM_RFCOverrideUpdate                                            
00008997  PowerCC26X2_oschfSwitchToRcosc                                     
0000899b  PowerCC26X2_sysCtrlIdle                                            
0000899f  PowerCC26X2_turnOnXosc                                             
000089a3  RF_defaultExecutionPolicy                                          
000089a7  RingBuf_getCount                                                   
000089ad  __aeabi_memcpy                                                     
000089ad  __aeabi_memcpy4                                                    
000089ad  __aeabi_memcpy8                                                    
000089b9  ti_sysbios_gates_GateMutex_canBlock                                
000089bd  ti_sysbios_knl_TaskSupport_getStackAlignment                       
000089c1  ti_sysbios_runtime_Memory_getMaxDefaultTypeAlign                   
00009040  resourceDB                                                         
00009094  UART2_defaultParams                                                
00009119  GPIO_pinLowerBound                                                 
0000911a  GPIO_pinUpperBound                                                 
0000911b  UART2_count                                                        
00009150  PowerCC26X2_config                                                 
00009178  GPIO_config                                                        
00009188  RFCC26XX_hwAttrs                                                   
000091c0  UART2_config                                                       
000091c8  UDMACC26XX_config                                                  
000091d8  ti_sysbios_knl_Idle_funcList                                       
000091e0  udmaCC26XXHWAttrs                                                  
000091f7  ti_sysbios_knl_Clock_tickMode                                      
000091f8  TimestampP_nativeFormat32                                          
000091fc  TimestampP_nativeFormat64                                          
00009204  ti_sysbios_family_arm_m3_Hwi_swiTaskKeyAddress                     
0000920c  ti_sysbios_knl_Clock_tickPeriod                                    
00009210  ti_sysbios_knl_Swi_numPriorities                                   
00009214  ti_sysbios_knl_Task_defaultStackSize                               
00009218  ti_sysbios_knl_Task_numPriorities                                  
0000921c  ti_sysbios_knl_Task_checkStackFlag                                 
0000921d  ti_sysbios_knl_Task_initStackFlag                                  
00009220  __c_args__                                                         
0000936c  __TI_Handler_Table_Base                                            
00009378  __TI_Handler_Table_Limit                                           
00009390  __TI_CINIT_Base                                                    
000093b0  __TI_CINIT_Limit                                                   
000093b0  __TI_CINIT_Warm                                                    
00057fa8  __ccfg                                                             
20000000  PowerCC26X2_module                                                 
20000000  __start___llvm_prf_bits                                            
20000000  __start___llvm_prf_cnts                                            
20000000  __stop___llvm_prf_bits                                             
20000000  __stop___llvm_prf_cnts                                             
20000174  gpioPinConfigs                                                     
20000258  ti_sysbios_knl_Clock_Module_state                                  
2000037c  pOverrides_2gfsk500kbps154g_0                                      
200003bc  ti_sysbios_family_arm_m3_Hwi_Module_state                          
200003f8  ti_sysbios_knl_Task_Module_state                                   
20000434  RF_cmdPropRxAdv_2gfsk500kbps154g_0                                 
20000464  BIOS_Module_state                                                  
20000490  RF_cmdPropRadioDivSetup_2gfsk500kbps154g_0                         
200004b8  ti_sysbios_knl_Swi_Module_state                                    
200004e0  RF_cmdFs_2gfsk500kbps154g_0                                        
2000051c  RF_prop_2gfsk500kbps154g_0                                         
2000052c  _hposcCoeffs                                                       
2000053c  ti_sysbios_family_arm_cc26xx_Timer_Module_state                    
20000548  ti_sysbios_runtime_Error_ignore                                    
20000554  ti_sysbios_runtime_System_Module_state                             
20000568  RFCC26XX_schedulerPolicy                                           
20000570  ti_sysbios_gates_GateMutex_Module_state                            
20000578  ti_sysbios_heaps_HeapMem_Module_state                              
20000580  ti_sysbios_knl_Semaphore_Module_state                              
20000590  _lock                                                              
20000594  _unlock                                                            
2000059c  ti_sysbios_runtime_Memory_defaultHeapInstance                      
200005a2  ti_sysbios_knl_Idle_initDone                                       
200005a3  ti_sysbios_runtime_Startup_done                                    
20000600  ti_sysbios_family_arm_m3_Hwi_ramVectors                            
20001830  __primary_heap_start__                                             
20005830  __primary_heap_end__                                               
20007830  ti_sysbios_knl_Idle_taskStack                                      
20007a30  uart2CC26X2Objects                                                 
20007ca0  ti_sysbios_family_arm_m3_Hwi_dispatchTable                         
20007e44  gpioCallbackFunctions                                              
20007ec0  gpioUserArgs                                                       
20007fa8  ti_sysbios_knl_ClockSupport_timerStruct                            
20008008  ti_sysbios_knl_Idle_taskStruct                                     
20008124  ti_sysbios_knl_Swi_readyQs                                         
20008154  ti_sysbios_knl_Task_readyQs                                        
20008184  BIOS_heapMemObject                                                 
200081b0  BIOS_rtsGate                                                       
200081d8  ti_sysbios_heaps_HeapMem_gate                                      
20008200  ti_sysbios_runtime_System_atexitHandlers                           
20008220  udmaCC26XXObject                                                   
2000828c  PowerCC26XX_swiKey                                                 
20008290  PowerCC26XX_taskKey                                                
20008294  readEntry                                                          
20008298  ti_sysbios_family_arm_cc26xx_TimestampProvider_Module_state        
2000829c  ti_sysbios_knl_Task_defaultStackHeap                               
20013a00  __stack                                                            
20014000  __STACK_END                                                        
90000000  TimestampP_nativeFormat64_copy                                     
90000004  TimestampP_nativeFormat32_copy                                     
ffffffff  __TI_pprof_out_hndl                                                
ffffffff  __TI_prof_data_size                                                
ffffffff  __TI_prof_data_start                                               
ffffffff  __binit__                                                          
ffffffff  binit                                                              
UNDEFED   ITM_flush                                                          
UNDEFED   ITM_restore                                                        
UNDEFED   __mpu_init                                                         

[488 symbols]
