******************************************************************************
            TI ARM Clang Linker PC v3.2.2                      
******************************************************************************
>> Linked Fri May  8 12:03:27 2026

OUTPUT FILE NAME:   <rfPacketRx.out>
ENTRY POINT SYMBOL: "ResetISR"  address: 00008a71


MEMORY CONFIGURATION

         name            origin    length      used     unused   attr    fill
----------------------  --------  ---------  --------  --------  ----  --------
  FLASH                 00000000   00058000  0000953a  0004eac6  R  X
  GPRAM                 11000000   00002000  00000000  00002000  RW X
  SRAM                  20000000   00014000  00005d54  0000e2ac  RW X
  LOG_DATA              90000000   00040000  00000000  00040000  R   
  LOG_PTR               94000008   00040000  00000000  00040000  R   


SEGMENT ALLOCATION MAP

run origin  load origin   length   init length attrs members
----------  ----------- ---------- ----------- ----- -------
00000000    00000000    0000936e   0000936e    r-x
  00000000    00000000    0000003c   0000003c    r-- .resetVecs
  0000003c    0000003c    00008ad8   00008ad8    r-x .text
  00008b14    00008b14    0000085a   0000085a    r-- .rodata
00009370    00009370    00000008   00000008    rw-
  00009370    00009370    00000008   00000008    rw- .args
00009378    00009378    0000016c   0000016c    r--
  00009378    00009378    0000016c   0000016c    r-- .cinit
00057fa8    00057fa8    00000058   00000058    r--
  00057fa8    00057fa8    00000058   00000058    r-- .ccfg
20000000    20000000    0000165c   00000000    rw-
  20000000    20000000    000010d8   00000000    rw- .bss
  200010d8    200010d8    00000584   00000000    rw- .data
20001850    20001850    00000020   00000000    rw-
  20001850    20001850    00000010   00000000    rw- .TI.bound:dmaUart1RxControlTableEntry
  20001860    20001860    00000010   00000000    rw- .TI.bound:dmaUart1TxControlTableEntry
20001870    20001870    00004000   00000000    r--
  20001870    20001870    00004000   00000000    r-- .priheap
20013a00    20013a00    00000600   00000000    rw-
  20013a00    20013a00    00000600   00000000    rw- .stack


SECTION ALLOCATION MAP

 output                                  attributes/
section   page    origin      length       input sections
--------  ----  ----------  ----------   ----------------
.resetVecs 
*          0    00000000    0000003c     
                  00000000    0000003c     ti_sysbios_config.o (.resetVecs)

.binit     0    00000000    00000000     

.cinit     0    00009378    0000016c     
                  00009378    00000125     (.cinit..data.load) [load image, compression = lzss]
                  0000949d    00000003     --HOLE-- [fill = 0]
                  000094a0    0000000c     (__TI_handler_table)
                  000094ac    00000008     (.cinit..TI.bound:dmaUart1RxControlTableEntry.load) [load image, compression = zero_init]
                  000094b4    00000008     (.cinit..TI.bound:dmaUart1TxControlTableEntry.load) [load image, compression = zero_init]
                  000094bc    00000008     (.cinit..bss.load) [load image, compression = zero_init]
                  000094c4    00000020     (__TI_cinit_table)

.init_array 
*          0    00000000    00000000     UNINITIALIZED

.ccfg      0    00057fa8    00000058     
                  00057fa8    00000058     ti_devices_config.o (.ccfg)

.bss       0    20000000    000010d8     UNINITIALIZED
                  20000000    00000350     rfPacketRx.o (.bss.rxDataEntryBuffer)
                  20000350    000002c0     rf_multiMode_cc13x2.a : RFCC26X2_multiMode.c.cc13x2.ticlang.o (.bss.RF_cmdPool)
                  20000610    00000200     (.common:ti_sysbios_knl_Idle_taskStack)
                  20000810    00000170     (.common:uart2CC26X2Objects)
                  20000980    00000100     rfPacketRx.o (.bss.rfObject)
                  20000a80    000000d8     (.common:ti_sysbios_family_arm_m3_Hwi_dispatchTable)
                  20000b58    000000cb     rfPacketRx.o (.bss.mainThread.uartPacket)
                  20000c23    00000001     --HOLE--
                  20000c24    0000007c     (.common:gpioCallbackFunctions)
                  20000ca0    0000007c     (.common:gpioUserArgs)
                  20000d1c    00000004     rfPacketRx.o (.bss.currentDataEntry)
                  20000d20    00000068     rf_multiMode_cc13x2.a : RFCC26X2_multiMode.c.cc13x2.ticlang.o (.bss.RF_ratModule)
                  20000d88    00000060     (.common:ti_sysbios_knl_ClockSupport_timerStruct)
                  20000de8    00000058     (.common:ti_sysbios_knl_Idle_taskStruct)
                  20000e40    00000044                           : RFCC26X2_multiMode.c.cc13x2.ticlang.o (.bss.RF_clkInactivityObj)
                  20000e84    00000044                           : RFCC26X2_multiMode.c.cc13x2.ticlang.o (.bss.RF_clkPowerUpObj)
                  20000ec8    0000003c                           : RFCC26X2_multiMode.c.cc13x2.ticlang.o (.bss.RF_swiHwObj)
                  20000f04    00000030     (.common:ti_sysbios_knl_Swi_readyQs)
                  20000f34    00000030     (.common:ti_sysbios_knl_Task_readyQs)
                  20000f64    0000002c     (.common:BIOS_heapMemObject)
                  20000f90    00000028     (.common:BIOS_rtsGate)
                  20000fb8    00000028     (.common:ti_sysbios_heaps_HeapMem_gate)
                  20000fe0    00000020     ti_drivers_config.o (.bss.uart2RxRingBuffer0)
                  20001000    00000020     ti_drivers_config.o (.bss.uart2TxRingBuffer0)
                  20001020    00000020     (.common:ti_sysbios_runtime_System_atexitHandlers)
                  20001040    00000020     (.common:udmaCC26XXObject)
                  20001060    0000001c     drivers_cc13x2.a : GPIOCC26X2.c.obj (.bss.gpioHwi)
                  2000107c    0000001c     ti_sysbios_config.o (.bss.sem)
                  20001098    0000001c     (.common:rxSem)
                  200010b4    00000008     rfPacketRx.o (.bss.dataQueue)
                  200010bc    00000004     rfPacketRx.o (.bss.rfHandle)
                  200010c0    00000004     rfPacketRx.o (.bss.uart)
                  200010c4    00000004     (.common:PowerCC26XX_swiKey)
                  200010c8    00000004     (.common:PowerCC26XX_taskKey)
                  200010cc    00000004     (.common:readEntry)
                  200010d0    00000004     (.common:ti_sysbios_family_arm_cc26xx_TimestampProvider_Module_state)
                  200010d4    00000004     (.common:ti_sysbios_knl_Task_defaultStackHeap)

.data      0    200010d8    00000584     UNINITIALIZED
                  200010d8    00000174     drivers_cc13x2.a : PowerCC26X2.c.obj (.data.PowerCC26X2_module)
                  2000124c    0000007c     ti_drivers_config.o (.data.gpioPinConfigs)
                  200012c8    00000068     rf_multiMode_cc13x2.a : RFCC26X2_multiMode.c.cc13x2.ticlang.o (.data..L_MergedGlobals.1)
                  20001330    00000068     ti_sysbios_config.o (.data.ti_sysbios_knl_Clock_Module_state)
                  20001398    00000064     rf_multiMode_cc13x2.a : RFCC26X2_multiMode.c.cc13x2.ticlang.o (.data..L_MergedGlobals.3)
                  200013fc    00000058                           : RFCC26X2_multiMode.c.cc13x2.ticlang.o (.data..L_MergedGlobals.2)
                  20001454    0000003c     ti_sysbios_config.o (.data.ti_sysbios_family_arm_m3_Hwi_Module_state)
                  20001490    0000003c     ti_sysbios_config.o (.data.ti_sysbios_knl_Task_Module_state)
                  200014cc    0000002c     ti_sysbios_config.o (.data.BIOS_Module_state)
                  200014f8    00000028     ti_radio_config.o (.data.RF_cmdPropRadioDivSetup_custom868_0)
                  20001520    00000028     ti_radio_config.o (.data.pOverrides_custom868_0)
                  20001548    00000028     ti_sysbios_config.o (.data.ti_sysbios_knl_Swi_Module_state)
                  20001570    00000024     ti_radio_config.o (.data.RF_cmdPropRx_custom868_0)
                  20001594    00000018     ti_radio_config.o (.data.RF_cmdFs_custom868_0)
                  200015ac    00000014     ti_sysbios_config.o (.data.defaultPthreadAttrs)
                  200015c0    00000010     driverlib.lib : osc.c.obj (.data..L_MergedGlobals)
                  200015d0    00000010     ti_radio_config.o (.data.RF_prop_custom868_0)
                  200015e0    00000010     driverlib.lib : osc.c.obj (.data._hposcCoeffs)
                  200015f0    0000000c     ti_sysbios_config.o (.data.ti_sysbios_family_arm_cc26xx_Timer_Module_state)
                  200015fc    0000000c     ti_sysbios_config.o (.data.ti_sysbios_runtime_Error_ignore)
                  20001608    0000000c     ti_sysbios_config.o (.data.ti_sysbios_runtime_System_Module_state)
                  20001614    00000008     rf_multiMode_cc13x2.a : RFCC26X2_multiMode.c.cc13x2.ticlang.o (.data..L_MergedGlobals)
                  2000161c    00000008                           : RFCC26X2_multiMode.c.cc13x2.ticlang.o (.data.RFCC26XX_schedulerPolicy)
                  20001624    00000008     ti_sysbios_config.o (.data.ti_sysbios_gates_GateMutex_Module_state)
                  2000162c    00000008     ti_sysbios_config.o (.data.ti_sysbios_heaps_HeapMem_Module_state)
                  20001634    00000008     ti_sysbios_config.o (.data.ti_sysbios_knl_Semaphore_Module_state)
                  2000163c    00000004     drivers_cc13x2.a : PowerCC26X2.c.obj (.data.PowerCC26X2_rtcSubSecInc)
                  20001640    00000004     rf_multiMode_cc13x2.a : RFCC26X2_multiMode.c.cc13x2.ticlang.o (.data.RF_fsmActiveState.lfClockSourceLast)
                  20001644    00000004     libc.a : aeabi_portable.c.obj (.data.__aeabi_errno)
                  20001648    00000004            : _lock.c.obj (.data._lock)
                  2000164c    00000004            : _lock.c.obj (.data._unlock)
                  20001650    00000004     ti_sysbios_config.o (.data.terminatedList)
                  20001654    00000004     ti_sysbios_config.o (.data.ti_sysbios_runtime_Memory_defaultHeapInstance)
                  20001658    00000001     rf_multiMode_cc13x2.a : rf_patch_cpe_prop.c.cc13x2.ticlang.o (.data.bPropPatchEntered)
                  20001659    00000001     drivers_cc13x2.a : GPIOCC26X2.c.obj (.data.initCalled)
                  2000165a    00000001     ti_sysbios_config.o (.data.ti_sysbios_knl_Idle_initDone)
                  2000165b    00000001     ti_sysbios_config.o (.data.ti_sysbios_runtime_Startup_done)

.ramVecs   0    20001700    000000d8     NOLOAD SECTION
                  20001700    000000d8     ti_sysbios_config.o (.ramVecs)

.stack     0    20013a00    00000600     UNINITIALIZED
                  20013a00    00000004     sysbios.a : boot_cortex_m.c.obj (.stack)
                  20013a04    000005fc     --HOLE--

.priheap   0    20001870    00004000     UNINITIALIZED
                  20001870    00004000     --HOLE--

.log_data 
*          0    90000000    00000008     COPY SECTION
                  90000000    00000004     ti_sysbios_config.o (.log_data)
                  90000004    00000004     ti_sysbios_config.o (.log_data)

.log_ptr   0    94000008    00000000     COPY SECTION

.text      0    0000003c    00008ad8     
                  0000003c    00000490     rf_multiMode_cc13x2.a : RFCC26X2_multiMode.c.cc13x2.ticlang.o (.text.RF_fsmActiveState)
                  000004cc    000002a8                           : RFCC26X2_multiMode.c.cc13x2.ticlang.o (.text.RF_open)
                  00000774    000001fa     ti_sysbios_config.o (.text.ti_sysbios_family_arm_m3_Hwi_excFillContext)
                  0000096e    000001f0     drivers_cc13x2.a : UART2CC26X2.c.obj (.text.UART2CC26X2_hwiIntFxn)
                  00000b5e    00000002     ti_sysbios_config.o (.text.BIOS_nullFunc)
                  00000b60    000001dc     rf_multiMode_cc13x2.a : RFCC26X2_multiMode.c.cc13x2.ticlang.o (.text.RF_dispatchNextCmd)
                  00000d3c    000001be     rfPacketRx.o (.text.mainThread)
                  00000efa    000001aa     ti_sysbios_config.o (.text.ti_sysbios_knl_TaskSupport_buildTaskStack)
                  000010a4    00000198     ti_sysbios_config.o (.text.ti_sysbios_family_arm_cc26xx_Timer_construct)
                  0000123c    00000194     drivers_cc13x2.a : PowerCC26X2_calibrateRCOSC.c.obj (.text.PowerCC26X2_auxISR)
                  000013d0    0000018e     ti_sysbios_config.o (.text.ti_sysbios_knl_Task_Instance_init)
                  0000155e    00000002     ti_drivers_config.o (.text.Board_initHook)
                  00001560    0000018c     drivers_cc13x2.a : UART2CC26X2.c.obj (.text.UART2_open)
                  000016ec    0000016c                      : UART2.c.obj (.text.UART2_writeTimeoutBlocking)
                  00001858    00000158                      : PowerCC26X2.c.obj (.text.Power_sleep)
                  000019b0    0000014e     ti_sysbios_config.o (.text.pthread_create)
                  00001afe    00000002     rf_multiMode_cc13x2.a : rfc.c.cc13x2.ticlang.o (.text.NOROM_RFCCpePatchReset)
                  00001b00    0000014c                           : RFCC26X2_multiMode.c.cc13x2.ticlang.o (.text.RF_radioOpDoneCb)
                  00001c4c    0000013e     ti_sysbios_config.o (.text.PowerCC26XX_standbyPolicy)
                  00001d8a    0000013e     ti_sysbios_config.o (.text.ti_sysbios_heaps_HeapMem_allocUnprotected)
                  00001ec8    0000013c     ti_sysbios_config.o (.text.ti_sysbios_knl_Clock_workFuncDynamic)
                  00002004    00000138     rf_multiMode_cc13x2.a : RFCC26X2_multiMode.c.cc13x2.ticlang.o (.text.RF_abortCmd)
                  0000213c    00000134     ti_sysbios_config.o (.text.ti_sysbios_knl_Task_setPri)
                  00002270    00000124     rf_multiMode_cc13x2.a : RFCC26X2_multiMode.c.cc13x2.ticlang.o (.text.RF_fsmSetupState)
                  00002394    0000011c     sysbios.a : Hwi_asm_gcc.s.obj (.text.ti_sysbios_family_arm_m3_Hwi_dispatch)
                  000024b0    00000118     drivers_cc13x2.a : PowerCC26X2.c.obj (.text.Power_init)
                  000025c8    00000118     rf_multiMode_cc13x2.a : RFCC26X2_multiMode.c.cc13x2.ticlang.o (.text.RF_decodeOverridePointers)
                  000026e0    00000118     drivers_cc13x2.a : UART2.c.obj (.text.UART2_writeTimeoutNonblocking)
                  000027f8    0000010e     ti_sysbios_config.o (.text.ti_sysbios_knl_Semaphore_pend)
                  00002906    00000002     rf_multiMode_cc13x2.a : RFCC26X2_multiMode.c.cc13x2.ticlang.o (.text.RF_defaultCallback)
                  00002908    0000010c     drivers_cc13x2.a : PowerCC26X2_calibrateRCOSC.c.obj (.text.PowerCC26X2_calibrate)
                  00002a14    0000010a     ti_sysbios_config.o (.text.ti_sysbios_knl_Task_Instance_finalize)
                  00002b1e    00000002     drivers_cc13x2.a : UART2CC26X2.c.obj (.text.UART2CC26X2_eventCallback)
                  00002b20    00000108     rf_multiMode_cc13x2.a : RFCC26X2_multiMode.c.cc13x2.ticlang.o (.text.RF_fsmPowerUpState)
                  00002c28    00000104     drivers_cc13x2.a : UART2CC26X2.c.obj (.text.UART2CC26X2_initHw)
                  00002d2c    00000100                      : GPIOCC26X2.c.obj (.text.GPIO_init)
                  00002e2c    000000fe     ti_sysbios_config.o (.text.ti_sysbios_family_arm_m3_Hwi_Instance_init)
                  00002f2a    00000002     libclang_rt.builtins.a : aeabi_div0.c.obj (.text.__aeabi_ldiv0)
                  00002f2c    000000fc     rf_multiMode_cc13x2.a : RFCC26X2_multiMode.c.cc13x2.ticlang.o (.text.RF_hwiCpe0Active)
                  00003028    000000f0     drivers_cc13x2.a : UART2CC26X2.c.obj (.text.UART2Support_dmaStartRx)
                  00003118    000000ee     ti_sysbios_config.o (.text.ti_sysbios_knl_Clock_startI)
                  00003206    000000e6     RFQueue.o (.text.RFQueue_defineQueue)
                  000032ec    000000e4     ti_sysbios_config.o (.text.ti_sysbios_family_arm_m3_Hwi_initNVIC)
                  000033d0    000000e0     driverlib.lib : sys_ctrl.c.obj (.text.NOROM_SysCtrlStandby)
                  000034b0    000000da     ti_sysbios_config.o (.text.ti_sysbios_heaps_HeapMem_freeUnprotected)
                  0000358a    00000002     libc.a : _lock.c.obj (.text._nop)
                  0000358c    000000d0     driverlib.lib : setup.c.obj (.text.NOROM_SetupTrimDevice)
                  0000365c    000000d0     drivers_cc13x2.a : PowerCC26X2.c.obj (.text.configureXOSCHF)
                  0000372c    000000cc     rf_multiMode_cc13x2.a : RFCC26X2_multiMode.c.cc13x2.ticlang.o (.text.RF_postCmd)
                  000037f8    000000ca                           : RFCC26X2_multiMode.c.cc13x2.ticlang.o (.text.RF_updatePaConfiguration)
                  000038c2    000000ca     ti_sysbios_config.o (.text._pthread_removeThreadKeys)
                  0000398c    000000c0     drivers_cc13x2.a : UART2CC26X2.c.obj (.text.UART2Support_dmaStartTx)
                  00003a4c    000000c0     ti_sysbios_config.o (.text.ti_sysbios_knl_Clock_walkQueueDynamic)
                  00003b0c    000000c0     ti_sysbios_config.o (.text.ti_sysbios_knl_Swi_restoreHwi)
                  00003bcc    000000bc     rf_multiMode_cc13x2.a : RFCC26X2_multiMode.c.cc13x2.ticlang.o (.text.RF_swiHw)
                  00003c88    000000bc     ti_sysbios_config.o (.text.ti_sysbios_knl_Task_postInit)
                  00003d44    000000b8     ti_sysbios_config.o (.text.ti_sysbios_knl_Swi_Instance_init)
                  00003dfc    000000b0     drivers_cc13x2.a : GPIOCC26XX.c.obj (.text.GPIO_setConfigAndMux)
                  00003eac    000000b0                      : PowerCC26X2.c.obj (.text.Power_setDependency)
                  00003f5c    000000b0     driverlib.lib : setup.c.obj (.text.TrimAfterColdResetWakeupFromShutDown)
                  0000400c    000000b0     libclang_rt.builtins.a : udivmoddi4.S.obj (.text)
                  000040bc    000000ac     drivers_cc13x2.a : PowerCC26X2.c.obj (.text.Power_releaseDependency)
                  00004168    000000a4     rf_multiMode_cc13x2.a : RFCC26X2_multiMode.c.cc13x2.ticlang.o (.text.RF_initRadioSetup)
                  0000420c    000000a2     ti_sysbios_config.o (.text.ti_sysbios_knl_TaskSupport_start)
                  000042ae    00000002     drivers_cc13x2.a : PowerCC26X2.c.obj (.text.emptyClockFunc)
                  000042b0    000000a0     rf_multiMode_cc13x2.a : RFCC26X2_multiMode.c.cc13x2.ticlang.o (.text.RF_calculateDispatchTime)
                  00004350    0000009a     ti_sysbios_config.o (.text.ti_sysbios_knl_Task_schedule)
                  000043ea    00000098     rf_multiMode_cc13x2.a : RFCC26X2_multiMode.c.cc13x2.ticlang.o (.text.RF_defaultSubmitPolicy)
                  00004482    00000096                           : RFCC26X2_multiMode.c.cc13x2.ticlang.o (.text.RF_verifyGap)
                  00004518    00000094                           : RFCC26X2_multiMode.c.cc13x2.ticlang.o (.text.RF_ratRestartChannels)
                  000045ac    00000094     ti_sysbios_config.o (.text.ti_sysbios_heaps_HeapMem_Instance_init)
                  00004640    0000008e     ti_sysbios_config.o (.text.ti_sysbios_family_arm_m3_Hwi_excHandlerMin)
                  000046ce    0000008e     ti_sysbios_config.o (.text.ti_sysbios_knl_Swi_runLoop)
                  0000475c    0000008c     ti_sysbios_config.o (.text.ti_sysbios_family_arm_m3_Hwi_construct2)
                  000047e8    0000008a     ti_sysbios_config.o (.text.ti_sysbios_knl_Semaphore_post)
                  00004872    00000002     ti_sysbios_config.o (.text.ti_sysbios_family_arm_cc26xx_Timer_startup)
                  00004874    00000088     rf_multiMode_cc13x2.a : RFCC26X2_multiMode.c.cc13x2.ticlang.o (.text.RF_cmdDispatchTime)
                  000048fc    00000088                           : RFCC26X2_multiMode.c.cc13x2.ticlang.o (.text.RF_discardPendCmd)
                  00004984    00000088     ti_sysbios_config.o (.text.ti_sysbios_family_arm_m3_Hwi_postInit)
                  00004a0c    00000086     ti_sysbios_config.o (.text.ti_sysbios_runtime_Memory_alloc)
                  00004a92    00000082     ti_sysbios_config.o (.text.ti_sysbios_family_arm_m3_Hwi_getStackInfo)
                  00004b14    00000080     drivers_cc13x2.a : UART2CC26X2.c.obj (.text.UART2Support_dmaStopTx)
                  00004b94    00000080     main_tirtos.o (.text.main)
                  00004c14    0000007e     ti_drivers_config.o (.text.Board_sendExtFlashByte)
                  00004c92    0000007c     ti_sysbios_config.o (.text.SwiP_construct)
                  00004d0e    0000007c     ti_sysbios_config.o (.text.pthread_exit)
                  00004d8a    0000007c     ti_sysbios_config.o (.text.ti_sysbios_family_arm_cc26xx_Timer_periodicStub)
                  00004e06    0000007c     ti_sysbios_config.o (.text.ti_sysbios_knl_Swi_schedule)
                  00004e82    0000007a     ti_sysbios_config.o (.text.ti_sysbios_family_arm_m3_Hwi_dispatchC)
                  00004efc    0000007a     ti_sysbios_config.o (.text.ti_sysbios_knl_Idle_init)
                  00004f76    00000002     ti_sysbios_config.o (.text.ti_sysbios_knl_TaskSupport_init)
                  00004f78    00000078     driverlib.lib : chipinfo.c.obj (.text.NOROM_ChipInfo_GetChipType)
                  00004ff0    00000078                   : sys_ctrl.c.obj (.text.NOROM_SysCtrlSetRechargeBeforePowerDown)
                  00005068    00000078     rf_multiMode_cc13x2.a : RFCC26X2_multiMode.c.cc13x2.ticlang.o (.text.RF_ratFreeChannel)
                  000050e0    00000078     ti_sysbios_config.o (.text.ti_sysbios_family_arm_m3_Hwi_disableInterrupt)
                  00005158    00000078     ti_sysbios_config.o (.text.ti_sysbios_knl_Swi_run)
                  000051d0    00000078     ti_sysbios_config.o (.text.ti_sysbios_knl_Task_blockI)
                  00005248    00000078     ti_sysbios_config.o (.text.ti_sysbios_knl_Task_startup)
                  000052c0    00000074     drivers_cc13x2.a : PowerCC26X2_calibrateRCOSC_helpers.c.obj (.text.PowerCC26X2_updateSubSecInc)
                  00005334    00000074     rf_multiMode_cc13x2.a : RFCC26X2_multiMode.c.cc13x2.ticlang.o (.text.RF_hwiHw)
                  000053a8    00000074     ti_sysbios_config.o (.text.ti_sysbios_heaps_HeapMem_getStats)
                  0000541c    00000072     ti_sysbios_config.o (.text.ti_sysbios_family_arm_cc26xx_Timer_setThreshold)
                  0000548e    00000070     ti_sysbios_config.o (.text.ti_sysbios_family_arm_m3_Hwi_enableInterrupt)
                  000054fe    00000070     libc.a : copy_decompress_lzss.c.obj (.text:decompress:lzss)
                  0000556e    0000006e     ti_sysbios_config.o (.text.BIOS_init)
                  000055dc    0000006e     ti_drivers_config.o (.text.Board_shutDownExtFlash)
                  0000564a    0000006e     ti_sysbios_config.o (.text.ti_sysbios_knl_Clock_init)
                  000056b8    0000006c     rf_multiMode_cc13x2.a : RFCC26X2_multiMode.c.cc13x2.ticlang.o (.text.RF_issueRadioFreeCb)
                  00005724    0000006c     drivers_cc13x2.a : PowerCC26X2.c.obj (.text.oscillatorISR)
                  00005790    00000068     rf_multiMode_cc13x2.a : RFCC26X2_multiMode.c.cc13x2.ticlang.o (.text.RF_detachOverrides)
                  000057f8    00000068     drivers_cc13x2.a : UART2CC26X2.c.obj (.text.UART2Support_dmaStopRx)
                  00005860    00000066     ti_sysbios_config.o (.text.ti_sysbios_family_arm_cc26xx_Timer_start)
                  000058c6    00000066     ti_sysbios_config.o (.text.ti_sysbios_family_arm_m3_Hwi_Instance_finalize)
                  0000592c    00000064     driverlib.lib : osc.c.obj (.text.NOROM_OSCHF_AttemptToSwitchToXosc)
                  00005990    00000064     drivers_cc13x2.a : PowerCC26X2_calibrateRCOSC.c.obj (.text.PowerCC26X2_initiateCalibration)
                  000059f4    00000064     rf_multiMode_cc13x2.a : RFCC26X2_multiMode.c.cc13x2.ticlang.o (.text.RF_attachOverrides)
                  00005a58    00000064                           : RFCC26X2_multiMode.c.cc13x2.ticlang.o (.text.RF_dispatchNextEvent)
                  00005abc    00000064                           : RFCC26X2_multiMode.c.cc13x2.ticlang.o (.text.RF_hwiCpe0PowerFsm)
                  00005b20    00000064     drivers_cc13x2.a : UDMACC26XX.c.obj (.text.UDMACC26XX_open)
                  00005b84    00000060     ti_sysbios_config.o (.text.ti_sysbios_knl_ClockSupport_init)
                  00005be4    0000005e     rf_multiMode_cc13x2.a : rfc.c.cc13x2.ticlang.o (.text.NOROM_RFCAnaDivTxOverride)
                  00005c42    0000005e     ti_sysbios_config.o (.text.ti_sysbios_knl_Swi_post)
                  00005ca0    0000005c     ti_sysbios_config.o (.text.ClockP_construct)
                  00005cfc    0000005c     ti_sysbios_config.o (.text.ti_sysbios_heaps_HeapMem_alloc)
                  00005d58    0000005c     ti_sysbios_config.o (.text.ti_sysbios_knl_Task_init)
                  00005db4    00000058     ti_sysbios_config.o (.text.AONRTCEventClear)
                  00005e0c    00000058     ti_sysbios_config.o (.text.HwiP_construct)
                  00005e64    00000058     rf_multiMode_cc13x2.a : RFCC26X2_multiMode.c.cc13x2.ticlang.o (.text.RF_applyRfCorePatch)
                  00005ebc    00000058     ti_sysbios_config.o (.text.ti_sysbios_family_arm_m3_Hwi_construct)
                  00005f14    00000058     sysbios.a : Hwi_asm_switch_gcc.s.obj (.text.ti_sysbios_family_arm_m3_Hwi_initStacks)
                  00005f6c    00000058     ti_sysbios_config.o (.text.ti_sysbios_heaps_HeapMem_construct)
                  00005fc4    00000058     ti_sysbios_config.o (.text.ti_sysbios_knl_Swi_init)
                  0000601c    00000056     ti_sysbios_config.o (.text.AONRTCCompareValueSet)
                  00006072    00000056     ti_sysbios_config.o (.text.ti_sysbios_family_arm_cc26xx_Timer_getCurrentTick)
                  000060c8    00000056     ti_sysbios_config.o (.text.ti_sysbios_knl_Clock_Instance_init)
                  0000611e    00000056     ti_sysbios_config.o (.text.ti_sysbios_runtime_System_atexit)
                  00006174    00000054     ti_sysbios_config.o (.text.AONRTCChannelEnable)
                  000061c8    00000054     ti_sysbios_config.o (.text.BIOS_startFunc)
                  0000621c    00000054     rf_multiMode_cc13x2.a : RFCC26X2_multiMode.c.cc13x2.ticlang.o (.text.RF_getCurrentTime)
                  00006270    00000054     ti_sysbios_config.o (.text.pthread_setcancelstate)
                  000062c4    00000050     rf_multiMode_cc13x2.a : RFCC26X2_multiMode.c.cc13x2.ticlang.o (.text.RF_wakeupNotification)
                  00006314    00000050     ti_sysbios_config.o (.text.ti_sysbios_family_arm_cc26xx_Timer_setNextTick)
                  00006364    0000004e     ti_sysbios_config.o (.text.ti_sysbios_knl_Swi_restore)
                  000063b2    00000002     ti_sysbios_config.o (.text.ti_sysbios_runtime_SysCallback_defaultInit)
                  000063b4    0000004c     driverlib.lib : chipinfo.c.obj (.text.NOROM_ChipInfo_GetHwRevision)
                  00006400    0000004c     rf_multiMode_cc13x2.a : RFCC26X2_multiMode.c.cc13x2.ticlang.o (.text.RF_fsmXOSCState)
                  0000644c    0000004c     drivers_cc13x2.a : PowerCC26X2.c.obj (.text.switchXOSCHF)
                  00006498    0000004c     ti_sysbios_config.o (.text.ti_sysbios_knl_Clock_getTimeout)
                  000064e4    0000004c     ti_sysbios_config.o (.text.ti_sysbios_knl_Task_create)
                  00006530    0000004c     ti_sysbios_config.o (.text.ti_sysbios_runtime_System_processAtExit)
                  0000657c    0000004a     ti_sysbios_config.o (.text.ti_sysbios_knl_Task_construct)
                  000065c6    00000002     --HOLE-- [fill = 0]
                  000065c8    00000048     rf_multiMode_cc13x2.a : rfc.c.cc13x2.ticlang.o (.text.NOROM_RFCSynthPowerDown)
                  00006610    00000048     drivers_cc13x2.a : PowerCC26X2.c.obj (.text.PowerCC26XX_switchXOSC_HF)
                  00006658    00000048     ti_sysbios_config.o (.text.ti_sysbios_family_arm_m3_Hwi_init)
                  000066a0    00000046     drivers_cc13x2.a : RingBuf.c.obj (.text.RingBuf_put)
                  000066e6    00000046     ti_sysbios_config.o (.text.sem_init)
                  0000672c    00000046     ti_sysbios_config.o (.text.ti_sysbios_knl_Semaphore_Instance_init)
                  00006772    00000046     ti_sysbios_config.o (.text.ti_sysbios_knl_Swi_construct)
                  000067b8    00000046     ti_sysbios_config.o (.text.ti_sysbios_knl_Task_processVitalTaskFlag)
                  000067fe    00000046     ti_sysbios_config.o (.text.ti_sysbios_knl_Task_unblockI)
                  00006844    00000044     ti_sysbios_config.o (.text.BIOS_rtsLock)
                  00006888    00000044     drivers_cc13x2.a : GPIOCC26X2.c.obj (.text.GPIO_hwiIntFxn)
                  000068cc    00000044     driverlib.lib : prcm.c.obj (.text.NOROM_PRCMPowerDomainsAllOff)
                  00006910    00000044                   : prcm.c.obj (.text.NOROM_PRCMPowerDomainsAllOn)
                  00006954    00000044     rf_multiMode_cc13x2.a : RFCC26X2_multiMode.c.cc13x2.ticlang.o (.text.RF_cmdGet)
                  00006998    00000044                           : RFCC26X2_multiMode.c.cc13x2.ticlang.o (.text.RF_updatePowerupDuration)
                  000069dc    00000044     ti_sysbios_config.o (.text._pthread_cleanupFxn)
                  00006a20    00000044     ti_sysbios_config.o (.text.ti_sysbios_knl_Task_restore)
                  00006a64    00000044     ti_sysbios_config.o (.text.ti_sysbios_runtime_Error_raiseX)
                  00006aa8    00000040     drivers_cc13x2.a : PowerCC26X2_calibrateRCOSC.c.obj (.text.PowerCC26X2_RCOSC_clockFunc)
                  00006ae8    00000040                      : PowerCC26X2_calibrateRCOSC_helpers.c.obj (.text.PowerCC26X2_setAclkRefSrc)
                  00006b28    00000040     ti_sysbios_config.o (.text.ti_sysbios_gates_GateMutex_enter)
                  00006b68    00000040     ti_sysbios_config.o (.text.ti_sysbios_knl_Semaphore_pendTimeout)
                  00006ba8    00000040     ti_sysbios_config.o (.text.ti_sysbios_knl_Task_exit)
                  00006be8    0000003e     ti_sysbios_config.o (.text.pthread_attr_setschedparam)
                  00006c26    0000003e     ti_sysbios_config.o (.text.ti_sysbios_knl_Clock_getTicksUntilInterrupt)
                  00006c64    0000003c     ti_sysbios_config.o (.text.BIOS_atExitFunc)
                  00006ca0    0000003c     drivers_cc13x2.a : GPIO.c.obj (.text.GPIO_resetConfig)
                  00006cdc    0000003c     driverlib.lib : osc.c.obj (.text.NOROM_OSC_HPOSCRelativeFrequencyOffsetGet)
                  00006d18    0000003c     drivers_cc13x2.a : PowerCC26X2_calibrateRCOSC_helpers.c.obj (.text.PowerCC26X2_setTdcClkSrc24M)
                  00006d54    0000003c     rf_multiMode_cc13x2.a : rf_patch_cpe_prop.c.cc13x2.ticlang.o (.text.configurePropPatch)
                  00006d90    0000003c     ti_sysbios_config.o (.text.ti_sysbios_family_arm_m3_Hwi_setPriority)
                  00006dcc    0000003c     ti_sysbios_config.o (.text.ti_sysbios_knl_Task_restoreHwi)
                  00006e08    00000038     ti_drivers_config.o (.text.Board_wakeUpExtFlash)
                  00006e40    00000038     driverlib.lib : osc.c.obj (.text.InternCapArrayAdjustWithBaseline7001F)
                  00006e78    00000038                   : aux_sysif.c.obj (.text.NOROM_AUXSYSIFOpModeChange)
                  00006eb0    00000038                   : osc.c.obj (.text.NOROM_OSCHF_SwitchToRcOscTurnOffXosc)
                  00006ee8    00000038                   : sys_ctrl.c.obj (.text.NOROM_SysCtrlIdle)
                  00006f20    00000038                   : osc.c.obj (.text.OSCHfSourceSwitch)
                  00006f58    00000038     drivers_cc13x2.a : PowerCC26X2_helpers.c.obj (.text.PowerCC26X2_oscDisableQualifiers)
                  00006f90    00000038                      : RingBuf.c.obj (.text.RingBuf_putAdvance)
                  00006fc8    00000038     ti_sysbios_config.o (.text.ti_sysbios_runtime_Startup_exec)
                  00007000    00000038     libc.a : autoinit.c.obj (.text:__TI_auto_init_nobinit_nopinit)
                  00007038    00000036     ti_sysbios_config.o (.text.BIOS_rtsUnlock)
                  0000706e    00000036     ti_sysbios_config.o (.text.SemaphoreP_pend)
                  000070a4    00000036     ti_sysbios_config.o (.text.ti_sysbios_knl_Swi_construct2)
                  000070da    00000002     --HOLE-- [fill = 0]
                  000070dc    00000034     drivers_cc13x2.a : PowerCC26X2_helpers.c.obj (.text.PowerCC26X2_setSubSecIncToXoscLf)
                  00007110    00000034                      : PowerCC26X2.c.obj (.text.Power_releaseConstraint)
                  00007144    00000034     rf_multiMode_cc13x2.a : RFCC26X2_multiMode.c.cc13x2.ticlang.o (.text.RF_powerConstraintRelease)
                  00007178    00000034     drivers_cc13x2.a : UART2CC26X2.c.obj (.text.UART2Support_sendData)
                  000071ac    00000034     ti_sysbios_config.o (.text.ti_sysbios_family_arm_cc26xx_Timer_getMaxTicks)
                  000071e0    00000034     ti_sysbios_config.o (.text.ti_sysbios_knl_Queue_put)
                  00007214    00000034     sysbios.a : boot_cortex_m.c.obj (.text:_c_int00)
                  00007248    00000032     rfPacketRx.o (.text.callback)
                  0000727a    00000002     --HOLE-- [fill = 0]
                  0000727c    00000030     drivers_cc13x2.a : PowerCC26X2.c.obj (.text.Power_setConstraint)
                  000072ac    00000030     rf_multiMode_cc13x2.a : RFCC26X2_multiMode.c.cc13x2.ticlang.o (.text.RF_checkCmdFsError)
                  000072dc    00000030     driverlib.lib : osc.c.obj (.text.SpecialCapArrayWorkaroundEnabledAndNeeded)
                  0000730c    00000030     drivers_cc13x2.a : PowerCC26X2.c.obj (.text.notify)
                  0000733c    00000030     ti_sysbios_config.o (.text.ti_sysbios_family_arm_m3_Hwi_plug)
                  0000736c    00000030     ti_sysbios_config.o (.text.ti_sysbios_heaps_HeapMem_free)
                  0000739c    00000030     ti_sysbios_config.o (.text.ti_sysbios_knl_Clock_construct)
                  000073cc    00000030     ti_sysbios_config.o (.text.ti_sysbios_knl_Idle_run)
                  000073fc    0000002e     rf_multiMode_cc13x2.a : RFCC26X2_multiMode.c.cc13x2.ticlang.o (.text.RF_calculateDeltaTimeUs)
                  0000742a    0000002e     drivers_cc13x2.a : RingBuf.c.obj (.text.RingBuf_getConsume)
                  00007458    0000002e                      : RingBuf.c.obj (.text.RingBuf_putPointer)
                  00007486    0000002e     ti_sysbios_config.o (.text._pthread_delete)
                  000074b4    0000002e     ti_sysbios_config.o (.text._pthread_runStub)
                  000074e2    0000002e     ti_sysbios_config.o (.text.ti_sysbios_family_arm_m3_Hwi_initStack)
                  00007510    0000002e     ti_sysbios_config.o (.text.ti_sysbios_gates_GateMutex_Instance_init)
                  0000753e    0000002c     ti_sysbios_config.o (.text.BIOS_registerRTSLock)
                  0000756a    0000002c     ti_sysbios_config.o (.text.BIOS_removeRTSLock)
                  00007596    00000002     --HOLE-- [fill = 0]
                  00007598    0000002c     rf_multiMode_cc13x2.a : RFCC26X2_multiMode.c.cc13x2.ticlang.o (.text.RF_executeDirectImmediateCmd)
                  000075c4    0000002c     drivers_cc13x2.a : UART2CC26X2.c.obj (.text.UART2CC26X2_getRxData)
                  000075f0    0000002c     ti_sysbios_config.o (.text.pthread_attr_setdetachstate)
                  0000761c    0000002c     rf_multiMode_cc13x2.a : rf_patch_cpe_prop.c.cc13x2.ticlang.o (.text.rf_patch_cpe_prop)
                  00007648    0000002c     ti_sysbios_config.o (.text.ti_sysbios_knl_Semaphore_construct)
                  00007674    0000002c     ti_sysbios_config.o (.text.ti_sysbios_runtime_Memory_free)
                  000076a0    0000002a     ti_sysbios_config.o (.text.SemaphoreP_constructBinary)
                  000076ca    0000002a     drivers_cc13x2.a : UART2CC26X2.c.obj (.text.UART2Support_powerRelConstraint)
                  000076f4    0000002a     ti_sysbios_config.o (.text._pthread_cleanup_pop)
                  0000771e    0000002a     ti_sysbios_config.o (.text.pthread_attr_init)
                  00007748    0000002a     ti_sysbios_config.o (.text.ti_sysbios_knl_Clock_initI)
                  00007772    0000002a     ti_sysbios_config.o (.text.ti_sysbios_knl_Task_enter)
                  0000779c    00000028     drivers_cc13x2.a : List.c.obj (.text.List_remove)
                  000077c4    00000028     driverlib.lib : osc.c.obj (.text.NOROM_OSC_CapArrayAdjustWorkaround_Boot)
                  000077ec    00000028                   : chipinfo.c.obj (.text.NOROM_ThisLibraryIsFor_CC13x2_CC26x2_HwRev20AndLater_HaltIfViolated)
                  00007814    00000028     drivers_cc13x2.a : PowerCC26X2.c.obj (.text.PowerCC26XX_isStableXOSC_HF)
                  0000783c    00000028     rf_multiMode_cc13x2.a : RFCC26X2_multiMode.c.cc13x2.ticlang.o (.text.RF_cmdStoreEvents)
                  00007864    00000028     sysbios.a : Hwi_asm_gcc.s.obj (.text.ti_sysbios_family_arm_m3_Hwi_excHandlerAsm)
                  0000788c    00000028     ti_sysbios_config.o (.text.ti_sysbios_gates_GateMutex_construct)
                  000078b4    00000028     ti_sysbios_config.o (.text.ti_sysbios_knl_Queue_enqueue)
                  000078dc    00000028     ti_sysbios_config.o (.text.ti_sysbios_knl_Queue_insert)
                  00007904    00000028     ti_sysbios_config.o (.text.ti_sysbios_knl_Swi_or)
                  0000792c    00000028     sysbios.a : TaskSupport_asm_gcc.s.obj (.text.ti_sysbios_knl_TaskSupport_swap)
                  00007954    00000028     ti_sysbios_config.o (.text.ti_sysbios_runtime_System_init)
                  0000797c    00000026     drivers_cc13x2.a : List.c.obj (.text.List_insert)
                  000079a2    00000026                      : UART2CC26X2.c.obj (.text.UART2Support_powerSetConstraint)
                  000079c8    00000026     ti_sysbios_config.o (.text.ti_sysbios_family_arm_m3_Hwi_getHandle)
                  000079ee    00000026     ti_sysbios_config.o (.text.ti_sysbios_knl_Task_allBlockedFunction)
                  00007a14    00000026     ti_sysbios_config.o (.text.ti_sysbios_knl_Task_delete)
                  00007a3a    00000026     ti_sysbios_config.o (.text.ti_sysbios_knl_Task_destruct)
                  00007a60    00000026     ti_sysbios_config.o (.text.ti_sysbios_runtime_Error_init)
                  00007a86    00000024     ti_sysbios_config.o (.text.HwiP_setFunc)
                  00007aaa    00000024     drivers_cc13x2.a : List.c.obj (.text.List_put)
                  00007ace    00000024                      : List.c.obj (.text.List_putHead)
                  00007af2    00000002     --HOLE-- [fill = 0]
                  00007af4    00000024     driverlib.lib : osc.c.obj (.text.NOROM_OSCHF_TurnOnXosc)
                  00007b18    00000024     drivers_cc13x2.a : PowerCC26X2_helpers.c.obj (.text.PowerCC26X2_getOscHfSourceReady)
                  00007b3c    00000024                      : PowerCC26X2_calibrateRCOSC_helpers.c.obj (.text.PowerCC26X2_writeCtrim)
                  00007b60    00000024                      : PowerCC26X2_calibrateRCOSC_helpers.c.obj (.text.PowerCC26X2_writeCtrimFract)
                  00007b84    00000024                      : PowerCC26X2_calibrateRCOSC_helpers.c.obj (.text.PowerCC26X2_writeCtrimFractEn)
                  00007ba8    00000024                      : PowerCC26X2_calibrateRCOSC_helpers.c.obj (.text.PowerCC26X2_writeRtrim)
                  00007bcc    00000024                      : PowerCC26X2.c.obj (.text.Power_registerNotify)
                  00007bf0    00000024     rf_multiMode_cc13x2.a : RFCC26X2_multiMode.c.cc13x2.ticlang.o (.text.RF_clkPowerUp)
                  00007c14    00000024                           : RFCC26X2_multiMode.c.cc13x2.ticlang.o (.text.RF_hwiCpe0ChangePhy)
                  00007c38    00000024                           : RFCC26X2_multiMode.c.cc13x2.ticlang.o (.text.RF_isStateTransitionAllowed)
                  00007c5c    00000024                           : RFCC26X2_multiMode.c.cc13x2.ticlang.o (.text.RF_searchAndReplacePAOverride)
                  00007c80    00000024     ti_sysbios_config.o (.text.ti_sysbios_family_arm_cc26xx_Timer_Params_init)
                  00007ca4    00000024     ti_sysbios_config.o (.text.ti_sysbios_knl_Task_Params_init)
                  00007cc8    00000022     ti_sysbios_config.o (.text.BIOS_setThreadType)
                  00007cea    00000022     drivers_cc13x2.a : List.c.obj (.text.List_get)
                  00007d0c    00000022                      : RingBuf.c.obj (.text.RingBuf_getPointer)
                  00007d2e    00000022     ti_sysbios_config.o (.text.ti_sysbios_gates_GateMutex_leave)
                  00007d50    00000022     ti_sysbios_config.o (.text.ti_sysbios_heaps_HeapMem_restore)
                  00007d72    00000022     ti_sysbios_config.o (.text.ti_sysbios_knl_Clock_getTicks)
                  00007d94    00000022     ti_sysbios_config.o (.text.ti_sysbios_knl_Clock_scheduleNextTick)
                  00007db6    00000022     ti_sysbios_config.o (.text.ti_sysbios_knl_Queue_dequeue)
                  00007dd8    00000022     ti_sysbios_config.o (.text.ti_sysbios_knl_Semaphore_destruct)
                  00007dfa    00000002     --HOLE-- [fill = 0]
                  00007dfc    00000020     rf_multiMode_cc13x2.a : rfc.c.cc13x2.ticlang.o (.text.NOROM_RFCDoorbellSendTo)
                  00007e1c    00000020                           : rfc.c.cc13x2.ticlang.o (.text.NOROM_RFCOverrideSearch)
                  00007e3c    00000020     drivers_cc13x2.a : PowerCC26X2_helpers.c.obj (.text.PowerCC26X2_disableTCXOQual)
                  00007e5c    00000020                      : PowerCC26X2_helpers.c.obj (.text.PowerCC26X2_enableTCXOQual)
                  00007e7c    00000020     ti_sysbios_config.o (.text.PowerCC26XX_schedulerDisable)
                  00007e9c    00000020     ti_sysbios_config.o (.text.PowerCC26XX_schedulerRestore)
                  00007ebc    00000020     rf_multiMode_cc13x2.a : RFCC26X2_multiMode.c.cc13x2.ticlang.o (.text.RF_cmdAlloc)
                  00007edc    00000020                           : RFCC26X2_multiMode.c.cc13x2.ticlang.o (.text.RF_invokeGlobalCallback)
                  00007efc    00000020                           : RFCC26X2_multiMode.c.cc13x2.ticlang.o (.text.RF_ratIsRunning)
                  00007f1c    00000020     ti_sysbios_config.o (.text.ti_sysbios_family_arm_cc26xx_Timer_postInit)
                  00007f3c    00000020     ti_sysbios_config.o (.text.ti_sysbios_family_arm_m3_Hwi_excHandler)
                  00007f5c    00000020     ti_sysbios_config.o (.text.ti_sysbios_family_arm_m3_Hwi_post)
                  00007f7c    00000020     ti_sysbios_config.o (.text.ti_sysbios_knl_ClockSupport_getCurrentTick)
                  00007f9c    0000001e     ti_sysbios_config.o (.text.SwiP_Params_init)
                  00007fba    0000001e     drivers_cc13x2.a : UART2.c.obj (.text.UART2_writeTimeout)
                  00007fd8    0000001e     ti_sysbios_config.o (.text.sem_wait)
                  00007ff6    0000001e     sysbios.a : Hwi_asm_switch_gcc.s.obj (.text.ti_sysbios_family_arm_m3_Hwi_switchAndRunFunc)
                  00008014    0000001e     ti_sysbios_config.o (.text.ti_sysbios_family_arm_m3_Hwi_switchFromBootStack)
                  00008032    0000001e     ti_sysbios_config.o (.text.ti_sysbios_knl_Task_unblock)
                  00008050    0000001c     ti_sysbios_config.o (.text.HwiP_Params_init)
                  0000806c    0000001c     ti_sysbios_config.o (.text.HwiP_interruptsEnabled)
                  00008088    0000001c     drivers_cc13x2.a : PowerCC26X2.c.obj (.text.Power_getTransitionLatency)
                  000080a4    0000001c     rf_multiMode_cc13x2.a : RFCC26X2_multiMode.c.cc13x2.ticlang.o (.text.RF_clkInactivityCallback)
                  000080c0    0000001c                           : RFCC26X2_multiMode.c.cc13x2.ticlang.o (.text.RF_getPAOverrideOffsetAndValue)
                  000080dc    0000001c                           : RFCC26X2_multiMode.c.cc13x2.ticlang.o (.text.RF_powerConstraintSet)
                  000080f8    0000001c                           : RFCC26X2_multiMode.c.cc13x2.ticlang.o (.text.RF_swiFsm)
                  00008114    0000001c     ti_sysbios_config.o (.text.ti_sysbios_family_arm_cc26xx_Timer_dynamicStub)
                  00008130    0000001c     ti_sysbios_config.o (.text.ti_sysbios_family_arm_m3_Hwi_Params_init)
                  0000814c    0000001c     ti_sysbios_config.o (.text.ti_sysbios_knl_Clock_enqueueI)
                  00008168    0000001c     ti_sysbios_config.o (.text.ti_sysbios_knl_Clock_start)
                  00008184    0000001c     ti_sysbios_config.o (.text.ti_sysbios_knl_Queue_remove)
                  000081a0    0000001c     ti_sysbios_config.o (.text.ti_sysbios_knl_Swi_Params_init)
                  000081bc    0000001c     ti_sysbios_config.o (.text.ti_sysbios_knl_Swi_disable)
                  000081d8    0000001c     ti_sysbios_config.o (.text.ti_sysbios_knl_Task_disable)
                  000081f4    0000001a     ti_sysbios_config.o (.text.BIOS_exitFunc)
                  0000820e    0000001a     ti_sysbios_config.o (.text.BIOS_getCpuFreq)
                  00008228    0000001a     RFQueue.o (.text.RFQueue_nextEntry)
                  00008242    0000001a     ti_sysbios_config.o (.text.sem_post)
                  0000825c    0000001a     ti_sysbios_config.o (.text.ti_sysbios_knl_Semaphore_Instance_finalize)
                  00008276    00000018     ti_sysbios_config.o (.text.BIOS_exit)
                  0000828e    00000002     --HOLE-- [fill = 0]
                  00008290    00000018     drivers_cc13x2.a : GPIOCC26XX.c.obj (.text.GPIO_disableInt)
                  000082a8    00000018                      : PowerCC26X2.c.obj (.text.PowerCC26XX_calibrate)
                  000082c0    00000018                      : PowerCC26X2.c.obj (.text.Power_idleFunc)
                  000082d8    00000018     rf_multiMode_cc13x2.a : RFCC26X2_multiMode.c.cc13x2.ticlang.o (.text.RF_restartClockTimeout)
                  000082f0    00000018     ti_sysbios_config.o (.text.ti_sysbios_family_arm_cc26xx_Timer_getCount64)
                  00008308    00000018     ti_sysbios_config.o (.text.ti_sysbios_family_arm_m3_Hwi_setFunc)
                  00008320    00000018     ti_sysbios_config.o (.text.ti_sysbios_knl_ClockSupport_setNextTick)
                  00008338    00000018     sysbios.a : TaskSupport_asm_gcc.s.obj (.text.ti_sysbios_knl_TaskSupport_glue)
                  00008350    00000018     drivers_cc13x2.a : UART2CC26X2.c.obj (.text.uartDmaDisable)
                  00008368    00000018                      : UART2CC26X2.c.obj (.text.uartDmaEnable)
                  00008380    00000016     ti_sysbios_config.o (.text.ClockP_Params_init)
                  00008396    00000016     drivers_cc13x2.a : List.c.obj (.text.List_clearList)
                  000083ac    00000016     ti_sysbios_config.o (.text.ti_sysbios_family_arm_m3_Hwi_enable)
                  000083c2    00000016     ti_sysbios_config.o (.text.ti_sysbios_knl_Intrinsics_maxbit)
                  000083d8    00000016     ti_sysbios_config.o (.text.ti_sysbios_knl_Queue_construct)
                  000083ee    00000016     ti_sysbios_config.o (.text.ti_sysbios_knl_Queue_empty)
                  00008404    00000016     ti_sysbios_config.o (.text.ti_sysbios_runtime_System_exit)
                  0000841a    00000014     ti_drivers_config.o (.text.Board_init)
                  0000842e    00000014     ti_sysbios_config.o (.text.ClockP_setTimeout)
                  00008442    00000002     --HOLE-- [fill = 0]
                  00008444    00000014     drivers_cc13x2.a : GPIOCC26XX.c.obj (.text.GPIO_toggle)
                  00008458    00000014     rf_multiMode_cc13x2.a : RFCC26X2_multiMode.c.cc13x2.ticlang.o (.text.RF_dbellSyncOnAck)
                  0000846c    00000014     ti_sysbios_config.o (.text.SwiP_or)
                  00008480    00000014     drivers_cc13x2.a : UART2CC26X2.c.obj (.text.UART2CC26X2_postNotifyFxn)
                  00008494    00000014     libclang_rt.builtins.a : aeabi_uldivmod.S.obj (.text.__aeabi_uldivmod)
                  000084a8    00000014     libc.a : args_main.c.obj (.text._args_main)
                  000084bc    00000014     ti_sysbios_config.o (.text.ti_sysbios_family_arm_cc26xx_TimestampProvider_init)
                  000084d0    00000014     ti_sysbios_config.o (.text.ti_sysbios_family_arm_m3_Hwi_disable)
                  000084e4    00000014     ti_sysbios_config.o (.text.ti_sysbios_knl_Swi_Instance_finalize)
                  000084f8    00000012     ti_sysbios_config.o (.text.pthread_attr_setstacksize)
                  0000850a    00000012     ti_sysbios_config.o (.text.ti_sysbios_family_arm_m3_Hwi_doSwiRestore)
                  0000851c    00000012     ti_sysbios_config.o (.text.ti_sysbios_family_arm_m3_Hwi_doTaskRestore)
                  0000852e    00000012     ti_sysbios_config.o (.text.ti_sysbios_heaps_HeapMem_Params_init)
                  00008540    00000012     ti_sysbios_config.o (.text.ti_sysbios_heaps_HeapMem_init)
                  00008552    00000012     ti_sysbios_config.o (.text.ti_sysbios_knl_Clock_Params_init)
                  00008564    00000012     ti_sysbios_config.o (.text.ti_sysbios_knl_Clock_tick)
                  00008576    00000012     ti_sysbios_config.o (.text.ti_sysbios_knl_Queue_Instance_init)
                  00008588    00000012     ti_sysbios_config.o (.text.ti_sysbios_knl_Semaphore_Params_init)
                  0000859a    00000012     libc.a : memcpy_t2.S.obj (.text:TI_memcpy_small)
                  000085ac    00000010     ti_sysbios_config.o (.text.BIOS_start)
                  000085bc    00000010     ti_sysbios_config.o (.text.ClockP_getCpuFreq)
                  000085cc    00000010     ti_sysbios_config.o (.text.ClockP_getTimeout)
                  000085dc    00000010     ti_sysbios_config.o (.text.ClockP_isActive)
                  000085ec    00000010     ti_sysbios_config.o (.text.ClockP_start)
                  000085fc    00000010     ti_sysbios_config.o (.text.ClockP_stop)
                  0000860c    00000010     drivers_cc13x2.a : GPIOCC26XX.c.obj (.text.GPIO_write)
                  0000861c    00000010     ti_sysbios_config.o (.text.HwiP_disable)
                  0000862c    00000010     ti_sysbios_config.o (.text.HwiP_enableInterrupt)
                  0000863c    00000010     ti_sysbios_config.o (.text.HwiP_post)
                  0000864c    00000010     ti_sysbios_config.o (.text.HwiP_restore)
                  0000865c    00000010     rf_multiMode_cc13x2.a : rfc.c.cc13x2.ticlang.o (.text.NOROM_RFCCpeIntGetAndClear)
                  0000866c    00000010                           : rfc.c.cc13x2.ticlang.o (.text.NOROM_RFCHwIntGetAndClear)
                  0000867c    00000010     drivers_cc13x2.a : PowerCC26X2_helpers.c.obj (.text.PowerCC26X2_oscCtlClearXtal)
                  0000868c    00000010                      : PowerCC26X2_helpers.c.obj (.text.PowerCC26X2_prcmEnableCacheRetention)
                  0000869c    00000010                      : PowerCC26X2_calibrateRCOSC_helpers.c.obj (.text.PowerCC26X2_readCtrim)
                  000086ac    00000010                      : PowerCC26X2_calibrateRCOSC_helpers.c.obj (.text.PowerCC26X2_readCtrimFract)
                  000086bc    00000010                      : PowerCC26X2_calibrateRCOSC_helpers.c.obj (.text.PowerCC26X2_readRtrim)
                  000086cc    00000010                      : PowerCC26X2_helpers.c.obj (.text.PowerCC26X2_switchToTCXO)
                  000086dc    00000010                      : RingBuf.c.obj (.text.RingBuf_construct)
                  000086ec    00000010     ti_sysbios_config.o (.text.SemaphoreP_post)
                  000086fc    00000010     ti_sysbios_config.o (.text.SwiP_getTrigger)
                  0000870c    00000010     ti_sysbios_config.o (.text.SysCtrlAonUpdate)
                  0000871c    00000010     drivers_cc13x2.a : UART2CC26X2.c.obj (.text.UART2Support_txDone)
                  0000872c    00000010     ti_sysbios_config.o (.text.pthread_self)
                  0000873c    00000010     ti_sysbios_config.o (.text.ti_sysbios_family_arm_cc26xx_Timer_setPeriod)
                  0000874c    00000010     ti_sysbios_config.o (.text.ti_sysbios_knl_ClockSupport_getMaxTicks)
                  0000875c    00000010     ti_sysbios_config.o (.text.ti_sysbios_knl_Clock_isActive)
                  0000876c    00000010     ti_sysbios_config.o (.text.ti_sysbios_knl_Clock_removeI)
                  0000877c    00000010     ti_sysbios_config.o (.text.ti_sysbios_knl_Clock_setTimeout)
                  0000878c    00000010     ti_sysbios_config.o (.text.ti_sysbios_knl_Idle_loop)
                  0000879c    00000010     ti_sysbios_config.o (.text.ti_sysbios_knl_Queue_destruct)
                  000087ac    00000010     ti_sysbios_config.o (.text.ti_sysbios_knl_Queue_elemClear)
                  000087bc    00000010     ti_sysbios_config.o (.text.ti_sysbios_knl_Swi_enabled)
                  000087cc    00000010     ti_sysbios_config.o (.text.ti_sysbios_runtime_SystemSupport_exit)
                  000087dc    00000010     libc.a : copy_zero_init.c.obj (.text:decompress:ZI)
                  000087ec    0000000e     ti_sysbios_config.o (.text.BIOS_linkedWithIncorrectBootLibrary)
                  000087fa    0000000e     ti_sysbios_config.o (.text.IntMasterDisable)
                  00008808    0000000e     ti_sysbios_config.o (.text.IntMasterEnable)
                  00008816    0000000e     drivers_cc13x2.a : PowerCC26X2.c.obj (.text.OUTLINED_FUNCTION_0)
                  00008824    0000000e     rf_multiMode_cc13x2.a : RFCC26X2_multiMode.c.cc13x2.ticlang.o (.text.OUTLINED_FUNCTION_0)
                  00008832    0000000e                           : RFCC26X2_multiMode.c.cc13x2.ticlang.o (.text.OUTLINED_FUNCTION_4)
                  00008840    0000000e     drivers_cc13x2.a : UART2.c.obj (.text.UART2_write)
                  0000884e    0000000e                      : PowerCC26X2.c.obj (.text.switchToTCXO)
                  0000885c    0000000e     ti_sysbios_config.o (.text.ti_sysbios_family_arm_m3_Hwi_restore)
                  0000886a    0000000e     ti_sysbios_config.o (.text.ti_sysbios_heaps_HeapMem_isBlocking)
                  00008878    0000000e     ti_sysbios_config.o (.text.ti_sysbios_knl_Clock_stop)
                  00008886    0000000e     libc.a : memset_t2.S.obj (.text:TI_memset_small)
                  00008894    0000000e            : copy_decompress_none.c.obj (.text:decompress:none)
                  000088a2    0000000c     ti_sysbios_config.o (.text.AONRTCCurrentCompareValueGet)
                  000088ae    0000000c     ti_sysbios_config.o (.text.BIOS_getThreadType)
                  000088ba    0000000c     ti_sysbios_config.o (.text.ClockP_getSystemTickPeriod)
                  000088c6    0000000c     rf_multiMode_cc13x2.a : RFCC26X2_multiMode.c.cc13x2.ticlang.o (.text.OUTLINED_FUNCTION_2)
                  000088d2    00000002     --HOLE-- [fill = 0]
                  000088d4    0000000c     drivers_cc13x2.a : PowerCC26X2_helpers.c.obj (.text.PowerCC26X2_oscClockSourceGet)
                  000088e0    0000000c                      : PowerCC26X2_helpers.c.obj (.text.PowerCC26X2_setPeriphDeepSleepEnable)
                  000088ec    0000000c                      : PowerCC26X2_helpers.c.obj (.text.PowerCC26X2_sysCtrlGetResetSource)
                  000088f8    0000000c                      : PowerCC26X2_helpers.c.obj (.text.PowerCC26X2_sysCtrlUpdateVoltageRegulator)
                  00008904    0000000c                      : PowerCC26X2.c.obj (.text.Power_getConstraintMask)
                  00008910    0000000c     RFQueue.o (.text.RFQueue_getDataEntry)
                  0000891c    0000000c     rf_multiMode_cc13x2.a : RFCC26X2_multiMode.c.cc13x2.ticlang.o (.text.RF_Params_init)
                  00008928    0000000c     drivers_cc13x2.a : UART2CC26X2.c.obj (.text.UART2Support_disableTx)
                  00008934    0000000c                      : UART2CC26X2.c.obj (.text.UART2Support_enableTx)
                  00008940    0000000c                      : UART2.c.obj (.text.UART2_Params_init)
                  0000894c    0000000c     libc.a : _lock.c.obj (.text._register_lock)
                  00008958    0000000c            : _lock.c.obj (.text._register_unlock)
                  00008964    0000000c     ti_sysbios_config.o (.text.ti_sysbios_knl_Queue_head)
                  00008970    0000000c     ti_sysbios_config.o (.text.ti_sysbios_knl_Queue_next)
                  0000897c    0000000c     ti_sysbios_config.o (.text.ti_sysbios_knl_Queue_prev)
                  00008988    0000000c     ti_sysbios_config.o (.text.ti_sysbios_knl_Swi_getTrigger)
                  00008994    0000000c     ti_sysbios_config.o (.text.ti_sysbios_knl_Swi_postInit)
                  000089a0    0000000c     ti_sysbios_config.o (.text.ti_sysbios_knl_Swi_self)
                  000089ac    0000000c     ti_sysbios_config.o (.text.ti_sysbios_knl_Task_getArg1)
                  000089b8    0000000c     ti_sysbios_config.o (.text.ti_sysbios_knl_Task_getEnv)
                  000089c4    0000000c     ti_sysbios_config.o (.text.ti_sysbios_knl_Task_self)
                  000089d0    0000000a     rf_multiMode_cc13x2.a : RFCC26X2_multiMode.c.cc13x2.ticlang.o (.text.OUTLINED_FUNCTION_6)
                  000089da    0000000a     drivers_cc13x2.a : PowerCC26X2_helpers.c.obj (.text.PowerCC26X2_sysCtrlStandby)
                  000089e4    0000000a                      : UDMACC26XX.c.obj (.text.UDMACC26XX_hwiIntFxn)
                  000089ee    0000000a     ti_sysbios_config.o (.text.ti_sysbios_gates_GateMutex_handle)
                  000089f8    0000000a     ti_sysbios_config.o (.text.ti_sysbios_knl_Clock_handle)
                  00008a02    0000000a     ti_sysbios_config.o (.text.ti_sysbios_knl_Queue_handle)
                  00008a0c    0000000a     ti_sysbios_config.o (.text.ti_sysbios_knl_Queue_struct)
                  00008a16    0000000a     ti_sysbios_config.o (.text.ti_sysbios_knl_Semaphore_handle)
                  00008a20    0000000a     ti_sysbios_config.o (.text.ti_sysbios_knl_Swi_startup)
                  00008a2a    0000000a     ti_sysbios_config.o (.text.ti_sysbios_runtime_Error_check)
                  00008a34    0000000a     ti_sysbios_config.o (.text.ti_sysbios_runtime_Types_uargToPtr)
                  00008a3e    0000000a     ti_sysbios_config.o (.text.xdc_uargToPtr)
                  00008a48    00000008     ti_sysbios_config.o (.text.Boot_trimDevice)
                  00008a50    00000008     driverlib.lib : cpu.c.obj (.text.NOROM_CPUcpsid)
                  00008a58    00000008                   : cpu.c.obj (.text.NOROM_CPUcpsie)
                  00008a60    00000008     rf_multiMode_cc13x2.a : RFCC26X2_multiMode.c.cc13x2.ticlang.o (.text.OUTLINED_FUNCTION_3)
                  00008a68    00000008     drivers_cc13x2.a : PowerCC26X2_helpers.c.obj (.text.PowerCC26X2_oschfTrySwitchToXosc)
                  00008a70    00000008     ti_sysbios_config.o (.text.ResetISR)
                  00008a78    00000008     libc.a : aeabi_portable.c.obj (.text.__aeabi_errno_addr)
                  00008a80    00000008     libclang_rt.builtins.a : aeabi_memset.S.obj (.text.__aeabi_memclr)
                  00008a88    00000008     ti_sysbios_config.o (.text._system_post_cinit)
                  00008a90    00000008     ti_sysbios_config.o (.text._system_pre_init)
                  00008a98    00000008     ti_sysbios_config.o (.text.ti_sysbios_family_arm_m3_Hwi_startup)
                  00008aa0    00000008     ti_sysbios_config.o (.text.ti_sysbios_runtime_Startup_reset)
                  00008aa8    00000008     ti_sysbios_config.o (.text.ti_sysbios_runtime_SysCallback_defaultExit)
                  00008ab0    00000008     ti_sysbios_config.o (.text.ti_sysbios_runtime_SystemSupport_init)
                  00008ab8    00000008     ti_sysbios_config.o (.text.ti_sysbios_runtime_System_exitSpin)
                  00008ac0    00000006     drivers_cc13x2.a : GPIOCC26XX.c.obj (.text.GPIO_setConfig)
                  00008ac6    00000006     driverlib.lib : cpu.c.obj (.text.NOROM_CPUdelay)
                  00008acc    00000006     drivers_cc13x2.a : UART2.c.obj (.text.OUTLINED_FUNCTION_0)
                  00008ad2    00000006     rf_multiMode_cc13x2.a : RFCC26X2_multiMode.c.cc13x2.ticlang.o (.text.OUTLINED_FUNCTION_5)
                  00008ad8    00000006                           : RFCC26X2_multiMode.c.cc13x2.ticlang.o (.text.RF_clkReqAccess)
                  00008ade    00000004                           : rfc.c.cc13x2.ticlang.o (.text.NOROM_RFCOverrideUpdate)
                  00008ae2    00000004     ti_sysbios_config.o (.text.PRCMSleep)
                  00008ae6    00000004     drivers_cc13x2.a : PowerCC26X2_helpers.c.obj (.text.PowerCC26X2_oschfSwitchToRcosc)
                  00008aea    00000004                      : PowerCC26X2_helpers.c.obj (.text.PowerCC26X2_sysCtrlIdle)
                  00008aee    00000004                      : PowerCC26X2_helpers.c.obj (.text.PowerCC26X2_turnOnXosc)
                  00008af2    00000004     rf_multiMode_cc13x2.a : RFCC26X2_multiMode.c.cc13x2.ticlang.o (.text.RF_defaultExecutionPolicy)
                  00008af6    00000004     drivers_cc13x2.a : RingBuf.c.obj (.text.RingBuf_getCount)
                  00008afa    00000002     --HOLE-- [fill = 0]
                  00008afc    00000004     libclang_rt.builtins.a : aeabi_memcpy.S.obj (.text.__aeabi_memcpy)
                  00008b00    00000004     drivers_cc13x2.a : PowerCC26X2.c.obj (.text.configureRFCoreClocks)
                  00008b04    00000004                      : PowerCC26X2.c.obj (.text.nopResourceHandler)
                  00008b08    00000004     ti_sysbios_config.o (.text.ti_sysbios_gates_GateMutex_canBlock)
                  00008b0c    00000004     ti_sysbios_config.o (.text.ti_sysbios_knl_TaskSupport_getStackAlignment)
                  00008b10    00000004     ti_sysbios_config.o (.text.ti_sysbios_runtime_Memory_getMaxDefaultTypeAlign)

.rodata    0    00008b14    0000085a     
                  00008b14    000002e0     rf_multiMode_cc13x2.a : rf_patch_cpe_prop.c.cc13x2.ticlang.o (.rodata.patchImageProp)
                  00008df4    00000094     ti_sysbios_config.o (.rodata.ti_sysbios_family_arm_m3_Hwi_excHandlerMin.err)
                  00008e88    0000008d     ti_sysbios_config.o (.rodata.ti_sysbios_heaps_HeapMem_alloc.err)
                  00008f15    00000089     ti_sysbios_config.o (.rodata.ti_sysbios_family_arm_m3_Hwi_Instance_init.err.1)
                  00008f9e    00000089     ti_sysbios_config.o (.rodata.ti_sysbios_family_arm_m3_Hwi_excHandlerMin.err.2)
                  00009027    00000089     ti_sysbios_config.o (.rodata.ti_sysbios_runtime_Memory_alloc.err)
                  000090b0    00000086     ti_sysbios_config.o (.rodata.ti_sysbios_family_arm_m3_Hwi_Instance_init.err)
                  00009136    00000002     drivers_cc13x2.a : UART2CC26X2.c.obj (.rodata.stopBits)
                  00009138    00000058     ti_drivers_config.o (.rodata.uart2CC26X2HWAttrs)
                  00009190    00000054     drivers_cc13x2.a : PowerCC26X2.c.obj (.rodata.resourceDB)
                  000091e4    00000024                      : UART2.c.obj (.rodata.UART2_defaultParams)
                  00009208    00000024     ti_sysbios_config.o (.rodata.ti_sysbios_knl_Task_Params_default)
                  0000922c    00000020     rf_multiMode_cc13x2.a : RFCC26X2_multiMode.c.cc13x2.ticlang.o (.rodata.cst32)
                  0000924c    0000001d     ti_sysbios_config.o (.rodata.str1.114093530142707899381)
                  00009269    00000001     ti_drivers_config.o (.rodata.GPIO_pinLowerBound)
                  0000926a    00000001     ti_drivers_config.o (.rodata.GPIO_pinUpperBound)
                  0000926b    00000001     ti_drivers_config.o (.rodata.UART2_count)
                  0000926c    0000001c     ti_sysbios_config.o (.rodata.ti_sysbios_family_arm_cc26xx_Timer_Params_default)
                  00009288    00000018     ti_sysbios_config.o (.rodata.ti_sysbios_family_arm_m3_Hwi_Params_default)
                  000092a0    00000014     ti_drivers_config.o (.rodata.PowerCC26X2_config)
                  000092b4    00000014     ti_sysbios_config.o (.rodata.ti_sysbios_knl_Swi_Params_default)
                  000092c8    00000010     ti_drivers_config.o (.rodata.GPIO_config)
                  000092d8    0000000c     ti_drivers_config.o (.rodata.RFCC26XX_hwAttrs)
                  000092e4    0000000c     ti_sysbios_config.o (.rodata.ti_sysbios_heaps_HeapMem_Params_default)
                  000092f0    0000000c     ti_sysbios_config.o (.rodata.ti_sysbios_knl_Clock_Params_default)
                  000092fc    0000000c     ti_sysbios_config.o (.rodata.ti_sysbios_knl_Semaphore_Params_default)
                  00009308    00000008     rf_multiMode_cc13x2.a : RFCC26X2_multiMode.c.cc13x2.ticlang.o (.rodata..L__const.RF_hwiCpe0Active.activeCmd)
                  00009310    00000008     ti_drivers_config.o (.rodata.UART2_config)
                  00009318    00000008     ti_drivers_config.o (.rodata.UDMACC26XX_config)
                  00009320    00000008     driverlib.lib : aux_sysif.c.obj (.rodata.cst4)
                  00009328    00000008     ti_sysbios_config.o (.rodata.ti_sysbios_knl_Idle_funcList)
                  00009330    00000008     ti_drivers_config.o (.rodata.udmaCC26XXHWAttrs)
                  00009338    00000005     drivers_cc13x2.a : UART2CC26X2.c.obj (.rodata.parityType)
                  0000933d    00000005                      : UART2CC26X2.c.obj (.rodata.rxFifoThreshold)
                  00009342    00000005                      : UART2CC26X2.c.obj (.rodata.txFifoThreshold)
                  00009347    00000001     ti_sysbios_config.o (.rodata.ti_sysbios_knl_Clock_tickMode)
                  00009348    00000004     ti_sysbios_config.o (.rodata.TimestampP_nativeFormat32)
                  0000934c    00000004     ti_sysbios_config.o (.rodata.TimestampP_nativeFormat64)
                  00009350    00000004     drivers_cc13x2.a : UART2CC26X2.c.obj (.rodata.cst4)
                  00009354    00000004     ti_sysbios_config.o (.rodata.ti_sysbios_family_arm_m3_Hwi_swiTaskKeyAddress)
                  00009358    00000004     ti_sysbios_config.o (.rodata.ti_sysbios_gates_GateMutex_Params_default)
                  0000935c    00000004     ti_sysbios_config.o (.rodata.ti_sysbios_knl_Clock_tickPeriod)
                  00009360    00000004     ti_sysbios_config.o (.rodata.ti_sysbios_knl_Swi_numPriorities)
                  00009364    00000004     ti_sysbios_config.o (.rodata.ti_sysbios_knl_Task_defaultStackSize)
                  00009368    00000004     ti_sysbios_config.o (.rodata.ti_sysbios_knl_Task_numPriorities)
                  0000936c    00000001     ti_sysbios_config.o (.rodata.ti_sysbios_knl_Task_checkStackFlag)
                  0000936d    00000001     ti_sysbios_config.o (.rodata.ti_sysbios_knl_Task_initStackFlag)

__llvm_prf_cnts 
*          0    20000000    00000000     UNINITIALIZED

__llvm_prf_bits 
*          0    20000000    00000000     UNINITIALIZED

.TI.bound:dmaUart1RxControlTableEntry 
*          0    20001850    00000010     UNINITIALIZED
                  20001850    00000010     ti_drivers_config.o (.TI.bound:dmaUart1RxControlTableEntry)

.TI.bound:dmaUart1TxControlTableEntry 
*          0    20001860    00000010     UNINITIALIZED
                  20001860    00000010     ti_drivers_config.o (.TI.bound:dmaUart1TxControlTableEntry)

.args      0    00009370    00000008     
                  00009370    00000008     --HOLE-- [fill = 0]

MODULE SUMMARY

       Module                                     code    ro data   rw data
       ------                                     ----    -------   -------
    .\
       rfPacketRx.o                               496     0         1355   
       RFQueue.o                                  268     0         4      
       main_tirtos.o                              128     0         0      
    +--+------------------------------------------+-------+---------+---------+
       Total:                                     892     0         1359   
                                                                           
    .\syscfg\
       ti_sysbios_config.o                        16176   1110      1822   
       ti_drivers_config.o                        314     163       868    
       ti_radio_config.o                          0       0         156    
       ti_devices_config.o                        0       88        0      
    +--+------------------------------------------+-------+---------+---------+
       Total:                                     16490   1361      2846   
                                                                           
    C:/ti/simplelink_cc13xx_cc26xx_sdk_8_32_00_07/kernel/tirtos7/packages/ti/sysbios/lib/ticlang/m4f/sysbios.a
       Hwi_asm_gcc.s.obj                          324     0         0      
       Hwi_asm_switch_gcc.s.obj                   118     0         0      
       TaskSupport_asm_gcc.s.obj                  64      0         0      
       boot_cortex_m.c.obj                        52      0         0      
    +--+------------------------------------------+-------+---------+---------+
       Total:                                     558     0         0      
                                                                           
    C:/ti/simplelink_cc13xx_cc26xx_sdk_8_32_00_07/source/ti/devices/cc13x2_cc26x2/driverlib/bin/ticlang/driverlib.lib
       osc.c.obj                                  452     0         32     
       sys_ctrl.c.obj                             400     0         0      
       setup.c.obj                                384     0         0      
       chipinfo.c.obj                             236     0         0      
       prcm.c.obj                                 136     0         0      
       aux_sysif.c.obj                            56      8         0      
       cpu.c.obj                                  22      0         0      
    +--+------------------------------------------+-------+---------+---------+
       Total:                                     1686    8         32     
                                                                           
    C:/ti/simplelink_cc13xx_cc26xx_sdk_8_32_00_07/source/ti/drivers/lib/ticlang/m4f/drivers_cc13x2.a
       PowerCC26X2.c.obj                          1786    84        376    
       UART2CC26X2.c.obj                          2102    21        0      
       PowerCC26X2_calibrateRCOSC.c.obj           836     0         0      
       UART2.c.obj                                706     36        0      
       PowerCC26X2_calibrateRCOSC_helpers.c.obj   432     0         0      
       GPIOCC26X2.c.obj                           324     0         29     
       PowerCC26X2_helpers.c.obj                  334     0         0      
       RingBuf.c.obj                              272     0         0      
       GPIOCC26XX.c.obj                           242     0         0      
       List.c.obj                                 206     0         0      
       UDMACC26XX.c.obj                           110     0         0      
       GPIO.c.obj                                 60      0         0      
    +--+------------------------------------------+-------+---------+---------+
       Total:                                     7410    141       405    
                                                                           
    C:/ti/simplelink_cc13xx_cc26xx_sdk_8_32_00_07/source/ti/drivers/rf/lib/ticlang/m4f/rf_multiMode_cc13x2.a
       RFCC26X2_multiMode.c.cc13x2.ticlang.o      7622    40        1316   
       rf_patch_cpe_prop.c.cc13x2.ticlang.o       104     736       1      
       rfc.c.cc13x2.ticlang.o                     268     0         0      
    +--+------------------------------------------+-------+---------+---------+
       Total:                                     7994    776       1317   
                                                                           
    C:\ti\ti_cgt_arm_llvm_3.2.2.LTS\lib\armv7em-ti-none-eabihf/c/libc.a
       copy_decompress_lzss.c.obj                 112     0         0      
       autoinit.c.obj                             56      0         0      
       _lock.c.obj                                26      0         8      
       args_main.c.obj                            20      0         0      
       memcpy_t2.S.obj                            18      0         0      
       copy_zero_init.c.obj                       16      0         0      
       copy_decompress_none.c.obj                 14      0         0      
       memset_t2.S.obj                            14      0         0      
       aeabi_portable.c.obj                       8       0         4      
    +--+------------------------------------------+-------+---------+---------+
       Total:                                     284     0         12     
                                                                           
    C:\ti\ti_cgt_arm_llvm_3.2.2.LTS\lib\clang/15.0.7/lib/armv7em-ti-none-eabihf/libclang_rt.builtins.a
       udivmoddi4.S.obj                           176     0         0      
       aeabi_uldivmod.S.obj                       20      0         0      
       aeabi_memset.S.obj                         8       0         0      
       aeabi_memcpy.S.obj                         4       0         0      
       aeabi_div0.c.obj                           2       0         0      
    +--+------------------------------------------+-------+---------+---------+
       Total:                                     210     0         0      
                                                                           
       Stack:                                     0       0         1536   
       Linker Generated:                          0       361       0      
    +--+------------------------------------------+-------+---------+---------+
       Grand Total:                               35524   2647      7507   


LINKER GENERATED COPY TABLES

__TI_cinit_table @ 000094c4 records: 4, size/record: 8, table size: 32
	.data: load addr=00009378, load size=00000125 bytes, run addr=200010d8, run size=00000584 bytes, compression=lzss
	.TI.bound:dmaUart1RxControlTableEntry: load addr=000094ac, load size=00000008 bytes, run addr=20001850, run size=00000010 bytes, compression=zero_init
	.TI.bound:dmaUart1TxControlTableEntry: load addr=000094b4, load size=00000008 bytes, run addr=20001860, run size=00000010 bytes, compression=zero_init
	.bss: load addr=000094bc, load size=00000008 bytes, run addr=20000000, run size=000010d8 bytes, compression=zero_init


LINKER GENERATED HANDLER TABLE

__TI_handler_table @ 000094a0 records: 3, size/record: 4, table size: 12
	index: 0, handler: __TI_decompress_lzss
	index: 1, handler: __TI_decompress_none
	index: 2, handler: __TI_zero_init


SEGMENT ATTRIBUTES

    id tag       seg value 
    -- ---       --- ----- 
     0 PHA_BOUND 5   (null)


GLOBAL SYMBOLS: SORTED ALPHABETICALLY BY Name 

address   name                                                               
-------   ----                                                               
200014cc  BIOS_Module_state                                                  
00006c65  BIOS_atExitFunc                                                    
00008277  BIOS_exit                                                          
000081f5  BIOS_exitFunc                                                      
0000820f  BIOS_getCpuFreq                                                    
000088af  BIOS_getThreadType                                                 
20000f64  BIOS_heapMemObject                                                 
0000556f  BIOS_init                                                          
000087ed  BIOS_linkedWithIncorrectBootLibrary                                
00000b5f  BIOS_nullFunc                                                      
0000753f  BIOS_registerRTSLock                                               
0000756b  BIOS_removeRTSLock                                                 
20000f90  BIOS_rtsGate                                                       
00006845  BIOS_rtsLock                                                       
00007039  BIOS_rtsUnlock                                                     
00007cc9  BIOS_setThreadType                                                 
000085ad  BIOS_start                                                         
000061c9  BIOS_startFunc                                                     
0000841b  Board_init                                                         
0000155f  Board_initHook                                                     
00004c15  Board_sendExtFlashByte                                             
000055dd  Board_shutDownExtFlash                                             
00006e09  Board_wakeUpExtFlash                                               
00008a49  Boot_trimDevice                                                    
00008381  ClockP_Params_init                                                 
00005ca1  ClockP_construct                                                   
000085bd  ClockP_getCpuFreq                                                  
000088bb  ClockP_getSystemTickPeriod                                         
000085cd  ClockP_getTimeout                                                  
000085dd  ClockP_isActive                                                    
0000842f  ClockP_setTimeout                                                  
000085ed  ClockP_start                                                       
000085fd  ClockP_stop                                                        
000092c8  GPIO_config                                                        
00008291  GPIO_disableInt                                                    
00006889  GPIO_hwiIntFxn                                                     
00002d2d  GPIO_init                                                          
00009269  GPIO_pinLowerBound                                                 
0000926a  GPIO_pinUpperBound                                                 
00006ca1  GPIO_resetConfig                                                   
00008ac1  GPIO_setConfig                                                     
00003dfd  GPIO_setConfigAndMux                                               
00008445  GPIO_toggle                                                        
0000860d  GPIO_write                                                         
00004000  HEAPSIZE                                                           
[...]
00007dfd  NOROM_RFCDoorbellSendTo                                            
00007e1d  NOROM_RFCOverrideSearch                                            
00007e3d  PowerCC26X2_disableTCXOQual                                        
00007e5d  PowerCC26X2_enableTCXOQual                                         
00007e7d  PowerCC26XX_schedulerDisable                                       
00007e9d  PowerCC26XX_schedulerRestore                                       
00007f1d  ti_sysbios_family_arm_cc26xx_Timer_postInit                        
00007f3d  ti_sysbios_family_arm_m3_Hwi_excHandler                            
00007f5d  ti_sysbios_family_arm_m3_Hwi_post                                  
00007f7d  ti_sysbios_knl_ClockSupport_getCurrentTick                         
00007f9d  SwiP_Params_init                                                   
00007fbb  UART2_writeTimeout                                                 
00007fd9  sem_wait                                                           
00007ff7  ti_sysbios_family_arm_m3_Hwi_switchAndRunFunc                      
00008015  ti_sysbios_family_arm_m3_Hwi_switchFromBootStack                   
00008033  ti_sysbios_knl_Task_unblock                                        
00008051  HwiP_Params_init                                                   
0000806d  HwiP_interruptsEnabled                                             
00008089  Power_getTransitionLatency                                         
000080dd  RF_powerConstraintSet                                              
00008115  ti_sysbios_family_arm_cc26xx_Timer_dynamicStub                     
00008131  ti_sysbios_family_arm_m3_Hwi_Params_init                           
0000814d  ti_sysbios_knl_Clock_enqueueI                                      
00008169  ti_sysbios_knl_Clock_start                                         
00008185  ti_sysbios_knl_Queue_remove                                        
000081a1  ti_sysbios_knl_Swi_Params_init                                     
000081bd  ti_sysbios_knl_Swi_disable                                         
000081d9  ti_sysbios_knl_Task_disable                                        
000081f5  BIOS_exitFunc                                                      
0000820f  BIOS_getCpuFreq                                                    
00008229  RFQueue_nextEntry                                                  
00008243  sem_post                                                           
0000825d  ti_sysbios_knl_Semaphore_Instance_finalize                         
00008277  BIOS_exit                                                          
00008291  GPIO_disableInt                                                    
000082a9  PowerCC26XX_calibrate                                              
000082c1  Power_idleFunc                                                     
000082f1  ti_sysbios_family_arm_cc26xx_Timer_getCount64                      
00008309  ti_sysbios_family_arm_m3_Hwi_setFunc                               
00008321  ti_sysbios_knl_ClockSupport_setNextTick                            
00008339  ti_sysbios_knl_TaskSupport_glue                                    
00008381  ClockP_Params_init                                                 
00008397  List_clearList                                                     
000083d9  ti_sysbios_knl_Queue_construct                                     
000083ef  ti_sysbios_knl_Queue_empty                                         
00008405  ti_sysbios_runtime_System_exit                                     
0000841b  Board_init                                                         
0000842f  ClockP_setTimeout                                                  
00008445  GPIO_toggle                                                        
0000846d  SwiP_or                                                            
00008495  __aeabi_uldivmod                                                   
000084a9  _args_main                                                         
000084bd  ti_sysbios_family_arm_cc26xx_TimestampProvider_init                
000084e5  ti_sysbios_knl_Swi_Instance_finalize                               
000084f9  pthread_attr_setstacksize                                          
0000850b  ti_sysbios_family_arm_m3_Hwi_doSwiRestore                          
0000851d  ti_sysbios_family_arm_m3_Hwi_doTaskRestore                         
0000852f  ti_sysbios_heaps_HeapMem_Params_init                               
00008541  ti_sysbios_heaps_HeapMem_init                                      
00008553  ti_sysbios_knl_Clock_Params_init                                   
00008565  ti_sysbios_knl_Clock_tick                                          
00008577  ti_sysbios_knl_Queue_Instance_init                                 
00008589  ti_sysbios_knl_Semaphore_Params_init                               
0000859b  TI_memcpy_small                                                    
000085ad  BIOS_start                                                         
000085bd  ClockP_getCpuFreq                                                  
000085cd  ClockP_getTimeout                                                  
000085dd  ClockP_isActive                                                    
000085ed  ClockP_start                                                       
000085fd  ClockP_stop                                                        
0000860d  GPIO_write                                                         
0000861d  HwiP_disable                                                       
0000862d  HwiP_enableInterrupt                                               
0000863d  HwiP_post                                                          
0000864d  HwiP_restore                                                       
0000865d  NOROM_RFCCpeIntGetAndClear                                         
0000866d  NOROM_RFCHwIntGetAndClear                                          
0000867d  PowerCC26X2_oscCtlClearXtal                                        
0000868d  PowerCC26X2_prcmEnableCacheRetention                               
0000869d  PowerCC26X2_readCtrim                                              
000086ad  PowerCC26X2_readCtrimFract                                         
000086bd  PowerCC26X2_readRtrim                                              
000086cd  PowerCC26X2_switchToTCXO                                           
000086dd  RingBuf_construct                                                  
000086ed  SemaphoreP_post                                                    
000086fd  SwiP_getTrigger                                                    
0000871d  UART2Support_txDone                                                
0000872d  pthread_self                                                       
0000873d  ti_sysbios_family_arm_cc26xx_Timer_setPeriod                       
0000874d  ti_sysbios_knl_ClockSupport_getMaxTicks                            
0000875d  ti_sysbios_knl_Clock_isActive                                      
0000876d  ti_sysbios_knl_Clock_removeI                                       
0000877d  ti_sysbios_knl_Clock_setTimeout                                    
0000878d  ti_sysbios_knl_Idle_loop                                           
0000879d  ti_sysbios_knl_Queue_destruct                                      
000087ad  ti_sysbios_knl_Queue_elemClear                                     
000087bd  ti_sysbios_knl_Swi_enabled                                         
000087cd  ti_sysbios_runtime_SystemSupport_exit                              
000087dd  __TI_zero_init                                                     
000087ed  BIOS_linkedWithIncorrectBootLibrary                                
00008841  UART2_write                                                        
0000886b  ti_sysbios_heaps_HeapMem_isBlocking                                
00008879  ti_sysbios_knl_Clock_stop                                          
00008887  TI_memset_small                                                    
00008895  __TI_decompress_none                                               
000088af  BIOS_getThreadType                                                 
000088bb  ClockP_getSystemTickPeriod                                         
000088d5  PowerCC26X2_oscClockSourceGet                                      
000088e1  PowerCC26X2_setPeriphDeepSleepEnable                               
000088ed  PowerCC26X2_sysCtrlGetResetSource                                  
000088f9  PowerCC26X2_sysCtrlUpdateVoltageRegulator                          
00008905  Power_getConstraintMask                                            
00008911  RFQueue_getDataEntry                                               
0000891d  RF_Params_init                                                     
00008929  UART2Support_disableTx                                             
00008935  UART2Support_enableTx                                              
00008941  UART2_Params_init                                                  
0000894d  _register_lock                                                     
00008959  _register_unlock                                                   
00008965  ti_sysbios_knl_Queue_head                                          
00008971  ti_sysbios_knl_Queue_next                                          
0000897d  ti_sysbios_knl_Queue_prev                                          
00008989  ti_sysbios_knl_Swi_getTrigger                                      
00008995  ti_sysbios_knl_Swi_postInit                                        
000089a1  ti_sysbios_knl_Swi_self                                            
000089ad  ti_sysbios_knl_Task_getArg1                                        
000089b9  ti_sysbios_knl_Task_getEnv                                         
000089c5  ti_sysbios_knl_Task_self                                           
000089db  PowerCC26X2_sysCtrlStandby                                         
000089e5  UDMACC26XX_hwiIntFxn                                               
00008a21  ti_sysbios_knl_Swi_startup                                         
00008a2b  ti_sysbios_runtime_Error_check                                     
00008a49  Boot_trimDevice                                                    
00008a51  NOROM_CPUcpsid                                                     
00008a59  NOROM_CPUcpsie                                                     
00008a69  PowerCC26X2_oschfTrySwitchToXosc                                   
00008a71  ResetISR                                                           
00008a79  __aeabi_errno_addr                                                 
00008a81  __aeabi_memclr                                                     
00008a81  __aeabi_memclr4                                                    
00008a81  __aeabi_memclr8                                                    
00008a89  _system_post_cinit                                                 
00008a91  _system_pre_init                                                   
00008a99  ti_sysbios_family_arm_m3_Hwi_startup                               
00008aa1  ti_sysbios_runtime_Startup_reset                                   
00008aa9  ti_sysbios_runtime_SysCallback_defaultExit                         
00008ab1  ti_sysbios_runtime_SystemSupport_init                              
00008ab9  ti_sysbios_runtime_System_exitSpin                                 
00008ac1  GPIO_setConfig                                                     
00008ac7  NOROM_CPUdelay                                                     
00008adf  NOROM_RFCOverrideUpdate                                            
00008ae7  PowerCC26X2_oschfSwitchToRcosc                                     
00008aeb  PowerCC26X2_sysCtrlIdle                                            
00008aef  PowerCC26X2_turnOnXosc                                             
00008af3  RF_defaultExecutionPolicy                                          
00008af7  RingBuf_getCount                                                   
00008afd  __aeabi_memcpy                                                     
00008afd  __aeabi_memcpy4                                                    
00008afd  __aeabi_memcpy8                                                    
00008b09  ti_sysbios_gates_GateMutex_canBlock                                
00008b0d  ti_sysbios_knl_TaskSupport_getStackAlignment                       
00008b11  ti_sysbios_runtime_Memory_getMaxDefaultTypeAlign                   
00009190  resourceDB                                                         
000091e4  UART2_defaultParams                                                
00009269  GPIO_pinLowerBound                                                 
0000926a  GPIO_pinUpperBound                                                 
0000926b  UART2_count                                                        
000092a0  PowerCC26X2_config                                                 
000092c8  GPIO_config                                                        
000092d8  RFCC26XX_hwAttrs                                                   
00009310  UART2_config                                                       
00009318  UDMACC26XX_config                                                  
00009328  ti_sysbios_knl_Idle_funcList                                       
00009330  udmaCC26XXHWAttrs                                                  
00009347  ti_sysbios_knl_Clock_tickMode                                      
00009348  TimestampP_nativeFormat32                                          
0000934c  TimestampP_nativeFormat64                                          
00009354  ti_sysbios_family_arm_m3_Hwi_swiTaskKeyAddress                     
0000935c  ti_sysbios_knl_Clock_tickPeriod                                    
00009360  ti_sysbios_knl_Swi_numPriorities                                   
00009364  ti_sysbios_knl_Task_defaultStackSize                               
00009368  ti_sysbios_knl_Task_numPriorities                                  
0000936c  ti_sysbios_knl_Task_checkStackFlag                                 
0000936d  ti_sysbios_knl_Task_initStackFlag                                  
00009370  __c_args__                                                         
000094a0  __TI_Handler_Table_Base                                            
000094ac  __TI_Handler_Table_Limit                                           
000094c4  __TI_CINIT_Base                                                    
000094e4  __TI_CINIT_Limit                                                   
000094e4  __TI_CINIT_Warm                                                    
00057fa8  __ccfg                                                             
20000000  __start___llvm_prf_bits                                            
20000000  __start___llvm_prf_cnts                                            
20000000  __stop___llvm_prf_bits                                             
20000000  __stop___llvm_prf_cnts                                             
20000610  ti_sysbios_knl_Idle_taskStack                                      
20000810  uart2CC26X2Objects                                                 
20000a80  ti_sysbios_family_arm_m3_Hwi_dispatchTable                         
20000c24  gpioCallbackFunctions                                              
20000ca0  gpioUserArgs                                                       
20000d88  ti_sysbios_knl_ClockSupport_timerStruct                            
20000de8  ti_sysbios_knl_Idle_taskStruct                                     
20000f04  ti_sysbios_knl_Swi_readyQs                                         
20000f34  ti_sysbios_knl_Task_readyQs                                        
20000f64  BIOS_heapMemObject                                                 
20000f90  BIOS_rtsGate                                                       
20000fb8  ti_sysbios_heaps_HeapMem_gate                                      
20001020  ti_sysbios_runtime_System_atexitHandlers                           
20001040  udmaCC26XXObject                                                   
20001098  rxSem                                                              
200010c4  PowerCC26XX_swiKey                                                 
200010c8  PowerCC26XX_taskKey                                                
200010cc  readEntry                                                          
200010d0  ti_sysbios_family_arm_cc26xx_TimestampProvider_Module_state        
200010d4  ti_sysbios_knl_Task_defaultStackHeap                               
200010d8  PowerCC26X2_module                                                 
2000124c  gpioPinConfigs                                                     
20001330  ti_sysbios_knl_Clock_Module_state                                  
20001454  ti_sysbios_family_arm_m3_Hwi_Module_state                          
20001490  ti_sysbios_knl_Task_Module_state                                   
200014cc  BIOS_Module_state                                                  
200014f8  RF_cmdPropRadioDivSetup_custom868_0                                
20001520  pOverrides_custom868_0                                             
20001548  ti_sysbios_knl_Swi_Module_state                                    
20001570  RF_cmdPropRx_custom868_0                                           
20001594  RF_cmdFs_custom868_0                                               
200015d0  RF_prop_custom868_0                                                
200015e0  _hposcCoeffs                                                       
200015f0  ti_sysbios_family_arm_cc26xx_Timer_Module_state                    
200015fc  ti_sysbios_runtime_Error_ignore                                    
20001608  ti_sysbios_runtime_System_Module_state                             
2000161c  RFCC26XX_schedulerPolicy                                           
20001624  ti_sysbios_gates_GateMutex_Module_state                            
2000162c  ti_sysbios_heaps_HeapMem_Module_state                              
20001634  ti_sysbios_knl_Semaphore_Module_state                              
20001644  __aeabi_errno                                                      
20001648  _lock                                                              
2000164c  _unlock                                                            
20001654  ti_sysbios_runtime_Memory_defaultHeapInstance                      
2000165a  ti_sysbios_knl_Idle_initDone                                       
2000165b  ti_sysbios_runtime_Startup_done                                    
20001700  ti_sysbios_family_arm_m3_Hwi_ramVectors                            
20001870  __primary_heap_start__                                             
20005870  __primary_heap_end__                                               
20013a00  __stack                                                            
20014000  __STACK_END                                                        
90000000  TimestampP_nativeFormat64_copy                                     
90000004  TimestampP_nativeFormat32_copy                                     
ffffffff  __TI_pprof_out_hndl                                                
ffffffff  __TI_prof_data_size                                                
ffffffff  __TI_prof_data_start                                               
ffffffff  __binit__                                                          
ffffffff  binit                                                              
UNDEFED   ITM_flush                                                          
UNDEFED   ITM_restore                                                        
UNDEFED   __mpu_init                                                         

[493 symbols]
